LTspice 24.1.9 for Windows
Circuit: C:\Users\German\Documents\equipo_medicion_ensayo_celdas\Simulaciones\modulo_descarga\modulo_carga_descarga_ac_imp.net
Start Time: Wed Dec 17 16:17:27 2025
solver = Normal
Maximum thread count: 12
tnom = 27
temp = 27
method = trap
Direct Newton iteration failed to find .op point.  (Use ".option noopiter" to skip.)
Starting Gmin stepping
Gmin = 10
Gmin = 1.07374
Gmin = 0.115292
Gmin = 0.0123794
vernier = 0.5
vernier = 0.25
vernier = 0.125
vernier = 0.0625
Gmin = 0.0118196
vernier = 0.03125
vernier = 0.015625
vernier = 0.0208333
Gmin = 0.0115314
vernier = 0.0277778
Gmin = 0.0108536
vernier = 0.037037
vernier = 0.0493827
Gmin = 0.00983024
vernier = 0.0658435
vernier = 0.0329218
vernier = 0.0164609
Gmin = 0.00887595
vernier = 0.00823044
vernier = 0.00411522
vernier = 0.00205761
vernier = 0.00102881
vernier = 0.000514403
Gmin = 0
Gmin stepping failed

Starting source stepping with srcstepmethod=0
Source Step = 3.0303%
Source Step = 18.75%
Source Step = 20.6439%
Source Step = 22.5379%
Source Step = 24.4318%
Source Step = 26.3258%
vernier = 0.09375
Source Step = 28.4091%
Source Step = 31.25%
Source Step = 34.0909%
Source Step = 36.9318%
Source Step = 39.7727%
vernier = 0.140625
Source Step = 42.7557%
Source Step = 47.017%
Source Step = 51.2784%
Source Step = 55.5398%
Source Step = 59.8011%
Source Step = 64.0625%
vernier = 0.210938
Source Step = 70.4545%
Source Step = 76.8466%
Source Step = 82.12%
Source Step = 83.718%
Source Step = 84.4371%
Source Step = 84.8366%
Source Step = 85.2362%
Source Step = 85.6357%
Source Step = 86.0352%
vernier = 0.0197754
Source Step = 86.5345%
Source Step = 87.1338%
Source Step = 87.733%
Source Step = 88.3323%
Source Step = 88.9316%
vernier = 0.0296631
Source Step = 89.6507%
Source Step = 89.9484%
Starting source stepping with srcstepmethod=1
Source Step = 3.0303%
Source Step = 33.3333%
Source Step = 63.6364%
Source Step = 88.6364%
vernier = 0.0625
Source stepping failed

Pseudo transient terminated at 103.755 s, solution accepted ready or not!
Total elapsed time: 5.854 seconds.

Files loaded:
C:\Users\German\Documents\equipo_medicion_ensayo_celdas\Simulaciones\modulo_descarga\modulo_carga_descarga_ac_imp.net
C:\Users\German\AppData\Local\LTspice\lib\cmp\standard.dio
C:\Users\German\AppData\Local\LTspice\lib\cmp\standard.bjt
C:\Users\German\Documents\equipo_medicion_ensayo_celdas\Simulaciones\modulo_descarga\OPAx188.lib
C:\Users\German\Documents\equipo_medicion_ensayo_celdas\Simulaciones\modulo_descarga\lmx24_lm2902.lib

