2026-07-11 14:47:28,221 [INFO] Activator:176 - 


2026-07-11 14:47:28,221 [INFO] Activator:177 - !SESSION log4j initialized
2026-07-11 14:47:31,699 [INFO] LogOutputStream:77 - [STDOUT_REDIRECT] 
2026-07-11 14:47:32,616 [INFO] ApplicationProperties:184 - Using Application install path: C:\ST\STM32CubeIDE_1.18.1\STM32CubeIDE\plugins\com.st.stm32cube.common.mx_6.14.1.202504091515
2026-07-11 14:47:32,626 [INFO] DbMcusXml:78 - Set database path to: C:\ST\STM32CubeIDE_1.18.1\STM32CubeIDE\plugins\com.st.stm32cube.common.mx_6.14.1.202504091515\\db\/mcu/
2026-07-11 14:47:32,627 [INFO] ApiDb:274 - Set plugin database path to: C:\ST\STM32CubeIDE_1.18.1\STM32CubeIDE\plugins\com.st.stm32cube.common.mx_6.14.1.202504091515\\db\/plugins/boardmanager/
2026-07-11 14:47:32,627 [WARN] ApiDb:259 - Overriding images path with different value:  => C:\ST\STM32CubeIDE_1.18.1\STM32CubeIDE\plugins\com.st.stm32cube.common.mx_6.14.1.202504091515\\db\/plugins/mcufinder/images/
2026-07-11 14:47:32,631 [INFO] ApiDb:250 - Set database path to: C:\Users\German\.stmcufinder\plugins\mcufinder//mcu/
2026-07-11 14:47:32,632 [INFO] DbMcusAds:125 - Set database path to: C:\Users\German\.stmcufinder\plugins\mcufinder//mcu/
2026-07-11 14:47:32,633 [INFO] CrossReferenceDbSqlite:203 - Set database path to: C:\Users\German\.stmcufinder\plugins\mcufinder//mcu/cs/
2026-07-11 14:47:32,698 [INFO] RulesReader:64 - Compatibility file has been processed (302 Rules)
2026-07-11 14:47:32,750 [INFO] DbMcusXml:78 - Set database path to: C:\ST\STM32CubeIDE_1.18.1\STM32CubeIDE\plugins\com.st.stm32cube.common.mx_6.14.1.202504091515\\db\/mcu/
2026-07-11 14:47:32,750 [INFO] ApiDb:274 - Set plugin database path to: C:\ST\STM32CubeIDE_1.18.1\STM32CubeIDE\plugins\com.st.stm32cube.common.mx_6.14.1.202504091515\\db\/plugins/boardmanager/
2026-07-11 14:47:32,750 [INFO] ApiDb:261 - Set plugin images path to: C:\ST\STM32CubeIDE_1.18.1\STM32CubeIDE\plugins\com.st.stm32cube.common.mx_6.14.1.202504091515\\db\/plugins/mcufinder/images/
2026-07-11 14:47:32,750 [WARN] DbFile:41 - Overriding database path with different value: C:\Users\German\.stmcufinder\plugins\mcufinder/ => C:\Users\German\.stmcufinder\plugins\mcufinder
2026-07-11 14:47:32,750 [INFO] ApiDb:250 - Set database path to: C:\Users\German\.stmcufinder\plugins\mcufinder//mcu/
2026-07-11 14:47:32,750 [WARN] DbFile:41 - Overriding database path with different value: C:\Users\German\.stmcufinder\plugins\mcufinder/ => C:\Users\German\.stmcufinder\plugins\mcufinder
2026-07-11 14:47:32,750 [INFO] DbMcusAds:125 - Set database path to: C:\Users\German\.stmcufinder\plugins\mcufinder//mcu/
2026-07-11 14:47:32,751 [WARN] DbFile:41 - Overriding database path with different value: C:\Users\German\.stmcufinder\plugins\mcufinder/ => C:\Users\German\.stmcufinder\plugins\mcufinder
2026-07-11 14:47:32,751 [WARN] DbFile:41 - Overriding database path with different value: C:\Users\German\.stmcufinder\plugins\mcufinder/ => C:\Users\German\.stmcufinder\plugins\mcufinder
2026-07-11 14:47:32,751 [INFO] CrossReferenceDbSqlite:203 - Set database path to: C:\Users\German\.stmcufinder\plugins\mcufinder//mcu/cs/
2026-07-11 14:47:32,799 [INFO] MainPanel:272 - HeapMemory: 268435456
2026-07-11 14:47:32,868 [INFO] DbMcusXml:78 - Set database path to: C:\ST\STM32CubeIDE_1.18.1\STM32CubeIDE\plugins\com.st.stm32cube.common.mx_6.14.1.202504091515\\db\/mcu/
2026-07-11 14:47:32,868 [INFO] ApiDb:274 - Set plugin database path to: C:\ST\STM32CubeIDE_1.18.1\STM32CubeIDE\plugins\com.st.stm32cube.common.mx_6.14.1.202504091515\\db\/plugins/boardmanager/
2026-07-11 14:47:32,868 [INFO] ApiDb:261 - Set plugin images path to: C:\ST\STM32CubeIDE_1.18.1\STM32CubeIDE\plugins\com.st.stm32cube.common.mx_6.14.1.202504091515\\db\/plugins/mcufinder/images/
2026-07-11 14:47:32,868 [WARN] DbFile:41 - Overriding database path with different value: C:\Users\German\.stmcufinder\plugins\mcufinder/ => C:\Users\German\.stmcufinder\plugins\mcufinder
2026-07-11 14:47:32,868 [INFO] ApiDb:250 - Set database path to: C:\Users\German\.stmcufinder\plugins\mcufinder//mcu/
2026-07-11 14:47:32,868 [WARN] DbFile:41 - Overriding database path with different value: C:\Users\German\.stmcufinder\plugins\mcufinder/ => C:\Users\German\.stmcufinder\plugins\mcufinder
2026-07-11 14:47:32,868 [INFO] DbMcusAds:125 - Set database path to: C:\Users\German\.stmcufinder\plugins\mcufinder//mcu/
2026-07-11 14:47:32,868 [WARN] DbFile:41 - Overriding database path with different value: C:\Users\German\.stmcufinder\plugins\mcufinder/ => C:\Users\German\.stmcufinder\plugins\mcufinder
2026-07-11 14:47:32,868 [WARN] DbFile:41 - Overriding database path with different value: C:\Users\German\.stmcufinder\plugins\mcufinder/ => C:\Users\German\.stmcufinder\plugins\mcufinder
2026-07-11 14:47:32,868 [INFO] CrossReferenceDbSqlite:203 - Set database path to: C:\Users\German\.stmcufinder\plugins\mcufinder//mcu/cs/
2026-07-11 14:47:32,879 [INFO] ApplicationProperties:184 - Using Application install path: C:\ST\STM32CubeIDE_1.18.1\STM32CubeIDE\plugins\com.st.stm32cube.common.mx_6.14.1.202504091515
2026-07-11 14:47:32,879 [INFO] PluginManage:196 - Search for loadable plugins [exclusion list=, ]
2026-07-11 14:47:32,880 [INFO] PluginManage:310 - Check plugin analytics
2026-07-11 14:47:33,007 [INFO] AnalyticsPlugin:253 - Accepted Software Licenses: STM32CubeMX.6.14.1,STM32CubeMX.6.17.0
2026-07-11 14:47:33,007 [INFO] AnalyticsPlugin:255 - Accepted CMSIS Pack Licenses: 
2026-07-11 14:47:33,007 [INFO] AnalyticsPlugin:257 - Accepted Firmware Licenses: FW.WB.1.17.0,FW.WB.1.22.0,FW.L4.1.18.0,FW.WB.1.13.0,FW.WB.1.23.0,FW.WB.1.24.0
2026-07-11 14:47:33,009 [INFO] PluginManage:359 - Loaded plugin analytics (category:tool,tabindex:-1)
2026-07-11 14:47:33,009 [INFO] PluginManage:310 - Check plugin cadmodel
2026-07-11 14:47:33,013 [INFO] CADModel:105 - Init CAD model plugin
2026-07-11 14:47:33,013 [INFO] PluginManage:359 - Loaded plugin cadmodel (category:power,tabindex:5)
2026-07-11 14:47:33,013 [INFO] PluginManage:310 - Check plugin clock
2026-07-11 14:47:33,022 [INFO] PluginManage:359 - Loaded plugin clock (category:base,tabindex:2)
2026-07-11 14:47:33,022 [INFO] PluginManage:310 - Check plugin ddr
2026-07-11 14:47:33,024 [INFO] PluginManage:359 - Loaded plugin ddr (category:tool,tabindex:6)
2026-07-11 14:47:33,024 [INFO] PluginManage:310 - Check plugin filemanager
2026-07-11 14:47:33,114 [INFO] PluginManage:359 - Loaded plugin filemanager (category:base,tabindex:10)
2026-07-11 14:47:33,114 [INFO] PluginManage:310 - Check plugin ipmanager
2026-07-11 14:47:33,118 [INFO] PluginManage:359 - Loaded plugin ipmanager (category:base,tabindex:5)
2026-07-11 14:47:33,118 [INFO] PluginManage:310 - Check plugin lpbam
2026-07-11 14:47:33,122 [INFO] PluginManage:359 - Loaded plugin lpbam (category:base,tabindex:0)
2026-07-11 14:47:33,123 [INFO] PluginManage:310 - Check plugin memorymap
2026-07-11 14:47:33,131 [INFO] PluginManage:359 - Loaded plugin memorymap (category:base,tabindex:4)
2026-07-11 14:47:33,131 [INFO] PluginManage:310 - Check plugin pinoutandconfiguration
2026-07-11 14:47:33,136 [INFO] PluginManage:359 - Loaded plugin pinoutandconfiguration (category:base,tabindex:1)
2026-07-11 14:47:33,136 [INFO] PluginManage:310 - Check plugin pinoutconfig
2026-07-11 14:47:33,194 [WARN] SupportedApi:132 - Cannot load RTOS API schema: s4s-elt-must-match.1: The content of 'definitions' must match (annotation?, (simpleType | complexType)?, (unique | key | keyref)*)). A problem was found starting at: attribute.
2026-07-11 14:47:33,284 [INFO] PluginManage:359 - Loaded plugin pinoutconfig (category:base,tabindex:0)
2026-07-11 14:47:33,284 [INFO] PluginManage:310 - Check plugin power
2026-07-11 14:47:33,293 [INFO] PluginManage:359 - Loaded plugin power (category:power,tabindex:4)
2026-07-11 14:47:33,293 [INFO] PluginManage:310 - Check plugin projectmanager
2026-07-11 14:47:33,304 [INFO] PluginManage:359 - Loaded plugin projectmanager (category:projectmanager,tabindex:4)
2026-07-11 14:47:33,304 [INFO] PluginManage:310 - Check plugin rif
2026-07-11 14:47:33,310 [INFO] PluginManage:359 - Loaded plugin rif (category:base,tabindex:3)
2026-07-11 14:47:33,311 [INFO] PluginManage:310 - Check plugin thirdparty
2026-07-11 14:47:33,394 [INFO] PluginManage:359 - Loaded plugin thirdparty (category:base,tabindex:-1)
2026-07-11 14:47:33,394 [INFO] PluginManage:310 - Check plugin tools
2026-07-11 14:47:33,394 [WARN] IntegrityCheckThread:84 - waiting for thirdparty lock release [integrity check]
2026-07-11 14:47:33,395 [INFO] IntegrityCheckThread:86 - entering critical section [integrity check]
2026-07-11 14:47:33,395 [INFO] ThirdPartyUpdaterWithRetryManager:70 - Updater plugin not ready yet. [1/15]
2026-07-11 14:47:33,397 [INFO] PluginManage:359 - Loaded plugin tools (category:base,tabindex:7)
2026-07-11 14:47:33,397 [INFO] PluginManage:310 - Check plugin tutovideos
2026-07-11 14:47:33,497 [INFO] PluginManage:359 - Loaded plugin tutovideos (category:base,tabindex:-1)
2026-07-11 14:47:33,497 [INFO] PluginManage:310 - Check plugin updater
2026-07-11 14:47:33,513 [INFO] PluginManage:359 - Loaded plugin updater (category:base,tabindex:12)
2026-07-11 14:47:33,513 [INFO] PluginManage:310 - Check plugin userauth
2026-07-11 14:47:33,517 [INFO] UserAuth:118 - Init User Auth plugin
2026-07-11 14:47:33,517 [INFO] PluginManage:359 - Loaded plugin userauth (category:base,tabindex:14)
2026-07-11 14:47:33,517 [INFO] PluginManage:283 - PluginManage : Loaded plugins [18]
2026-07-11 14:47:33,652 [INFO] PinOutPanel:1589 - setPackage(No Configuration,No Configuration)
2026-07-11 14:47:33,698 [INFO] CADModel:165 - CPN selected for project level
2026-07-11 14:47:33,699 [INFO] CADModel:114 - Register for checkConnection events
2026-07-11 14:47:33,709 [INFO] IPUIPlugin:80 - create IPUIPlugin
2026-07-11 14:47:33,709 [INFO] PluginManager:220 - loadIPPluginJar : add adc
2026-07-11 14:47:33,711 [INFO] IPUIPlugin:80 - create IPUIPlugin
2026-07-11 14:47:33,711 [INFO] PluginManager:220 - loadIPPluginJar : add aes
2026-07-11 14:47:33,712 [INFO] IPUIPlugin:80 - create IPUIPlugin
2026-07-11 14:47:33,713 [INFO] PluginManager:220 - loadIPPluginJar : add can
2026-07-11 14:47:33,714 [INFO] IPUIPlugin:80 - create IPUIPlugin
2026-07-11 14:47:33,714 [INFO] PluginManager:220 - loadIPPluginJar : add comp
2026-07-11 14:47:33,715 [INFO] IPUIPlugin:80 - create IPUIPlugin
2026-07-11 14:47:33,715 [INFO] PluginManager:220 - loadIPPluginJar : add cryp
2026-07-11 14:47:33,717 [INFO] IPUIPlugin:80 - create IPUIPlugin
2026-07-11 14:47:33,717 [INFO] PluginManager:220 - loadIPPluginJar : add ddr_ctrl_phy
2026-07-11 14:47:33,718 [INFO] IPUIPlugin:80 - create IPUIPlugin
2026-07-11 14:47:33,718 [INFO] PluginManager:220 - loadIPPluginJar : add dfsdm
2026-07-11 14:47:33,721 [INFO] IPUIPlugin:80 - create IPUIPlugin
2026-07-11 14:47:33,721 [INFO] PluginManager:220 - loadIPPluginJar : add dma
2026-07-11 14:47:33,723 [INFO] IPUIPlugin:80 - create IPUIPlugin
2026-07-11 14:47:33,723 [INFO] PluginManager:220 - loadIPPluginJar : add dma3
2026-07-11 14:47:33,724 [INFO] IPUIPlugin:80 - create IPUIPlugin
2026-07-11 14:47:33,724 [INFO] PluginManager:220 - loadIPPluginJar : add extmemmanager
2026-07-11 14:47:33,725 [INFO] IPUIPlugin:80 - create IPUIPlugin
2026-07-11 14:47:33,725 [INFO] PluginManager:220 - loadIPPluginJar : add fatfs
2026-07-11 14:47:33,728 [INFO] IPUIPlugin:80 - create IPUIPlugin
2026-07-11 14:47:33,728 [INFO] PluginManager:220 - loadIPPluginJar : add fmc
2026-07-11 14:47:33,731 [INFO] IPUIPlugin:80 - create IPUIPlugin
2026-07-11 14:47:33,732 [INFO] PluginManager:220 - loadIPPluginJar : add freertos
2026-07-11 14:47:33,732 [INFO] IPUIPlugin:80 - create IPUIPlugin
2026-07-11 14:47:33,732 [INFO] PluginManager:220 - loadIPPluginJar : add genericplugin
2026-07-11 14:47:33,734 [INFO] IPUIPlugin:80 - create IPUIPlugin
2026-07-11 14:47:33,734 [INFO] PluginManager:220 - loadIPPluginJar : add gfxmmu
2026-07-11 14:47:33,736 [INFO] IPUIPlugin:80 - create IPUIPlugin
2026-07-11 14:47:33,736 [INFO] PluginManager:220 - loadIPPluginJar : add gic
2026-07-11 14:47:33,739 [INFO] IPUIPlugin:80 - create IPUIPlugin
2026-07-11 14:47:33,739 [INFO] PluginManager:220 - loadIPPluginJar : add gpio
2026-07-11 14:47:33,741 [INFO] IPUIPlugin:80 - create IPUIPlugin
2026-07-11 14:47:33,741 [INFO] PluginManager:220 - loadIPPluginJar : add gtzc
2026-07-11 14:47:33,742 [INFO] IPUIPlugin:80 - create IPUIPlugin
2026-07-11 14:47:33,742 [INFO] PluginManager:220 - loadIPPluginJar : add hash
2026-07-11 14:47:33,743 [INFO] IPUIPlugin:80 - create IPUIPlugin
2026-07-11 14:47:33,743 [INFO] PluginManager:220 - loadIPPluginJar : add i2c
2026-07-11 14:47:33,745 [INFO] IPUIPlugin:80 - create IPUIPlugin
2026-07-11 14:47:33,745 [INFO] PluginManager:220 - loadIPPluginJar : add i2s
2026-07-11 14:47:33,747 [INFO] IPUIPlugin:80 - create IPUIPlugin
2026-07-11 14:47:33,747 [INFO] PluginManager:220 - loadIPPluginJar : add i3c
2026-07-11 14:47:33,748 [INFO] IPUIPlugin:80 - create IPUIPlugin
2026-07-11 14:47:33,749 [INFO] PluginManager:220 - loadIPPluginJar : add ipddr
2026-07-11 14:47:33,753 [INFO] IPUIPlugin:80 - create IPUIPlugin
2026-07-11 14:47:33,753 [INFO] PluginManager:220 - loadIPPluginJar : add linkedlist
2026-07-11 14:47:33,755 [INFO] IPUIPlugin:80 - create IPUIPlugin
2026-07-11 14:47:33,755 [INFO] PluginManager:220 - loadIPPluginJar : add lorawan
2026-07-11 14:47:33,755 [INFO] IPUIPlugin:80 - create IPUIPlugin
2026-07-11 14:47:33,755 [INFO] PluginManager:220 - loadIPPluginJar : add ltdc
2026-07-11 14:47:33,758 [INFO] IPUIPlugin:80 - create IPUIPlugin
2026-07-11 14:47:33,758 [INFO] PluginManager:220 - loadIPPluginJar : add mdma
2026-07-11 14:47:33,762 [INFO] IPUIPlugin:80 - create IPUIPlugin
2026-07-11 14:47:33,762 [INFO] PluginManager:220 - loadIPPluginJar : add nvic
2026-07-11 14:47:33,764 [INFO] IPUIPlugin:80 - create IPUIPlugin
2026-07-11 14:47:33,764 [INFO] PluginManager:220 - loadIPPluginJar : add opamp
2026-07-11 14:47:33,766 [INFO] IPUIPlugin:80 - create IPUIPlugin
2026-07-11 14:47:33,766 [INFO] PluginManager:220 - loadIPPluginJar : add openamp
2026-07-11 14:47:33,768 [INFO] IPUIPlugin:80 - create IPUIPlugin
2026-07-11 14:47:33,768 [INFO] PluginManager:220 - loadIPPluginJar : add pdm2pcm
2026-07-11 14:47:33,771 [INFO] IPUIPlugin:80 - create IPUIPlugin
2026-07-11 14:47:33,773 [INFO] PluginManager:220 - loadIPPluginJar : add plateformsettings
2026-07-11 14:47:33,773 [INFO] IPUIPlugin:80 - create IPUIPlugin
2026-07-11 14:47:33,774 [INFO] PluginManager:220 - loadIPPluginJar : add quadspi
2026-07-11 14:47:33,775 [INFO] IPUIPlugin:80 - create IPUIPlugin
2026-07-11 14:47:33,776 [INFO] PluginManager:220 - loadIPPluginJar : add radio
2026-07-11 14:47:33,778 [INFO] IPUIPlugin:80 - create IPUIPlugin
2026-07-11 14:47:33,778 [INFO] PluginManager:220 - loadIPPluginJar : add resmgrutility
2026-07-11 14:47:33,780 [INFO] IPUIPlugin:80 - create IPUIPlugin
2026-07-11 14:47:33,780 [INFO] PluginManager:220 - loadIPPluginJar : add sai
2026-07-11 14:47:33,781 [INFO] IPUIPlugin:80 - create IPUIPlugin
2026-07-11 14:47:33,782 [INFO] PluginManager:220 - loadIPPluginJar : add spi
2026-07-11 14:47:33,785 [INFO] IPUIPlugin:80 - create IPUIPlugin
2026-07-11 14:47:33,785 [INFO] PluginManager:220 - loadIPPluginJar : add stm32_wpan
2026-07-11 14:47:33,786 [INFO] IPUIPlugin:80 - create IPUIPlugin
2026-07-11 14:47:33,786 [INFO] PluginManager:220 - loadIPPluginJar : add tim
2026-07-11 14:47:33,787 [INFO] IPUIPlugin:80 - create IPUIPlugin
2026-07-11 14:47:33,788 [INFO] PluginManager:220 - loadIPPluginJar : add touchsensing
2026-07-11 14:47:33,789 [INFO] IPUIPlugin:80 - create IPUIPlugin
2026-07-11 14:47:33,789 [INFO] PluginManager:220 - loadIPPluginJar : add tracer_emb
2026-07-11 14:47:33,790 [INFO] IPUIPlugin:80 - create IPUIPlugin
2026-07-11 14:47:33,790 [INFO] PluginManager:220 - loadIPPluginJar : add ts
2026-07-11 14:47:33,791 [INFO] IPUIPlugin:80 - create IPUIPlugin
2026-07-11 14:47:33,791 [INFO] PluginManager:220 - loadIPPluginJar : add tsc
2026-07-11 14:47:33,792 [INFO] IPUIPlugin:80 - create IPUIPlugin
2026-07-11 14:47:33,792 [INFO] PluginManager:220 - loadIPPluginJar : add ucpd
2026-07-11 14:47:33,793 [INFO] IPUIPlugin:80 - create IPUIPlugin
2026-07-11 14:47:33,793 [INFO] PluginManager:220 - loadIPPluginJar : add usart
2026-07-11 14:47:33,795 [INFO] IPUIPlugin:80 - create IPUIPlugin
2026-07-11 14:47:33,795 [INFO] PluginManager:220 - loadIPPluginJar : add usbx
2026-07-11 14:47:33,902 [FATAL] Updater:351 - Updater called before beeing initialized
2026-07-11 14:47:33,916 [INFO] RulesReader:64 - Compatibility file has been processed (302 Rules)
2026-07-11 14:47:33,922 [INFO] RulesReader:64 - Compatibility file has been processed (302 Rules)
2026-07-11 14:47:33,927 [INFO] CADModel:165 - CPN selected for project level
2026-07-11 14:47:33,927 [INFO] CADModel:114 - Register for checkConnection events
2026-07-11 14:47:33,927 [FATAL] Updater:351 - Updater called before beeing initialized
2026-07-11 14:47:33,927 [ERROR] CADModel:125 - Updater not yet initialized, retry later 
2026-07-11 14:47:34,034 [FATAL] Updater:351 - Updater called before beeing initialized
2026-07-11 14:47:34,035 [INFO] CADModel:165 - CPN selected for project level
2026-07-11 14:47:34,035 [INFO] CADModel:114 - Register for checkConnection events
2026-07-11 14:47:34,035 [FATAL] Updater:351 - Updater called before beeing initialized
2026-07-11 14:47:34,035 [ERROR] CADModel:125 - Updater not yet initialized, retry later 
2026-07-11 14:47:34,037 [FATAL] Updater:351 - Updater called before beeing initialized
2026-07-11 14:47:34,099 [FATAL] Updater:351 - Updater called before beeing initialized
2026-07-11 14:47:34,101 [INFO] DbMcusAds:53 - JSON generation date=Thu May 28 13:08:16 ART 2026 (1779984496559)
2026-07-11 14:47:34,101 [FATAL] Updater:351 - Updater called before beeing initialized
2026-07-11 14:47:34,123 [WARN] DetailPanel:346 - Failed to get advertising image, set to default
2026-07-11 14:47:34,270 [FATAL] Updater:351 - Updater called before beeing initialized
2026-07-11 14:47:34,272 [FATAL] Updater:351 - Updater called before beeing initialized
2026-07-11 14:47:34,272 [FATAL] Updater:351 - Updater called before beeing initialized
2026-07-11 14:47:34,272 [WARN] DetailPanel:346 - Failed to get advertising image, set to default
2026-07-11 14:47:34,272 [FATAL] Updater:351 - Updater called before beeing initialized
2026-07-11 14:47:34,305 [ERROR] Updater:1198 - MainUpdater not yet initialized. External WinMGr cannot be set.
2026-07-11 14:47:34,306 [INFO] Updater:1134 - Updater Version found : 6.14.1
2026-07-11 14:47:34,319 [INFO] ApplicationProperties:184 - Using Application install path: C:\ST\STM32CubeIDE_1.18.1\STM32CubeIDE\plugins\com.st.stm32cube.common.mx_6.14.1.202504091515
2026-07-11 14:47:35,885 [ERROR] LogOutputStream:75 - [STDERR_REDIRECT] Jul 11, 2026 2:47:35 PM java.util.prefs.WindowsPreferences <init>
2026-07-11 14:47:35,885 [ERROR] LogOutputStream:75 - [STDERR_REDIRECT] WARNING: Could not open/create prefs root node Software\JavaSoft\Prefs at root 0xffffffff80000002. Windows RegCreateKeyEx(...) returned error code 5.
2026-07-11 14:47:35,885 [ERROR] LogOutputStream:75 - [STDERR_REDIRECT] 
2026-07-11 14:47:35,927 [INFO] MainUpdater:525 - Copy updater definitions from MX database
2026-07-11 14:47:36,043 [INFO] MainUpdater:2872 - connection check result : 10
2026-07-11 14:47:36,043 [INFO] MainUpdater:3566 - Updater definition file requires update
2026-07-11 14:47:36,044 [INFO] MainUpdater:289 - Updater Check For Update Now.
2026-07-11 14:47:36,044 [INFO] MicroXplorer:498 - Change Database Version : DB.6.0.141
2026-07-11 14:47:36,049 [INFO] McuFinderGlobals:63 - Set McuFinder mode to 2 (CubeIDE integrated)
2026-07-11 14:47:36,049 [INFO] UserAuth:484 - Internet connection configuration mode: 1
2026-07-11 14:47:36,061 [INFO] JxBrowserEngine:152 - Initiate JxBrowser Engine with user profile folder
2026-07-11 14:47:36,396 [WARN] MainUpdater:1193 - Updater busy. Cannot search thirdparties
2026-07-11 14:47:36,396 [INFO] ThirdPartyUpdaterWithRetryManager:96 - Updater plugin is busy. [1/15]
2026-07-11 14:47:36,617 [INFO] WebApp:169 - Instantiating new browser for Auth
2026-07-11 14:47:37,013 [INFO] ServerAccessManage:473 - Download File updaters.zip
2026-07-11 14:47:37,075 [INFO] WebApp:463 - Apply proxy settings
2026-07-11 14:47:37,076 [INFO] WebApp:548 - Chromium requires no authentication
2026-07-11 14:47:37,086 [INFO] WebApp:491 - Direct internet connection detected
2026-07-11 14:47:37,086 [INFO] FileExtend:242 - Unzip File : updaters.zip
2026-07-11 14:47:37,086 [INFO] FileExtend:257 - Standard Zip Deflate
2026-07-11 14:47:37,127 [INFO] WebApp:894 - Register for checkConnection events
2026-07-11 14:47:37,127 [INFO] WebApp:463 - Apply proxy settings
2026-07-11 14:47:37,127 [INFO] WebApp:548 - Chromium requires no authentication
2026-07-11 14:47:37,128 [INFO] WebApp:491 - Direct internet connection detected
2026-07-11 14:47:37,269 [INFO] WebApp:225 - Starting web application
2026-07-11 14:47:37,269 [INFO] WebApp:593 - Web application path used C:\ST\STM32CubeIDE_1.18.1\STM32CubeIDE\plugins\com.st.stm32cube.common.mx_6.14.1.202504091515\db\plugins\mcufinder\reactClient1\index.html
2026-07-11 14:47:37,271 [INFO] WebApp:191 - Connection restablished
2026-07-11 14:47:37,367 [INFO] ServerAccessManage:473 - Download File PacksControlFlags.xml
2026-07-11 14:47:37,434 [INFO] ServerAccessManage:473 - Download File cubemx.pidx
2026-07-11 14:47:37,454 [INFO] UserAuth:484 - Internet connection configuration mode: 1
2026-07-11 14:47:37,531 [INFO] LoadServerUpdatesThread:375 - End of LoadServerUpdate Thread
2026-07-11 14:47:37,692 [INFO] CheckServerUpdateThread:120 - End of CheckServer Thread
2026-07-11 14:47:39,632 [WARN] PackLoader:240 - Cannot read IP mode file for STMicroelectronics.X-CUBE-AZRTOS-H7.3.5.0
2026-07-11 14:47:39,642 [WARN] PackLoader:240 - Cannot read IP mode file for STMicroelectronics.FP-SNS-MOTENVWB1.1.4.0
2026-07-11 14:47:39,647 [WARN] PackLoader:240 - Cannot read IP mode file for STMicroelectronics.FP-ATR-ASTRA1.2.0.2
2026-07-11 14:47:39,654 [ERROR] Engine:466 - C:\Users\German\.stm32cubemx\thirdparties\pdsc\STMicroelectronics.X-CUBE-SMBUS.2.1.1.pdsc: PDSC version is not supported
2026-07-11 14:47:39,657 [WARN] PackLoader:240 - Cannot read IP mode file for STMicroelectronics.X-CUBE-SMBUS.2.1.0
2026-07-11 14:47:39,662 [WARN] PackLoader:240 - Cannot read IP mode file for STMicroelectronics.X-CUBE-WB05N.1.1.0
2026-07-11 14:47:39,667 [WARN] PackLoader:240 - Cannot read IP mode file for STMicroelectronics.X-CUBE-ST60.1.0.0
2026-07-11 14:47:39,684 [WARN] PackLoader:240 - Cannot read IP mode file for STMicroelectronics.X-CUBE-AZRTOS-F7.1.1.0
2026-07-11 14:47:39,689 [ERROR] Engine:466 - C:\Users\German\.stm32cubemx\thirdparties\pdsc\STMicroelectronics.X-CUBE-FREERTOS.1.6.0.pdsc: PDSC version is not supported
2026-07-11 14:47:39,690 [ERROR] Engine:466 - C:\Users\German\.stm32cubemx\thirdparties\pdsc\STMicroelectronics.FP-SNS-MOTENV1.5.1.0.pdsc: PDSC version is not supported
2026-07-11 14:47:39,706 [WARN] PackLoader:240 - Cannot read IP mode file for STMicroelectronics.X-CUBE-AZRTOS-H7RS.1.3.0
2026-07-11 14:47:39,725 [WARN] PackLoader:240 - Cannot read IP mode file for Infineon.AIROC-Wi-Fi-Bluetooth-STM32.1.7.0
2026-07-11 14:47:39,739 [WARN] PackLoader:240 - Cannot read IP mode file for STMicroelectronics.X-CUBE-AZRTOS-H7.3.4.0
2026-07-11 14:47:39,746 [WARN] PackLoader:240 - Cannot read IP mode file for STMicroelectronics.X-CUBE-DISPLAY.3.0.0
2026-07-11 14:47:39,753 [WARN] PackLoader:240 - Cannot read IP mode file for STMicroelectronics.X-CUBE-GNSS1.7.1.1
2026-07-11 14:47:39,755 [ERROR] Engine:466 - C:\Users\German\.stm32cubemx\thirdparties\pdsc\STMicroelectronics.FP-SNS-MOTENVWB1.1.5.0.pdsc: PDSC version is not supported
2026-07-11 14:47:39,758 [WARN] PackLoader:240 - Cannot read IP mode file for STMicroelectronics.X-CUBE-NFC10.1.0.0
2026-07-11 14:47:39,765 [WARN] PackLoader:240 - Cannot read IP mode file for STMicroelectronics.X-CUBE-BLEMGR.4.0.0
2026-07-11 14:47:39,770 [WARN] PackLoader:240 - Cannot read IP mode file for STMicroelectronics.X-CUBE-ST60.1.1.0
2026-07-11 14:47:39,773 [WARN] PackLoader:240 - Cannot read IP mode file for emotas.I-CUBE-CANOPEN.1.3.0
2026-07-11 14:47:39,775 [ERROR] Engine:466 - C:\Users\German\.stm32cubemx\thirdparties\pdsc\STMicroelectronics.X-CUBE-WBA.1.1.0.pdsc: PDSC version is not supported
2026-07-11 14:47:39,778 [WARN] PackLoader:240 - Cannot read IP mode file for STMicroelectronics.X-CUBE-GNSS1.7.1.0
2026-07-11 14:47:39,782 [WARN] ConditionMgr:438 - getConditionDescription Invalid condition id : Cortex-A Device cause : null
2026-07-11 14:47:39,791 [WARN] ConditionMgr:1044 - genDependencies : Invalid condition id : Cortex-A Device cause : null
2026-07-11 14:47:39,791 [WARN] ConditionMgr:1044 - genDependencies : Invalid condition id : Cortex-A Device cause : null
2026-07-11 14:47:39,791 [WARN] ConditionMgr:1044 - genDependencies : Invalid condition id : Cortex-A Device cause : null
2026-07-11 14:47:39,793 [WARN] PackLoader:240 - Cannot read IP mode file for STMicroelectronics.X-CUBE-AI.10.0.0
2026-07-11 14:47:39,796 [ERROR] Engine:466 - C:\Users\German\.stm32cubemx\thirdparties\pdsc\STMicroelectronics.FP-SNS-STBOX1.2.1.0.pdsc: PDSC version is not supported
2026-07-11 14:47:39,799 [WARN] PackLoader:240 - Cannot read IP mode file for STMicroelectronics.FP-SNS-SMARTAG2.1.2.0
2026-07-11 14:47:39,802 [WARN] PackLoader:240 - Cannot read IP mode file for STMicroelectronics.FP-SNS-FLIGHT1.5.1.0
2026-07-11 14:47:39,823 [WARN] PackLoader:240 - Cannot read IP mode file for STMicroelectronics.X-CUBE-MEMS1.11.1.0
2026-07-11 14:47:39,899 [INFO] LogOutputStream:77 - [STDOUT_REDIRECT] 1 : Invalid condition id : UX_CORESTACK_Condition cause : null
2026-07-11 14:47:39,899 [INFO] LogOutputStream:77 - [STDOUT_REDIRECT] 1 : Invalid condition id : UX_CORESTACK_Condition cause : null
2026-07-11 14:47:39,899 [INFO] LogOutputStream:77 - [STDOUT_REDIRECT] 1 : Invalid condition id : UX_CORESTACK_Condition cause : null
2026-07-11 14:47:39,900 [INFO] LogOutputStream:77 - [STDOUT_REDIRECT] 1 : Invalid condition id : UX_CORESTACK_Condition cause : null
2026-07-11 14:47:39,900 [INFO] LogOutputStream:77 - [STDOUT_REDIRECT] 1 : Invalid condition id : UX_CORESTACK_Condition cause : null
2026-07-11 14:47:39,902 [WARN] PackLoader:240 - Cannot read IP mode file for STMicroelectronics.X-CUBE-AZRTOS-WL.2.0.0
2026-07-11 14:47:39,905 [WARN] PackLoader:240 - Cannot read IP mode file for STMicroelectronics.FP-SNS-MOTENV1.5.0.0
2026-07-11 14:47:39,914 [WARN] PackLoader:240 - Cannot read IP mode file for STMicroelectronics.X-CUBE-AZRTOS-H7RS.1.2.0
2026-07-11 14:47:39,919 [WARN] PackLoader:240 - Cannot read IP mode file for WES.I-CUBE-Cesium.1.3.0
2026-07-11 14:47:39,922 [WARN] PackLoader:240 - Cannot read IP mode file for STMicroelectronics.X-CUBE-BLE2.3.3.0
2026-07-11 14:47:39,932 [WARN] PackLoader:240 - Cannot read IP mode file for STMicroelectronics.X-CUBE-NFC9.1.0.0
2026-07-11 14:47:39,936 [WARN] PackLoader:240 - Cannot read IP mode file for STMicroelectronics.X-CUBE-BLE1.7.1.0
2026-07-11 14:47:39,939 [WARN] PackLoader:240 - Cannot read IP mode file for wolfSSL.I-CUBE-wolfMQTT.1.19.2
2026-07-11 14:47:39,941 [ERROR] Engine:466 - C:\Users\German\.stm32cubemx\thirdparties\pdsc\STMicroelectronics.X-CUBE-FREERTOS.1.4.0.pdsc: PDSC version is not supported
2026-07-11 14:47:39,945 [WARN] PackLoader:240 - Cannot read IP mode file for STMicroelectronics.X-CUBE-EEPRMA1.5.2.0
2026-07-11 14:47:39,948 [ERROR] Engine:466 - C:\Users\German\.stm32cubemx\thirdparties\pdsc\STMicroelectronics.X-CUBE-ST67W61.1.1.0.pdsc: PDSC version is not supported
2026-07-11 14:47:39,950 [WARN] PackLoader:240 - Cannot read IP mode file for STMicroelectronics.X-CUBE-AI.10.1.0
2026-07-11 14:47:39,952 [ERROR] Engine:466 - C:\Users\German\.stm32cubemx\thirdparties\pdsc\STMicroelectronics.FP-SNS-STAIOTCFT.1.1.0.pdsc: PDSC version is not supported
2026-07-11 14:47:39,969 [WARN] PackLoader:240 - Cannot read IP mode file for STMicroelectronics.X-CUBE-MEMS1.12.0.0
2026-07-11 14:47:40,018 [WARN] PackLoader:240 - Cannot read IP mode file for STMicroelectronics.X-CUBE-MEMS1.11.2.0
2026-07-11 14:47:40,059 [WARN] PackLoader:240 - Cannot read IP mode file for STMicroelectronics.X-CUBE-AZRTOS-G0.1.1.0
2026-07-11 14:47:40,063 [WARN] PackLoader:240 - Cannot read IP mode file for STMicroelectronics.X-CUBE-SAFEA1.1.2.2
2026-07-11 14:47:40,065 [WARN] PackLoader:240 - Cannot read IP mode file for STMicroelectronics.X-CUBE-NFC4.3.0.0
2026-07-11 14:47:40,070 [WARN] PackLoader:240 - Cannot read IP mode file for EmbeddedOffice.I-CUBE-FS-RTOS.1.0.1
2026-07-11 14:47:40,073 [WARN] PackLoader:240 - Cannot read IP mode file for STMicroelectronics.X-CUBE-WB05N.2.0.0
2026-07-11 14:47:40,076 [WARN] PackLoader:240 - Cannot read IP mode file for wolfSSL.I-CUBE-wolfTPM.3.8.0
2026-07-11 14:47:40,079 [WARN] PackLoader:240 - Cannot read IP mode file for STMicroelectronics.X-CUBE-TCPP.4.2.0
2026-07-11 14:47:40,083 [WARN] PackLoader:240 - Cannot read IP mode file for RealThread.X-CUBE-RT-Thread_Nano.4.1.1
2026-07-11 14:47:40,086 [WARN] PackLoader:240 - Cannot read IP mode file for STMicroelectronics.FP-ATR-SIGFOX1.3.2.0
2026-07-11 14:47:40,089 [WARN] PackLoader:240 - Cannot read IP mode file for STMicroelectronics.X-CUBE-EEPRMA1.5.1.0
2026-07-11 14:47:40,090 [ERROR] Engine:466 - C:\Users\German\.stm32cubemx\thirdparties\pdsc\STMicroelectronics.X-CUBE-FREERTOS.1.5.0.pdsc: PDSC version is not supported
2026-07-11 14:47:40,093 [WARN] PackLoader:240 - Cannot read IP mode file for wolfSSL.I-CUBE-wolfSSL.5.7.6
2026-07-11 14:47:40,096 [WARN] PackLoader:240 - Cannot read IP mode file for ITTIA_DB.I-CUBE-ITTIADB.8.9.0
2026-07-11 14:47:40,100 [WARN] PackLoader:240 - Cannot read IP mode file for STMicroelectronics.X-CUBE-NFC6.3.2.0
2026-07-11 14:47:40,103 [WARN] PackLoader:240 - Cannot read IP mode file for STMicroelectronics.X-CUBE-ST67W61.1.0.0
2026-07-11 14:47:40,105 [WARN] PackLoader:240 - Cannot read IP mode file for STMicroelectronics.X-CUBE-AI.10.2.1
2026-07-11 14:47:40,108 [WARN] PackLoader:240 - Cannot read IP mode file for STMicroelectronics.X-CUBE-AI.10.2.0
2026-07-11 14:47:40,121 [WARN] PackLoader:240 - Cannot read IP mode file for STMicroelectronics.X-CUBE-MEMS1.12.1.0
2026-07-11 14:47:40,176 [WARN] PackLoader:240 - Cannot read IP mode file for SEGGER.I-CUBE-embOS.1.3.1
2026-07-11 14:47:40,210 [WARN] PackLoader:240 - Cannot read IP mode file for STMicroelectronics.X-CUBE-ALGOBUILD.1.4.0
2026-07-11 14:47:40,228 [WARN] PackLoader:240 - Cannot read IP mode file for STMicroelectronics.X-CUBE-MEMS1.11.3.0
2026-07-11 14:47:40,272 [WARN] PackLoader:240 - Cannot read IP mode file for STMicroelectronics.X-CUBE-NFC13.1.0.0
2026-07-11 14:47:40,276 [WARN] PackLoader:240 - Cannot read IP mode file for STMicroelectronics.X-CUBE-PM33A1.1.0.0
2026-07-11 14:47:40,283 [WARN] PackLoader:240 - Cannot read IP mode file for STMicroelectronics.X-CUBE-AZRTOS-F4.1.1.0
2026-07-11 14:47:40,285 [WARN] PackLoader:240 - Cannot read IP mode file for Avnet-IotConnect.X-CUBE-IoTC-DA16k-PMOD.1.0.0
2026-07-11 14:47:40,288 [WARN] PackLoader:240 - Cannot read IP mode file for STMicroelectronics.X-CUBE-ISPU.2.1.0
2026-07-11 14:47:40,291 [ERROR] Engine:466 - C:\Users\German\.stm32cubemx\thirdparties\pdsc\STMicroelectronics.X-CUBE-IPS.3.2.0.pdsc: PDSC version is not supported
2026-07-11 14:47:40,292 [WARN] PackLoader:240 - Cannot read IP mode file for STMicroelectronics.eDS-WB_DPC_TT-BIDIR.2.1.1
2026-07-11 14:47:40,296 [WARN] PackLoader:240 - Cannot read IP mode file for STMicroelectronics.X-CUBE-NFC12.1.0.0
2026-07-11 14:47:40,304 [WARN] PackLoader:240 - Cannot read IP mode file for STMicroelectronics.X-CUBE-AZRTOS-L5.2.0.0
2026-07-11 14:47:40,307 [WARN] PackLoader:240 - Cannot read IP mode file for STMicroelectronics.X-CUBE-NFC6.3.1.0
2026-07-11 14:47:40,311 [WARN] PackLoader:240 - Cannot read IP mode file for STMicroelectronics.X-CUBE-ALGOBUILD.1.5.0
2026-07-11 14:47:40,314 [WARN] PackLoader:240 - Cannot read IP mode file for STMicroelectronics.X-CUBE-DPower.1.2.0
2026-07-11 14:47:40,317 [WARN] PackLoader:240 - Cannot read IP mode file for STMicroelectronics.eDS-WB_DPC_VIENNA.1.2.0
2026-07-11 14:47:40,319 [WARN] PackLoader:240 - Cannot read IP mode file for STMicroelectronics.eDS-WB_DPC_3PH2L-BIDIR.1.1.1
2026-07-11 14:47:40,321 [ERROR] Engine:466 - C:\Users\German\.stm32cubemx\thirdparties\pdsc\STMicroelectronics.X-CUBE-ST67W61.1.3.0.pdsc: PDSC version is not supported
2026-07-11 14:47:40,324 [WARN] PackLoader:240 - Cannot read IP mode file for STMicroelectronics.X-CUBE-FREERTOS.1.3.1
2026-07-11 14:47:40,326 [WARN] PackLoader:240 - Cannot read IP mode file for STMicroelectronics.X-CUBE-FREERTOS.1.3.0
2026-07-11 14:47:40,329 [WARN] PackLoader:240 - Cannot read IP mode file for STMicroelectronics.X-CUBE-NFC7.1.0.1
2026-07-11 14:47:40,332 [WARN] PackLoader:240 - Cannot read IP mode file for STMicroelectronics.X-CUBE-TOUCHGFX.4.26.0
2026-07-11 14:47:40,334 [WARN] PackLoader:240 - Cannot read IP mode file for STMicroelectronics.X-CUBE-TOUCHGFX.4.26.1
2026-07-11 14:47:40,337 [WARN] PackLoader:240 - Cannot read IP mode file for STMicroelectronics.FP-SNS-STAIOTCFT.1.0.0
2026-07-11 14:47:40,342 [WARN] PackLoader:240 - Cannot read IP mode file for STMicroelectronics.X-CUBE-DPower.1.3.0
2026-07-11 14:47:40,349 [WARN] ConditionMgr:438 - getConditionDescription Invalid condition id : LAN8742 Phy interface Condition cause : null
2026-07-11 14:47:40,349 [WARN] PackLoader:240 - Cannot read IP mode file for STMicroelectronics.X-CUBE-AZRTOS-L4.2.0.0
2026-07-11 14:47:40,349 [WARN] ConditionMgr:1044 - genDependencies : Invalid condition id : LAN8742 Phy interface Condition cause : null
2026-07-11 14:47:40,350 [WARN] ConditionMgr:1044 - genDependencies : Invalid condition id : LAN8742 Phy interface Condition cause : null
2026-07-11 14:47:40,350 [WARN] ConditionMgr:1044 - genDependencies : Invalid condition id : LAN8742 Phy interface Condition cause : null
2026-07-11 14:47:40,353 [WARN] PackLoader:240 - Cannot read IP mode file for STMicroelectronics.X-CUBE-SFXS2LP1.4.0.0
2026-07-11 14:47:40,356 [WARN] PackLoader:240 - Cannot read IP mode file for STMicroelectronics.X-CUBE-WB05N.2.1.0
2026-07-11 14:47:40,358 [ERROR] Engine:466 - C:\Users\German\.stm32cubemx\thirdparties\pdsc\STMicroelectronics.X-CUBE-ST67W61.1.2.0.pdsc: PDSC version is not supported
2026-07-11 14:47:40,364 [WARN] PackLoader:240 - Cannot read IP mode file for STMicroelectronics.X-CUBE-AZRTOS-H7.3.3.0
2026-07-11 14:47:40,370 [WARN] PackLoader:240 - Cannot read IP mode file for STMicroelectronics.X-CUBE-BLEMGR.4.1.0
2026-07-11 14:47:40,376 [WARN] ConditionMgr:438 - getConditionDescription Invalid condition id : UX DEVICE CLASS RTOS Condition cause : null
2026-07-11 14:47:40,377 [WARN] ConditionMgr:438 - getConditionDescription Invalid condition id : UX DEVICE CLASS RTOS Condition cause : null
2026-07-11 14:47:40,377 [WARN] PackLoader:240 - Cannot read IP mode file for STMicroelectronics.X-CUBE-AZRTOS-WB.2.0.0
2026-07-11 14:47:40,377 [WARN] ConditionMgr:1044 - genDependencies : Invalid condition id : UX DEVICE CLASS RTOS Condition cause : null
2026-07-11 14:47:40,377 [WARN] ConditionMgr:1044 - genDependencies : Invalid condition id : UX DEVICE CLASS RTOS Condition cause : null
2026-07-11 14:47:40,377 [WARN] ConditionMgr:1044 - genDependencies : Invalid condition id : UX DEVICE CLASS RTOS Condition cause : null
2026-07-11 14:47:40,377 [WARN] ConditionMgr:1044 - genDependencies : Invalid condition id : UX DEVICE CLASS RTOS Condition cause : null
2026-07-11 14:47:40,377 [WARN] ConditionMgr:1044 - genDependencies : Invalid condition id : UX DEVICE CLASS RTOS Condition cause : null
2026-07-11 14:47:40,380 [WARN] PackLoader:240 - Cannot read IP mode file for STMicroelectronics.X-CUBE-GNSS1.7.0.1
2026-07-11 14:47:40,383 [WARN] PackLoader:240 - Cannot read IP mode file for STMicroelectronics.X-CUBE-TOUCHGFX.4.25.0
2026-07-11 14:47:40,386 [WARN] PackLoader:240 - Cannot read IP mode file for STMicroelectronics.FP-SNS-STBOX1.2.0.0
2026-07-11 14:47:40,390 [WARN] PackLoader:240 - Cannot read IP mode file for STMicroelectronics.X-CUBE-STSE01.2.0.0
2026-07-11 14:47:40,394 [WARN] PackLoader:240 - Cannot read IP mode file for STMicroelectronics.X-CUBE-SUBG2.5.0.0
2026-07-11 14:47:40,404 [WARN] PackLoader:240 - Cannot read IP mode file for STMicroelectronics.X-CUBE-AZRTOS-H7RS.1.1.0
2026-07-11 14:47:40,408 [WARN] PackLoader:240 - Cannot read IP mode file for Cesanta.I-CUBE-Mongoose.7.13.0
2026-07-11 14:47:40,414 [WARN] PackLoader:240 - Cannot read IP mode file for STMicroelectronics.X-CUBE-AZRTOS-G4.2.0.0
2026-07-11 14:47:40,417 [WARN] PackLoader:240 - Cannot read IP mode file for wolfSSL.I-CUBE-wolfSSH.1.4.20
2026-07-11 14:47:40,419 [WARN] PackLoader:240 - Cannot read IP mode file for STMicroelectronics.X-CUBE-NFC7.2.0.0
2026-07-11 14:47:40,425 [WARN] PackLoader:240 - Cannot read IP mode file for STMicroelectronics.X-CUBE-IPS.3.1.0
2026-07-11 14:47:40,429 [ERROR] Engine:466 - C:\Users\German\.stm32cubemx\thirdparties\pdsc\STMicroelectronics.X-CUBE-BLEMGR.4.2.0.pdsc: PDSC version is not supported
2026-07-11 14:47:40,432 [WARN] PackLoader:240 - Cannot read IP mode file for STMicroelectronics.X-CUBE-ALS.1.0.2
2026-07-11 14:47:40,435 [WARN] PackLoader:240 - Cannot read IP mode file for STMicroelectronics.X-CUBE-STSE01.1.0.0
2026-07-11 14:47:40,440 [WARN] PackLoader:240 - Cannot read IP mode file for portGmbH.I-Cube-SoM-uGOAL.1.1.0
2026-07-11 14:47:40,445 [WARN] PackLoader:240 - Cannot read IP mode file for STMicroelectronics.X-CUBE-TOF1.3.4.2
2026-07-11 14:47:40,454 [WARN] PackLoader:240 - Cannot read IP mode file for STMicroelectronics.X-CUBE-TOF1.3.4.3
2026-07-11 14:47:40,457 [INFO] ThirdParty:978 - Integrity check success = true
2026-07-11 14:47:40,458 [INFO] IntegrityCheckThread:100 - exiting critical section [integrity check]
2026-07-11 14:47:40,458 [INFO] IntegrityCheckThread:103 - End integrity checks thread
2026-07-11 15:40:39,141 [ERROR] LogOutputStream:75 - [STDERR_REDIRECT] 
