2026-08-06 20:44:35,274 [INFO] Activator:176 - 


2026-08-06 20:44:35,278 [INFO] Activator:177 - !SESSION log4j initialized
2026-08-06 20:44:40,408 [INFO] LogOutputStream:77 - [STDOUT_REDIRECT] 
2026-08-06 20:44:41,375 [INFO] ApplicationProperties:184 - Using Application install path: C:\ST\STM32CubeIDE_1.18.1\STM32CubeIDE\plugins\com.st.stm32cube.common.mx_6.14.1.202504091515
2026-08-06 20:44:41,388 [INFO] DbMcusXml:78 - Set database path to: C:\ST\STM32CubeIDE_1.18.1\STM32CubeIDE\plugins\com.st.stm32cube.common.mx_6.14.1.202504091515\\db\/mcu/
2026-08-06 20:44:41,388 [INFO] ApiDb:274 - Set plugin database path to: C:\ST\STM32CubeIDE_1.18.1\STM32CubeIDE\plugins\com.st.stm32cube.common.mx_6.14.1.202504091515\\db\/plugins/boardmanager/
2026-08-06 20:44:41,389 [WARN] ApiDb:259 - Overriding images path with different value:  => C:\ST\STM32CubeIDE_1.18.1\STM32CubeIDE\plugins\com.st.stm32cube.common.mx_6.14.1.202504091515\\db\/plugins/mcufinder/images/
2026-08-06 20:44:41,395 [INFO] ApiDb:250 - Set database path to: C:\Users\German\.stmcufinder\plugins\mcufinder//mcu/
2026-08-06 20:44:41,396 [INFO] DbMcusAds:125 - Set database path to: C:\Users\German\.stmcufinder\plugins\mcufinder//mcu/
2026-08-06 20:44:41,397 [INFO] CrossReferenceDbSqlite:203 - Set database path to: C:\Users\German\.stmcufinder\plugins\mcufinder//mcu/cs/
2026-08-06 20:44:41,480 [INFO] RulesReader:64 - Compatibility file has been processed (302 Rules)
2026-08-06 20:44:41,536 [INFO] DbMcusXml:78 - Set database path to: C:\ST\STM32CubeIDE_1.18.1\STM32CubeIDE\plugins\com.st.stm32cube.common.mx_6.14.1.202504091515\\db\/mcu/
2026-08-06 20:44:41,536 [INFO] ApiDb:274 - Set plugin database path to: C:\ST\STM32CubeIDE_1.18.1\STM32CubeIDE\plugins\com.st.stm32cube.common.mx_6.14.1.202504091515\\db\/plugins/boardmanager/
2026-08-06 20:44:41,536 [INFO] ApiDb:261 - Set plugin images path to: C:\ST\STM32CubeIDE_1.18.1\STM32CubeIDE\plugins\com.st.stm32cube.common.mx_6.14.1.202504091515\\db\/plugins/mcufinder/images/
2026-08-06 20:44:41,536 [WARN] DbFile:41 - Overriding database path with different value: C:\Users\German\.stmcufinder\plugins\mcufinder/ => C:\Users\German\.stmcufinder\plugins\mcufinder
2026-08-06 20:44:41,536 [INFO] ApiDb:250 - Set database path to: C:\Users\German\.stmcufinder\plugins\mcufinder//mcu/
2026-08-06 20:44:41,536 [WARN] DbFile:41 - Overriding database path with different value: C:\Users\German\.stmcufinder\plugins\mcufinder/ => C:\Users\German\.stmcufinder\plugins\mcufinder
2026-08-06 20:44:41,536 [INFO] DbMcusAds:125 - Set database path to: C:\Users\German\.stmcufinder\plugins\mcufinder//mcu/
2026-08-06 20:44:41,536 [WARN] DbFile:41 - Overriding database path with different value: C:\Users\German\.stmcufinder\plugins\mcufinder/ => C:\Users\German\.stmcufinder\plugins\mcufinder
2026-08-06 20:44:41,537 [WARN] DbFile:41 - Overriding database path with different value: C:\Users\German\.stmcufinder\plugins\mcufinder/ => C:\Users\German\.stmcufinder\plugins\mcufinder
2026-08-06 20:44:41,537 [INFO] CrossReferenceDbSqlite:203 - Set database path to: C:\Users\German\.stmcufinder\plugins\mcufinder//mcu/cs/
2026-08-06 20:44:41,603 [INFO] MainPanel:272 - HeapMemory: 268435456
2026-08-06 20:44:41,686 [INFO] DbMcusXml:78 - Set database path to: C:\ST\STM32CubeIDE_1.18.1\STM32CubeIDE\plugins\com.st.stm32cube.common.mx_6.14.1.202504091515\\db\/mcu/
2026-08-06 20:44:41,687 [INFO] ApiDb:274 - Set plugin database path to: C:\ST\STM32CubeIDE_1.18.1\STM32CubeIDE\plugins\com.st.stm32cube.common.mx_6.14.1.202504091515\\db\/plugins/boardmanager/
2026-08-06 20:44:41,687 [INFO] ApiDb:261 - Set plugin images path to: C:\ST\STM32CubeIDE_1.18.1\STM32CubeIDE\plugins\com.st.stm32cube.common.mx_6.14.1.202504091515\\db\/plugins/mcufinder/images/
2026-08-06 20:44:41,687 [WARN] DbFile:41 - Overriding database path with different value: C:\Users\German\.stmcufinder\plugins\mcufinder/ => C:\Users\German\.stmcufinder\plugins\mcufinder
2026-08-06 20:44:41,687 [INFO] ApiDb:250 - Set database path to: C:\Users\German\.stmcufinder\plugins\mcufinder//mcu/
2026-08-06 20:44:41,687 [WARN] DbFile:41 - Overriding database path with different value: C:\Users\German\.stmcufinder\plugins\mcufinder/ => C:\Users\German\.stmcufinder\plugins\mcufinder
2026-08-06 20:44:41,687 [INFO] DbMcusAds:125 - Set database path to: C:\Users\German\.stmcufinder\plugins\mcufinder//mcu/
2026-08-06 20:44:41,687 [WARN] DbFile:41 - Overriding database path with different value: C:\Users\German\.stmcufinder\plugins\mcufinder/ => C:\Users\German\.stmcufinder\plugins\mcufinder
2026-08-06 20:44:41,687 [WARN] DbFile:41 - Overriding database path with different value: C:\Users\German\.stmcufinder\plugins\mcufinder/ => C:\Users\German\.stmcufinder\plugins\mcufinder
2026-08-06 20:44:41,687 [INFO] CrossReferenceDbSqlite:203 - Set database path to: C:\Users\German\.stmcufinder\plugins\mcufinder//mcu/cs/
2026-08-06 20:44:41,703 [INFO] ApplicationProperties:184 - Using Application install path: C:\ST\STM32CubeIDE_1.18.1\STM32CubeIDE\plugins\com.st.stm32cube.common.mx_6.14.1.202504091515
2026-08-06 20:44:41,704 [INFO] PluginManage:196 - Search for loadable plugins [exclusion list=, ]
2026-08-06 20:44:41,705 [INFO] PluginManage:310 - Check plugin analytics
2026-08-06 20:44:41,849 [INFO] AnalyticsPlugin:253 - Accepted Software Licenses: STM32CubeMX.6.14.1,STM32CubeMX.6.17.0
2026-08-06 20:44:41,849 [INFO] AnalyticsPlugin:255 - Accepted CMSIS Pack Licenses: 
2026-08-06 20:44:41,849 [INFO] AnalyticsPlugin:257 - Accepted Firmware Licenses: FW.WB.1.17.0,FW.WB.1.22.0,FW.L4.1.18.0,FW.WB.1.13.0,FW.WB.1.23.0,FW.WB.1.24.0
2026-08-06 20:44:41,851 [INFO] PluginManage:359 - Loaded plugin analytics (category:tool,tabindex:-1)
2026-08-06 20:44:41,852 [INFO] PluginManage:310 - Check plugin cadmodel
2026-08-06 20:44:41,856 [INFO] CADModel:105 - Init CAD model plugin
2026-08-06 20:44:41,856 [INFO] PluginManage:359 - Loaded plugin cadmodel (category:power,tabindex:5)
2026-08-06 20:44:41,856 [INFO] PluginManage:310 - Check plugin clock
2026-08-06 20:44:41,865 [INFO] PluginManage:359 - Loaded plugin clock (category:base,tabindex:2)
2026-08-06 20:44:41,865 [INFO] PluginManage:310 - Check plugin ddr
2026-08-06 20:44:41,867 [INFO] PluginManage:359 - Loaded plugin ddr (category:tool,tabindex:6)
2026-08-06 20:44:41,867 [INFO] PluginManage:310 - Check plugin filemanager
2026-08-06 20:44:41,974 [INFO] PluginManage:359 - Loaded plugin filemanager (category:base,tabindex:10)
2026-08-06 20:44:41,974 [INFO] PluginManage:310 - Check plugin ipmanager
2026-08-06 20:44:41,980 [INFO] PluginManage:359 - Loaded plugin ipmanager (category:base,tabindex:5)
2026-08-06 20:44:41,980 [INFO] PluginManage:310 - Check plugin lpbam
2026-08-06 20:44:41,987 [INFO] PluginManage:359 - Loaded plugin lpbam (category:base,tabindex:0)
2026-08-06 20:44:41,987 [INFO] PluginManage:310 - Check plugin memorymap
2026-08-06 20:44:42,000 [INFO] PluginManage:359 - Loaded plugin memorymap (category:base,tabindex:4)
2026-08-06 20:44:42,000 [INFO] PluginManage:310 - Check plugin pinoutandconfiguration
2026-08-06 20:44:42,007 [INFO] PluginManage:359 - Loaded plugin pinoutandconfiguration (category:base,tabindex:1)
2026-08-06 20:44:42,007 [INFO] PluginManage:310 - Check plugin pinoutconfig
2026-08-06 20:44:42,082 [WARN] SupportedApi:132 - Cannot load RTOS API schema: s4s-elt-must-match.1: The content of 'definitions' must match (annotation?, (simpleType | complexType)?, (unique | key | keyref)*)). A problem was found starting at: attribute.
2026-08-06 20:44:42,182 [INFO] PluginManage:359 - Loaded plugin pinoutconfig (category:base,tabindex:0)
2026-08-06 20:44:42,182 [INFO] PluginManage:310 - Check plugin power
2026-08-06 20:44:42,190 [INFO] PluginManage:359 - Loaded plugin power (category:power,tabindex:4)
2026-08-06 20:44:42,190 [INFO] PluginManage:310 - Check plugin projectmanager
2026-08-06 20:44:42,203 [INFO] PluginManage:359 - Loaded plugin projectmanager (category:projectmanager,tabindex:4)
2026-08-06 20:44:42,203 [INFO] PluginManage:310 - Check plugin rif
2026-08-06 20:44:42,211 [INFO] PluginManage:359 - Loaded plugin rif (category:base,tabindex:3)
2026-08-06 20:44:42,211 [INFO] PluginManage:310 - Check plugin thirdparty
2026-08-06 20:44:42,329 [INFO] PluginManage:359 - Loaded plugin thirdparty (category:base,tabindex:-1)
2026-08-06 20:44:42,329 [INFO] PluginManage:310 - Check plugin tools
2026-08-06 20:44:42,329 [WARN] IntegrityCheckThread:84 - waiting for thirdparty lock release [integrity check]
2026-08-06 20:44:42,329 [INFO] IntegrityCheckThread:86 - entering critical section [integrity check]
2026-08-06 20:44:42,330 [INFO] ThirdPartyUpdaterWithRetryManager:70 - Updater plugin not ready yet. [1/15]
2026-08-06 20:44:42,331 [INFO] PluginManage:359 - Loaded plugin tools (category:base,tabindex:7)
2026-08-06 20:44:42,331 [INFO] PluginManage:310 - Check plugin tutovideos
2026-08-06 20:44:42,455 [INFO] PluginManage:359 - Loaded plugin tutovideos (category:base,tabindex:-1)
2026-08-06 20:44:42,455 [INFO] PluginManage:310 - Check plugin updater
2026-08-06 20:44:42,472 [INFO] PluginManage:359 - Loaded plugin updater (category:base,tabindex:12)
2026-08-06 20:44:42,472 [INFO] PluginManage:310 - Check plugin userauth
2026-08-06 20:44:42,476 [INFO] UserAuth:118 - Init User Auth plugin
2026-08-06 20:44:42,476 [INFO] PluginManage:359 - Loaded plugin userauth (category:base,tabindex:14)
2026-08-06 20:44:42,477 [INFO] PluginManage:283 - PluginManage : Loaded plugins [18]
2026-08-06 20:44:42,623 [INFO] PinOutPanel:1589 - setPackage(No Configuration,No Configuration)
2026-08-06 20:44:42,683 [INFO] CADModel:165 - CPN selected for project level
2026-08-06 20:44:42,683 [INFO] CADModel:114 - Register for checkConnection events
2026-08-06 20:44:42,701 [INFO] IPUIPlugin:80 - create IPUIPlugin
2026-08-06 20:44:42,701 [INFO] PluginManager:220 - loadIPPluginJar : add adc
2026-08-06 20:44:42,704 [INFO] IPUIPlugin:80 - create IPUIPlugin
2026-08-06 20:44:42,704 [INFO] PluginManager:220 - loadIPPluginJar : add aes
2026-08-06 20:44:42,706 [INFO] IPUIPlugin:80 - create IPUIPlugin
2026-08-06 20:44:42,706 [INFO] PluginManager:220 - loadIPPluginJar : add can
2026-08-06 20:44:42,708 [INFO] IPUIPlugin:80 - create IPUIPlugin
2026-08-06 20:44:42,708 [INFO] PluginManager:220 - loadIPPluginJar : add comp
2026-08-06 20:44:42,710 [INFO] IPUIPlugin:80 - create IPUIPlugin
2026-08-06 20:44:42,710 [INFO] PluginManager:220 - loadIPPluginJar : add cryp
2026-08-06 20:44:42,713 [INFO] IPUIPlugin:80 - create IPUIPlugin
2026-08-06 20:44:42,713 [INFO] PluginManager:220 - loadIPPluginJar : add ddr_ctrl_phy
2026-08-06 20:44:42,716 [INFO] IPUIPlugin:80 - create IPUIPlugin
2026-08-06 20:44:42,716 [INFO] PluginManager:220 - loadIPPluginJar : add dfsdm
2026-08-06 20:44:42,721 [INFO] IPUIPlugin:80 - create IPUIPlugin
2026-08-06 20:44:42,721 [INFO] PluginManager:220 - loadIPPluginJar : add dma
2026-08-06 20:44:42,724 [INFO] IPUIPlugin:80 - create IPUIPlugin
2026-08-06 20:44:42,724 [INFO] PluginManager:220 - loadIPPluginJar : add dma3
2026-08-06 20:44:42,727 [INFO] IPUIPlugin:80 - create IPUIPlugin
2026-08-06 20:44:42,727 [INFO] PluginManager:220 - loadIPPluginJar : add extmemmanager
2026-08-06 20:44:42,729 [INFO] IPUIPlugin:80 - create IPUIPlugin
2026-08-06 20:44:42,729 [INFO] PluginManager:220 - loadIPPluginJar : add fatfs
2026-08-06 20:44:42,733 [INFO] IPUIPlugin:80 - create IPUIPlugin
2026-08-06 20:44:42,734 [INFO] PluginManager:220 - loadIPPluginJar : add fmc
2026-08-06 20:44:42,739 [INFO] IPUIPlugin:80 - create IPUIPlugin
2026-08-06 20:44:42,739 [INFO] PluginManager:220 - loadIPPluginJar : add freertos
2026-08-06 20:44:42,741 [INFO] IPUIPlugin:80 - create IPUIPlugin
2026-08-06 20:44:42,741 [INFO] PluginManager:220 - loadIPPluginJar : add genericplugin
2026-08-06 20:44:42,743 [INFO] IPUIPlugin:80 - create IPUIPlugin
2026-08-06 20:44:42,743 [INFO] PluginManager:220 - loadIPPluginJar : add gfxmmu
2026-08-06 20:44:42,748 [INFO] IPUIPlugin:80 - create IPUIPlugin
2026-08-06 20:44:42,748 [INFO] PluginManager:220 - loadIPPluginJar : add gic
2026-08-06 20:44:42,751 [INFO] IPUIPlugin:80 - create IPUIPlugin
2026-08-06 20:44:42,752 [INFO] PluginManager:220 - loadIPPluginJar : add gpio
2026-08-06 20:44:42,754 [INFO] IPUIPlugin:80 - create IPUIPlugin
2026-08-06 20:44:42,754 [INFO] PluginManager:220 - loadIPPluginJar : add gtzc
2026-08-06 20:44:42,756 [INFO] IPUIPlugin:80 - create IPUIPlugin
2026-08-06 20:44:42,756 [INFO] PluginManager:220 - loadIPPluginJar : add hash
2026-08-06 20:44:42,759 [INFO] IPUIPlugin:80 - create IPUIPlugin
2026-08-06 20:44:42,759 [INFO] PluginManager:220 - loadIPPluginJar : add i2c
2026-08-06 20:44:42,761 [INFO] IPUIPlugin:80 - create IPUIPlugin
2026-08-06 20:44:42,761 [INFO] PluginManager:220 - loadIPPluginJar : add i2s
2026-08-06 20:44:42,764 [INFO] IPUIPlugin:80 - create IPUIPlugin
2026-08-06 20:44:42,764 [INFO] PluginManager:220 - loadIPPluginJar : add i3c
2026-08-06 20:44:42,767 [INFO] IPUIPlugin:80 - create IPUIPlugin
2026-08-06 20:44:42,767 [INFO] PluginManager:220 - loadIPPluginJar : add ipddr
2026-08-06 20:44:42,775 [INFO] IPUIPlugin:80 - create IPUIPlugin
2026-08-06 20:44:42,775 [INFO] PluginManager:220 - loadIPPluginJar : add linkedlist
2026-08-06 20:44:42,778 [INFO] IPUIPlugin:80 - create IPUIPlugin
2026-08-06 20:44:42,778 [INFO] PluginManager:220 - loadIPPluginJar : add lorawan
2026-08-06 20:44:42,780 [INFO] IPUIPlugin:80 - create IPUIPlugin
2026-08-06 20:44:42,780 [INFO] PluginManager:220 - loadIPPluginJar : add ltdc
2026-08-06 20:44:42,785 [INFO] IPUIPlugin:80 - create IPUIPlugin
2026-08-06 20:44:42,785 [INFO] PluginManager:220 - loadIPPluginJar : add mdma
2026-08-06 20:44:42,787 [INFO] IPUIPlugin:80 - create IPUIPlugin
2026-08-06 20:44:42,787 [INFO] PluginManager:220 - loadIPPluginJar : add nvic
2026-08-06 20:44:42,789 [INFO] IPUIPlugin:80 - create IPUIPlugin
2026-08-06 20:44:42,789 [INFO] PluginManager:220 - loadIPPluginJar : add opamp
2026-08-06 20:44:42,791 [INFO] IPUIPlugin:80 - create IPUIPlugin
2026-08-06 20:44:42,792 [INFO] PluginManager:220 - loadIPPluginJar : add openamp
2026-08-06 20:44:42,794 [INFO] IPUIPlugin:80 - create IPUIPlugin
2026-08-06 20:44:42,794 [INFO] PluginManager:220 - loadIPPluginJar : add pdm2pcm
2026-08-06 20:44:42,799 [INFO] IPUIPlugin:80 - create IPUIPlugin
2026-08-06 20:44:42,800 [INFO] PluginManager:220 - loadIPPluginJar : add plateformsettings
2026-08-06 20:44:42,802 [INFO] IPUIPlugin:80 - create IPUIPlugin
2026-08-06 20:44:42,802 [INFO] PluginManager:220 - loadIPPluginJar : add quadspi
2026-08-06 20:44:42,803 [INFO] IPUIPlugin:80 - create IPUIPlugin
2026-08-06 20:44:42,803 [INFO] PluginManager:220 - loadIPPluginJar : add radio
2026-08-06 20:44:42,806 [INFO] IPUIPlugin:80 - create IPUIPlugin
2026-08-06 20:44:42,806 [INFO] PluginManager:220 - loadIPPluginJar : add resmgrutility
2026-08-06 20:44:42,808 [INFO] IPUIPlugin:80 - create IPUIPlugin
2026-08-06 20:44:42,808 [INFO] PluginManager:220 - loadIPPluginJar : add sai
2026-08-06 20:44:42,810 [INFO] IPUIPlugin:80 - create IPUIPlugin
2026-08-06 20:44:42,810 [INFO] PluginManager:220 - loadIPPluginJar : add spi
2026-08-06 20:44:42,814 [INFO] IPUIPlugin:80 - create IPUIPlugin
2026-08-06 20:44:42,814 [INFO] PluginManager:220 - loadIPPluginJar : add stm32_wpan
2026-08-06 20:44:42,815 [INFO] IPUIPlugin:80 - create IPUIPlugin
2026-08-06 20:44:42,816 [INFO] PluginManager:220 - loadIPPluginJar : add tim
2026-08-06 20:44:42,818 [INFO] IPUIPlugin:80 - create IPUIPlugin
2026-08-06 20:44:42,818 [INFO] PluginManager:220 - loadIPPluginJar : add touchsensing
2026-08-06 20:44:42,819 [INFO] IPUIPlugin:80 - create IPUIPlugin
2026-08-06 20:44:42,819 [INFO] PluginManager:220 - loadIPPluginJar : add tracer_emb
2026-08-06 20:44:42,821 [INFO] IPUIPlugin:80 - create IPUIPlugin
2026-08-06 20:44:42,821 [INFO] PluginManager:220 - loadIPPluginJar : add ts
2026-08-06 20:44:42,822 [INFO] IPUIPlugin:80 - create IPUIPlugin
2026-08-06 20:44:42,822 [INFO] PluginManager:220 - loadIPPluginJar : add tsc
2026-08-06 20:44:42,823 [INFO] IPUIPlugin:80 - create IPUIPlugin
2026-08-06 20:44:42,823 [INFO] PluginManager:220 - loadIPPluginJar : add ucpd
2026-08-06 20:44:42,825 [INFO] IPUIPlugin:80 - create IPUIPlugin
2026-08-06 20:44:42,825 [INFO] PluginManager:220 - loadIPPluginJar : add usart
2026-08-06 20:44:42,827 [INFO] IPUIPlugin:80 - create IPUIPlugin
2026-08-06 20:44:42,827 [INFO] PluginManager:220 - loadIPPluginJar : add usbx
2026-08-06 20:44:42,937 [FATAL] Updater:351 - Updater called before beeing initialized
2026-08-06 20:44:42,956 [INFO] RulesReader:64 - Compatibility file has been processed (302 Rules)
2026-08-06 20:44:42,963 [INFO] RulesReader:64 - Compatibility file has been processed (302 Rules)
2026-08-06 20:44:42,970 [INFO] CADModel:165 - CPN selected for project level
2026-08-06 20:44:42,970 [INFO] CADModel:114 - Register for checkConnection events
2026-08-06 20:44:42,970 [FATAL] Updater:351 - Updater called before beeing initialized
2026-08-06 20:44:42,970 [ERROR] CADModel:125 - Updater not yet initialized, retry later 
2026-08-06 20:44:43,097 [FATAL] Updater:351 - Updater called before beeing initialized
2026-08-06 20:44:43,098 [INFO] CADModel:165 - CPN selected for project level
2026-08-06 20:44:43,098 [INFO] CADModel:114 - Register for checkConnection events
2026-08-06 20:44:43,098 [FATAL] Updater:351 - Updater called before beeing initialized
2026-08-06 20:44:43,099 [ERROR] CADModel:125 - Updater not yet initialized, retry later 
2026-08-06 20:44:43,101 [FATAL] Updater:351 - Updater called before beeing initialized
2026-08-06 20:44:43,191 [FATAL] Updater:351 - Updater called before beeing initialized
2026-08-06 20:44:43,195 [INFO] DbMcusAds:53 - JSON generation date=Wed Jul 15 06:46:00 ART 2026 (1784108760991)
2026-08-06 20:44:43,195 [FATAL] Updater:351 - Updater called before beeing initialized
2026-08-06 20:44:43,221 [WARN] DetailPanel:346 - Failed to get advertising image, set to default
2026-08-06 20:44:43,393 [FATAL] Updater:351 - Updater called before beeing initialized
2026-08-06 20:44:43,394 [FATAL] Updater:351 - Updater called before beeing initialized
2026-08-06 20:44:43,394 [FATAL] Updater:351 - Updater called before beeing initialized
2026-08-06 20:44:43,394 [WARN] DetailPanel:346 - Failed to get advertising image, set to default
2026-08-06 20:44:43,395 [FATAL] Updater:351 - Updater called before beeing initialized
2026-08-06 20:44:43,434 [ERROR] Updater:1198 - MainUpdater not yet initialized. External WinMGr cannot be set.
2026-08-06 20:44:43,435 [INFO] Updater:1134 - Updater Version found : 6.14.1
2026-08-06 20:44:43,449 [INFO] ApplicationProperties:184 - Using Application install path: C:\ST\STM32CubeIDE_1.18.1\STM32CubeIDE\plugins\com.st.stm32cube.common.mx_6.14.1.202504091515
2026-08-06 20:44:45,015 [ERROR] LogOutputStream:75 - [STDERR_REDIRECT] Aug 06, 2026 8:44:45 PM java.util.prefs.WindowsPreferences <init>
2026-08-06 20:44:45,016 [ERROR] LogOutputStream:75 - [STDERR_REDIRECT] WARNING: Could not open/create prefs root node Software\JavaSoft\Prefs at root 0xffffffff80000002. Windows RegCreateKeyEx(...) returned error code 5.
2026-08-06 20:44:45,016 [ERROR] LogOutputStream:75 - [STDERR_REDIRECT] 
2026-08-06 20:44:45,065 [INFO] MainUpdater:525 - Copy updater definitions from MX database
2026-08-06 20:44:45,202 [INFO] MainUpdater:2872 - connection check result : 10
2026-08-06 20:44:45,202 [INFO] MainUpdater:3566 - Updater definition file requires update
2026-08-06 20:44:45,203 [INFO] MainUpdater:289 - Updater Check For Update Now.
2026-08-06 20:44:45,203 [INFO] MicroXplorer:498 - Change Database Version : DB.6.0.141
2026-08-06 20:44:45,206 [INFO] McuFinderGlobals:63 - Set McuFinder mode to 2 (CubeIDE integrated)
2026-08-06 20:44:45,207 [INFO] UserAuth:484 - Internet connection configuration mode: 1
2026-08-06 20:44:45,220 [INFO] JxBrowserEngine:152 - Initiate JxBrowser Engine with user profile folder
2026-08-06 20:44:45,332 [WARN] MainUpdater:1193 - Updater busy. Cannot search thirdparties
2026-08-06 20:44:45,333 [INFO] ThirdPartyUpdaterWithRetryManager:96 - Updater plugin is busy. [1/15]
2026-08-06 20:44:45,852 [INFO] WebApp:169 - Instantiating new browser for Auth
2026-08-06 20:44:46,319 [INFO] WebApp:463 - Apply proxy settings
2026-08-06 20:44:46,319 [INFO] WebApp:548 - Chromium requires no authentication
2026-08-06 20:44:46,325 [INFO] WebApp:491 - Direct internet connection detected
2026-08-06 20:44:46,339 [INFO] WebApp:894 - Register for checkConnection events
2026-08-06 20:44:46,340 [INFO] WebApp:463 - Apply proxy settings
2026-08-06 20:44:46,340 [INFO] WebApp:548 - Chromium requires no authentication
2026-08-06 20:44:46,340 [INFO] WebApp:491 - Direct internet connection detected
2026-08-06 20:44:46,448 [INFO] WebApp:225 - Starting web application
2026-08-06 20:44:46,449 [INFO] WebApp:593 - Web application path used C:\ST\STM32CubeIDE_1.18.1\STM32CubeIDE\plugins\com.st.stm32cube.common.mx_6.14.1.202504091515\db\plugins\mcufinder\reactClient1\index.html
2026-08-06 20:44:46,545 [INFO] WebApp:191 - Connection restablished
2026-08-06 20:44:46,579 [INFO] UserAuth:484 - Internet connection configuration mode: 1
2026-08-06 20:44:46,858 [INFO] ServerAccessManage:473 - Download File updaters.zip
2026-08-06 20:44:47,142 [INFO] FileExtend:242 - Unzip File : updaters.zip
2026-08-06 20:44:47,142 [INFO] FileExtend:257 - Standard Zip Deflate
2026-08-06 20:44:48,013 [INFO] ServerAccessManage:473 - Download File PacksControlFlags.xml
2026-08-06 20:44:48,333 [WARN] MainUpdater:1193 - Updater busy. Cannot search thirdparties
2026-08-06 20:44:48,333 [INFO] ThirdPartyUpdaterWithRetryManager:96 - Updater plugin is busy. [2/15]
2026-08-06 20:44:49,020 [INFO] ServerAccessManage:473 - Download File cubemx.pidx
2026-08-06 20:44:49,089 [INFO] LoadServerUpdatesThread:375 - End of LoadServerUpdate Thread
2026-08-06 20:44:49,232 [INFO] CheckServerUpdateThread:120 - End of CheckServer Thread
2026-08-06 20:44:51,562 [WARN] PackLoader:240 - Cannot read IP mode file for STMicroelectronics.X-CUBE-AZRTOS-H7.3.5.0
2026-08-06 20:44:51,574 [WARN] PackLoader:240 - Cannot read IP mode file for STMicroelectronics.FP-SNS-MOTENVWB1.1.4.0
2026-08-06 20:44:51,579 [WARN] PackLoader:240 - Cannot read IP mode file for STMicroelectronics.FP-ATR-ASTRA1.2.0.3
2026-08-06 20:44:51,582 [WARN] PackLoader:240 - Cannot read IP mode file for STMicroelectronics.FP-ATR-ASTRA1.2.0.2
2026-08-06 20:44:51,587 [ERROR] Engine:466 - C:\Users\German\.stm32cubemx\thirdparties\pdsc\STMicroelectronics.X-CUBE-SMBUS.2.1.1.pdsc: PDSC version is not supported
2026-08-06 20:44:51,592 [WARN] PackLoader:240 - Cannot read IP mode file for STMicroelectronics.X-CUBE-SMBUS.2.1.0
2026-08-06 20:44:51,598 [WARN] PackLoader:240 - Cannot read IP mode file for STMicroelectronics.X-CUBE-WB05N.1.1.0
2026-08-06 20:44:51,602 [WARN] PackLoader:240 - Cannot read IP mode file for STMicroelectronics.X-CUBE-ST60.1.0.0
2026-08-06 20:44:51,617 [WARN] PackLoader:240 - Cannot read IP mode file for STMicroelectronics.X-CUBE-AZRTOS-F7.1.1.0
2026-08-06 20:44:51,622 [ERROR] Engine:466 - C:\Users\German\.stm32cubemx\thirdparties\pdsc\STMicroelectronics.X-CUBE-FREERTOS.1.6.0.pdsc: PDSC version is not supported
2026-08-06 20:44:51,624 [ERROR] Engine:466 - C:\Users\German\.stm32cubemx\thirdparties\pdsc\STMicroelectronics.FP-SNS-MOTENV1.5.1.0.pdsc: PDSC version is not supported
2026-08-06 20:44:51,639 [WARN] PackLoader:240 - Cannot read IP mode file for STMicroelectronics.X-CUBE-AZRTOS-H7RS.1.3.0
2026-08-06 20:44:51,658 [WARN] PackLoader:240 - Cannot read IP mode file for Infineon.AIROC-Wi-Fi-Bluetooth-STM32.1.7.0
2026-08-06 20:44:51,678 [WARN] PackLoader:240 - Cannot read IP mode file for STMicroelectronics.X-CUBE-AZRTOS-H7.3.4.0
2026-08-06 20:44:51,687 [WARN] PackLoader:240 - Cannot read IP mode file for STMicroelectronics.X-CUBE-DISPLAY.3.0.0
2026-08-06 20:44:51,694 [WARN] PackLoader:240 - Cannot read IP mode file for STMicroelectronics.X-CUBE-GNSS1.7.1.1
2026-08-06 20:44:51,696 [ERROR] Engine:466 - C:\Users\German\.stm32cubemx\thirdparties\pdsc\STMicroelectronics.FP-SNS-MOTENVWB1.1.5.0.pdsc: PDSC version is not supported
2026-08-06 20:44:51,699 [WARN] PackLoader:240 - Cannot read IP mode file for STMicroelectronics.X-CUBE-NFC10.1.0.0
2026-08-06 20:44:51,710 [WARN] PackLoader:240 - Cannot read IP mode file for STMicroelectronics.X-CUBE-BLEMGR.4.0.0
2026-08-06 20:44:51,714 [WARN] PackLoader:240 - Cannot read IP mode file for STMicroelectronics.X-CUBE-ST60.1.1.0
2026-08-06 20:44:51,718 [WARN] PackLoader:240 - Cannot read IP mode file for emotas.I-CUBE-CANOPEN.1.3.0
2026-08-06 20:44:51,720 [ERROR] Engine:466 - C:\Users\German\.stm32cubemx\thirdparties\pdsc\STMicroelectronics.X-CUBE-WBA.1.1.0.pdsc: PDSC version is not supported
2026-08-06 20:44:51,723 [WARN] PackLoader:240 - Cannot read IP mode file for STMicroelectronics.X-CUBE-GNSS1.7.1.0
2026-08-06 20:44:51,727 [WARN] ConditionMgr:438 - getConditionDescription Invalid condition id : Cortex-A Device cause : null
2026-08-06 20:44:51,735 [WARN] ConditionMgr:1044 - genDependencies : Invalid condition id : Cortex-A Device cause : null
2026-08-06 20:44:51,736 [WARN] ConditionMgr:1044 - genDependencies : Invalid condition id : Cortex-A Device cause : null
2026-08-06 20:44:51,736 [WARN] ConditionMgr:1044 - genDependencies : Invalid condition id : Cortex-A Device cause : null
2026-08-06 20:44:51,739 [WARN] PackLoader:240 - Cannot read IP mode file for STMicroelectronics.X-CUBE-AI.10.0.0
2026-08-06 20:44:51,742 [ERROR] Engine:466 - C:\Users\German\.stm32cubemx\thirdparties\pdsc\STMicroelectronics.FP-SNS-STBOX1.2.1.0.pdsc: PDSC version is not supported
2026-08-06 20:44:51,745 [WARN] PackLoader:240 - Cannot read IP mode file for STMicroelectronics.FP-SNS-SMARTAG2.1.2.0
2026-08-06 20:44:51,748 [WARN] PackLoader:240 - Cannot read IP mode file for STMicroelectronics.FP-SNS-FLIGHT1.5.1.0
2026-08-06 20:44:51,772 [WARN] PackLoader:240 - Cannot read IP mode file for STMicroelectronics.X-CUBE-MEMS1.11.1.0
2026-08-06 20:44:51,858 [INFO] LogOutputStream:77 - [STDOUT_REDIRECT] 1 : Invalid condition id : UX_CORESTACK_Condition cause : null
2026-08-06 20:44:51,859 [INFO] LogOutputStream:77 - [STDOUT_REDIRECT] 1 : Invalid condition id : UX_CORESTACK_Condition cause : null
2026-08-06 20:44:51,860 [INFO] LogOutputStream:77 - [STDOUT_REDIRECT] 1 : Invalid condition id : UX_CORESTACK_Condition cause : null
2026-08-06 20:44:51,861 [INFO] LogOutputStream:77 - [STDOUT_REDIRECT] 1 : Invalid condition id : UX_CORESTACK_Condition cause : null
2026-08-06 20:44:51,861 [INFO] LogOutputStream:77 - [STDOUT_REDIRECT] 1 : Invalid condition id : UX_CORESTACK_Condition cause : null
2026-08-06 20:44:51,864 [WARN] PackLoader:240 - Cannot read IP mode file for STMicroelectronics.X-CUBE-AZRTOS-WL.2.0.0
2026-08-06 20:44:51,869 [WARN] PackLoader:240 - Cannot read IP mode file for STMicroelectronics.FP-SNS-MOTENV1.5.0.0
2026-08-06 20:44:51,878 [WARN] PackLoader:240 - Cannot read IP mode file for STMicroelectronics.X-CUBE-AZRTOS-H7RS.1.2.0
2026-08-06 20:44:51,884 [WARN] PackLoader:240 - Cannot read IP mode file for WES.I-CUBE-Cesium.1.3.0
2026-08-06 20:44:51,887 [WARN] PackLoader:240 - Cannot read IP mode file for STMicroelectronics.X-CUBE-BLE2.3.3.0
2026-08-06 20:44:51,899 [WARN] PackLoader:240 - Cannot read IP mode file for STMicroelectronics.X-CUBE-NFC9.1.0.0
2026-08-06 20:44:51,904 [WARN] PackLoader:240 - Cannot read IP mode file for STMicroelectronics.X-CUBE-BLE1.7.1.0
2026-08-06 20:44:51,907 [WARN] PackLoader:240 - Cannot read IP mode file for wolfSSL.I-CUBE-wolfMQTT.1.19.2
2026-08-06 20:44:51,910 [ERROR] Engine:466 - C:\Users\German\.stm32cubemx\thirdparties\pdsc\STMicroelectronics.X-CUBE-FREERTOS.1.4.0.pdsc: PDSC version is not supported
2026-08-06 20:44:51,915 [WARN] PackLoader:240 - Cannot read IP mode file for STMicroelectronics.X-CUBE-EEPRMA1.5.2.0
2026-08-06 20:44:51,920 [ERROR] Engine:466 - C:\Users\German\.stm32cubemx\thirdparties\pdsc\STMicroelectronics.X-CUBE-ST67W61.1.1.0.pdsc: PDSC version is not supported
2026-08-06 20:44:51,922 [WARN] PackLoader:240 - Cannot read IP mode file for STMicroelectronics.X-CUBE-AI.10.1.0
2026-08-06 20:44:51,925 [ERROR] Engine:466 - C:\Users\German\.stm32cubemx\thirdparties\pdsc\STMicroelectronics.FP-SNS-STAIOTCFT.1.1.0.pdsc: PDSC version is not supported
2026-08-06 20:44:51,951 [WARN] PackLoader:240 - Cannot read IP mode file for STMicroelectronics.X-CUBE-MEMS1.12.0.0
2026-08-06 20:44:52,017 [WARN] PackLoader:240 - Cannot read IP mode file for STMicroelectronics.X-CUBE-MEMS1.11.2.0
2026-08-06 20:44:52,100 [WARN] PackLoader:240 - Cannot read IP mode file for STMicroelectronics.X-CUBE-AZRTOS-G0.1.1.0
2026-08-06 20:44:52,104 [WARN] PackLoader:240 - Cannot read IP mode file for STMicroelectronics.X-CUBE-SAFEA1.1.2.2
2026-08-06 20:44:52,108 [WARN] PackLoader:240 - Cannot read IP mode file for STMicroelectronics.X-CUBE-NFC4.3.0.0
2026-08-06 20:44:52,113 [WARN] PackLoader:240 - Cannot read IP mode file for EmbeddedOffice.I-CUBE-FS-RTOS.1.0.1
2026-08-06 20:44:52,116 [WARN] PackLoader:240 - Cannot read IP mode file for STMicroelectronics.X-CUBE-WB05N.2.0.0
2026-08-06 20:44:52,118 [WARN] PackLoader:240 - Cannot read IP mode file for wolfSSL.I-CUBE-wolfTPM.3.8.0
2026-08-06 20:44:52,121 [WARN] PackLoader:240 - Cannot read IP mode file for STMicroelectronics.X-CUBE-TCPP.4.2.0
2026-08-06 20:44:52,125 [WARN] PackLoader:240 - Cannot read IP mode file for RealThread.X-CUBE-RT-Thread_Nano.4.1.1
2026-08-06 20:44:52,128 [WARN] PackLoader:240 - Cannot read IP mode file for STMicroelectronics.FP-ATR-SIGFOX1.3.2.0
2026-08-06 20:44:52,131 [WARN] PackLoader:240 - Cannot read IP mode file for STMicroelectronics.X-CUBE-EEPRMA1.5.1.0
2026-08-06 20:44:52,133 [ERROR] Engine:466 - C:\Users\German\.stm32cubemx\thirdparties\pdsc\STMicroelectronics.X-CUBE-FREERTOS.1.5.0.pdsc: PDSC version is not supported
2026-08-06 20:44:52,135 [WARN] PackLoader:240 - Cannot read IP mode file for wolfSSL.I-CUBE-wolfSSL.5.7.6
2026-08-06 20:44:52,140 [WARN] PackLoader:240 - Cannot read IP mode file for ITTIA_DB.I-CUBE-ITTIADB.8.9.0
2026-08-06 20:44:52,145 [WARN] PackLoader:240 - Cannot read IP mode file for STMicroelectronics.X-CUBE-NFC6.3.2.0
2026-08-06 20:44:52,150 [WARN] PackLoader:240 - Cannot read IP mode file for STMicroelectronics.X-CUBE-ST67W61.1.0.0
2026-08-06 20:44:52,153 [WARN] PackLoader:240 - Cannot read IP mode file for STMicroelectronics.X-CUBE-AI.10.2.1
2026-08-06 20:44:52,155 [WARN] PackLoader:240 - Cannot read IP mode file for STMicroelectronics.X-CUBE-AI.10.2.0
2026-08-06 20:44:52,170 [WARN] PackLoader:240 - Cannot read IP mode file for STMicroelectronics.X-CUBE-MEMS1.12.1.0
2026-08-06 20:44:52,212 [WARN] PackLoader:240 - Cannot read IP mode file for SEGGER.I-CUBE-embOS.1.3.1
2026-08-06 20:44:52,228 [WARN] PackLoader:240 - Cannot read IP mode file for STMicroelectronics.X-CUBE-ALGOBUILD.1.4.0
2026-08-06 20:44:52,244 [WARN] PackLoader:240 - Cannot read IP mode file for STMicroelectronics.X-CUBE-MEMS1.11.3.0
2026-08-06 20:44:52,294 [WARN] PackLoader:240 - Cannot read IP mode file for STMicroelectronics.X-CUBE-NFC13.1.0.0
2026-08-06 20:44:52,297 [WARN] PackLoader:240 - Cannot read IP mode file for STMicroelectronics.X-CUBE-PM33A1.1.0.0
2026-08-06 20:44:52,304 [WARN] PackLoader:240 - Cannot read IP mode file for STMicroelectronics.X-CUBE-AZRTOS-F4.1.1.0
2026-08-06 20:44:52,308 [WARN] PackLoader:240 - Cannot read IP mode file for Avnet-IotConnect.X-CUBE-IoTC-DA16k-PMOD.1.0.0
2026-08-06 20:44:52,311 [WARN] PackLoader:240 - Cannot read IP mode file for STMicroelectronics.X-CUBE-ISPU.2.1.0
2026-08-06 20:44:52,314 [ERROR] Engine:466 - C:\Users\German\.stm32cubemx\thirdparties\pdsc\STMicroelectronics.X-CUBE-IPS.3.2.0.pdsc: PDSC version is not supported
2026-08-06 20:44:52,317 [WARN] PackLoader:240 - Cannot read IP mode file for STMicroelectronics.eDS-WB_DPC_TT-BIDIR.2.1.1
2026-08-06 20:44:52,320 [WARN] PackLoader:240 - Cannot read IP mode file for STMicroelectronics.X-CUBE-NFC12.1.0.0
2026-08-06 20:44:52,328 [WARN] PackLoader:240 - Cannot read IP mode file for STMicroelectronics.X-CUBE-AZRTOS-L5.2.0.0
2026-08-06 20:44:52,333 [WARN] PackLoader:240 - Cannot read IP mode file for STMicroelectronics.X-CUBE-NFC6.3.1.0
2026-08-06 20:44:52,338 [WARN] PackLoader:240 - Cannot read IP mode file for STMicroelectronics.X-CUBE-ALGOBUILD.1.5.0
2026-08-06 20:44:52,341 [WARN] PackLoader:240 - Cannot read IP mode file for STMicroelectronics.X-CUBE-DPower.1.2.0
2026-08-06 20:44:52,343 [WARN] PackLoader:240 - Cannot read IP mode file for STMicroelectronics.eDS-WB_DPC_VIENNA.1.2.0
2026-08-06 20:44:52,360 [WARN] PackLoader:240 - Cannot read IP mode file for STMicroelectronics.X-CUBE-MEMS1.13.0.0
2026-08-06 20:44:52,391 [WARN] PackLoader:240 - Cannot read IP mode file for STMicroelectronics.eDS-WB_DPC_3PH2L-BIDIR.1.1.1
2026-08-06 20:44:52,393 [ERROR] Engine:466 - C:\Users\German\.stm32cubemx\thirdparties\pdsc\STMicroelectronics.X-CUBE-ST67W61.1.3.0.pdsc: PDSC version is not supported
2026-08-06 20:44:52,397 [WARN] PackLoader:240 - Cannot read IP mode file for STMicroelectronics.X-CUBE-FREERTOS.1.3.1
2026-08-06 20:44:52,399 [WARN] PackLoader:240 - Cannot read IP mode file for STMicroelectronics.X-CUBE-FREERTOS.1.3.0
2026-08-06 20:44:52,402 [WARN] PackLoader:240 - Cannot read IP mode file for STMicroelectronics.X-CUBE-NFC7.1.0.1
2026-08-06 20:44:52,405 [WARN] PackLoader:240 - Cannot read IP mode file for STMicroelectronics.X-CUBE-TOUCHGFX.4.26.0
2026-08-06 20:44:52,407 [WARN] PackLoader:240 - Cannot read IP mode file for STMicroelectronics.X-CUBE-TOUCHGFX.4.26.1
2026-08-06 20:44:52,410 [WARN] PackLoader:240 - Cannot read IP mode file for STMicroelectronics.FP-SNS-STAIOTCFT.1.0.0
2026-08-06 20:44:52,413 [WARN] PackLoader:240 - Cannot read IP mode file for STMicroelectronics.X-CUBE-DPower.1.3.0
2026-08-06 20:44:52,419 [WARN] ConditionMgr:438 - getConditionDescription Invalid condition id : LAN8742 Phy interface Condition cause : null
2026-08-06 20:44:52,420 [WARN] PackLoader:240 - Cannot read IP mode file for STMicroelectronics.X-CUBE-AZRTOS-L4.2.0.0
2026-08-06 20:44:52,420 [WARN] ConditionMgr:1044 - genDependencies : Invalid condition id : LAN8742 Phy interface Condition cause : null
2026-08-06 20:44:52,420 [WARN] ConditionMgr:1044 - genDependencies : Invalid condition id : LAN8742 Phy interface Condition cause : null
2026-08-06 20:44:52,420 [WARN] ConditionMgr:1044 - genDependencies : Invalid condition id : LAN8742 Phy interface Condition cause : null
2026-08-06 20:44:52,424 [WARN] PackLoader:240 - Cannot read IP mode file for STMicroelectronics.X-CUBE-SFXS2LP1.4.0.0
2026-08-06 20:44:52,427 [WARN] PackLoader:240 - Cannot read IP mode file for STMicroelectronics.X-CUBE-WB05N.2.1.0
2026-08-06 20:44:52,429 [ERROR] Engine:466 - C:\Users\German\.stm32cubemx\thirdparties\pdsc\STMicroelectronics.X-CUBE-ST67W61.1.2.0.pdsc: PDSC version is not supported
2026-08-06 20:44:52,443 [WARN] PackLoader:240 - Cannot read IP mode file for STMicroelectronics.X-CUBE-AZRTOS-H7.3.3.0
2026-08-06 20:44:52,448 [WARN] PackLoader:240 - Cannot read IP mode file for STMicroelectronics.X-CUBE-BLEMGR.4.1.0
2026-08-06 20:44:52,454 [WARN] ConditionMgr:438 - getConditionDescription Invalid condition id : UX DEVICE CLASS RTOS Condition cause : null
2026-08-06 20:44:52,454 [WARN] ConditionMgr:438 - getConditionDescription Invalid condition id : UX DEVICE CLASS RTOS Condition cause : null
2026-08-06 20:44:52,454 [WARN] PackLoader:240 - Cannot read IP mode file for STMicroelectronics.X-CUBE-AZRTOS-WB.2.0.0
2026-08-06 20:44:52,455 [WARN] ConditionMgr:1044 - genDependencies : Invalid condition id : UX DEVICE CLASS RTOS Condition cause : null
2026-08-06 20:44:52,455 [WARN] ConditionMgr:1044 - genDependencies : Invalid condition id : UX DEVICE CLASS RTOS Condition cause : null
2026-08-06 20:44:52,455 [WARN] ConditionMgr:1044 - genDependencies : Invalid condition id : UX DEVICE CLASS RTOS Condition cause : null
2026-08-06 20:44:52,455 [WARN] ConditionMgr:1044 - genDependencies : Invalid condition id : UX DEVICE CLASS RTOS Condition cause : null
2026-08-06 20:44:52,455 [WARN] ConditionMgr:1044 - genDependencies : Invalid condition id : UX DEVICE CLASS RTOS Condition cause : null
2026-08-06 20:44:52,458 [WARN] PackLoader:240 - Cannot read IP mode file for STMicroelectronics.X-CUBE-GNSS1.7.0.1
2026-08-06 20:44:52,461 [WARN] PackLoader:240 - Cannot read IP mode file for STMicroelectronics.X-CUBE-TOUCHGFX.4.25.0
2026-08-06 20:44:52,464 [WARN] PackLoader:240 - Cannot read IP mode file for STMicroelectronics.FP-SNS-STBOX1.2.0.0
2026-08-06 20:44:52,469 [WARN] PackLoader:240 - Cannot read IP mode file for STMicroelectronics.X-CUBE-STSE01.2.0.0
2026-08-06 20:44:52,474 [WARN] PackLoader:240 - Cannot read IP mode file for STMicroelectronics.X-CUBE-SUBG2.5.0.0
2026-08-06 20:44:52,484 [WARN] PackLoader:240 - Cannot read IP mode file for STMicroelectronics.X-CUBE-AZRTOS-H7RS.1.1.0
2026-08-06 20:44:52,488 [WARN] PackLoader:240 - Cannot read IP mode file for Cesanta.I-CUBE-Mongoose.7.13.0
2026-08-06 20:44:52,494 [WARN] PackLoader:240 - Cannot read IP mode file for STMicroelectronics.X-CUBE-AZRTOS-G4.2.0.0
2026-08-06 20:44:52,498 [WARN] PackLoader:240 - Cannot read IP mode file for wolfSSL.I-CUBE-wolfSSH.1.4.20
2026-08-06 20:44:52,500 [WARN] PackLoader:240 - Cannot read IP mode file for STMicroelectronics.X-CUBE-NFC7.2.0.0
2026-08-06 20:44:52,505 [WARN] PackLoader:240 - Cannot read IP mode file for STMicroelectronics.X-CUBE-IPS.3.1.0
2026-08-06 20:44:52,510 [ERROR] Engine:466 - C:\Users\German\.stm32cubemx\thirdparties\pdsc\STMicroelectronics.X-CUBE-BLEMGR.4.2.0.pdsc: PDSC version is not supported
2026-08-06 20:44:52,512 [WARN] PackLoader:240 - Cannot read IP mode file for STMicroelectronics.X-CUBE-ALS.1.0.2
2026-08-06 20:44:52,515 [WARN] PackLoader:240 - Cannot read IP mode file for STMicroelectronics.X-CUBE-STSE01.1.0.0
2026-08-06 20:44:52,519 [WARN] PackLoader:240 - Cannot read IP mode file for portGmbH.I-Cube-SoM-uGOAL.1.1.0
2026-08-06 20:44:52,524 [WARN] PackLoader:240 - Cannot read IP mode file for STMicroelectronics.X-CUBE-TOF1.3.4.2
2026-08-06 20:44:52,531 [WARN] PackLoader:240 - Cannot read IP mode file for STMicroelectronics.X-CUBE-TOF1.3.4.3
2026-08-06 20:44:52,535 [INFO] ThirdParty:978 - Integrity check success = true
2026-08-06 20:44:52,535 [INFO] IntegrityCheckThread:100 - exiting critical section [integrity check]
2026-08-06 20:44:52,535 [INFO] IntegrityCheckThread:103 - End integrity checks thread
2026-08-06 23:00:48,224 [ERROR] LogOutputStream:75 - [STDERR_REDIRECT] 
