2026-08-09 15:42:59,839 [INFO] Activator:176 - 


2026-08-09 15:42:59,839 [INFO] Activator:177 - !SESSION log4j initialized
2026-08-09 15:43:03,315 [INFO] LogOutputStream:77 - [STDOUT_REDIRECT] 
2026-08-09 15:43:04,523 [INFO] ApplicationProperties:184 - Using Application install path: C:\ST\STM32CubeIDE_1.18.1\STM32CubeIDE\plugins\com.st.stm32cube.common.mx_6.14.1.202504091515
2026-08-09 15:43:04,536 [INFO] DbMcusXml:78 - Set database path to: C:\ST\STM32CubeIDE_1.18.1\STM32CubeIDE\plugins\com.st.stm32cube.common.mx_6.14.1.202504091515\\db\/mcu/
2026-08-09 15:43:04,537 [INFO] ApiDb:274 - Set plugin database path to: C:\ST\STM32CubeIDE_1.18.1\STM32CubeIDE\plugins\com.st.stm32cube.common.mx_6.14.1.202504091515\\db\/plugins/boardmanager/
2026-08-09 15:43:04,537 [WARN] ApiDb:259 - Overriding images path with different value:  => C:\ST\STM32CubeIDE_1.18.1\STM32CubeIDE\plugins\com.st.stm32cube.common.mx_6.14.1.202504091515\\db\/plugins/mcufinder/images/
2026-08-09 15:43:04,542 [INFO] ApiDb:250 - Set database path to: C:\Users\German\.stmcufinder\plugins\mcufinder//mcu/
2026-08-09 15:43:04,542 [INFO] DbMcusAds:125 - Set database path to: C:\Users\German\.stmcufinder\plugins\mcufinder//mcu/
2026-08-09 15:43:04,543 [INFO] CrossReferenceDbSqlite:203 - Set database path to: C:\Users\German\.stmcufinder\plugins\mcufinder//mcu/cs/
2026-08-09 15:43:04,613 [INFO] RulesReader:64 - Compatibility file has been processed (302 Rules)
2026-08-09 15:43:04,668 [INFO] DbMcusXml:78 - Set database path to: C:\ST\STM32CubeIDE_1.18.1\STM32CubeIDE\plugins\com.st.stm32cube.common.mx_6.14.1.202504091515\\db\/mcu/
2026-08-09 15:43:04,668 [INFO] ApiDb:274 - Set plugin database path to: C:\ST\STM32CubeIDE_1.18.1\STM32CubeIDE\plugins\com.st.stm32cube.common.mx_6.14.1.202504091515\\db\/plugins/boardmanager/
2026-08-09 15:43:04,668 [INFO] ApiDb:261 - Set plugin images path to: C:\ST\STM32CubeIDE_1.18.1\STM32CubeIDE\plugins\com.st.stm32cube.common.mx_6.14.1.202504091515\\db\/plugins/mcufinder/images/
2026-08-09 15:43:04,669 [WARN] DbFile:41 - Overriding database path with different value: C:\Users\German\.stmcufinder\plugins\mcufinder/ => C:\Users\German\.stmcufinder\plugins\mcufinder
2026-08-09 15:43:04,669 [INFO] ApiDb:250 - Set database path to: C:\Users\German\.stmcufinder\plugins\mcufinder//mcu/
2026-08-09 15:43:04,669 [WARN] DbFile:41 - Overriding database path with different value: C:\Users\German\.stmcufinder\plugins\mcufinder/ => C:\Users\German\.stmcufinder\plugins\mcufinder
2026-08-09 15:43:04,669 [INFO] DbMcusAds:125 - Set database path to: C:\Users\German\.stmcufinder\plugins\mcufinder//mcu/
2026-08-09 15:43:04,669 [WARN] DbFile:41 - Overriding database path with different value: C:\Users\German\.stmcufinder\plugins\mcufinder/ => C:\Users\German\.stmcufinder\plugins\mcufinder
2026-08-09 15:43:04,669 [WARN] DbFile:41 - Overriding database path with different value: C:\Users\German\.stmcufinder\plugins\mcufinder/ => C:\Users\German\.stmcufinder\plugins\mcufinder
2026-08-09 15:43:04,669 [INFO] CrossReferenceDbSqlite:203 - Set database path to: C:\Users\German\.stmcufinder\plugins\mcufinder//mcu/cs/
2026-08-09 15:43:04,720 [INFO] MainPanel:272 - HeapMemory: 268435456
2026-08-09 15:43:04,791 [INFO] DbMcusXml:78 - Set database path to: C:\ST\STM32CubeIDE_1.18.1\STM32CubeIDE\plugins\com.st.stm32cube.common.mx_6.14.1.202504091515\\db\/mcu/
2026-08-09 15:43:04,791 [INFO] ApiDb:274 - Set plugin database path to: C:\ST\STM32CubeIDE_1.18.1\STM32CubeIDE\plugins\com.st.stm32cube.common.mx_6.14.1.202504091515\\db\/plugins/boardmanager/
2026-08-09 15:43:04,791 [INFO] ApiDb:261 - Set plugin images path to: C:\ST\STM32CubeIDE_1.18.1\STM32CubeIDE\plugins\com.st.stm32cube.common.mx_6.14.1.202504091515\\db\/plugins/mcufinder/images/
2026-08-09 15:43:04,791 [WARN] DbFile:41 - Overriding database path with different value: C:\Users\German\.stmcufinder\plugins\mcufinder/ => C:\Users\German\.stmcufinder\plugins\mcufinder
2026-08-09 15:43:04,791 [INFO] ApiDb:250 - Set database path to: C:\Users\German\.stmcufinder\plugins\mcufinder//mcu/
2026-08-09 15:43:04,791 [WARN] DbFile:41 - Overriding database path with different value: C:\Users\German\.stmcufinder\plugins\mcufinder/ => C:\Users\German\.stmcufinder\plugins\mcufinder
2026-08-09 15:43:04,791 [INFO] DbMcusAds:125 - Set database path to: C:\Users\German\.stmcufinder\plugins\mcufinder//mcu/
2026-08-09 15:43:04,791 [WARN] DbFile:41 - Overriding database path with different value: C:\Users\German\.stmcufinder\plugins\mcufinder/ => C:\Users\German\.stmcufinder\plugins\mcufinder
2026-08-09 15:43:04,791 [WARN] DbFile:41 - Overriding database path with different value: C:\Users\German\.stmcufinder\plugins\mcufinder/ => C:\Users\German\.stmcufinder\plugins\mcufinder
2026-08-09 15:43:04,791 [INFO] CrossReferenceDbSqlite:203 - Set database path to: C:\Users\German\.stmcufinder\plugins\mcufinder//mcu/cs/
2026-08-09 15:43:04,803 [INFO] ApplicationProperties:184 - Using Application install path: C:\ST\STM32CubeIDE_1.18.1\STM32CubeIDE\plugins\com.st.stm32cube.common.mx_6.14.1.202504091515
2026-08-09 15:43:04,803 [INFO] PluginManage:196 - Search for loadable plugins [exclusion list=, ]
2026-08-09 15:43:04,804 [INFO] PluginManage:310 - Check plugin analytics
2026-08-09 15:43:04,940 [INFO] AnalyticsPlugin:253 - Accepted Software Licenses: STM32CubeMX.6.14.1,STM32CubeMX.6.17.0
2026-08-09 15:43:04,940 [INFO] AnalyticsPlugin:255 - Accepted CMSIS Pack Licenses: 
2026-08-09 15:43:04,940 [INFO] AnalyticsPlugin:257 - Accepted Firmware Licenses: FW.WB.1.17.0,FW.WB.1.22.0,FW.L4.1.18.0,FW.WB.1.13.0,FW.WB.1.23.0,FW.WB.1.24.0
2026-08-09 15:43:04,942 [INFO] PluginManage:359 - Loaded plugin analytics (category:tool,tabindex:-1)
2026-08-09 15:43:04,942 [INFO] PluginManage:310 - Check plugin cadmodel
2026-08-09 15:43:04,946 [INFO] CADModel:105 - Init CAD model plugin
2026-08-09 15:43:04,946 [INFO] PluginManage:359 - Loaded plugin cadmodel (category:power,tabindex:5)
2026-08-09 15:43:04,946 [INFO] PluginManage:310 - Check plugin clock
2026-08-09 15:43:04,955 [INFO] PluginManage:359 - Loaded plugin clock (category:base,tabindex:2)
2026-08-09 15:43:04,955 [INFO] PluginManage:310 - Check plugin ddr
2026-08-09 15:43:04,957 [INFO] PluginManage:359 - Loaded plugin ddr (category:tool,tabindex:6)
2026-08-09 15:43:04,957 [INFO] PluginManage:310 - Check plugin filemanager
2026-08-09 15:43:05,067 [INFO] PluginManage:359 - Loaded plugin filemanager (category:base,tabindex:10)
2026-08-09 15:43:05,067 [INFO] PluginManage:310 - Check plugin ipmanager
2026-08-09 15:43:05,072 [INFO] PluginManage:359 - Loaded plugin ipmanager (category:base,tabindex:5)
2026-08-09 15:43:05,072 [INFO] PluginManage:310 - Check plugin lpbam
2026-08-09 15:43:05,079 [INFO] PluginManage:359 - Loaded plugin lpbam (category:base,tabindex:0)
2026-08-09 15:43:05,079 [INFO] PluginManage:310 - Check plugin memorymap
2026-08-09 15:43:05,090 [INFO] PluginManage:359 - Loaded plugin memorymap (category:base,tabindex:4)
2026-08-09 15:43:05,090 [INFO] PluginManage:310 - Check plugin pinoutandconfiguration
2026-08-09 15:43:05,098 [INFO] PluginManage:359 - Loaded plugin pinoutandconfiguration (category:base,tabindex:1)
2026-08-09 15:43:05,099 [INFO] PluginManage:310 - Check plugin pinoutconfig
2026-08-09 15:43:05,161 [WARN] SupportedApi:132 - Cannot load RTOS API schema: s4s-elt-must-match.1: The content of 'definitions' must match (annotation?, (simpleType | complexType)?, (unique | key | keyref)*)). A problem was found starting at: attribute.
2026-08-09 15:43:05,265 [INFO] PluginManage:359 - Loaded plugin pinoutconfig (category:base,tabindex:0)
2026-08-09 15:43:05,265 [INFO] PluginManage:310 - Check plugin power
2026-08-09 15:43:05,273 [INFO] PluginManage:359 - Loaded plugin power (category:power,tabindex:4)
2026-08-09 15:43:05,273 [INFO] PluginManage:310 - Check plugin projectmanager
2026-08-09 15:43:05,286 [INFO] PluginManage:359 - Loaded plugin projectmanager (category:projectmanager,tabindex:4)
2026-08-09 15:43:05,286 [INFO] PluginManage:310 - Check plugin rif
2026-08-09 15:43:05,293 [INFO] PluginManage:359 - Loaded plugin rif (category:base,tabindex:3)
2026-08-09 15:43:05,293 [INFO] PluginManage:310 - Check plugin thirdparty
2026-08-09 15:43:05,410 [INFO] PluginManage:359 - Loaded plugin thirdparty (category:base,tabindex:-1)
2026-08-09 15:43:05,410 [WARN] IntegrityCheckThread:84 - waiting for thirdparty lock release [integrity check]
2026-08-09 15:43:05,410 [INFO] PluginManage:310 - Check plugin tools
2026-08-09 15:43:05,410 [INFO] IntegrityCheckThread:86 - entering critical section [integrity check]
2026-08-09 15:43:05,410 [INFO] ThirdPartyUpdaterWithRetryManager:70 - Updater plugin not ready yet. [1/15]
2026-08-09 15:43:05,412 [INFO] PluginManage:359 - Loaded plugin tools (category:base,tabindex:7)
2026-08-09 15:43:05,412 [INFO] PluginManage:310 - Check plugin tutovideos
2026-08-09 15:43:05,527 [INFO] PluginManage:359 - Loaded plugin tutovideos (category:base,tabindex:-1)
2026-08-09 15:43:05,527 [INFO] PluginManage:310 - Check plugin updater
2026-08-09 15:43:05,543 [INFO] PluginManage:359 - Loaded plugin updater (category:base,tabindex:12)
2026-08-09 15:43:05,543 [INFO] PluginManage:310 - Check plugin userauth
2026-08-09 15:43:05,546 [INFO] UserAuth:118 - Init User Auth plugin
2026-08-09 15:43:05,546 [INFO] PluginManage:359 - Loaded plugin userauth (category:base,tabindex:14)
2026-08-09 15:43:05,547 [INFO] PluginManage:283 - PluginManage : Loaded plugins [18]
2026-08-09 15:43:05,690 [INFO] PinOutPanel:1589 - setPackage(No Configuration,No Configuration)
2026-08-09 15:43:05,746 [INFO] CADModel:165 - CPN selected for project level
2026-08-09 15:43:05,746 [INFO] CADModel:114 - Register for checkConnection events
2026-08-09 15:43:05,759 [INFO] IPUIPlugin:80 - create IPUIPlugin
2026-08-09 15:43:05,760 [INFO] PluginManager:220 - loadIPPluginJar : add adc
2026-08-09 15:43:05,761 [INFO] IPUIPlugin:80 - create IPUIPlugin
2026-08-09 15:43:05,762 [INFO] PluginManager:220 - loadIPPluginJar : add aes
2026-08-09 15:43:05,763 [INFO] IPUIPlugin:80 - create IPUIPlugin
2026-08-09 15:43:05,763 [INFO] PluginManager:220 - loadIPPluginJar : add can
2026-08-09 15:43:05,765 [INFO] IPUIPlugin:80 - create IPUIPlugin
2026-08-09 15:43:05,765 [INFO] PluginManager:220 - loadIPPluginJar : add comp
2026-08-09 15:43:05,767 [INFO] IPUIPlugin:80 - create IPUIPlugin
2026-08-09 15:43:05,767 [INFO] PluginManager:220 - loadIPPluginJar : add cryp
2026-08-09 15:43:05,769 [INFO] IPUIPlugin:80 - create IPUIPlugin
2026-08-09 15:43:05,769 [INFO] PluginManager:220 - loadIPPluginJar : add ddr_ctrl_phy
2026-08-09 15:43:05,770 [INFO] IPUIPlugin:80 - create IPUIPlugin
2026-08-09 15:43:05,770 [INFO] PluginManager:220 - loadIPPluginJar : add dfsdm
2026-08-09 15:43:05,774 [INFO] IPUIPlugin:80 - create IPUIPlugin
2026-08-09 15:43:05,774 [INFO] PluginManager:220 - loadIPPluginJar : add dma
2026-08-09 15:43:05,777 [INFO] IPUIPlugin:80 - create IPUIPlugin
2026-08-09 15:43:05,777 [INFO] PluginManager:220 - loadIPPluginJar : add dma3
2026-08-09 15:43:05,779 [INFO] IPUIPlugin:80 - create IPUIPlugin
2026-08-09 15:43:05,779 [INFO] PluginManager:220 - loadIPPluginJar : add extmemmanager
2026-08-09 15:43:05,780 [INFO] IPUIPlugin:80 - create IPUIPlugin
2026-08-09 15:43:05,780 [INFO] PluginManager:220 - loadIPPluginJar : add fatfs
2026-08-09 15:43:05,783 [INFO] IPUIPlugin:80 - create IPUIPlugin
2026-08-09 15:43:05,783 [INFO] PluginManager:220 - loadIPPluginJar : add fmc
2026-08-09 15:43:05,788 [INFO] IPUIPlugin:80 - create IPUIPlugin
2026-08-09 15:43:05,788 [INFO] PluginManager:220 - loadIPPluginJar : add freertos
2026-08-09 15:43:05,789 [INFO] IPUIPlugin:80 - create IPUIPlugin
2026-08-09 15:43:05,789 [INFO] PluginManager:220 - loadIPPluginJar : add genericplugin
2026-08-09 15:43:05,790 [INFO] IPUIPlugin:80 - create IPUIPlugin
2026-08-09 15:43:05,790 [INFO] PluginManager:220 - loadIPPluginJar : add gfxmmu
2026-08-09 15:43:05,794 [INFO] IPUIPlugin:80 - create IPUIPlugin
2026-08-09 15:43:05,794 [INFO] PluginManager:220 - loadIPPluginJar : add gic
2026-08-09 15:43:05,796 [INFO] IPUIPlugin:80 - create IPUIPlugin
2026-08-09 15:43:05,797 [INFO] PluginManager:220 - loadIPPluginJar : add gpio
2026-08-09 15:43:05,799 [INFO] IPUIPlugin:80 - create IPUIPlugin
2026-08-09 15:43:05,799 [INFO] PluginManager:220 - loadIPPluginJar : add gtzc
2026-08-09 15:43:05,801 [INFO] IPUIPlugin:80 - create IPUIPlugin
2026-08-09 15:43:05,801 [INFO] PluginManager:220 - loadIPPluginJar : add hash
2026-08-09 15:43:05,803 [INFO] IPUIPlugin:80 - create IPUIPlugin
2026-08-09 15:43:05,803 [INFO] PluginManager:220 - loadIPPluginJar : add i2c
2026-08-09 15:43:05,804 [INFO] IPUIPlugin:80 - create IPUIPlugin
2026-08-09 15:43:05,805 [INFO] PluginManager:220 - loadIPPluginJar : add i2s
2026-08-09 15:43:05,806 [INFO] IPUIPlugin:80 - create IPUIPlugin
2026-08-09 15:43:05,806 [INFO] PluginManager:220 - loadIPPluginJar : add i3c
2026-08-09 15:43:05,809 [INFO] IPUIPlugin:80 - create IPUIPlugin
2026-08-09 15:43:05,809 [INFO] PluginManager:220 - loadIPPluginJar : add ipddr
2026-08-09 15:43:05,814 [INFO] IPUIPlugin:80 - create IPUIPlugin
2026-08-09 15:43:05,814 [INFO] PluginManager:220 - loadIPPluginJar : add linkedlist
2026-08-09 15:43:05,816 [INFO] IPUIPlugin:80 - create IPUIPlugin
2026-08-09 15:43:05,816 [INFO] PluginManager:220 - loadIPPluginJar : add lorawan
2026-08-09 15:43:05,817 [INFO] IPUIPlugin:80 - create IPUIPlugin
2026-08-09 15:43:05,817 [INFO] PluginManager:220 - loadIPPluginJar : add ltdc
2026-08-09 15:43:05,821 [INFO] IPUIPlugin:80 - create IPUIPlugin
2026-08-09 15:43:05,821 [INFO] PluginManager:220 - loadIPPluginJar : add mdma
2026-08-09 15:43:05,823 [INFO] IPUIPlugin:80 - create IPUIPlugin
2026-08-09 15:43:05,823 [INFO] PluginManager:220 - loadIPPluginJar : add nvic
2026-08-09 15:43:05,825 [INFO] IPUIPlugin:80 - create IPUIPlugin
2026-08-09 15:43:05,825 [INFO] PluginManager:220 - loadIPPluginJar : add opamp
2026-08-09 15:43:05,827 [INFO] IPUIPlugin:80 - create IPUIPlugin
2026-08-09 15:43:05,827 [INFO] PluginManager:220 - loadIPPluginJar : add openamp
2026-08-09 15:43:05,830 [INFO] IPUIPlugin:80 - create IPUIPlugin
2026-08-09 15:43:05,830 [INFO] PluginManager:220 - loadIPPluginJar : add pdm2pcm
2026-08-09 15:43:05,834 [INFO] IPUIPlugin:80 - create IPUIPlugin
2026-08-09 15:43:05,836 [INFO] PluginManager:220 - loadIPPluginJar : add plateformsettings
2026-08-09 15:43:05,837 [INFO] IPUIPlugin:80 - create IPUIPlugin
2026-08-09 15:43:05,837 [INFO] PluginManager:220 - loadIPPluginJar : add quadspi
2026-08-09 15:43:05,839 [INFO] IPUIPlugin:80 - create IPUIPlugin
2026-08-09 15:43:05,839 [INFO] PluginManager:220 - loadIPPluginJar : add radio
2026-08-09 15:43:05,842 [INFO] IPUIPlugin:80 - create IPUIPlugin
2026-08-09 15:43:05,842 [INFO] PluginManager:220 - loadIPPluginJar : add resmgrutility
2026-08-09 15:43:05,844 [INFO] IPUIPlugin:80 - create IPUIPlugin
2026-08-09 15:43:05,844 [INFO] PluginManager:220 - loadIPPluginJar : add sai
2026-08-09 15:43:05,846 [INFO] IPUIPlugin:80 - create IPUIPlugin
2026-08-09 15:43:05,846 [INFO] PluginManager:220 - loadIPPluginJar : add spi
2026-08-09 15:43:05,850 [INFO] IPUIPlugin:80 - create IPUIPlugin
2026-08-09 15:43:05,851 [INFO] PluginManager:220 - loadIPPluginJar : add stm32_wpan
2026-08-09 15:43:05,852 [INFO] IPUIPlugin:80 - create IPUIPlugin
2026-08-09 15:43:05,852 [INFO] PluginManager:220 - loadIPPluginJar : add tim
2026-08-09 15:43:05,854 [INFO] IPUIPlugin:80 - create IPUIPlugin
2026-08-09 15:43:05,854 [INFO] PluginManager:220 - loadIPPluginJar : add touchsensing
2026-08-09 15:43:05,856 [INFO] IPUIPlugin:80 - create IPUIPlugin
2026-08-09 15:43:05,856 [INFO] PluginManager:220 - loadIPPluginJar : add tracer_emb
2026-08-09 15:43:05,857 [INFO] IPUIPlugin:80 - create IPUIPlugin
2026-08-09 15:43:05,857 [INFO] PluginManager:220 - loadIPPluginJar : add ts
2026-08-09 15:43:05,858 [INFO] IPUIPlugin:80 - create IPUIPlugin
2026-08-09 15:43:05,858 [INFO] PluginManager:220 - loadIPPluginJar : add tsc
2026-08-09 15:43:05,860 [INFO] IPUIPlugin:80 - create IPUIPlugin
2026-08-09 15:43:05,860 [INFO] PluginManager:220 - loadIPPluginJar : add ucpd
2026-08-09 15:43:05,862 [INFO] IPUIPlugin:80 - create IPUIPlugin
2026-08-09 15:43:05,862 [INFO] PluginManager:220 - loadIPPluginJar : add usart
2026-08-09 15:43:05,864 [INFO] IPUIPlugin:80 - create IPUIPlugin
2026-08-09 15:43:05,864 [INFO] PluginManager:220 - loadIPPluginJar : add usbx
2026-08-09 15:43:05,979 [FATAL] Updater:351 - Updater called before beeing initialized
2026-08-09 15:43:05,998 [INFO] RulesReader:64 - Compatibility file has been processed (302 Rules)
2026-08-09 15:43:06,007 [INFO] RulesReader:64 - Compatibility file has been processed (302 Rules)
2026-08-09 15:43:06,015 [INFO] CADModel:165 - CPN selected for project level
2026-08-09 15:43:06,015 [INFO] CADModel:114 - Register for checkConnection events
2026-08-09 15:43:06,015 [FATAL] Updater:351 - Updater called before beeing initialized
2026-08-09 15:43:06,015 [ERROR] CADModel:125 - Updater not yet initialized, retry later 
2026-08-09 15:43:06,133 [FATAL] Updater:351 - Updater called before beeing initialized
2026-08-09 15:43:06,135 [INFO] CADModel:165 - CPN selected for project level
2026-08-09 15:43:06,135 [INFO] CADModel:114 - Register for checkConnection events
2026-08-09 15:43:06,135 [FATAL] Updater:351 - Updater called before beeing initialized
2026-08-09 15:43:06,135 [ERROR] CADModel:125 - Updater not yet initialized, retry later 
2026-08-09 15:43:06,138 [FATAL] Updater:351 - Updater called before beeing initialized
2026-08-09 15:43:06,212 [FATAL] Updater:351 - Updater called before beeing initialized
2026-08-09 15:43:06,215 [INFO] DbMcusAds:53 - JSON generation date=Wed Jul 15 06:46:00 ART 2026 (1784108760991)
2026-08-09 15:43:06,215 [FATAL] Updater:351 - Updater called before beeing initialized
2026-08-09 15:43:06,239 [WARN] DetailPanel:346 - Failed to get advertising image, set to default
2026-08-09 15:43:06,393 [FATAL] Updater:351 - Updater called before beeing initialized
2026-08-09 15:43:06,394 [FATAL] Updater:351 - Updater called before beeing initialized
2026-08-09 15:43:06,394 [FATAL] Updater:351 - Updater called before beeing initialized
2026-08-09 15:43:06,394 [WARN] DetailPanel:346 - Failed to get advertising image, set to default
2026-08-09 15:43:06,395 [FATAL] Updater:351 - Updater called before beeing initialized
2026-08-09 15:43:06,430 [ERROR] Updater:1198 - MainUpdater not yet initialized. External WinMGr cannot be set.
2026-08-09 15:43:06,431 [INFO] Updater:1134 - Updater Version found : 6.14.1
2026-08-09 15:43:06,444 [INFO] ApplicationProperties:184 - Using Application install path: C:\ST\STM32CubeIDE_1.18.1\STM32CubeIDE\plugins\com.st.stm32cube.common.mx_6.14.1.202504091515
2026-08-09 15:43:08,007 [ERROR] LogOutputStream:75 - [STDERR_REDIRECT] Aug 09, 2026 3:43:08 PM java.util.prefs.WindowsPreferences <init>
2026-08-09 15:43:08,008 [ERROR] LogOutputStream:75 - [STDERR_REDIRECT] WARNING: Could not open/create prefs root node Software\JavaSoft\Prefs at root 0xffffffff80000002. Windows RegCreateKeyEx(...) returned error code 5.
2026-08-09 15:43:08,008 [ERROR] LogOutputStream:75 - [STDERR_REDIRECT] 
2026-08-09 15:43:08,237 [INFO] MainUpdater:2872 - connection check result : 10
2026-08-09 15:43:08,238 [INFO] MainUpdater:289 - Updater Check For Update Now.
2026-08-09 15:43:08,238 [INFO] MicroXplorer:498 - Change Database Version : DB.6.0.141
2026-08-09 15:43:08,243 [INFO] McuFinderGlobals:63 - Set McuFinder mode to 2 (CubeIDE integrated)
2026-08-09 15:43:08,243 [INFO] UserAuth:484 - Internet connection configuration mode: 1
2026-08-09 15:43:08,260 [INFO] JxBrowserEngine:152 - Initiate JxBrowser Engine with user profile folder
2026-08-09 15:43:08,411 [WARN] MainUpdater:1193 - Updater busy. Cannot search thirdparties
2026-08-09 15:43:08,411 [INFO] ThirdPartyUpdaterWithRetryManager:96 - Updater plugin is busy. [1/15]
2026-08-09 15:43:08,417 [INFO] CheckServerUpdateThread:120 - End of CheckServer Thread
2026-08-09 15:43:08,889 [INFO] WebApp:169 - Instantiating new browser for Auth
2026-08-09 15:43:09,347 [INFO] WebApp:463 - Apply proxy settings
2026-08-09 15:43:09,347 [INFO] WebApp:548 - Chromium requires no authentication
2026-08-09 15:43:09,353 [INFO] WebApp:491 - Direct internet connection detected
2026-08-09 15:43:09,368 [INFO] WebApp:894 - Register for checkConnection events
2026-08-09 15:43:09,368 [INFO] WebApp:463 - Apply proxy settings
2026-08-09 15:43:09,368 [INFO] WebApp:548 - Chromium requires no authentication
2026-08-09 15:43:09,369 [INFO] WebApp:491 - Direct internet connection detected
2026-08-09 15:43:09,479 [INFO] WebApp:225 - Starting web application
2026-08-09 15:43:09,480 [INFO] WebApp:593 - Web application path used C:\ST\STM32CubeIDE_1.18.1\STM32CubeIDE\plugins\com.st.stm32cube.common.mx_6.14.1.202504091515\db\plugins\mcufinder\reactClient1\index.html
2026-08-09 15:43:09,584 [INFO] WebApp:191 - Connection restablished
2026-08-09 15:43:09,595 [INFO] UserAuth:484 - Internet connection configuration mode: 1
2026-08-09 15:43:11,673 [WARN] PackLoader:240 - Cannot read IP mode file for STMicroelectronics.X-CUBE-AZRTOS-H7.3.5.0
2026-08-09 15:43:11,683 [WARN] PackLoader:240 - Cannot read IP mode file for STMicroelectronics.FP-SNS-MOTENVWB1.1.4.0
2026-08-09 15:43:11,689 [WARN] PackLoader:240 - Cannot read IP mode file for STMicroelectronics.FP-ATR-ASTRA1.2.0.3
2026-08-09 15:43:11,692 [WARN] PackLoader:240 - Cannot read IP mode file for STMicroelectronics.FP-ATR-ASTRA1.2.0.2
2026-08-09 15:43:11,697 [ERROR] Engine:466 - C:\Users\German\.stm32cubemx\thirdparties\pdsc\STMicroelectronics.X-CUBE-SMBUS.2.1.1.pdsc: PDSC version is not supported
2026-08-09 15:43:11,700 [WARN] PackLoader:240 - Cannot read IP mode file for STMicroelectronics.X-CUBE-SMBUS.2.1.0
2026-08-09 15:43:11,707 [WARN] PackLoader:240 - Cannot read IP mode file for STMicroelectronics.X-CUBE-WB05N.1.1.0
2026-08-09 15:43:11,712 [WARN] PackLoader:240 - Cannot read IP mode file for STMicroelectronics.X-CUBE-ST60.1.0.0
2026-08-09 15:43:11,731 [WARN] PackLoader:240 - Cannot read IP mode file for STMicroelectronics.X-CUBE-AZRTOS-F7.1.1.0
2026-08-09 15:43:11,736 [ERROR] Engine:466 - C:\Users\German\.stm32cubemx\thirdparties\pdsc\STMicroelectronics.X-CUBE-FREERTOS.1.6.0.pdsc: PDSC version is not supported
2026-08-09 15:43:11,737 [ERROR] Engine:466 - C:\Users\German\.stm32cubemx\thirdparties\pdsc\STMicroelectronics.FP-SNS-MOTENV1.5.1.0.pdsc: PDSC version is not supported
2026-08-09 15:43:11,751 [WARN] PackLoader:240 - Cannot read IP mode file for STMicroelectronics.X-CUBE-AZRTOS-H7RS.1.3.0
2026-08-09 15:43:11,766 [WARN] PackLoader:240 - Cannot read IP mode file for Infineon.AIROC-Wi-Fi-Bluetooth-STM32.1.7.0
2026-08-09 15:43:11,785 [WARN] PackLoader:240 - Cannot read IP mode file for STMicroelectronics.X-CUBE-AZRTOS-H7.3.4.0
2026-08-09 15:43:11,794 [WARN] PackLoader:240 - Cannot read IP mode file for STMicroelectronics.X-CUBE-DISPLAY.3.0.0
2026-08-09 15:43:11,800 [WARN] PackLoader:240 - Cannot read IP mode file for STMicroelectronics.X-CUBE-GNSS1.7.1.1
2026-08-09 15:43:11,803 [ERROR] Engine:466 - C:\Users\German\.stm32cubemx\thirdparties\pdsc\STMicroelectronics.FP-SNS-MOTENVWB1.1.5.0.pdsc: PDSC version is not supported
2026-08-09 15:43:11,807 [WARN] PackLoader:240 - Cannot read IP mode file for STMicroelectronics.X-CUBE-NFC10.1.0.0
2026-08-09 15:43:11,818 [WARN] PackLoader:240 - Cannot read IP mode file for STMicroelectronics.X-CUBE-BLEMGR.4.0.0
2026-08-09 15:43:11,824 [WARN] PackLoader:240 - Cannot read IP mode file for STMicroelectronics.X-CUBE-ST60.1.1.0
2026-08-09 15:43:11,829 [WARN] PackLoader:240 - Cannot read IP mode file for emotas.I-CUBE-CANOPEN.1.3.0
2026-08-09 15:43:11,831 [ERROR] Engine:466 - C:\Users\German\.stm32cubemx\thirdparties\pdsc\STMicroelectronics.X-CUBE-WBA.1.1.0.pdsc: PDSC version is not supported
2026-08-09 15:43:11,834 [WARN] PackLoader:240 - Cannot read IP mode file for STMicroelectronics.X-CUBE-GNSS1.7.1.0
2026-08-09 15:43:11,839 [WARN] ConditionMgr:438 - getConditionDescription Invalid condition id : Cortex-A Device cause : null
2026-08-09 15:43:11,848 [WARN] ConditionMgr:1044 - genDependencies : Invalid condition id : Cortex-A Device cause : null
2026-08-09 15:43:11,849 [WARN] ConditionMgr:1044 - genDependencies : Invalid condition id : Cortex-A Device cause : null
2026-08-09 15:43:11,849 [WARN] ConditionMgr:1044 - genDependencies : Invalid condition id : Cortex-A Device cause : null
2026-08-09 15:43:11,852 [WARN] PackLoader:240 - Cannot read IP mode file for STMicroelectronics.X-CUBE-AI.10.0.0
2026-08-09 15:43:11,855 [ERROR] Engine:466 - C:\Users\German\.stm32cubemx\thirdparties\pdsc\STMicroelectronics.FP-SNS-STBOX1.2.1.0.pdsc: PDSC version is not supported
2026-08-09 15:43:11,860 [WARN] PackLoader:240 - Cannot read IP mode file for STMicroelectronics.FP-SNS-SMARTAG2.1.2.0
2026-08-09 15:43:11,864 [WARN] PackLoader:240 - Cannot read IP mode file for STMicroelectronics.FP-SNS-FLIGHT1.5.1.0
2026-08-09 15:43:11,894 [WARN] PackLoader:240 - Cannot read IP mode file for STMicroelectronics.X-CUBE-MEMS1.11.1.0
2026-08-09 15:43:12,021 [INFO] LogOutputStream:77 - [STDOUT_REDIRECT] 1 : Invalid condition id : UX_CORESTACK_Condition cause : null
2026-08-09 15:43:12,022 [INFO] LogOutputStream:77 - [STDOUT_REDIRECT] 1 : Invalid condition id : UX_CORESTACK_Condition cause : null
2026-08-09 15:43:12,023 [INFO] LogOutputStream:77 - [STDOUT_REDIRECT] 1 : Invalid condition id : UX_CORESTACK_Condition cause : null
2026-08-09 15:43:12,024 [INFO] LogOutputStream:77 - [STDOUT_REDIRECT] 1 : Invalid condition id : UX_CORESTACK_Condition cause : null
2026-08-09 15:43:12,025 [INFO] LogOutputStream:77 - [STDOUT_REDIRECT] 1 : Invalid condition id : UX_CORESTACK_Condition cause : null
2026-08-09 15:43:12,027 [WARN] PackLoader:240 - Cannot read IP mode file for STMicroelectronics.X-CUBE-AZRTOS-WL.2.0.0
2026-08-09 15:43:12,032 [WARN] PackLoader:240 - Cannot read IP mode file for STMicroelectronics.FP-SNS-MOTENV1.5.0.0
2026-08-09 15:43:12,043 [WARN] PackLoader:240 - Cannot read IP mode file for STMicroelectronics.X-CUBE-AZRTOS-H7RS.1.2.0
2026-08-09 15:43:12,051 [WARN] PackLoader:240 - Cannot read IP mode file for WES.I-CUBE-Cesium.1.3.0
2026-08-09 15:43:12,055 [WARN] PackLoader:240 - Cannot read IP mode file for STMicroelectronics.X-CUBE-BLE2.3.3.0
2026-08-09 15:43:12,068 [WARN] PackLoader:240 - Cannot read IP mode file for STMicroelectronics.X-CUBE-NFC9.1.0.0
2026-08-09 15:43:12,072 [WARN] PackLoader:240 - Cannot read IP mode file for STMicroelectronics.X-CUBE-BLE1.7.1.0
2026-08-09 15:43:12,076 [WARN] PackLoader:240 - Cannot read IP mode file for wolfSSL.I-CUBE-wolfMQTT.1.19.2
2026-08-09 15:43:12,079 [ERROR] Engine:466 - C:\Users\German\.stm32cubemx\thirdparties\pdsc\STMicroelectronics.X-CUBE-FREERTOS.1.4.0.pdsc: PDSC version is not supported
2026-08-09 15:43:12,083 [WARN] PackLoader:240 - Cannot read IP mode file for STMicroelectronics.X-CUBE-EEPRMA1.5.2.0
2026-08-09 15:43:12,086 [ERROR] Engine:466 - C:\Users\German\.stm32cubemx\thirdparties\pdsc\STMicroelectronics.X-CUBE-ST67W61.1.1.0.pdsc: PDSC version is not supported
2026-08-09 15:43:12,088 [WARN] PackLoader:240 - Cannot read IP mode file for STMicroelectronics.X-CUBE-AI.10.1.0
2026-08-09 15:43:12,090 [ERROR] Engine:466 - C:\Users\German\.stm32cubemx\thirdparties\pdsc\STMicroelectronics.FP-SNS-STAIOTCFT.1.1.0.pdsc: PDSC version is not supported
2026-08-09 15:43:12,118 [WARN] PackLoader:240 - Cannot read IP mode file for STMicroelectronics.X-CUBE-MEMS1.12.0.0
2026-08-09 15:43:12,234 [WARN] PackLoader:240 - Cannot read IP mode file for STMicroelectronics.X-CUBE-MEMS1.11.2.0
2026-08-09 15:43:12,326 [WARN] PackLoader:240 - Cannot read IP mode file for STMicroelectronics.X-CUBE-AZRTOS-G0.1.1.0
2026-08-09 15:43:12,332 [WARN] PackLoader:240 - Cannot read IP mode file for STMicroelectronics.X-CUBE-SAFEA1.1.2.2
2026-08-09 15:43:12,335 [WARN] PackLoader:240 - Cannot read IP mode file for STMicroelectronics.X-CUBE-NFC4.3.0.0
2026-08-09 15:43:12,341 [WARN] PackLoader:240 - Cannot read IP mode file for EmbeddedOffice.I-CUBE-FS-RTOS.1.0.1
2026-08-09 15:43:12,345 [WARN] PackLoader:240 - Cannot read IP mode file for STMicroelectronics.X-CUBE-WB05N.2.0.0
2026-08-09 15:43:12,348 [WARN] PackLoader:240 - Cannot read IP mode file for wolfSSL.I-CUBE-wolfTPM.3.8.0
2026-08-09 15:43:12,352 [WARN] PackLoader:240 - Cannot read IP mode file for STMicroelectronics.X-CUBE-TCPP.4.2.0
2026-08-09 15:43:12,357 [WARN] PackLoader:240 - Cannot read IP mode file for RealThread.X-CUBE-RT-Thread_Nano.4.1.1
2026-08-09 15:43:12,361 [WARN] PackLoader:240 - Cannot read IP mode file for STMicroelectronics.FP-ATR-SIGFOX1.3.2.0
2026-08-09 15:43:12,364 [WARN] PackLoader:240 - Cannot read IP mode file for STMicroelectronics.X-CUBE-EEPRMA1.5.1.0
2026-08-09 15:43:12,367 [ERROR] Engine:466 - C:\Users\German\.stm32cubemx\thirdparties\pdsc\STMicroelectronics.X-CUBE-FREERTOS.1.5.0.pdsc: PDSC version is not supported
2026-08-09 15:43:12,369 [WARN] PackLoader:240 - Cannot read IP mode file for wolfSSL.I-CUBE-wolfSSL.5.7.6
2026-08-09 15:43:12,374 [WARN] PackLoader:240 - Cannot read IP mode file for ITTIA_DB.I-CUBE-ITTIADB.8.9.0
2026-08-09 15:43:12,379 [WARN] PackLoader:240 - Cannot read IP mode file for STMicroelectronics.X-CUBE-NFC6.3.2.0
2026-08-09 15:43:12,385 [WARN] PackLoader:240 - Cannot read IP mode file for STMicroelectronics.X-CUBE-ST67W61.1.0.0
2026-08-09 15:43:12,388 [WARN] PackLoader:240 - Cannot read IP mode file for STMicroelectronics.X-CUBE-AI.10.2.1
2026-08-09 15:43:12,390 [WARN] PackLoader:240 - Cannot read IP mode file for STMicroelectronics.X-CUBE-AI.10.2.0
2026-08-09 15:43:12,420 [WARN] PackLoader:240 - Cannot read IP mode file for STMicroelectronics.X-CUBE-MEMS1.12.1.0
2026-08-09 15:43:12,488 [WARN] PackLoader:240 - Cannot read IP mode file for SEGGER.I-CUBE-embOS.1.3.1
2026-08-09 15:43:12,513 [WARN] PackLoader:240 - Cannot read IP mode file for STMicroelectronics.X-CUBE-ALGOBUILD.1.4.0
2026-08-09 15:43:12,542 [WARN] PackLoader:240 - Cannot read IP mode file for STMicroelectronics.X-CUBE-MEMS1.11.3.0
2026-08-09 15:43:12,635 [WARN] PackLoader:240 - Cannot read IP mode file for STMicroelectronics.X-CUBE-NFC13.1.0.0
2026-08-09 15:43:12,640 [WARN] PackLoader:240 - Cannot read IP mode file for STMicroelectronics.X-CUBE-PM33A1.1.0.0
2026-08-09 15:43:12,657 [WARN] PackLoader:240 - Cannot read IP mode file for STMicroelectronics.X-CUBE-AZRTOS-F4.1.1.0
2026-08-09 15:43:12,663 [WARN] PackLoader:240 - Cannot read IP mode file for Avnet-IotConnect.X-CUBE-IoTC-DA16k-PMOD.1.0.0
2026-08-09 15:43:12,667 [WARN] PackLoader:240 - Cannot read IP mode file for STMicroelectronics.X-CUBE-ISPU.2.1.0
2026-08-09 15:43:12,671 [ERROR] Engine:466 - C:\Users\German\.stm32cubemx\thirdparties\pdsc\STMicroelectronics.X-CUBE-IPS.3.2.0.pdsc: PDSC version is not supported
2026-08-09 15:43:12,675 [WARN] PackLoader:240 - Cannot read IP mode file for STMicroelectronics.eDS-WB_DPC_TT-BIDIR.2.1.1
2026-08-09 15:43:12,678 [WARN] PackLoader:240 - Cannot read IP mode file for STMicroelectronics.X-CUBE-NFC12.1.0.0
2026-08-09 15:43:12,691 [WARN] PackLoader:240 - Cannot read IP mode file for STMicroelectronics.X-CUBE-AZRTOS-L5.2.0.0
2026-08-09 15:43:12,696 [WARN] PackLoader:240 - Cannot read IP mode file for STMicroelectronics.X-CUBE-NFC6.3.1.0
2026-08-09 15:43:12,702 [WARN] PackLoader:240 - Cannot read IP mode file for STMicroelectronics.X-CUBE-ALGOBUILD.1.5.0
2026-08-09 15:43:12,707 [WARN] PackLoader:240 - Cannot read IP mode file for STMicroelectronics.X-CUBE-DPower.1.2.0
2026-08-09 15:43:12,711 [WARN] PackLoader:240 - Cannot read IP mode file for STMicroelectronics.eDS-WB_DPC_VIENNA.1.2.0
2026-08-09 15:43:12,737 [WARN] PackLoader:240 - Cannot read IP mode file for STMicroelectronics.X-CUBE-MEMS1.13.0.0
2026-08-09 15:43:12,790 [WARN] PackLoader:240 - Cannot read IP mode file for STMicroelectronics.eDS-WB_DPC_3PH2L-BIDIR.1.1.1
2026-08-09 15:43:12,792 [ERROR] Engine:466 - C:\Users\German\.stm32cubemx\thirdparties\pdsc\STMicroelectronics.X-CUBE-ST67W61.1.3.0.pdsc: PDSC version is not supported
2026-08-09 15:43:12,796 [WARN] PackLoader:240 - Cannot read IP mode file for STMicroelectronics.X-CUBE-FREERTOS.1.3.1
2026-08-09 15:43:12,799 [WARN] PackLoader:240 - Cannot read IP mode file for STMicroelectronics.X-CUBE-FREERTOS.1.3.0
2026-08-09 15:43:12,802 [WARN] PackLoader:240 - Cannot read IP mode file for STMicroelectronics.X-CUBE-NFC7.1.0.1
2026-08-09 15:43:12,806 [WARN] PackLoader:240 - Cannot read IP mode file for STMicroelectronics.X-CUBE-TOUCHGFX.4.26.0
2026-08-09 15:43:12,809 [WARN] PackLoader:240 - Cannot read IP mode file for STMicroelectronics.X-CUBE-TOUCHGFX.4.26.1
2026-08-09 15:43:12,812 [WARN] PackLoader:240 - Cannot read IP mode file for STMicroelectronics.FP-SNS-STAIOTCFT.1.0.0
2026-08-09 15:43:12,815 [WARN] PackLoader:240 - Cannot read IP mode file for STMicroelectronics.X-CUBE-DPower.1.3.0
2026-08-09 15:43:12,822 [WARN] ConditionMgr:438 - getConditionDescription Invalid condition id : LAN8742 Phy interface Condition cause : null
2026-08-09 15:43:12,823 [WARN] PackLoader:240 - Cannot read IP mode file for STMicroelectronics.X-CUBE-AZRTOS-L4.2.0.0
2026-08-09 15:43:12,823 [WARN] ConditionMgr:1044 - genDependencies : Invalid condition id : LAN8742 Phy interface Condition cause : null
2026-08-09 15:43:12,823 [WARN] ConditionMgr:1044 - genDependencies : Invalid condition id : LAN8742 Phy interface Condition cause : null
2026-08-09 15:43:12,824 [WARN] ConditionMgr:1044 - genDependencies : Invalid condition id : LAN8742 Phy interface Condition cause : null
2026-08-09 15:43:12,828 [WARN] PackLoader:240 - Cannot read IP mode file for STMicroelectronics.X-CUBE-SFXS2LP1.4.0.0
2026-08-09 15:43:12,830 [WARN] PackLoader:240 - Cannot read IP mode file for STMicroelectronics.X-CUBE-WB05N.2.1.0
2026-08-09 15:43:12,832 [ERROR] Engine:466 - C:\Users\German\.stm32cubemx\thirdparties\pdsc\STMicroelectronics.X-CUBE-ST67W61.1.2.0.pdsc: PDSC version is not supported
2026-08-09 15:43:12,840 [WARN] PackLoader:240 - Cannot read IP mode file for STMicroelectronics.X-CUBE-AZRTOS-H7.3.3.0
2026-08-09 15:43:12,846 [WARN] PackLoader:240 - Cannot read IP mode file for STMicroelectronics.X-CUBE-BLEMGR.4.1.0
2026-08-09 15:43:12,854 [WARN] ConditionMgr:438 - getConditionDescription Invalid condition id : UX DEVICE CLASS RTOS Condition cause : null
2026-08-09 15:43:12,854 [WARN] ConditionMgr:438 - getConditionDescription Invalid condition id : UX DEVICE CLASS RTOS Condition cause : null
2026-08-09 15:43:12,855 [WARN] PackLoader:240 - Cannot read IP mode file for STMicroelectronics.X-CUBE-AZRTOS-WB.2.0.0
2026-08-09 15:43:12,855 [WARN] ConditionMgr:1044 - genDependencies : Invalid condition id : UX DEVICE CLASS RTOS Condition cause : null
2026-08-09 15:43:12,855 [WARN] ConditionMgr:1044 - genDependencies : Invalid condition id : UX DEVICE CLASS RTOS Condition cause : null
2026-08-09 15:43:12,855 [WARN] ConditionMgr:1044 - genDependencies : Invalid condition id : UX DEVICE CLASS RTOS Condition cause : null
2026-08-09 15:43:12,855 [WARN] ConditionMgr:1044 - genDependencies : Invalid condition id : UX DEVICE CLASS RTOS Condition cause : null
2026-08-09 15:43:12,855 [WARN] ConditionMgr:1044 - genDependencies : Invalid condition id : UX DEVICE CLASS RTOS Condition cause : null
2026-08-09 15:43:12,859 [WARN] PackLoader:240 - Cannot read IP mode file for STMicroelectronics.X-CUBE-GNSS1.7.0.1
2026-08-09 15:43:12,861 [WARN] PackLoader:240 - Cannot read IP mode file for STMicroelectronics.X-CUBE-TOUCHGFX.4.25.0
2026-08-09 15:43:12,865 [WARN] PackLoader:240 - Cannot read IP mode file for STMicroelectronics.FP-SNS-STBOX1.2.0.0
2026-08-09 15:43:12,872 [WARN] PackLoader:240 - Cannot read IP mode file for STMicroelectronics.X-CUBE-STSE01.2.0.0
2026-08-09 15:43:12,878 [WARN] PackLoader:240 - Cannot read IP mode file for STMicroelectronics.X-CUBE-SUBG2.5.0.0
2026-08-09 15:43:12,890 [WARN] PackLoader:240 - Cannot read IP mode file for STMicroelectronics.X-CUBE-AZRTOS-H7RS.1.1.0
2026-08-09 15:43:12,895 [WARN] PackLoader:240 - Cannot read IP mode file for Cesanta.I-CUBE-Mongoose.7.13.0
2026-08-09 15:43:12,903 [WARN] PackLoader:240 - Cannot read IP mode file for STMicroelectronics.X-CUBE-AZRTOS-G4.2.0.0
2026-08-09 15:43:12,906 [WARN] PackLoader:240 - Cannot read IP mode file for wolfSSL.I-CUBE-wolfSSH.1.4.20
2026-08-09 15:43:12,909 [WARN] PackLoader:240 - Cannot read IP mode file for STMicroelectronics.X-CUBE-NFC7.2.0.0
2026-08-09 15:43:12,914 [WARN] PackLoader:240 - Cannot read IP mode file for STMicroelectronics.X-CUBE-IPS.3.1.0
2026-08-09 15:43:12,919 [ERROR] Engine:466 - C:\Users\German\.stm32cubemx\thirdparties\pdsc\STMicroelectronics.X-CUBE-BLEMGR.4.2.0.pdsc: PDSC version is not supported
2026-08-09 15:43:12,922 [WARN] PackLoader:240 - Cannot read IP mode file for STMicroelectronics.X-CUBE-ALS.1.0.2
2026-08-09 15:43:12,926 [WARN] PackLoader:240 - Cannot read IP mode file for STMicroelectronics.X-CUBE-STSE01.1.0.0
2026-08-09 15:43:12,931 [WARN] PackLoader:240 - Cannot read IP mode file for portGmbH.I-Cube-SoM-uGOAL.1.1.0
2026-08-09 15:43:12,938 [WARN] PackLoader:240 - Cannot read IP mode file for STMicroelectronics.X-CUBE-TOF1.3.4.2
2026-08-09 15:43:12,947 [WARN] PackLoader:240 - Cannot read IP mode file for STMicroelectronics.X-CUBE-TOF1.3.4.3
2026-08-09 15:43:12,952 [INFO] ThirdParty:978 - Integrity check success = true
2026-08-09 15:43:12,952 [INFO] IntegrityCheckThread:100 - exiting critical section [integrity check]
2026-08-09 15:43:12,952 [INFO] IntegrityCheckThread:103 - End integrity checks thread
2026-08-09 16:05:48,737 [INFO] WebApp:194 - Connection lost
2026-08-09 16:05:48,877 [INFO] WebApp:191 - Connection restablished
2026-08-09 16:05:56,431 [INFO] WebApp:194 - Connection lost
2026-08-09 16:05:56,547 [INFO] WebApp:191 - Connection restablished
2026-08-09 16:13:47,202 [INFO] WebApp:194 - Connection lost
2026-08-09 16:13:47,331 [INFO] WebApp:191 - Connection restablished
2026-08-09 16:13:55,914 [INFO] WebApp:194 - Connection lost
2026-08-09 16:13:56,011 [INFO] WebApp:191 - Connection restablished
2026-08-09 22:11:14,299 [ERROR] LogOutputStream:75 - [STDERR_REDIRECT] 
