2026-03-29 18:37:41,283 [INFO] Activator:176 - 


2026-03-29 18:37:41,286 [INFO] Activator:177 - !SESSION log4j initialized
2026-03-29 18:37:44,486 [INFO] LogOutputStream:77 - [STDOUT_REDIRECT] 
2026-03-29 18:37:45,453 [INFO] ApplicationProperties:184 - Using Application install path: C:\ST\STM32CubeIDE_1.18.1\STM32CubeIDE\plugins\com.st.stm32cube.common.mx_6.14.1.202504091515
2026-03-29 18:37:45,465 [INFO] DbMcusXml:78 - Set database path to: C:\ST\STM32CubeIDE_1.18.1\STM32CubeIDE\plugins\com.st.stm32cube.common.mx_6.14.1.202504091515\\db\/mcu/
2026-03-29 18:37:45,466 [INFO] ApiDb:274 - Set plugin database path to: C:\ST\STM32CubeIDE_1.18.1\STM32CubeIDE\plugins\com.st.stm32cube.common.mx_6.14.1.202504091515\\db\/plugins/boardmanager/
2026-03-29 18:37:45,466 [WARN] ApiDb:259 - Overriding images path with different value:  => C:\ST\STM32CubeIDE_1.18.1\STM32CubeIDE\plugins\com.st.stm32cube.common.mx_6.14.1.202504091515\\db\/plugins/mcufinder/images/
2026-03-29 18:37:45,471 [INFO] ApiDb:250 - Set database path to: C:\Users\German\.stmcufinder\plugins\mcufinder//mcu/
2026-03-29 18:37:45,472 [INFO] DbMcusAds:125 - Set database path to: C:\Users\German\.stmcufinder\plugins\mcufinder//mcu/
2026-03-29 18:37:45,473 [INFO] CrossReferenceDbSqlite:203 - Set database path to: C:\Users\German\.stmcufinder\plugins\mcufinder//mcu/cs/
2026-03-29 18:37:45,544 [INFO] RulesReader:64 - Compatibility file has been processed (302 Rules)
2026-03-29 18:37:45,593 [INFO] DbMcusXml:78 - Set database path to: C:\ST\STM32CubeIDE_1.18.1\STM32CubeIDE\plugins\com.st.stm32cube.common.mx_6.14.1.202504091515\\db\/mcu/
2026-03-29 18:37:45,593 [INFO] ApiDb:274 - Set plugin database path to: C:\ST\STM32CubeIDE_1.18.1\STM32CubeIDE\plugins\com.st.stm32cube.common.mx_6.14.1.202504091515\\db\/plugins/boardmanager/
2026-03-29 18:37:45,593 [INFO] ApiDb:261 - Set plugin images path to: C:\ST\STM32CubeIDE_1.18.1\STM32CubeIDE\plugins\com.st.stm32cube.common.mx_6.14.1.202504091515\\db\/plugins/mcufinder/images/
2026-03-29 18:37:45,593 [WARN] DbFile:41 - Overriding database path with different value: C:\Users\German\.stmcufinder\plugins\mcufinder/ => C:\Users\German\.stmcufinder\plugins\mcufinder
2026-03-29 18:37:45,594 [INFO] ApiDb:250 - Set database path to: C:\Users\German\.stmcufinder\plugins\mcufinder//mcu/
2026-03-29 18:37:45,594 [WARN] DbFile:41 - Overriding database path with different value: C:\Users\German\.stmcufinder\plugins\mcufinder/ => C:\Users\German\.stmcufinder\plugins\mcufinder
2026-03-29 18:37:45,594 [INFO] DbMcusAds:125 - Set database path to: C:\Users\German\.stmcufinder\plugins\mcufinder//mcu/
2026-03-29 18:37:45,594 [WARN] DbFile:41 - Overriding database path with different value: C:\Users\German\.stmcufinder\plugins\mcufinder/ => C:\Users\German\.stmcufinder\plugins\mcufinder
2026-03-29 18:37:45,594 [WARN] DbFile:41 - Overriding database path with different value: C:\Users\German\.stmcufinder\plugins\mcufinder/ => C:\Users\German\.stmcufinder\plugins\mcufinder
2026-03-29 18:37:45,594 [INFO] CrossReferenceDbSqlite:203 - Set database path to: C:\Users\German\.stmcufinder\plugins\mcufinder//mcu/cs/
2026-03-29 18:37:45,641 [INFO] MainPanel:272 - HeapMemory: 268435456
2026-03-29 18:37:45,711 [INFO] DbMcusXml:78 - Set database path to: C:\ST\STM32CubeIDE_1.18.1\STM32CubeIDE\plugins\com.st.stm32cube.common.mx_6.14.1.202504091515\\db\/mcu/
2026-03-29 18:37:45,711 [INFO] ApiDb:274 - Set plugin database path to: C:\ST\STM32CubeIDE_1.18.1\STM32CubeIDE\plugins\com.st.stm32cube.common.mx_6.14.1.202504091515\\db\/plugins/boardmanager/
2026-03-29 18:37:45,711 [INFO] ApiDb:261 - Set plugin images path to: C:\ST\STM32CubeIDE_1.18.1\STM32CubeIDE\plugins\com.st.stm32cube.common.mx_6.14.1.202504091515\\db\/plugins/mcufinder/images/
2026-03-29 18:37:45,711 [WARN] DbFile:41 - Overriding database path with different value: C:\Users\German\.stmcufinder\plugins\mcufinder/ => C:\Users\German\.stmcufinder\plugins\mcufinder
2026-03-29 18:37:45,711 [INFO] ApiDb:250 - Set database path to: C:\Users\German\.stmcufinder\plugins\mcufinder//mcu/
2026-03-29 18:37:45,711 [WARN] DbFile:41 - Overriding database path with different value: C:\Users\German\.stmcufinder\plugins\mcufinder/ => C:\Users\German\.stmcufinder\plugins\mcufinder
2026-03-29 18:37:45,711 [INFO] DbMcusAds:125 - Set database path to: C:\Users\German\.stmcufinder\plugins\mcufinder//mcu/
2026-03-29 18:37:45,711 [WARN] DbFile:41 - Overriding database path with different value: C:\Users\German\.stmcufinder\plugins\mcufinder/ => C:\Users\German\.stmcufinder\plugins\mcufinder
2026-03-29 18:37:45,711 [WARN] DbFile:41 - Overriding database path with different value: C:\Users\German\.stmcufinder\plugins\mcufinder/ => C:\Users\German\.stmcufinder\plugins\mcufinder
2026-03-29 18:37:45,711 [INFO] CrossReferenceDbSqlite:203 - Set database path to: C:\Users\German\.stmcufinder\plugins\mcufinder//mcu/cs/
2026-03-29 18:37:45,722 [INFO] ApplicationProperties:184 - Using Application install path: C:\ST\STM32CubeIDE_1.18.1\STM32CubeIDE\plugins\com.st.stm32cube.common.mx_6.14.1.202504091515
2026-03-29 18:37:45,723 [INFO] PluginManage:196 - Search for loadable plugins [exclusion list=, ]
2026-03-29 18:37:45,723 [INFO] PluginManage:310 - Check plugin analytics
2026-03-29 18:37:45,845 [INFO] AnalyticsPlugin:253 - Accepted Software Licenses: STM32CubeMX.6.14.1,STM32CubeMX.6.17.0
2026-03-29 18:37:45,845 [INFO] AnalyticsPlugin:255 - Accepted CMSIS Pack Licenses: 
2026-03-29 18:37:45,846 [INFO] AnalyticsPlugin:257 - Accepted Firmware Licenses: FW.WB.1.17.0,FW.WB.1.22.0,FW.L4.1.18.0,FW.WB.1.13.0,FW.WB.1.23.0,FW.WB.1.24.0
2026-03-29 18:37:45,847 [INFO] PluginManage:359 - Loaded plugin analytics (category:tool,tabindex:-1)
2026-03-29 18:37:45,847 [INFO] PluginManage:310 - Check plugin cadmodel
2026-03-29 18:37:45,852 [INFO] CADModel:105 - Init CAD model plugin
2026-03-29 18:37:45,852 [INFO] PluginManage:359 - Loaded plugin cadmodel (category:power,tabindex:5)
2026-03-29 18:37:45,852 [INFO] PluginManage:310 - Check plugin clock
2026-03-29 18:37:45,860 [INFO] PluginManage:359 - Loaded plugin clock (category:base,tabindex:2)
2026-03-29 18:37:45,860 [INFO] PluginManage:310 - Check plugin ddr
2026-03-29 18:37:45,862 [INFO] PluginManage:359 - Loaded plugin ddr (category:tool,tabindex:6)
2026-03-29 18:37:45,862 [INFO] PluginManage:310 - Check plugin filemanager
2026-03-29 18:37:45,953 [INFO] PluginManage:359 - Loaded plugin filemanager (category:base,tabindex:10)
2026-03-29 18:37:45,953 [INFO] PluginManage:310 - Check plugin ipmanager
2026-03-29 18:37:45,957 [INFO] PluginManage:359 - Loaded plugin ipmanager (category:base,tabindex:5)
2026-03-29 18:37:45,957 [INFO] PluginManage:310 - Check plugin lpbam
2026-03-29 18:37:45,963 [INFO] PluginManage:359 - Loaded plugin lpbam (category:base,tabindex:0)
2026-03-29 18:37:45,963 [INFO] PluginManage:310 - Check plugin memorymap
2026-03-29 18:37:45,971 [INFO] PluginManage:359 - Loaded plugin memorymap (category:base,tabindex:4)
2026-03-29 18:37:45,972 [INFO] PluginManage:310 - Check plugin pinoutandconfiguration
2026-03-29 18:37:45,977 [INFO] PluginManage:359 - Loaded plugin pinoutandconfiguration (category:base,tabindex:1)
2026-03-29 18:37:45,977 [INFO] PluginManage:310 - Check plugin pinoutconfig
2026-03-29 18:37:46,033 [WARN] SupportedApi:132 - Cannot load RTOS API schema: s4s-elt-must-match.1: The content of 'definitions' must match (annotation?, (simpleType | complexType)?, (unique | key | keyref)*)). A problem was found starting at: attribute.
2026-03-29 18:37:46,120 [INFO] PluginManage:359 - Loaded plugin pinoutconfig (category:base,tabindex:0)
2026-03-29 18:37:46,120 [INFO] PluginManage:310 - Check plugin power
2026-03-29 18:37:46,128 [INFO] PluginManage:359 - Loaded plugin power (category:power,tabindex:4)
2026-03-29 18:37:46,128 [INFO] PluginManage:310 - Check plugin projectmanager
2026-03-29 18:37:46,139 [INFO] PluginManage:359 - Loaded plugin projectmanager (category:projectmanager,tabindex:4)
2026-03-29 18:37:46,139 [INFO] PluginManage:310 - Check plugin rif
2026-03-29 18:37:46,144 [INFO] PluginManage:359 - Loaded plugin rif (category:base,tabindex:3)
2026-03-29 18:37:46,144 [INFO] PluginManage:310 - Check plugin thirdparty
2026-03-29 18:37:46,228 [WARN] IntegrityCheckThread:84 - waiting for thirdparty lock release [integrity check]
2026-03-29 18:37:46,229 [INFO] PluginManage:359 - Loaded plugin thirdparty (category:base,tabindex:-1)
2026-03-29 18:37:46,229 [INFO] IntegrityCheckThread:86 - entering critical section [integrity check]
2026-03-29 18:37:46,229 [INFO] PluginManage:310 - Check plugin tools
2026-03-29 18:37:46,229 [INFO] ThirdPartyUpdaterWithRetryManager:70 - Updater plugin not ready yet. [1/15]
2026-03-29 18:37:46,230 [INFO] PluginManage:359 - Loaded plugin tools (category:base,tabindex:7)
2026-03-29 18:37:46,231 [INFO] PluginManage:310 - Check plugin tutovideos
2026-03-29 18:37:46,330 [INFO] PluginManage:359 - Loaded plugin tutovideos (category:base,tabindex:-1)
2026-03-29 18:37:46,330 [INFO] PluginManage:310 - Check plugin updater
2026-03-29 18:37:46,346 [INFO] PluginManage:359 - Loaded plugin updater (category:base,tabindex:12)
2026-03-29 18:37:46,346 [INFO] PluginManage:310 - Check plugin userauth
2026-03-29 18:37:46,349 [INFO] UserAuth:118 - Init User Auth plugin
2026-03-29 18:37:46,349 [INFO] PluginManage:359 - Loaded plugin userauth (category:base,tabindex:14)
2026-03-29 18:37:46,349 [INFO] PluginManage:283 - PluginManage : Loaded plugins [18]
2026-03-29 18:37:46,499 [INFO] PinOutPanel:1589 - setPackage(No Configuration,No Configuration)
2026-03-29 18:37:46,544 [INFO] CADModel:165 - CPN selected for project level
2026-03-29 18:37:46,544 [INFO] CADModel:114 - Register for checkConnection events
2026-03-29 18:37:46,554 [INFO] IPUIPlugin:80 - create IPUIPlugin
2026-03-29 18:37:46,554 [INFO] PluginManager:220 - loadIPPluginJar : add adc
2026-03-29 18:37:46,556 [INFO] IPUIPlugin:80 - create IPUIPlugin
2026-03-29 18:37:46,556 [INFO] PluginManager:220 - loadIPPluginJar : add aes
2026-03-29 18:37:46,557 [INFO] IPUIPlugin:80 - create IPUIPlugin
2026-03-29 18:37:46,557 [INFO] PluginManager:220 - loadIPPluginJar : add can
2026-03-29 18:37:46,558 [INFO] IPUIPlugin:80 - create IPUIPlugin
2026-03-29 18:37:46,558 [INFO] PluginManager:220 - loadIPPluginJar : add comp
2026-03-29 18:37:46,560 [INFO] IPUIPlugin:80 - create IPUIPlugin
2026-03-29 18:37:46,560 [INFO] PluginManager:220 - loadIPPluginJar : add cryp
2026-03-29 18:37:46,561 [INFO] IPUIPlugin:80 - create IPUIPlugin
2026-03-29 18:37:46,561 [INFO] PluginManager:220 - loadIPPluginJar : add ddr_ctrl_phy
2026-03-29 18:37:46,563 [INFO] IPUIPlugin:80 - create IPUIPlugin
2026-03-29 18:37:46,563 [INFO] PluginManager:220 - loadIPPluginJar : add dfsdm
2026-03-29 18:37:46,565 [INFO] IPUIPlugin:80 - create IPUIPlugin
2026-03-29 18:37:46,566 [INFO] PluginManager:220 - loadIPPluginJar : add dma
2026-03-29 18:37:46,567 [INFO] IPUIPlugin:80 - create IPUIPlugin
2026-03-29 18:37:46,567 [INFO] PluginManager:220 - loadIPPluginJar : add dma3
2026-03-29 18:37:46,568 [INFO] IPUIPlugin:80 - create IPUIPlugin
2026-03-29 18:37:46,568 [INFO] PluginManager:220 - loadIPPluginJar : add extmemmanager
2026-03-29 18:37:46,569 [INFO] IPUIPlugin:80 - create IPUIPlugin
2026-03-29 18:37:46,569 [INFO] PluginManager:220 - loadIPPluginJar : add fatfs
2026-03-29 18:37:46,571 [INFO] IPUIPlugin:80 - create IPUIPlugin
2026-03-29 18:37:46,571 [INFO] PluginManager:220 - loadIPPluginJar : add fmc
2026-03-29 18:37:46,575 [INFO] IPUIPlugin:80 - create IPUIPlugin
2026-03-29 18:37:46,575 [INFO] PluginManager:220 - loadIPPluginJar : add freertos
2026-03-29 18:37:46,576 [INFO] IPUIPlugin:80 - create IPUIPlugin
2026-03-29 18:37:46,576 [INFO] PluginManager:220 - loadIPPluginJar : add genericplugin
2026-03-29 18:37:46,577 [INFO] IPUIPlugin:80 - create IPUIPlugin
2026-03-29 18:37:46,577 [INFO] PluginManager:220 - loadIPPluginJar : add gfxmmu
2026-03-29 18:37:46,579 [INFO] IPUIPlugin:80 - create IPUIPlugin
2026-03-29 18:37:46,579 [INFO] PluginManager:220 - loadIPPluginJar : add gic
2026-03-29 18:37:46,582 [INFO] IPUIPlugin:80 - create IPUIPlugin
2026-03-29 18:37:46,582 [INFO] PluginManager:220 - loadIPPluginJar : add gpio
2026-03-29 18:37:46,583 [INFO] IPUIPlugin:80 - create IPUIPlugin
2026-03-29 18:37:46,583 [INFO] PluginManager:220 - loadIPPluginJar : add gtzc
2026-03-29 18:37:46,585 [INFO] IPUIPlugin:80 - create IPUIPlugin
2026-03-29 18:37:46,585 [INFO] PluginManager:220 - loadIPPluginJar : add hash
2026-03-29 18:37:46,586 [INFO] IPUIPlugin:80 - create IPUIPlugin
2026-03-29 18:37:46,586 [INFO] PluginManager:220 - loadIPPluginJar : add i2c
2026-03-29 18:37:46,588 [INFO] IPUIPlugin:80 - create IPUIPlugin
2026-03-29 18:37:46,588 [INFO] PluginManager:220 - loadIPPluginJar : add i2s
2026-03-29 18:37:46,589 [INFO] IPUIPlugin:80 - create IPUIPlugin
2026-03-29 18:37:46,589 [INFO] PluginManager:220 - loadIPPluginJar : add i3c
2026-03-29 18:37:46,591 [INFO] IPUIPlugin:80 - create IPUIPlugin
2026-03-29 18:37:46,591 [INFO] PluginManager:220 - loadIPPluginJar : add ipddr
2026-03-29 18:37:46,595 [INFO] IPUIPlugin:80 - create IPUIPlugin
2026-03-29 18:37:46,595 [INFO] PluginManager:220 - loadIPPluginJar : add linkedlist
2026-03-29 18:37:46,596 [INFO] IPUIPlugin:80 - create IPUIPlugin
2026-03-29 18:37:46,596 [INFO] PluginManager:220 - loadIPPluginJar : add lorawan
2026-03-29 18:37:46,597 [INFO] IPUIPlugin:80 - create IPUIPlugin
2026-03-29 18:37:46,597 [INFO] PluginManager:220 - loadIPPluginJar : add ltdc
2026-03-29 18:37:46,600 [INFO] IPUIPlugin:80 - create IPUIPlugin
2026-03-29 18:37:46,600 [INFO] PluginManager:220 - loadIPPluginJar : add mdma
2026-03-29 18:37:46,602 [INFO] IPUIPlugin:80 - create IPUIPlugin
2026-03-29 18:37:46,602 [INFO] PluginManager:220 - loadIPPluginJar : add nvic
2026-03-29 18:37:46,604 [INFO] IPUIPlugin:80 - create IPUIPlugin
2026-03-29 18:37:46,604 [INFO] PluginManager:220 - loadIPPluginJar : add opamp
2026-03-29 18:37:46,606 [INFO] IPUIPlugin:80 - create IPUIPlugin
2026-03-29 18:37:46,606 [INFO] PluginManager:220 - loadIPPluginJar : add openamp
2026-03-29 18:37:46,607 [INFO] IPUIPlugin:80 - create IPUIPlugin
2026-03-29 18:37:46,607 [INFO] PluginManager:220 - loadIPPluginJar : add pdm2pcm
2026-03-29 18:37:46,611 [INFO] IPUIPlugin:80 - create IPUIPlugin
2026-03-29 18:37:46,612 [INFO] PluginManager:220 - loadIPPluginJar : add plateformsettings
2026-03-29 18:37:46,613 [INFO] IPUIPlugin:80 - create IPUIPlugin
2026-03-29 18:37:46,613 [INFO] PluginManager:220 - loadIPPluginJar : add quadspi
2026-03-29 18:37:46,614 [INFO] IPUIPlugin:80 - create IPUIPlugin
2026-03-29 18:37:46,615 [INFO] PluginManager:220 - loadIPPluginJar : add radio
2026-03-29 18:37:46,618 [INFO] IPUIPlugin:80 - create IPUIPlugin
2026-03-29 18:37:46,618 [INFO] PluginManager:220 - loadIPPluginJar : add resmgrutility
2026-03-29 18:37:46,621 [INFO] IPUIPlugin:80 - create IPUIPlugin
2026-03-29 18:37:46,621 [INFO] PluginManager:220 - loadIPPluginJar : add sai
2026-03-29 18:37:46,622 [INFO] IPUIPlugin:80 - create IPUIPlugin
2026-03-29 18:37:46,622 [INFO] PluginManager:220 - loadIPPluginJar : add spi
2026-03-29 18:37:46,627 [INFO] IPUIPlugin:80 - create IPUIPlugin
2026-03-29 18:37:46,628 [INFO] PluginManager:220 - loadIPPluginJar : add stm32_wpan
2026-03-29 18:37:46,630 [INFO] IPUIPlugin:80 - create IPUIPlugin
2026-03-29 18:37:46,630 [INFO] PluginManager:220 - loadIPPluginJar : add tim
2026-03-29 18:37:46,632 [INFO] IPUIPlugin:80 - create IPUIPlugin
2026-03-29 18:37:46,633 [INFO] PluginManager:220 - loadIPPluginJar : add touchsensing
2026-03-29 18:37:46,634 [INFO] IPUIPlugin:80 - create IPUIPlugin
2026-03-29 18:37:46,634 [INFO] PluginManager:220 - loadIPPluginJar : add tracer_emb
2026-03-29 18:37:46,636 [INFO] IPUIPlugin:80 - create IPUIPlugin
2026-03-29 18:37:46,636 [INFO] PluginManager:220 - loadIPPluginJar : add ts
2026-03-29 18:37:46,637 [INFO] IPUIPlugin:80 - create IPUIPlugin
2026-03-29 18:37:46,637 [INFO] PluginManager:220 - loadIPPluginJar : add tsc
2026-03-29 18:37:46,639 [INFO] IPUIPlugin:80 - create IPUIPlugin
2026-03-29 18:37:46,639 [INFO] PluginManager:220 - loadIPPluginJar : add ucpd
2026-03-29 18:37:46,641 [INFO] IPUIPlugin:80 - create IPUIPlugin
2026-03-29 18:37:46,641 [INFO] PluginManager:220 - loadIPPluginJar : add usart
2026-03-29 18:37:46,644 [INFO] IPUIPlugin:80 - create IPUIPlugin
2026-03-29 18:37:46,644 [INFO] PluginManager:220 - loadIPPluginJar : add usbx
2026-03-29 18:37:46,758 [FATAL] Updater:351 - Updater called before beeing initialized
2026-03-29 18:37:46,773 [INFO] RulesReader:64 - Compatibility file has been processed (302 Rules)
2026-03-29 18:37:46,779 [INFO] RulesReader:64 - Compatibility file has been processed (302 Rules)
2026-03-29 18:37:46,784 [INFO] CADModel:165 - CPN selected for project level
2026-03-29 18:37:46,784 [INFO] CADModel:114 - Register for checkConnection events
2026-03-29 18:37:46,784 [FATAL] Updater:351 - Updater called before beeing initialized
2026-03-29 18:37:46,784 [ERROR] CADModel:125 - Updater not yet initialized, retry later 
2026-03-29 18:37:46,887 [FATAL] Updater:351 - Updater called before beeing initialized
2026-03-29 18:37:46,889 [INFO] CADModel:165 - CPN selected for project level
2026-03-29 18:37:46,889 [INFO] CADModel:114 - Register for checkConnection events
2026-03-29 18:37:46,889 [FATAL] Updater:351 - Updater called before beeing initialized
2026-03-29 18:37:46,889 [ERROR] CADModel:125 - Updater not yet initialized, retry later 
2026-03-29 18:37:46,891 [FATAL] Updater:351 - Updater called before beeing initialized
2026-03-29 18:37:46,953 [FATAL] Updater:351 - Updater called before beeing initialized
2026-03-29 18:37:46,955 [INFO] DbMcusAds:53 - JSON generation date=Thu Mar 05 11:32:52 ART 2026 (1772721172890)
2026-03-29 18:37:46,955 [FATAL] Updater:351 - Updater called before beeing initialized
2026-03-29 18:37:46,977 [WARN] DetailPanel:346 - Failed to get advertising image, set to default
2026-03-29 18:37:47,122 [FATAL] Updater:351 - Updater called before beeing initialized
2026-03-29 18:37:47,124 [FATAL] Updater:351 - Updater called before beeing initialized
2026-03-29 18:37:47,124 [FATAL] Updater:351 - Updater called before beeing initialized
2026-03-29 18:37:47,124 [WARN] DetailPanel:346 - Failed to get advertising image, set to default
2026-03-29 18:37:47,125 [FATAL] Updater:351 - Updater called before beeing initialized
2026-03-29 18:37:47,158 [ERROR] Updater:1198 - MainUpdater not yet initialized. External WinMGr cannot be set.
2026-03-29 18:37:47,159 [INFO] Updater:1134 - Updater Version found : 6.14.1
2026-03-29 18:37:47,172 [INFO] ApplicationProperties:184 - Using Application install path: C:\ST\STM32CubeIDE_1.18.1\STM32CubeIDE\plugins\com.st.stm32cube.common.mx_6.14.1.202504091515
2026-03-29 18:37:48,738 [ERROR] LogOutputStream:75 - [STDERR_REDIRECT] Mar 29, 2026 6:37:48 PM java.util.prefs.WindowsPreferences <init>
2026-03-29 18:37:48,739 [ERROR] LogOutputStream:75 - [STDERR_REDIRECT] WARNING: Could not open/create prefs root node Software\JavaSoft\Prefs at root 0xffffffff80000002. Windows RegCreateKeyEx(...) returned error code 5.
2026-03-29 18:37:48,739 [ERROR] LogOutputStream:75 - [STDERR_REDIRECT] 
2026-03-29 18:37:48,913 [INFO] MainUpdater:2872 - connection check result : 10
2026-03-29 18:37:48,913 [INFO] MainUpdater:289 - Updater Check For Update Now.
2026-03-29 18:37:48,913 [INFO] MicroXplorer:498 - Change Database Version : DB.6.0.141
2026-03-29 18:37:48,917 [INFO] McuFinderGlobals:63 - Set McuFinder mode to 2 (CubeIDE integrated)
2026-03-29 18:37:48,917 [INFO] UserAuth:484 - Internet connection configuration mode: 1
2026-03-29 18:37:48,933 [INFO] JxBrowserEngine:152 - Initiate JxBrowser Engine with user profile folder
2026-03-29 18:37:49,080 [INFO] CheckServerUpdateThread:120 - End of CheckServer Thread
2026-03-29 18:37:49,508 [WARN] PackLoader:240 - Cannot read IP mode file for STMicroelectronics.X-CUBE-AZRTOS-H7.3.5.0
2026-03-29 18:37:49,516 [WARN] PackLoader:240 - Cannot read IP mode file for STMicroelectronics.FP-SNS-MOTENVWB1.1.4.0
2026-03-29 18:37:49,520 [WARN] PackLoader:240 - Cannot read IP mode file for STMicroelectronics.FP-ATR-ASTRA1.2.0.2
2026-03-29 18:37:49,528 [WARN] PackLoader:240 - Cannot read IP mode file for STMicroelectronics.X-CUBE-SMBUS.2.1.0
2026-03-29 18:37:49,535 [WARN] PackLoader:240 - Cannot read IP mode file for STMicroelectronics.X-CUBE-WB05N.1.1.0
2026-03-29 18:37:49,540 [WARN] PackLoader:240 - Cannot read IP mode file for STMicroelectronics.X-CUBE-ST60.1.0.0
2026-03-29 18:37:49,552 [WARN] PackLoader:240 - Cannot read IP mode file for STMicroelectronics.X-CUBE-AZRTOS-F7.1.1.0
2026-03-29 18:37:49,557 [ERROR] Engine:466 - C:\Users\German\.stm32cubemx\thirdparties\pdsc\STMicroelectronics.FP-SNS-MOTENV1.5.1.0.pdsc: PDSC version is not supported
2026-03-29 18:37:49,571 [WARN] PackLoader:240 - Cannot read IP mode file for Infineon.AIROC-Wi-Fi-Bluetooth-STM32.1.7.0
2026-03-29 18:37:49,591 [WARN] PackLoader:240 - Cannot read IP mode file for STMicroelectronics.X-CUBE-AZRTOS-H7.3.4.0
2026-03-29 18:37:49,598 [WARN] PackLoader:240 - Cannot read IP mode file for STMicroelectronics.X-CUBE-DISPLAY.3.0.0
2026-03-29 18:37:49,602 [ERROR] Engine:466 - C:\Users\German\.stm32cubemx\thirdparties\pdsc\STMicroelectronics.FP-SNS-MOTENVWB1.1.5.0.pdsc: PDSC version is not supported
2026-03-29 18:37:49,610 [WARN] PackLoader:240 - Cannot read IP mode file for STMicroelectronics.X-CUBE-NFC10.1.0.0
2026-03-29 18:37:49,621 [WARN] PackLoader:240 - Cannot read IP mode file for STMicroelectronics.X-CUBE-BLEMGR.4.0.0
2026-03-29 18:37:49,628 [WARN] PackLoader:240 - Cannot read IP mode file for STMicroelectronics.X-CUBE-ST60.1.1.0
2026-03-29 18:37:49,633 [WARN] PackLoader:240 - Cannot read IP mode file for emotas.I-CUBE-CANOPEN.1.3.0
2026-03-29 18:37:49,638 [WARN] PackLoader:240 - Cannot read IP mode file for STMicroelectronics.X-CUBE-GNSS1.7.1.0
2026-03-29 18:37:49,642 [WARN] ConditionMgr:438 - getConditionDescription Invalid condition id : Cortex-A Device cause : null
2026-03-29 18:37:49,643 [INFO] WebApp:169 - Instantiating new browser for Auth
2026-03-29 18:37:49,651 [WARN] ConditionMgr:1044 - genDependencies : Invalid condition id : Cortex-A Device cause : null
2026-03-29 18:37:49,651 [WARN] ConditionMgr:1044 - genDependencies : Invalid condition id : Cortex-A Device cause : null
2026-03-29 18:37:49,652 [WARN] ConditionMgr:1044 - genDependencies : Invalid condition id : Cortex-A Device cause : null
2026-03-29 18:37:49,670 [WARN] PackLoader:240 - Cannot read IP mode file for STMicroelectronics.X-CUBE-AI.10.0.0
2026-03-29 18:37:49,675 [ERROR] Engine:466 - C:\Users\German\.stm32cubemx\thirdparties\pdsc\STMicroelectronics.FP-SNS-STBOX1.2.1.0.pdsc: PDSC version is not supported
2026-03-29 18:37:49,679 [WARN] PackLoader:240 - Cannot read IP mode file for STMicroelectronics.FP-SNS-SMARTAG2.1.2.0
2026-03-29 18:37:49,684 [WARN] PackLoader:240 - Cannot read IP mode file for STMicroelectronics.FP-SNS-FLIGHT1.5.1.0
2026-03-29 18:37:49,716 [WARN] PackLoader:240 - Cannot read IP mode file for STMicroelectronics.X-CUBE-MEMS1.11.1.0
2026-03-29 18:37:49,791 [INFO] LogOutputStream:77 - [STDOUT_REDIRECT] 1 : Invalid condition id : UX_CORESTACK_Condition cause : null
2026-03-29 18:37:49,792 [INFO] LogOutputStream:77 - [STDOUT_REDIRECT] 1 : Invalid condition id : UX_CORESTACK_Condition cause : null
2026-03-29 18:37:49,793 [INFO] LogOutputStream:77 - [STDOUT_REDIRECT] 1 : Invalid condition id : UX_CORESTACK_Condition cause : null
2026-03-29 18:37:49,794 [INFO] LogOutputStream:77 - [STDOUT_REDIRECT] 1 : Invalid condition id : UX_CORESTACK_Condition cause : null
2026-03-29 18:37:49,795 [INFO] LogOutputStream:77 - [STDOUT_REDIRECT] 1 : Invalid condition id : UX_CORESTACK_Condition cause : null
2026-03-29 18:37:49,796 [WARN] PackLoader:240 - Cannot read IP mode file for STMicroelectronics.X-CUBE-AZRTOS-WL.2.0.0
2026-03-29 18:37:49,799 [WARN] PackLoader:240 - Cannot read IP mode file for STMicroelectronics.FP-SNS-MOTENV1.5.0.0
2026-03-29 18:37:49,807 [WARN] PackLoader:240 - Cannot read IP mode file for STMicroelectronics.X-CUBE-AZRTOS-H7RS.1.2.0
2026-03-29 18:37:49,814 [WARN] PackLoader:240 - Cannot read IP mode file for WES.I-CUBE-Cesium.1.3.0
2026-03-29 18:37:49,817 [WARN] PackLoader:240 - Cannot read IP mode file for STMicroelectronics.X-CUBE-BLE2.3.3.0
2026-03-29 18:37:49,828 [WARN] PackLoader:240 - Cannot read IP mode file for STMicroelectronics.X-CUBE-NFC9.1.0.0
2026-03-29 18:37:49,831 [WARN] PackLoader:240 - Cannot read IP mode file for STMicroelectronics.X-CUBE-BLE1.7.1.0
2026-03-29 18:37:49,833 [WARN] PackLoader:240 - Cannot read IP mode file for wolfSSL.I-CUBE-wolfMQTT.1.19.2
2026-03-29 18:37:49,835 [ERROR] Engine:466 - C:\Users\German\.stm32cubemx\thirdparties\pdsc\STMicroelectronics.X-CUBE-FREERTOS.1.4.0.pdsc: PDSC version is not supported
2026-03-29 18:37:49,838 [WARN] PackLoader:240 - Cannot read IP mode file for STMicroelectronics.X-CUBE-EEPRMA1.5.2.0
2026-03-29 18:37:49,840 [ERROR] Engine:466 - C:\Users\German\.stm32cubemx\thirdparties\pdsc\STMicroelectronics.X-CUBE-ST67W61.1.1.0.pdsc: PDSC version is not supported
2026-03-29 18:37:49,842 [WARN] PackLoader:240 - Cannot read IP mode file for STMicroelectronics.X-CUBE-AI.10.1.0
2026-03-29 18:37:49,865 [WARN] PackLoader:240 - Cannot read IP mode file for STMicroelectronics.X-CUBE-MEMS1.12.0.0
2026-03-29 18:37:49,920 [WARN] PackLoader:240 - Cannot read IP mode file for STMicroelectronics.X-CUBE-MEMS1.11.2.0
2026-03-29 18:37:50,023 [WARN] PackLoader:240 - Cannot read IP mode file for STMicroelectronics.X-CUBE-AZRTOS-G0.1.1.0
2026-03-29 18:37:50,028 [WARN] PackLoader:240 - Cannot read IP mode file for STMicroelectronics.X-CUBE-SAFEA1.1.2.2
2026-03-29 18:37:50,031 [WARN] PackLoader:240 - Cannot read IP mode file for STMicroelectronics.X-CUBE-NFC4.3.0.0
2026-03-29 18:37:50,036 [WARN] PackLoader:240 - Cannot read IP mode file for EmbeddedOffice.I-CUBE-FS-RTOS.1.0.1
2026-03-29 18:37:50,040 [WARN] PackLoader:240 - Cannot read IP mode file for STMicroelectronics.X-CUBE-WB05N.2.0.0
2026-03-29 18:37:50,043 [WARN] PackLoader:240 - Cannot read IP mode file for wolfSSL.I-CUBE-wolfTPM.3.8.0
2026-03-29 18:37:50,046 [WARN] PackLoader:240 - Cannot read IP mode file for STMicroelectronics.X-CUBE-TCPP.4.2.0
2026-03-29 18:37:50,050 [WARN] PackLoader:240 - Cannot read IP mode file for RealThread.X-CUBE-RT-Thread_Nano.4.1.1
2026-03-29 18:37:50,055 [WARN] PackLoader:240 - Cannot read IP mode file for STMicroelectronics.FP-ATR-SIGFOX1.3.2.0
2026-03-29 18:37:50,058 [WARN] PackLoader:240 - Cannot read IP mode file for STMicroelectronics.X-CUBE-EEPRMA1.5.1.0
2026-03-29 18:37:50,060 [ERROR] Engine:466 - C:\Users\German\.stm32cubemx\thirdparties\pdsc\STMicroelectronics.X-CUBE-FREERTOS.1.5.0.pdsc: PDSC version is not supported
2026-03-29 18:37:50,063 [WARN] PackLoader:240 - Cannot read IP mode file for wolfSSL.I-CUBE-wolfSSL.5.7.6
2026-03-29 18:37:50,066 [WARN] PackLoader:240 - Cannot read IP mode file for ITTIA_DB.I-CUBE-ITTIADB.8.9.0
2026-03-29 18:37:50,068 [WARN] PackLoader:240 - Cannot read IP mode file for STMicroelectronics.X-CUBE-NFC6.3.2.0
2026-03-29 18:37:50,074 [WARN] PackLoader:240 - Cannot read IP mode file for STMicroelectronics.X-CUBE-ST67W61.1.0.0
2026-03-29 18:37:50,076 [WARN] PackLoader:240 - Cannot read IP mode file for STMicroelectronics.X-CUBE-AI.10.2.0
2026-03-29 18:37:50,087 [WARN] PackLoader:240 - Cannot read IP mode file for SEGGER.I-CUBE-embOS.1.3.1
2026-03-29 18:37:50,103 [WARN] PackLoader:240 - Cannot read IP mode file for STMicroelectronics.X-CUBE-ALGOBUILD.1.4.0
2026-03-29 18:37:50,124 [WARN] PackLoader:240 - Cannot read IP mode file for STMicroelectronics.X-CUBE-MEMS1.11.3.0
2026-03-29 18:37:50,190 [WARN] PackLoader:240 - Cannot read IP mode file for STMicroelectronics.X-CUBE-PM33A1.1.0.0
2026-03-29 18:37:50,197 [WARN] PackLoader:240 - Cannot read IP mode file for STMicroelectronics.X-CUBE-AZRTOS-F4.1.1.0
2026-03-29 18:37:50,200 [WARN] PackLoader:240 - Cannot read IP mode file for Avnet-IotConnect.X-CUBE-IoTC-DA16k-PMOD.1.0.0
2026-03-29 18:37:50,202 [WARN] PackLoader:240 - Cannot read IP mode file for STMicroelectronics.X-CUBE-ISPU.2.1.0
2026-03-29 18:37:50,204 [ERROR] Engine:466 - C:\Users\German\.stm32cubemx\thirdparties\pdsc\STMicroelectronics.X-CUBE-IPS.3.2.0.pdsc: PDSC version is not supported
2026-03-29 18:37:50,207 [WARN] PackLoader:240 - Cannot read IP mode file for STMicroelectronics.X-CUBE-NFC12.1.0.0
2026-03-29 18:37:50,213 [WARN] PackLoader:240 - Cannot read IP mode file for STMicroelectronics.X-CUBE-AZRTOS-L5.2.0.0
2026-03-29 18:37:50,218 [WARN] PackLoader:240 - Cannot read IP mode file for STMicroelectronics.X-CUBE-NFC6.3.1.0
2026-03-29 18:37:50,221 [WARN] PackLoader:240 - Cannot read IP mode file for STMicroelectronics.X-CUBE-DPower.1.2.0
2026-03-29 18:37:50,223 [WARN] PackLoader:240 - Cannot read IP mode file for STMicroelectronics.X-CUBE-FREERTOS.1.3.1
2026-03-29 18:37:50,226 [WARN] PackLoader:240 - Cannot read IP mode file for STMicroelectronics.X-CUBE-FREERTOS.1.3.0
2026-03-29 18:37:50,228 [WARN] PackLoader:240 - Cannot read IP mode file for STMicroelectronics.X-CUBE-NFC7.1.0.1
2026-03-29 18:37:50,232 [WARN] PackLoader:240 - Cannot read IP mode file for STMicroelectronics.X-CUBE-TOUCHGFX.4.26.0
2026-03-29 18:37:50,234 [WARN] PackLoader:240 - Cannot read IP mode file for STMicroelectronics.X-CUBE-TOUCHGFX.4.26.1
2026-03-29 18:37:50,236 [WARN] PackLoader:240 - Cannot read IP mode file for STMicroelectronics.FP-SNS-STAIOTCFT.1.0.0
2026-03-29 18:37:50,238 [WARN] PackLoader:240 - Cannot read IP mode file for STMicroelectronics.X-CUBE-DPower.1.3.0
2026-03-29 18:37:50,243 [WARN] ConditionMgr:438 - getConditionDescription Invalid condition id : LAN8742 Phy interface Condition cause : null
2026-03-29 18:37:50,244 [WARN] PackLoader:240 - Cannot read IP mode file for STMicroelectronics.X-CUBE-AZRTOS-L4.2.0.0
2026-03-29 18:37:50,244 [WARN] ConditionMgr:1044 - genDependencies : Invalid condition id : LAN8742 Phy interface Condition cause : null
2026-03-29 18:37:50,244 [WARN] ConditionMgr:1044 - genDependencies : Invalid condition id : LAN8742 Phy interface Condition cause : null
2026-03-29 18:37:50,244 [WARN] ConditionMgr:1044 - genDependencies : Invalid condition id : LAN8742 Phy interface Condition cause : null
2026-03-29 18:37:50,248 [WARN] PackLoader:240 - Cannot read IP mode file for STMicroelectronics.X-CUBE-SFXS2LP1.4.0.0
2026-03-29 18:37:50,250 [ERROR] Engine:466 - C:\Users\German\.stm32cubemx\thirdparties\pdsc\STMicroelectronics.X-CUBE-ST67W61.1.2.0.pdsc: PDSC version is not supported
2026-03-29 18:37:50,256 [WARN] PackLoader:240 - Cannot read IP mode file for STMicroelectronics.X-CUBE-AZRTOS-H7.3.3.0
2026-03-29 18:37:50,261 [WARN] PackLoader:240 - Cannot read IP mode file for STMicroelectronics.X-CUBE-BLEMGR.4.1.0
2026-03-29 18:37:50,267 [WARN] ConditionMgr:438 - getConditionDescription Invalid condition id : UX DEVICE CLASS RTOS Condition cause : null
2026-03-29 18:37:50,267 [WARN] ConditionMgr:438 - getConditionDescription Invalid condition id : UX DEVICE CLASS RTOS Condition cause : null
2026-03-29 18:37:50,268 [WARN] PackLoader:240 - Cannot read IP mode file for STMicroelectronics.X-CUBE-AZRTOS-WB.2.0.0
2026-03-29 18:37:50,268 [WARN] ConditionMgr:1044 - genDependencies : Invalid condition id : UX DEVICE CLASS RTOS Condition cause : null
2026-03-29 18:37:50,268 [WARN] ConditionMgr:1044 - genDependencies : Invalid condition id : UX DEVICE CLASS RTOS Condition cause : null
2026-03-29 18:37:50,268 [WARN] ConditionMgr:1044 - genDependencies : Invalid condition id : UX DEVICE CLASS RTOS Condition cause : null
2026-03-29 18:37:50,268 [WARN] ConditionMgr:1044 - genDependencies : Invalid condition id : UX DEVICE CLASS RTOS Condition cause : null
2026-03-29 18:37:50,268 [WARN] ConditionMgr:1044 - genDependencies : Invalid condition id : UX DEVICE CLASS RTOS Condition cause : null
2026-03-29 18:37:50,271 [WARN] PackLoader:240 - Cannot read IP mode file for STMicroelectronics.X-CUBE-GNSS1.7.0.1
2026-03-29 18:37:50,273 [WARN] PackLoader:240 - Cannot read IP mode file for STMicroelectronics.X-CUBE-TOUCHGFX.4.25.0
2026-03-29 18:37:50,276 [WARN] PackLoader:240 - Cannot read IP mode file for STMicroelectronics.FP-SNS-STBOX1.2.0.0
2026-03-29 18:37:50,284 [WARN] PackLoader:240 - Cannot read IP mode file for STMicroelectronics.X-CUBE-STSE01.2.0.0
2026-03-29 18:37:50,293 [WARN] PackLoader:240 - Cannot read IP mode file for STMicroelectronics.X-CUBE-SUBG2.5.0.0
2026-03-29 18:37:50,309 [WARN] PackLoader:240 - Cannot read IP mode file for STMicroelectronics.X-CUBE-AZRTOS-H7RS.1.1.0
2026-03-29 18:37:50,313 [WARN] PackLoader:240 - Cannot read IP mode file for Cesanta.I-CUBE-Mongoose.7.13.0
2026-03-29 18:37:50,326 [WARN] PackLoader:240 - Cannot read IP mode file for STMicroelectronics.X-CUBE-AZRTOS-G4.2.0.0
2026-03-29 18:37:50,332 [WARN] PackLoader:240 - Cannot read IP mode file for wolfSSL.I-CUBE-wolfSSH.1.4.20
2026-03-29 18:37:50,343 [WARN] PackLoader:240 - Cannot read IP mode file for STMicroelectronics.X-CUBE-NFC7.2.0.0
2026-03-29 18:37:50,352 [WARN] PackLoader:240 - Cannot read IP mode file for STMicroelectronics.X-CUBE-IPS.3.1.0
2026-03-29 18:37:50,365 [WARN] PackLoader:240 - Cannot read IP mode file for STMicroelectronics.X-CUBE-ALS.1.0.2
2026-03-29 18:37:50,370 [WARN] PackLoader:240 - Cannot read IP mode file for STMicroelectronics.X-CUBE-STSE01.1.0.0
2026-03-29 18:37:50,376 [WARN] PackLoader:240 - Cannot read IP mode file for portGmbH.I-Cube-SoM-uGOAL.1.1.0
2026-03-29 18:37:50,384 [WARN] PackLoader:240 - Cannot read IP mode file for STMicroelectronics.X-CUBE-TOF1.3.4.2
2026-03-29 18:37:50,396 [WARN] PackLoader:240 - Cannot read IP mode file for STMicroelectronics.X-CUBE-TOF1.3.4.3
2026-03-29 18:37:50,403 [INFO] ThirdParty:978 - Integrity check success = true
2026-03-29 18:37:50,403 [INFO] IntegrityCheckThread:100 - exiting critical section [integrity check]
2026-03-29 18:37:50,403 [INFO] IntegrityCheckThread:103 - End integrity checks thread
2026-03-29 18:37:50,439 [INFO] WebApp:463 - Apply proxy settings
2026-03-29 18:37:50,439 [INFO] WebApp:548 - Chromium requires no authentication
2026-03-29 18:37:50,447 [INFO] WebApp:491 - Direct internet connection detected
2026-03-29 18:37:50,464 [INFO] WebApp:894 - Register for checkConnection events
2026-03-29 18:37:50,464 [INFO] WebApp:463 - Apply proxy settings
2026-03-29 18:37:50,464 [INFO] WebApp:548 - Chromium requires no authentication
2026-03-29 18:37:50,465 [INFO] WebApp:491 - Direct internet connection detected
2026-03-29 18:37:50,568 [INFO] WebApp:225 - Starting web application
2026-03-29 18:37:50,568 [INFO] WebApp:593 - Web application path used C:\ST\STM32CubeIDE_1.18.1\STM32CubeIDE\plugins\com.st.stm32cube.common.mx_6.14.1.202504091515\db\plugins\mcufinder\reactClient1\index.html
2026-03-29 18:37:50,638 [INFO] WebApp:191 - Connection restablished
2026-03-29 18:37:50,728 [INFO] UserAuth:484 - Internet connection configuration mode: 1
2026-03-29 21:16:59,524 [ERROR] LogOutputStream:75 - [STDERR_REDIRECT] 
2026-03-29 21:16:59,524 [ERROR] LogOutputStream:75 - [STDERR_REDIRECT] 
