2026-08-10 20:11:58,266 [INFO] Activator:176 - 


2026-08-10 20:11:58,266 [INFO] Activator:177 - !SESSION log4j initialized
2026-08-10 20:12:02,002 [INFO] LogOutputStream:77 - [STDOUT_REDIRECT] 
2026-08-10 20:12:03,004 [INFO] ApplicationProperties:184 - Using Application install path: C:\ST\STM32CubeIDE_1.18.1\STM32CubeIDE\plugins\com.st.stm32cube.common.mx_6.14.1.202504091515
2026-08-10 20:12:03,019 [INFO] DbMcusXml:78 - Set database path to: C:\ST\STM32CubeIDE_1.18.1\STM32CubeIDE\plugins\com.st.stm32cube.common.mx_6.14.1.202504091515\\db\/mcu/
2026-08-10 20:12:03,019 [INFO] ApiDb:274 - Set plugin database path to: C:\ST\STM32CubeIDE_1.18.1\STM32CubeIDE\plugins\com.st.stm32cube.common.mx_6.14.1.202504091515\\db\/plugins/boardmanager/
2026-08-10 20:12:03,019 [WARN] ApiDb:259 - Overriding images path with different value:  => C:\ST\STM32CubeIDE_1.18.1\STM32CubeIDE\plugins\com.st.stm32cube.common.mx_6.14.1.202504091515\\db\/plugins/mcufinder/images/
2026-08-10 20:12:03,026 [INFO] ApiDb:250 - Set database path to: C:\Users\German\.stmcufinder\plugins\mcufinder//mcu/
2026-08-10 20:12:03,027 [INFO] DbMcusAds:125 - Set database path to: C:\Users\German\.stmcufinder\plugins\mcufinder//mcu/
2026-08-10 20:12:03,028 [INFO] CrossReferenceDbSqlite:203 - Set database path to: C:\Users\German\.stmcufinder\plugins\mcufinder//mcu/cs/
2026-08-10 20:12:03,100 [INFO] RulesReader:64 - Compatibility file has been processed (302 Rules)
2026-08-10 20:12:03,151 [INFO] DbMcusXml:78 - Set database path to: C:\ST\STM32CubeIDE_1.18.1\STM32CubeIDE\plugins\com.st.stm32cube.common.mx_6.14.1.202504091515\\db\/mcu/
2026-08-10 20:12:03,151 [INFO] ApiDb:274 - Set plugin database path to: C:\ST\STM32CubeIDE_1.18.1\STM32CubeIDE\plugins\com.st.stm32cube.common.mx_6.14.1.202504091515\\db\/plugins/boardmanager/
2026-08-10 20:12:03,151 [INFO] ApiDb:261 - Set plugin images path to: C:\ST\STM32CubeIDE_1.18.1\STM32CubeIDE\plugins\com.st.stm32cube.common.mx_6.14.1.202504091515\\db\/plugins/mcufinder/images/
2026-08-10 20:12:03,152 [WARN] DbFile:41 - Overriding database path with different value: C:\Users\German\.stmcufinder\plugins\mcufinder/ => C:\Users\German\.stmcufinder\plugins\mcufinder
2026-08-10 20:12:03,152 [INFO] ApiDb:250 - Set database path to: C:\Users\German\.stmcufinder\plugins\mcufinder//mcu/
2026-08-10 20:12:03,152 [WARN] DbFile:41 - Overriding database path with different value: C:\Users\German\.stmcufinder\plugins\mcufinder/ => C:\Users\German\.stmcufinder\plugins\mcufinder
2026-08-10 20:12:03,152 [INFO] DbMcusAds:125 - Set database path to: C:\Users\German\.stmcufinder\plugins\mcufinder//mcu/
2026-08-10 20:12:03,152 [WARN] DbFile:41 - Overriding database path with different value: C:\Users\German\.stmcufinder\plugins\mcufinder/ => C:\Users\German\.stmcufinder\plugins\mcufinder
2026-08-10 20:12:03,152 [WARN] DbFile:41 - Overriding database path with different value: C:\Users\German\.stmcufinder\plugins\mcufinder/ => C:\Users\German\.stmcufinder\plugins\mcufinder
2026-08-10 20:12:03,152 [INFO] CrossReferenceDbSqlite:203 - Set database path to: C:\Users\German\.stmcufinder\plugins\mcufinder//mcu/cs/
2026-08-10 20:12:03,199 [INFO] MainPanel:272 - HeapMemory: 268435456
2026-08-10 20:12:03,267 [INFO] DbMcusXml:78 - Set database path to: C:\ST\STM32CubeIDE_1.18.1\STM32CubeIDE\plugins\com.st.stm32cube.common.mx_6.14.1.202504091515\\db\/mcu/
2026-08-10 20:12:03,267 [INFO] ApiDb:274 - Set plugin database path to: C:\ST\STM32CubeIDE_1.18.1\STM32CubeIDE\plugins\com.st.stm32cube.common.mx_6.14.1.202504091515\\db\/plugins/boardmanager/
2026-08-10 20:12:03,267 [INFO] ApiDb:261 - Set plugin images path to: C:\ST\STM32CubeIDE_1.18.1\STM32CubeIDE\plugins\com.st.stm32cube.common.mx_6.14.1.202504091515\\db\/plugins/mcufinder/images/
2026-08-10 20:12:03,268 [WARN] DbFile:41 - Overriding database path with different value: C:\Users\German\.stmcufinder\plugins\mcufinder/ => C:\Users\German\.stmcufinder\plugins\mcufinder
2026-08-10 20:12:03,268 [INFO] ApiDb:250 - Set database path to: C:\Users\German\.stmcufinder\plugins\mcufinder//mcu/
2026-08-10 20:12:03,268 [WARN] DbFile:41 - Overriding database path with different value: C:\Users\German\.stmcufinder\plugins\mcufinder/ => C:\Users\German\.stmcufinder\plugins\mcufinder
2026-08-10 20:12:03,268 [INFO] DbMcusAds:125 - Set database path to: C:\Users\German\.stmcufinder\plugins\mcufinder//mcu/
2026-08-10 20:12:03,268 [WARN] DbFile:41 - Overriding database path with different value: C:\Users\German\.stmcufinder\plugins\mcufinder/ => C:\Users\German\.stmcufinder\plugins\mcufinder
2026-08-10 20:12:03,268 [WARN] DbFile:41 - Overriding database path with different value: C:\Users\German\.stmcufinder\plugins\mcufinder/ => C:\Users\German\.stmcufinder\plugins\mcufinder
2026-08-10 20:12:03,268 [INFO] CrossReferenceDbSqlite:203 - Set database path to: C:\Users\German\.stmcufinder\plugins\mcufinder//mcu/cs/
2026-08-10 20:12:03,279 [INFO] ApplicationProperties:184 - Using Application install path: C:\ST\STM32CubeIDE_1.18.1\STM32CubeIDE\plugins\com.st.stm32cube.common.mx_6.14.1.202504091515
2026-08-10 20:12:03,279 [INFO] PluginManage:196 - Search for loadable plugins [exclusion list=, ]
2026-08-10 20:12:03,280 [INFO] PluginManage:310 - Check plugin analytics
2026-08-10 20:12:03,412 [INFO] AnalyticsPlugin:253 - Accepted Software Licenses: STM32CubeMX.6.14.1,STM32CubeMX.6.17.0
2026-08-10 20:12:03,412 [INFO] AnalyticsPlugin:255 - Accepted CMSIS Pack Licenses: 
2026-08-10 20:12:03,412 [INFO] AnalyticsPlugin:257 - Accepted Firmware Licenses: FW.WB.1.17.0,FW.WB.1.22.0,FW.L4.1.18.0,FW.WB.1.13.0,FW.WB.1.23.0,FW.WB.1.24.0
2026-08-10 20:12:03,413 [INFO] PluginManage:359 - Loaded plugin analytics (category:tool,tabindex:-1)
2026-08-10 20:12:03,414 [INFO] PluginManage:310 - Check plugin cadmodel
2026-08-10 20:12:03,418 [INFO] CADModel:105 - Init CAD model plugin
2026-08-10 20:12:03,418 [INFO] PluginManage:359 - Loaded plugin cadmodel (category:power,tabindex:5)
2026-08-10 20:12:03,418 [INFO] PluginManage:310 - Check plugin clock
2026-08-10 20:12:03,428 [INFO] PluginManage:359 - Loaded plugin clock (category:base,tabindex:2)
2026-08-10 20:12:03,428 [INFO] PluginManage:310 - Check plugin ddr
2026-08-10 20:12:03,431 [INFO] PluginManage:359 - Loaded plugin ddr (category:tool,tabindex:6)
2026-08-10 20:12:03,431 [INFO] PluginManage:310 - Check plugin filemanager
2026-08-10 20:12:03,529 [INFO] PluginManage:359 - Loaded plugin filemanager (category:base,tabindex:10)
2026-08-10 20:12:03,529 [INFO] PluginManage:310 - Check plugin ipmanager
2026-08-10 20:12:03,533 [INFO] PluginManage:359 - Loaded plugin ipmanager (category:base,tabindex:5)
2026-08-10 20:12:03,533 [INFO] PluginManage:310 - Check plugin lpbam
2026-08-10 20:12:03,539 [INFO] PluginManage:359 - Loaded plugin lpbam (category:base,tabindex:0)
2026-08-10 20:12:03,539 [INFO] PluginManage:310 - Check plugin memorymap
2026-08-10 20:12:03,549 [INFO] PluginManage:359 - Loaded plugin memorymap (category:base,tabindex:4)
2026-08-10 20:12:03,550 [INFO] PluginManage:310 - Check plugin pinoutandconfiguration
2026-08-10 20:12:03,556 [INFO] PluginManage:359 - Loaded plugin pinoutandconfiguration (category:base,tabindex:1)
2026-08-10 20:12:03,556 [INFO] PluginManage:310 - Check plugin pinoutconfig
2026-08-10 20:12:03,627 [WARN] SupportedApi:132 - Cannot load RTOS API schema: s4s-elt-must-match.1: The content of 'definitions' must match (annotation?, (simpleType | complexType)?, (unique | key | keyref)*)). A problem was found starting at: attribute.
2026-08-10 20:12:03,711 [INFO] PluginManage:359 - Loaded plugin pinoutconfig (category:base,tabindex:0)
2026-08-10 20:12:03,711 [INFO] PluginManage:310 - Check plugin power
2026-08-10 20:12:03,718 [INFO] PluginManage:359 - Loaded plugin power (category:power,tabindex:4)
2026-08-10 20:12:03,719 [INFO] PluginManage:310 - Check plugin projectmanager
2026-08-10 20:12:03,729 [INFO] PluginManage:359 - Loaded plugin projectmanager (category:projectmanager,tabindex:4)
2026-08-10 20:12:03,729 [INFO] PluginManage:310 - Check plugin rif
2026-08-10 20:12:03,734 [INFO] PluginManage:359 - Loaded plugin rif (category:base,tabindex:3)
2026-08-10 20:12:03,734 [INFO] PluginManage:310 - Check plugin thirdparty
2026-08-10 20:12:03,834 [INFO] PluginManage:359 - Loaded plugin thirdparty (category:base,tabindex:-1)
2026-08-10 20:12:03,835 [INFO] PluginManage:310 - Check plugin tools
2026-08-10 20:12:03,834 [WARN] IntegrityCheckThread:84 - waiting for thirdparty lock release [integrity check]
2026-08-10 20:12:03,835 [INFO] IntegrityCheckThread:86 - entering critical section [integrity check]
2026-08-10 20:12:03,835 [INFO] ThirdPartyUpdaterWithRetryManager:70 - Updater plugin not ready yet. [1/15]
2026-08-10 20:12:03,837 [INFO] PluginManage:359 - Loaded plugin tools (category:base,tabindex:7)
2026-08-10 20:12:03,838 [INFO] PluginManage:310 - Check plugin tutovideos
2026-08-10 20:12:03,943 [INFO] PluginManage:359 - Loaded plugin tutovideos (category:base,tabindex:-1)
2026-08-10 20:12:03,943 [INFO] PluginManage:310 - Check plugin updater
2026-08-10 20:12:03,960 [INFO] PluginManage:359 - Loaded plugin updater (category:base,tabindex:12)
2026-08-10 20:12:03,960 [INFO] PluginManage:310 - Check plugin userauth
2026-08-10 20:12:03,963 [INFO] UserAuth:118 - Init User Auth plugin
2026-08-10 20:12:03,964 [INFO] PluginManage:359 - Loaded plugin userauth (category:base,tabindex:14)
2026-08-10 20:12:03,964 [INFO] PluginManage:283 - PluginManage : Loaded plugins [18]
2026-08-10 20:12:04,099 [INFO] PinOutPanel:1589 - setPackage(No Configuration,No Configuration)
2026-08-10 20:12:04,149 [INFO] CADModel:165 - CPN selected for project level
2026-08-10 20:12:04,150 [INFO] CADModel:114 - Register for checkConnection events
2026-08-10 20:12:04,164 [INFO] IPUIPlugin:80 - create IPUIPlugin
2026-08-10 20:12:04,164 [INFO] PluginManager:220 - loadIPPluginJar : add adc
2026-08-10 20:12:04,167 [INFO] IPUIPlugin:80 - create IPUIPlugin
2026-08-10 20:12:04,167 [INFO] PluginManager:220 - loadIPPluginJar : add aes
2026-08-10 20:12:04,169 [INFO] IPUIPlugin:80 - create IPUIPlugin
2026-08-10 20:12:04,169 [INFO] PluginManager:220 - loadIPPluginJar : add can
2026-08-10 20:12:04,171 [INFO] IPUIPlugin:80 - create IPUIPlugin
2026-08-10 20:12:04,171 [INFO] PluginManager:220 - loadIPPluginJar : add comp
2026-08-10 20:12:04,173 [INFO] IPUIPlugin:80 - create IPUIPlugin
2026-08-10 20:12:04,173 [INFO] PluginManager:220 - loadIPPluginJar : add cryp
2026-08-10 20:12:04,175 [INFO] IPUIPlugin:80 - create IPUIPlugin
2026-08-10 20:12:04,175 [INFO] PluginManager:220 - loadIPPluginJar : add ddr_ctrl_phy
2026-08-10 20:12:04,178 [INFO] IPUIPlugin:80 - create IPUIPlugin
2026-08-10 20:12:04,178 [INFO] PluginManager:220 - loadIPPluginJar : add dfsdm
2026-08-10 20:12:04,181 [INFO] IPUIPlugin:80 - create IPUIPlugin
2026-08-10 20:12:04,182 [INFO] PluginManager:220 - loadIPPluginJar : add dma
2026-08-10 20:12:04,183 [INFO] IPUIPlugin:80 - create IPUIPlugin
2026-08-10 20:12:04,183 [INFO] PluginManager:220 - loadIPPluginJar : add dma3
2026-08-10 20:12:04,185 [INFO] IPUIPlugin:80 - create IPUIPlugin
2026-08-10 20:12:04,185 [INFO] PluginManager:220 - loadIPPluginJar : add extmemmanager
2026-08-10 20:12:04,186 [INFO] IPUIPlugin:80 - create IPUIPlugin
2026-08-10 20:12:04,187 [INFO] PluginManager:220 - loadIPPluginJar : add fatfs
2026-08-10 20:12:04,190 [INFO] IPUIPlugin:80 - create IPUIPlugin
2026-08-10 20:12:04,190 [INFO] PluginManager:220 - loadIPPluginJar : add fmc
2026-08-10 20:12:04,194 [INFO] IPUIPlugin:80 - create IPUIPlugin
2026-08-10 20:12:04,194 [INFO] PluginManager:220 - loadIPPluginJar : add freertos
2026-08-10 20:12:04,195 [INFO] IPUIPlugin:80 - create IPUIPlugin
2026-08-10 20:12:04,195 [INFO] PluginManager:220 - loadIPPluginJar : add genericplugin
2026-08-10 20:12:04,196 [INFO] IPUIPlugin:80 - create IPUIPlugin
2026-08-10 20:12:04,196 [INFO] PluginManager:220 - loadIPPluginJar : add gfxmmu
2026-08-10 20:12:04,199 [INFO] IPUIPlugin:80 - create IPUIPlugin
2026-08-10 20:12:04,199 [INFO] PluginManager:220 - loadIPPluginJar : add gic
2026-08-10 20:12:04,201 [INFO] IPUIPlugin:80 - create IPUIPlugin
2026-08-10 20:12:04,201 [INFO] PluginManager:220 - loadIPPluginJar : add gpio
2026-08-10 20:12:04,203 [INFO] IPUIPlugin:80 - create IPUIPlugin
2026-08-10 20:12:04,203 [INFO] PluginManager:220 - loadIPPluginJar : add gtzc
2026-08-10 20:12:04,204 [INFO] IPUIPlugin:80 - create IPUIPlugin
2026-08-10 20:12:04,205 [INFO] PluginManager:220 - loadIPPluginJar : add hash
2026-08-10 20:12:04,206 [INFO] IPUIPlugin:80 - create IPUIPlugin
2026-08-10 20:12:04,206 [INFO] PluginManager:220 - loadIPPluginJar : add i2c
2026-08-10 20:12:04,207 [INFO] IPUIPlugin:80 - create IPUIPlugin
2026-08-10 20:12:04,207 [INFO] PluginManager:220 - loadIPPluginJar : add i2s
2026-08-10 20:12:04,209 [INFO] IPUIPlugin:80 - create IPUIPlugin
2026-08-10 20:12:04,209 [INFO] PluginManager:220 - loadIPPluginJar : add i3c
2026-08-10 20:12:04,211 [INFO] IPUIPlugin:80 - create IPUIPlugin
2026-08-10 20:12:04,211 [INFO] PluginManager:220 - loadIPPluginJar : add ipddr
2026-08-10 20:12:04,215 [INFO] IPUIPlugin:80 - create IPUIPlugin
2026-08-10 20:12:04,215 [INFO] PluginManager:220 - loadIPPluginJar : add linkedlist
2026-08-10 20:12:04,217 [INFO] IPUIPlugin:80 - create IPUIPlugin
2026-08-10 20:12:04,217 [INFO] PluginManager:220 - loadIPPluginJar : add lorawan
2026-08-10 20:12:04,218 [INFO] IPUIPlugin:80 - create IPUIPlugin
2026-08-10 20:12:04,218 [INFO] PluginManager:220 - loadIPPluginJar : add ltdc
2026-08-10 20:12:04,221 [INFO] IPUIPlugin:80 - create IPUIPlugin
2026-08-10 20:12:04,221 [INFO] PluginManager:220 - loadIPPluginJar : add mdma
2026-08-10 20:12:04,223 [INFO] IPUIPlugin:80 - create IPUIPlugin
2026-08-10 20:12:04,224 [INFO] PluginManager:220 - loadIPPluginJar : add nvic
2026-08-10 20:12:04,226 [INFO] IPUIPlugin:80 - create IPUIPlugin
2026-08-10 20:12:04,226 [INFO] PluginManager:220 - loadIPPluginJar : add opamp
2026-08-10 20:12:04,228 [INFO] IPUIPlugin:80 - create IPUIPlugin
2026-08-10 20:12:04,228 [INFO] PluginManager:220 - loadIPPluginJar : add openamp
2026-08-10 20:12:04,230 [INFO] IPUIPlugin:80 - create IPUIPlugin
2026-08-10 20:12:04,230 [INFO] PluginManager:220 - loadIPPluginJar : add pdm2pcm
2026-08-10 20:12:04,234 [INFO] IPUIPlugin:80 - create IPUIPlugin
2026-08-10 20:12:04,236 [INFO] PluginManager:220 - loadIPPluginJar : add plateformsettings
2026-08-10 20:12:04,237 [INFO] IPUIPlugin:80 - create IPUIPlugin
2026-08-10 20:12:04,237 [INFO] PluginManager:220 - loadIPPluginJar : add quadspi
2026-08-10 20:12:04,238 [INFO] IPUIPlugin:80 - create IPUIPlugin
2026-08-10 20:12:04,239 [INFO] PluginManager:220 - loadIPPluginJar : add radio
2026-08-10 20:12:04,241 [INFO] IPUIPlugin:80 - create IPUIPlugin
2026-08-10 20:12:04,241 [INFO] PluginManager:220 - loadIPPluginJar : add resmgrutility
2026-08-10 20:12:04,243 [INFO] IPUIPlugin:80 - create IPUIPlugin
2026-08-10 20:12:04,243 [INFO] PluginManager:220 - loadIPPluginJar : add sai
2026-08-10 20:12:04,244 [INFO] IPUIPlugin:80 - create IPUIPlugin
2026-08-10 20:12:04,244 [INFO] PluginManager:220 - loadIPPluginJar : add spi
2026-08-10 20:12:04,249 [INFO] IPUIPlugin:80 - create IPUIPlugin
2026-08-10 20:12:04,249 [INFO] PluginManager:220 - loadIPPluginJar : add stm32_wpan
2026-08-10 20:12:04,251 [INFO] IPUIPlugin:80 - create IPUIPlugin
2026-08-10 20:12:04,251 [INFO] PluginManager:220 - loadIPPluginJar : add tim
2026-08-10 20:12:04,253 [INFO] IPUIPlugin:80 - create IPUIPlugin
2026-08-10 20:12:04,253 [INFO] PluginManager:220 - loadIPPluginJar : add touchsensing
2026-08-10 20:12:04,255 [INFO] IPUIPlugin:80 - create IPUIPlugin
2026-08-10 20:12:04,255 [INFO] PluginManager:220 - loadIPPluginJar : add tracer_emb
2026-08-10 20:12:04,256 [INFO] IPUIPlugin:80 - create IPUIPlugin
2026-08-10 20:12:04,256 [INFO] PluginManager:220 - loadIPPluginJar : add ts
2026-08-10 20:12:04,257 [INFO] IPUIPlugin:80 - create IPUIPlugin
2026-08-10 20:12:04,257 [INFO] PluginManager:220 - loadIPPluginJar : add tsc
2026-08-10 20:12:04,258 [INFO] IPUIPlugin:80 - create IPUIPlugin
2026-08-10 20:12:04,258 [INFO] PluginManager:220 - loadIPPluginJar : add ucpd
2026-08-10 20:12:04,259 [INFO] IPUIPlugin:80 - create IPUIPlugin
2026-08-10 20:12:04,259 [INFO] PluginManager:220 - loadIPPluginJar : add usart
2026-08-10 20:12:04,261 [INFO] IPUIPlugin:80 - create IPUIPlugin
2026-08-10 20:12:04,261 [INFO] PluginManager:220 - loadIPPluginJar : add usbx
2026-08-10 20:12:04,366 [FATAL] Updater:351 - Updater called before beeing initialized
2026-08-10 20:12:04,381 [INFO] RulesReader:64 - Compatibility file has been processed (302 Rules)
2026-08-10 20:12:04,388 [INFO] RulesReader:64 - Compatibility file has been processed (302 Rules)
2026-08-10 20:12:04,393 [INFO] CADModel:165 - CPN selected for project level
2026-08-10 20:12:04,393 [INFO] CADModel:114 - Register for checkConnection events
2026-08-10 20:12:04,393 [FATAL] Updater:351 - Updater called before beeing initialized
2026-08-10 20:12:04,393 [ERROR] CADModel:125 - Updater not yet initialized, retry later 
2026-08-10 20:12:04,496 [FATAL] Updater:351 - Updater called before beeing initialized
2026-08-10 20:12:04,497 [INFO] CADModel:165 - CPN selected for project level
2026-08-10 20:12:04,498 [INFO] CADModel:114 - Register for checkConnection events
2026-08-10 20:12:04,498 [FATAL] Updater:351 - Updater called before beeing initialized
2026-08-10 20:12:04,498 [ERROR] CADModel:125 - Updater not yet initialized, retry later 
2026-08-10 20:12:04,500 [FATAL] Updater:351 - Updater called before beeing initialized
2026-08-10 20:12:04,565 [FATAL] Updater:351 - Updater called before beeing initialized
2026-08-10 20:12:04,567 [INFO] DbMcusAds:53 - JSON generation date=Wed Jul 15 06:46:00 ART 2026 (1784108760991)
2026-08-10 20:12:04,567 [FATAL] Updater:351 - Updater called before beeing initialized
2026-08-10 20:12:04,589 [WARN] DetailPanel:346 - Failed to get advertising image, set to default
2026-08-10 20:12:04,734 [FATAL] Updater:351 - Updater called before beeing initialized
2026-08-10 20:12:04,736 [FATAL] Updater:351 - Updater called before beeing initialized
2026-08-10 20:12:04,736 [FATAL] Updater:351 - Updater called before beeing initialized
2026-08-10 20:12:04,736 [WARN] DetailPanel:346 - Failed to get advertising image, set to default
2026-08-10 20:12:04,737 [FATAL] Updater:351 - Updater called before beeing initialized
2026-08-10 20:12:04,774 [ERROR] Updater:1198 - MainUpdater not yet initialized. External WinMGr cannot be set.
2026-08-10 20:12:04,775 [INFO] Updater:1134 - Updater Version found : 6.14.1
2026-08-10 20:12:04,787 [INFO] ApplicationProperties:184 - Using Application install path: C:\ST\STM32CubeIDE_1.18.1\STM32CubeIDE\plugins\com.st.stm32cube.common.mx_6.14.1.202504091515
2026-08-10 20:12:06,370 [ERROR] LogOutputStream:75 - [STDERR_REDIRECT] Aug 10, 2026 8:12:06 PM java.util.prefs.WindowsPreferences <init>
2026-08-10 20:12:06,370 [ERROR] LogOutputStream:75 - [STDERR_REDIRECT] WARNING: Could not open/create prefs root node Software\JavaSoft\Prefs at root 0xffffffff80000002. Windows RegCreateKeyEx(...) returned error code 5.
2026-08-10 20:12:06,370 [ERROR] LogOutputStream:75 - [STDERR_REDIRECT] 
2026-08-10 20:12:06,417 [INFO] MainUpdater:525 - Copy updater definitions from MX database
2026-08-10 20:12:06,526 [INFO] MainUpdater:2872 - connection check result : 10
2026-08-10 20:12:06,526 [INFO] MainUpdater:3566 - Updater definition file requires update
2026-08-10 20:12:06,526 [INFO] MainUpdater:289 - Updater Check For Update Now.
2026-08-10 20:12:06,526 [INFO] MicroXplorer:498 - Change Database Version : DB.6.0.141
2026-08-10 20:12:06,542 [INFO] McuFinderGlobals:63 - Set McuFinder mode to 2 (CubeIDE integrated)
2026-08-10 20:12:06,542 [INFO] UserAuth:484 - Internet connection configuration mode: 1
2026-08-10 20:12:06,542 [INFO] JxBrowserEngine:152 - Initiate JxBrowser Engine with user profile folder
2026-08-10 20:12:06,839 [WARN] MainUpdater:1193 - Updater busy. Cannot search thirdparties
2026-08-10 20:12:06,839 [INFO] ThirdPartyUpdaterWithRetryManager:96 - Updater plugin is busy. [1/15]
2026-08-10 20:12:07,108 [INFO] WebApp:169 - Instantiating new browser for Auth
2026-08-10 20:12:07,596 [INFO] WebApp:463 - Apply proxy settings
2026-08-10 20:12:07,596 [INFO] WebApp:548 - Chromium requires no authentication
2026-08-10 20:12:07,609 [INFO] WebApp:491 - Direct internet connection detected
2026-08-10 20:12:07,641 [INFO] WebApp:894 - Register for checkConnection events
2026-08-10 20:12:07,641 [INFO] WebApp:463 - Apply proxy settings
2026-08-10 20:12:07,642 [INFO] WebApp:548 - Chromium requires no authentication
2026-08-10 20:12:07,642 [INFO] WebApp:491 - Direct internet connection detected
2026-08-10 20:12:07,746 [INFO] WebApp:225 - Starting web application
2026-08-10 20:12:07,746 [INFO] WebApp:593 - Web application path used C:\ST\STM32CubeIDE_1.18.1\STM32CubeIDE\plugins\com.st.stm32cube.common.mx_6.14.1.202504091515\db\plugins\mcufinder\reactClient1\index.html
2026-08-10 20:12:07,814 [INFO] WebApp:191 - Connection restablished
2026-08-10 20:12:07,868 [INFO] UserAuth:484 - Internet connection configuration mode: 1
2026-08-10 20:12:07,874 [INFO] ServerAccessManage:473 - Download File updaters.zip
2026-08-10 20:12:07,957 [INFO] FileExtend:242 - Unzip File : updaters.zip
2026-08-10 20:12:07,957 [INFO] FileExtend:257 - Standard Zip Deflate
2026-08-10 20:12:09,053 [INFO] ServerAccessManage:473 - Download File PacksControlFlags.xml
2026-08-10 20:12:09,846 [WARN] MainUpdater:1193 - Updater busy. Cannot search thirdparties
2026-08-10 20:12:09,846 [INFO] ThirdPartyUpdaterWithRetryManager:96 - Updater plugin is busy. [2/15]
2026-08-10 20:12:09,953 [INFO] ServerAccessManage:473 - Download File cubemx.pidx
2026-08-10 20:12:10,031 [INFO] LoadServerUpdatesThread:375 - End of LoadServerUpdate Thread
2026-08-10 20:12:10,183 [INFO] CheckServerUpdateThread:120 - End of CheckServer Thread
2026-08-10 20:12:13,039 [WARN] PackLoader:240 - Cannot read IP mode file for STMicroelectronics.X-CUBE-AZRTOS-H7.3.5.0
2026-08-10 20:12:13,046 [WARN] PackLoader:240 - Cannot read IP mode file for STMicroelectronics.FP-SNS-MOTENVWB1.1.4.0
2026-08-10 20:12:13,050 [WARN] PackLoader:240 - Cannot read IP mode file for STMicroelectronics.FP-ATR-ASTRA1.2.0.3
2026-08-10 20:12:13,052 [WARN] PackLoader:240 - Cannot read IP mode file for STMicroelectronics.FP-ATR-ASTRA1.2.0.2
2026-08-10 20:12:13,056 [ERROR] Engine:466 - C:\Users\German\.stm32cubemx\thirdparties\pdsc\STMicroelectronics.X-CUBE-SMBUS.2.1.1.pdsc: PDSC version is not supported
2026-08-10 20:12:13,059 [WARN] PackLoader:240 - Cannot read IP mode file for STMicroelectronics.X-CUBE-SMBUS.2.1.0
2026-08-10 20:12:13,064 [WARN] PackLoader:240 - Cannot read IP mode file for STMicroelectronics.X-CUBE-WB05N.1.1.0
2026-08-10 20:12:13,068 [WARN] PackLoader:240 - Cannot read IP mode file for STMicroelectronics.X-CUBE-ST60.1.0.0
2026-08-10 20:12:13,079 [WARN] PackLoader:240 - Cannot read IP mode file for STMicroelectronics.X-CUBE-AZRTOS-F7.1.1.0
2026-08-10 20:12:13,083 [ERROR] Engine:466 - C:\Users\German\.stm32cubemx\thirdparties\pdsc\STMicroelectronics.X-CUBE-FREERTOS.1.6.0.pdsc: PDSC version is not supported
2026-08-10 20:12:13,084 [ERROR] Engine:466 - C:\Users\German\.stm32cubemx\thirdparties\pdsc\STMicroelectronics.FP-SNS-MOTENV1.5.1.0.pdsc: PDSC version is not supported
2026-08-10 20:12:13,097 [WARN] PackLoader:240 - Cannot read IP mode file for STMicroelectronics.X-CUBE-AZRTOS-H7RS.1.3.0
2026-08-10 20:12:13,112 [WARN] PackLoader:240 - Cannot read IP mode file for Infineon.AIROC-Wi-Fi-Bluetooth-STM32.1.7.0
2026-08-10 20:12:13,126 [WARN] PackLoader:240 - Cannot read IP mode file for STMicroelectronics.X-CUBE-AZRTOS-H7.3.4.0
2026-08-10 20:12:13,132 [WARN] PackLoader:240 - Cannot read IP mode file for STMicroelectronics.X-CUBE-DISPLAY.3.0.0
2026-08-10 20:12:13,137 [WARN] PackLoader:240 - Cannot read IP mode file for STMicroelectronics.X-CUBE-GNSS1.7.1.1
2026-08-10 20:12:13,139 [ERROR] Engine:466 - C:\Users\German\.stm32cubemx\thirdparties\pdsc\STMicroelectronics.FP-SNS-MOTENVWB1.1.5.0.pdsc: PDSC version is not supported
2026-08-10 20:12:13,143 [WARN] PackLoader:240 - Cannot read IP mode file for STMicroelectronics.X-CUBE-NFC10.1.0.0
2026-08-10 20:12:13,147 [WARN] PackLoader:240 - Cannot read IP mode file for STMicroelectronics.X-CUBE-BLEMGR.4.0.0
2026-08-10 20:12:13,151 [WARN] PackLoader:240 - Cannot read IP mode file for STMicroelectronics.X-CUBE-ST60.1.1.0
2026-08-10 20:12:13,154 [WARN] PackLoader:240 - Cannot read IP mode file for emotas.I-CUBE-CANOPEN.1.3.0
2026-08-10 20:12:13,156 [ERROR] Engine:466 - C:\Users\German\.stm32cubemx\thirdparties\pdsc\STMicroelectronics.X-CUBE-WBA.1.1.0.pdsc: PDSC version is not supported
2026-08-10 20:12:13,159 [WARN] PackLoader:240 - Cannot read IP mode file for STMicroelectronics.X-CUBE-GNSS1.7.1.0
2026-08-10 20:12:13,162 [WARN] ConditionMgr:438 - getConditionDescription Invalid condition id : Cortex-A Device cause : null
2026-08-10 20:12:13,167 [WARN] ConditionMgr:1044 - genDependencies : Invalid condition id : Cortex-A Device cause : null
2026-08-10 20:12:13,167 [WARN] ConditionMgr:1044 - genDependencies : Invalid condition id : Cortex-A Device cause : null
2026-08-10 20:12:13,167 [WARN] ConditionMgr:1044 - genDependencies : Invalid condition id : Cortex-A Device cause : null
2026-08-10 20:12:13,170 [WARN] PackLoader:240 - Cannot read IP mode file for STMicroelectronics.X-CUBE-AI.10.0.0
2026-08-10 20:12:13,173 [ERROR] Engine:466 - C:\Users\German\.stm32cubemx\thirdparties\pdsc\STMicroelectronics.FP-SNS-STBOX1.2.1.0.pdsc: PDSC version is not supported
2026-08-10 20:12:13,175 [WARN] PackLoader:240 - Cannot read IP mode file for STMicroelectronics.FP-SNS-SMARTAG2.1.2.0
2026-08-10 20:12:13,178 [WARN] PackLoader:240 - Cannot read IP mode file for STMicroelectronics.FP-SNS-FLIGHT1.5.1.0
2026-08-10 20:12:13,196 [WARN] PackLoader:240 - Cannot read IP mode file for STMicroelectronics.X-CUBE-MEMS1.11.1.0
2026-08-10 20:12:13,260 [INFO] LogOutputStream:77 - [STDOUT_REDIRECT] 1 : Invalid condition id : UX_CORESTACK_Condition cause : null
2026-08-10 20:12:13,261 [INFO] LogOutputStream:77 - [STDOUT_REDIRECT] 1 : Invalid condition id : UX_CORESTACK_Condition cause : null
2026-08-10 20:12:13,261 [INFO] LogOutputStream:77 - [STDOUT_REDIRECT] 1 : Invalid condition id : UX_CORESTACK_Condition cause : null
2026-08-10 20:12:13,262 [INFO] LogOutputStream:77 - [STDOUT_REDIRECT] 1 : Invalid condition id : UX_CORESTACK_Condition cause : null
2026-08-10 20:12:13,262 [INFO] LogOutputStream:77 - [STDOUT_REDIRECT] 1 : Invalid condition id : UX_CORESTACK_Condition cause : null
2026-08-10 20:12:13,263 [WARN] PackLoader:240 - Cannot read IP mode file for STMicroelectronics.X-CUBE-AZRTOS-WL.2.0.0
2026-08-10 20:12:13,267 [WARN] PackLoader:240 - Cannot read IP mode file for STMicroelectronics.FP-SNS-MOTENV1.5.0.0
2026-08-10 20:12:13,276 [WARN] PackLoader:240 - Cannot read IP mode file for STMicroelectronics.X-CUBE-AZRTOS-H7RS.1.2.0
2026-08-10 20:12:13,281 [WARN] PackLoader:240 - Cannot read IP mode file for WES.I-CUBE-Cesium.1.3.0
2026-08-10 20:12:13,284 [WARN] PackLoader:240 - Cannot read IP mode file for STMicroelectronics.X-CUBE-BLE2.3.3.0
2026-08-10 20:12:13,294 [WARN] PackLoader:240 - Cannot read IP mode file for STMicroelectronics.X-CUBE-NFC9.1.0.0
2026-08-10 20:12:13,298 [WARN] PackLoader:240 - Cannot read IP mode file for STMicroelectronics.X-CUBE-BLE1.7.1.0
2026-08-10 20:12:13,301 [WARN] PackLoader:240 - Cannot read IP mode file for wolfSSL.I-CUBE-wolfMQTT.1.19.2
2026-08-10 20:12:13,303 [ERROR] Engine:466 - C:\Users\German\.stm32cubemx\thirdparties\pdsc\STMicroelectronics.X-CUBE-FREERTOS.1.4.0.pdsc: PDSC version is not supported
2026-08-10 20:12:13,306 [WARN] PackLoader:240 - Cannot read IP mode file for STMicroelectronics.X-CUBE-EEPRMA1.5.2.0
2026-08-10 20:12:13,308 [ERROR] Engine:466 - C:\Users\German\.stm32cubemx\thirdparties\pdsc\STMicroelectronics.X-CUBE-ST67W61.1.1.0.pdsc: PDSC version is not supported
2026-08-10 20:12:13,310 [WARN] PackLoader:240 - Cannot read IP mode file for STMicroelectronics.X-CUBE-AI.10.1.0
2026-08-10 20:12:13,312 [ERROR] Engine:466 - C:\Users\German\.stm32cubemx\thirdparties\pdsc\STMicroelectronics.FP-SNS-STAIOTCFT.1.1.0.pdsc: PDSC version is not supported
2026-08-10 20:12:13,326 [WARN] PackLoader:240 - Cannot read IP mode file for STMicroelectronics.X-CUBE-MEMS1.12.0.0
2026-08-10 20:12:13,376 [WARN] PackLoader:240 - Cannot read IP mode file for STMicroelectronics.X-CUBE-MEMS1.11.2.0
2026-08-10 20:12:13,418 [WARN] PackLoader:240 - Cannot read IP mode file for STMicroelectronics.X-CUBE-AZRTOS-G0.1.1.0
2026-08-10 20:12:13,421 [WARN] PackLoader:240 - Cannot read IP mode file for STMicroelectronics.X-CUBE-SAFEA1.1.2.2
2026-08-10 20:12:13,424 [WARN] PackLoader:240 - Cannot read IP mode file for STMicroelectronics.X-CUBE-NFC4.3.0.0
2026-08-10 20:12:13,429 [WARN] PackLoader:240 - Cannot read IP mode file for EmbeddedOffice.I-CUBE-FS-RTOS.1.0.1
2026-08-10 20:12:13,432 [WARN] PackLoader:240 - Cannot read IP mode file for STMicroelectronics.X-CUBE-WB05N.2.0.0
2026-08-10 20:12:13,435 [WARN] PackLoader:240 - Cannot read IP mode file for wolfSSL.I-CUBE-wolfTPM.3.8.0
2026-08-10 20:12:13,439 [WARN] PackLoader:240 - Cannot read IP mode file for STMicroelectronics.X-CUBE-TCPP.4.2.0
2026-08-10 20:12:13,443 [WARN] PackLoader:240 - Cannot read IP mode file for RealThread.X-CUBE-RT-Thread_Nano.4.1.1
2026-08-10 20:12:13,445 [WARN] PackLoader:240 - Cannot read IP mode file for STMicroelectronics.FP-ATR-SIGFOX1.3.2.0
2026-08-10 20:12:13,448 [WARN] PackLoader:240 - Cannot read IP mode file for STMicroelectronics.X-CUBE-EEPRMA1.5.1.0
2026-08-10 20:12:13,451 [ERROR] Engine:466 - C:\Users\German\.stm32cubemx\thirdparties\pdsc\STMicroelectronics.X-CUBE-FREERTOS.1.5.0.pdsc: PDSC version is not supported
2026-08-10 20:12:13,453 [WARN] PackLoader:240 - Cannot read IP mode file for wolfSSL.I-CUBE-wolfSSL.5.7.6
2026-08-10 20:12:13,456 [WARN] PackLoader:240 - Cannot read IP mode file for ITTIA_DB.I-CUBE-ITTIADB.8.9.0
2026-08-10 20:12:13,460 [WARN] PackLoader:240 - Cannot read IP mode file for STMicroelectronics.X-CUBE-NFC6.3.2.0
2026-08-10 20:12:13,466 [WARN] PackLoader:240 - Cannot read IP mode file for STMicroelectronics.X-CUBE-ST67W61.1.0.0
2026-08-10 20:12:13,469 [WARN] PackLoader:240 - Cannot read IP mode file for STMicroelectronics.X-CUBE-AI.10.2.1
2026-08-10 20:12:13,471 [WARN] PackLoader:240 - Cannot read IP mode file for STMicroelectronics.X-CUBE-AI.10.2.0
2026-08-10 20:12:13,485 [WARN] PackLoader:240 - Cannot read IP mode file for STMicroelectronics.X-CUBE-MEMS1.12.1.0
2026-08-10 20:12:13,524 [WARN] PackLoader:240 - Cannot read IP mode file for SEGGER.I-CUBE-embOS.1.3.1
2026-08-10 20:12:13,538 [WARN] PackLoader:240 - Cannot read IP mode file for STMicroelectronics.X-CUBE-ALGOBUILD.1.4.0
2026-08-10 20:12:13,560 [WARN] PackLoader:240 - Cannot read IP mode file for STMicroelectronics.X-CUBE-MEMS1.11.3.0
2026-08-10 20:12:13,609 [WARN] PackLoader:240 - Cannot read IP mode file for STMicroelectronics.X-CUBE-NFC13.1.0.0
2026-08-10 20:12:13,613 [WARN] PackLoader:240 - Cannot read IP mode file for STMicroelectronics.X-CUBE-PM33A1.1.0.0
2026-08-10 20:12:13,619 [WARN] PackLoader:240 - Cannot read IP mode file for STMicroelectronics.X-CUBE-AZRTOS-F4.1.1.0
2026-08-10 20:12:13,623 [WARN] PackLoader:240 - Cannot read IP mode file for Avnet-IotConnect.X-CUBE-IoTC-DA16k-PMOD.1.0.0
2026-08-10 20:12:13,625 [WARN] PackLoader:240 - Cannot read IP mode file for STMicroelectronics.X-CUBE-ISPU.2.1.0
2026-08-10 20:12:13,628 [ERROR] Engine:466 - C:\Users\German\.stm32cubemx\thirdparties\pdsc\STMicroelectronics.X-CUBE-IPS.3.2.0.pdsc: PDSC version is not supported
2026-08-10 20:12:13,630 [WARN] PackLoader:240 - Cannot read IP mode file for STMicroelectronics.eDS-WB_DPC_TT-BIDIR.2.1.1
2026-08-10 20:12:13,633 [WARN] PackLoader:240 - Cannot read IP mode file for STMicroelectronics.X-CUBE-NFC12.1.0.0
2026-08-10 20:12:13,641 [WARN] PackLoader:240 - Cannot read IP mode file for STMicroelectronics.X-CUBE-AZRTOS-L5.2.0.0
2026-08-10 20:12:13,645 [WARN] PackLoader:240 - Cannot read IP mode file for STMicroelectronics.X-CUBE-NFC6.3.1.0
2026-08-10 20:12:13,648 [WARN] PackLoader:240 - Cannot read IP mode file for STMicroelectronics.X-CUBE-ALGOBUILD.1.5.0
2026-08-10 20:12:13,652 [WARN] PackLoader:240 - Cannot read IP mode file for STMicroelectronics.X-CUBE-DPower.1.2.0
2026-08-10 20:12:13,654 [WARN] PackLoader:240 - Cannot read IP mode file for STMicroelectronics.eDS-WB_DPC_VIENNA.1.2.0
2026-08-10 20:12:13,671 [WARN] PackLoader:240 - Cannot read IP mode file for STMicroelectronics.X-CUBE-MEMS1.13.0.0
2026-08-10 20:12:13,698 [WARN] PackLoader:240 - Cannot read IP mode file for STMicroelectronics.eDS-WB_DPC_3PH2L-BIDIR.1.1.1
2026-08-10 20:12:13,700 [ERROR] Engine:466 - C:\Users\German\.stm32cubemx\thirdparties\pdsc\STMicroelectronics.X-CUBE-ST67W61.1.3.0.pdsc: PDSC version is not supported
2026-08-10 20:12:13,703 [WARN] PackLoader:240 - Cannot read IP mode file for STMicroelectronics.X-CUBE-FREERTOS.1.3.1
2026-08-10 20:12:13,706 [WARN] PackLoader:240 - Cannot read IP mode file for STMicroelectronics.X-CUBE-FREERTOS.1.3.0
2026-08-10 20:12:13,708 [WARN] PackLoader:240 - Cannot read IP mode file for STMicroelectronics.X-CUBE-NFC7.1.0.1
2026-08-10 20:12:13,712 [WARN] PackLoader:240 - Cannot read IP mode file for STMicroelectronics.X-CUBE-TOUCHGFX.4.26.0
2026-08-10 20:12:13,713 [WARN] PackLoader:240 - Cannot read IP mode file for STMicroelectronics.X-CUBE-TOUCHGFX.4.26.1
2026-08-10 20:12:13,716 [WARN] PackLoader:240 - Cannot read IP mode file for STMicroelectronics.FP-SNS-STAIOTCFT.1.0.0
2026-08-10 20:12:13,718 [WARN] PackLoader:240 - Cannot read IP mode file for STMicroelectronics.X-CUBE-DPower.1.3.0
2026-08-10 20:12:13,726 [WARN] ConditionMgr:438 - getConditionDescription Invalid condition id : LAN8742 Phy interface Condition cause : null
2026-08-10 20:12:13,726 [WARN] PackLoader:240 - Cannot read IP mode file for STMicroelectronics.X-CUBE-AZRTOS-L4.2.0.0
2026-08-10 20:12:13,726 [WARN] ConditionMgr:1044 - genDependencies : Invalid condition id : LAN8742 Phy interface Condition cause : null
2026-08-10 20:12:13,727 [WARN] ConditionMgr:1044 - genDependencies : Invalid condition id : LAN8742 Phy interface Condition cause : null
2026-08-10 20:12:13,727 [WARN] ConditionMgr:1044 - genDependencies : Invalid condition id : LAN8742 Phy interface Condition cause : null
2026-08-10 20:12:13,730 [WARN] PackLoader:240 - Cannot read IP mode file for STMicroelectronics.X-CUBE-SFXS2LP1.4.0.0
2026-08-10 20:12:13,733 [WARN] PackLoader:240 - Cannot read IP mode file for STMicroelectronics.X-CUBE-WB05N.2.1.0
2026-08-10 20:12:13,735 [ERROR] Engine:466 - C:\Users\German\.stm32cubemx\thirdparties\pdsc\STMicroelectronics.X-CUBE-ST67W61.1.2.0.pdsc: PDSC version is not supported
2026-08-10 20:12:13,742 [WARN] PackLoader:240 - Cannot read IP mode file for STMicroelectronics.X-CUBE-AZRTOS-H7.3.3.0
2026-08-10 20:12:13,748 [WARN] PackLoader:240 - Cannot read IP mode file for STMicroelectronics.X-CUBE-BLEMGR.4.1.0
2026-08-10 20:12:13,754 [WARN] ConditionMgr:438 - getConditionDescription Invalid condition id : UX DEVICE CLASS RTOS Condition cause : null
2026-08-10 20:12:13,754 [WARN] ConditionMgr:438 - getConditionDescription Invalid condition id : UX DEVICE CLASS RTOS Condition cause : null
2026-08-10 20:12:13,754 [WARN] PackLoader:240 - Cannot read IP mode file for STMicroelectronics.X-CUBE-AZRTOS-WB.2.0.0
2026-08-10 20:12:13,754 [WARN] ConditionMgr:1044 - genDependencies : Invalid condition id : UX DEVICE CLASS RTOS Condition cause : null
2026-08-10 20:12:13,754 [WARN] ConditionMgr:1044 - genDependencies : Invalid condition id : UX DEVICE CLASS RTOS Condition cause : null
2026-08-10 20:12:13,755 [WARN] ConditionMgr:1044 - genDependencies : Invalid condition id : UX DEVICE CLASS RTOS Condition cause : null
2026-08-10 20:12:13,755 [WARN] ConditionMgr:1044 - genDependencies : Invalid condition id : UX DEVICE CLASS RTOS Condition cause : null
2026-08-10 20:12:13,755 [WARN] ConditionMgr:1044 - genDependencies : Invalid condition id : UX DEVICE CLASS RTOS Condition cause : null
2026-08-10 20:12:13,758 [WARN] PackLoader:240 - Cannot read IP mode file for STMicroelectronics.X-CUBE-GNSS1.7.0.1
2026-08-10 20:12:13,760 [WARN] PackLoader:240 - Cannot read IP mode file for STMicroelectronics.X-CUBE-TOUCHGFX.4.25.0
2026-08-10 20:12:13,763 [WARN] PackLoader:240 - Cannot read IP mode file for STMicroelectronics.FP-SNS-STBOX1.2.0.0
2026-08-10 20:12:13,767 [WARN] PackLoader:240 - Cannot read IP mode file for STMicroelectronics.X-CUBE-STSE01.2.0.0
2026-08-10 20:12:13,772 [WARN] PackLoader:240 - Cannot read IP mode file for STMicroelectronics.X-CUBE-SUBG2.5.0.0
2026-08-10 20:12:13,781 [WARN] PackLoader:240 - Cannot read IP mode file for STMicroelectronics.X-CUBE-AZRTOS-H7RS.1.1.0
2026-08-10 20:12:13,785 [WARN] PackLoader:240 - Cannot read IP mode file for Cesanta.I-CUBE-Mongoose.7.13.0
2026-08-10 20:12:13,792 [WARN] PackLoader:240 - Cannot read IP mode file for STMicroelectronics.X-CUBE-AZRTOS-G4.2.0.0
2026-08-10 20:12:13,795 [WARN] PackLoader:240 - Cannot read IP mode file for wolfSSL.I-CUBE-wolfSSH.1.4.20
2026-08-10 20:12:13,797 [WARN] PackLoader:240 - Cannot read IP mode file for STMicroelectronics.X-CUBE-NFC7.2.0.0
2026-08-10 20:12:13,803 [WARN] PackLoader:240 - Cannot read IP mode file for STMicroelectronics.X-CUBE-IPS.3.1.0
2026-08-10 20:12:13,807 [ERROR] Engine:466 - C:\Users\German\.stm32cubemx\thirdparties\pdsc\STMicroelectronics.X-CUBE-BLEMGR.4.2.0.pdsc: PDSC version is not supported
2026-08-10 20:12:13,809 [WARN] PackLoader:240 - Cannot read IP mode file for STMicroelectronics.X-CUBE-ALS.1.0.2
2026-08-10 20:12:13,812 [WARN] PackLoader:240 - Cannot read IP mode file for STMicroelectronics.X-CUBE-STSE01.1.0.0
2026-08-10 20:12:13,814 [WARN] PackLoader:240 - Cannot read IP mode file for portGmbH.I-Cube-SoM-uGOAL.1.1.0
2026-08-10 20:12:13,818 [WARN] PackLoader:240 - Cannot read IP mode file for STMicroelectronics.X-CUBE-TOF1.3.4.2
2026-08-10 20:12:13,825 [WARN] PackLoader:240 - Cannot read IP mode file for STMicroelectronics.X-CUBE-TOF1.3.4.3
2026-08-10 20:12:13,837 [INFO] ThirdParty:978 - Integrity check success = true
2026-08-10 20:12:13,837 [INFO] IntegrityCheckThread:100 - exiting critical section [integrity check]
2026-08-10 20:12:13,837 [INFO] IntegrityCheckThread:103 - End integrity checks thread
