2026-04-03 15:28:25,105 [INFO] Activator:176 - 


2026-04-03 15:28:25,105 [INFO] Activator:177 - !SESSION log4j initialized
2026-04-03 15:28:28,820 [INFO] LogOutputStream:77 - [STDOUT_REDIRECT] 
2026-04-03 15:28:30,060 [INFO] ApplicationProperties:184 - Using Application install path: C:\ST\STM32CubeIDE_1.18.1\STM32CubeIDE\plugins\com.st.stm32cube.common.mx_6.14.1.202504091515
2026-04-03 15:28:30,071 [INFO] DbMcusXml:78 - Set database path to: C:\ST\STM32CubeIDE_1.18.1\STM32CubeIDE\plugins\com.st.stm32cube.common.mx_6.14.1.202504091515\\db\/mcu/
2026-04-03 15:28:30,071 [INFO] ApiDb:274 - Set plugin database path to: C:\ST\STM32CubeIDE_1.18.1\STM32CubeIDE\plugins\com.st.stm32cube.common.mx_6.14.1.202504091515\\db\/plugins/boardmanager/
2026-04-03 15:28:30,071 [WARN] ApiDb:259 - Overriding images path with different value:  => C:\ST\STM32CubeIDE_1.18.1\STM32CubeIDE\plugins\com.st.stm32cube.common.mx_6.14.1.202504091515\\db\/plugins/mcufinder/images/
2026-04-03 15:28:30,076 [INFO] ApiDb:250 - Set database path to: C:\Users\German\.stmcufinder\plugins\mcufinder//mcu/
2026-04-03 15:28:30,076 [INFO] DbMcusAds:125 - Set database path to: C:\Users\German\.stmcufinder\plugins\mcufinder//mcu/
2026-04-03 15:28:30,078 [INFO] CrossReferenceDbSqlite:203 - Set database path to: C:\Users\German\.stmcufinder\plugins\mcufinder//mcu/cs/
2026-04-03 15:28:30,141 [INFO] RulesReader:64 - Compatibility file has been processed (302 Rules)
2026-04-03 15:28:30,190 [INFO] DbMcusXml:78 - Set database path to: C:\ST\STM32CubeIDE_1.18.1\STM32CubeIDE\plugins\com.st.stm32cube.common.mx_6.14.1.202504091515\\db\/mcu/
2026-04-03 15:28:30,190 [INFO] ApiDb:274 - Set plugin database path to: C:\ST\STM32CubeIDE_1.18.1\STM32CubeIDE\plugins\com.st.stm32cube.common.mx_6.14.1.202504091515\\db\/plugins/boardmanager/
2026-04-03 15:28:30,190 [INFO] ApiDb:261 - Set plugin images path to: C:\ST\STM32CubeIDE_1.18.1\STM32CubeIDE\plugins\com.st.stm32cube.common.mx_6.14.1.202504091515\\db\/plugins/mcufinder/images/
2026-04-03 15:28:30,190 [WARN] DbFile:41 - Overriding database path with different value: C:\Users\German\.stmcufinder\plugins\mcufinder/ => C:\Users\German\.stmcufinder\plugins\mcufinder
2026-04-03 15:28:30,190 [INFO] ApiDb:250 - Set database path to: C:\Users\German\.stmcufinder\plugins\mcufinder//mcu/
2026-04-03 15:28:30,190 [WARN] DbFile:41 - Overriding database path with different value: C:\Users\German\.stmcufinder\plugins\mcufinder/ => C:\Users\German\.stmcufinder\plugins\mcufinder
2026-04-03 15:28:30,190 [INFO] DbMcusAds:125 - Set database path to: C:\Users\German\.stmcufinder\plugins\mcufinder//mcu/
2026-04-03 15:28:30,190 [WARN] DbFile:41 - Overriding database path with different value: C:\Users\German\.stmcufinder\plugins\mcufinder/ => C:\Users\German\.stmcufinder\plugins\mcufinder
2026-04-03 15:28:30,190 [WARN] DbFile:41 - Overriding database path with different value: C:\Users\German\.stmcufinder\plugins\mcufinder/ => C:\Users\German\.stmcufinder\plugins\mcufinder
2026-04-03 15:28:30,191 [INFO] CrossReferenceDbSqlite:203 - Set database path to: C:\Users\German\.stmcufinder\plugins\mcufinder//mcu/cs/
2026-04-03 15:28:30,238 [INFO] MainPanel:272 - HeapMemory: 268435456
2026-04-03 15:28:30,309 [INFO] DbMcusXml:78 - Set database path to: C:\ST\STM32CubeIDE_1.18.1\STM32CubeIDE\plugins\com.st.stm32cube.common.mx_6.14.1.202504091515\\db\/mcu/
2026-04-03 15:28:30,309 [INFO] ApiDb:274 - Set plugin database path to: C:\ST\STM32CubeIDE_1.18.1\STM32CubeIDE\plugins\com.st.stm32cube.common.mx_6.14.1.202504091515\\db\/plugins/boardmanager/
2026-04-03 15:28:30,309 [INFO] ApiDb:261 - Set plugin images path to: C:\ST\STM32CubeIDE_1.18.1\STM32CubeIDE\plugins\com.st.stm32cube.common.mx_6.14.1.202504091515\\db\/plugins/mcufinder/images/
2026-04-03 15:28:30,309 [WARN] DbFile:41 - Overriding database path with different value: C:\Users\German\.stmcufinder\plugins\mcufinder/ => C:\Users\German\.stmcufinder\plugins\mcufinder
2026-04-03 15:28:30,310 [INFO] ApiDb:250 - Set database path to: C:\Users\German\.stmcufinder\plugins\mcufinder//mcu/
2026-04-03 15:28:30,310 [WARN] DbFile:41 - Overriding database path with different value: C:\Users\German\.stmcufinder\plugins\mcufinder/ => C:\Users\German\.stmcufinder\plugins\mcufinder
2026-04-03 15:28:30,310 [INFO] DbMcusAds:125 - Set database path to: C:\Users\German\.stmcufinder\plugins\mcufinder//mcu/
2026-04-03 15:28:30,310 [WARN] DbFile:41 - Overriding database path with different value: C:\Users\German\.stmcufinder\plugins\mcufinder/ => C:\Users\German\.stmcufinder\plugins\mcufinder
2026-04-03 15:28:30,310 [WARN] DbFile:41 - Overriding database path with different value: C:\Users\German\.stmcufinder\plugins\mcufinder/ => C:\Users\German\.stmcufinder\plugins\mcufinder
2026-04-03 15:28:30,310 [INFO] CrossReferenceDbSqlite:203 - Set database path to: C:\Users\German\.stmcufinder\plugins\mcufinder//mcu/cs/
2026-04-03 15:28:30,321 [INFO] ApplicationProperties:184 - Using Application install path: C:\ST\STM32CubeIDE_1.18.1\STM32CubeIDE\plugins\com.st.stm32cube.common.mx_6.14.1.202504091515
2026-04-03 15:28:30,322 [INFO] PluginManage:196 - Search for loadable plugins [exclusion list=, ]
2026-04-03 15:28:30,322 [INFO] PluginManage:310 - Check plugin analytics
2026-04-03 15:28:30,443 [INFO] AnalyticsPlugin:253 - Accepted Software Licenses: STM32CubeMX.6.14.1,STM32CubeMX.6.17.0
2026-04-03 15:28:30,443 [INFO] AnalyticsPlugin:255 - Accepted CMSIS Pack Licenses: 
2026-04-03 15:28:30,443 [INFO] AnalyticsPlugin:257 - Accepted Firmware Licenses: FW.WB.1.17.0,FW.WB.1.22.0,FW.L4.1.18.0,FW.WB.1.13.0,FW.WB.1.23.0,FW.WB.1.24.0
2026-04-03 15:28:30,446 [INFO] PluginManage:359 - Loaded plugin analytics (category:tool,tabindex:-1)
2026-04-03 15:28:30,447 [INFO] PluginManage:310 - Check plugin cadmodel
2026-04-03 15:28:30,451 [INFO] CADModel:105 - Init CAD model plugin
2026-04-03 15:28:30,451 [INFO] PluginManage:359 - Loaded plugin cadmodel (category:power,tabindex:5)
2026-04-03 15:28:30,451 [INFO] PluginManage:310 - Check plugin clock
2026-04-03 15:28:30,458 [INFO] PluginManage:359 - Loaded plugin clock (category:base,tabindex:2)
2026-04-03 15:28:30,458 [INFO] PluginManage:310 - Check plugin ddr
2026-04-03 15:28:30,460 [INFO] PluginManage:359 - Loaded plugin ddr (category:tool,tabindex:6)
2026-04-03 15:28:30,460 [INFO] PluginManage:310 - Check plugin filemanager
2026-04-03 15:28:30,565 [INFO] PluginManage:359 - Loaded plugin filemanager (category:base,tabindex:10)
2026-04-03 15:28:30,565 [INFO] PluginManage:310 - Check plugin ipmanager
2026-04-03 15:28:30,572 [INFO] PluginManage:359 - Loaded plugin ipmanager (category:base,tabindex:5)
2026-04-03 15:28:30,572 [INFO] PluginManage:310 - Check plugin lpbam
2026-04-03 15:28:30,581 [INFO] PluginManage:359 - Loaded plugin lpbam (category:base,tabindex:0)
2026-04-03 15:28:30,581 [INFO] PluginManage:310 - Check plugin memorymap
2026-04-03 15:28:30,594 [INFO] PluginManage:359 - Loaded plugin memorymap (category:base,tabindex:4)
2026-04-03 15:28:30,594 [INFO] PluginManage:310 - Check plugin pinoutandconfiguration
2026-04-03 15:28:30,601 [INFO] PluginManage:359 - Loaded plugin pinoutandconfiguration (category:base,tabindex:1)
2026-04-03 15:28:30,601 [INFO] PluginManage:310 - Check plugin pinoutconfig
2026-04-03 15:28:30,666 [WARN] SupportedApi:132 - Cannot load RTOS API schema: s4s-elt-must-match.1: The content of 'definitions' must match (annotation?, (simpleType | complexType)?, (unique | key | keyref)*)). A problem was found starting at: attribute.
2026-04-03 15:28:30,798 [INFO] PluginManage:359 - Loaded plugin pinoutconfig (category:base,tabindex:0)
2026-04-03 15:28:30,798 [INFO] PluginManage:310 - Check plugin power
2026-04-03 15:28:30,804 [INFO] PluginManage:359 - Loaded plugin power (category:power,tabindex:4)
2026-04-03 15:28:30,804 [INFO] PluginManage:310 - Check plugin projectmanager
2026-04-03 15:28:30,813 [INFO] PluginManage:359 - Loaded plugin projectmanager (category:projectmanager,tabindex:4)
2026-04-03 15:28:30,814 [INFO] PluginManage:310 - Check plugin rif
2026-04-03 15:28:30,818 [INFO] PluginManage:359 - Loaded plugin rif (category:base,tabindex:3)
2026-04-03 15:28:30,819 [INFO] PluginManage:310 - Check plugin thirdparty
2026-04-03 15:28:30,911 [INFO] PluginManage:359 - Loaded plugin thirdparty (category:base,tabindex:-1)
2026-04-03 15:28:30,912 [INFO] PluginManage:310 - Check plugin tools
2026-04-03 15:28:30,911 [WARN] IntegrityCheckThread:84 - waiting for thirdparty lock release [integrity check]
2026-04-03 15:28:30,912 [INFO] IntegrityCheckThread:86 - entering critical section [integrity check]
2026-04-03 15:28:30,912 [INFO] ThirdPartyUpdaterWithRetryManager:70 - Updater plugin not ready yet. [1/15]
2026-04-03 15:28:30,914 [INFO] PluginManage:359 - Loaded plugin tools (category:base,tabindex:7)
2026-04-03 15:28:30,914 [INFO] PluginManage:310 - Check plugin tutovideos
2026-04-03 15:28:31,029 [INFO] PluginManage:359 - Loaded plugin tutovideos (category:base,tabindex:-1)
2026-04-03 15:28:31,029 [INFO] PluginManage:310 - Check plugin updater
2026-04-03 15:28:31,047 [INFO] PluginManage:359 - Loaded plugin updater (category:base,tabindex:12)
2026-04-03 15:28:31,047 [INFO] PluginManage:310 - Check plugin userauth
2026-04-03 15:28:31,050 [INFO] UserAuth:118 - Init User Auth plugin
2026-04-03 15:28:31,051 [INFO] PluginManage:359 - Loaded plugin userauth (category:base,tabindex:14)
2026-04-03 15:28:31,051 [INFO] PluginManage:283 - PluginManage : Loaded plugins [18]
2026-04-03 15:28:31,211 [INFO] PinOutPanel:1589 - setPackage(No Configuration,No Configuration)
2026-04-03 15:28:31,268 [INFO] CADModel:165 - CPN selected for project level
2026-04-03 15:28:31,268 [INFO] CADModel:114 - Register for checkConnection events
2026-04-03 15:28:31,284 [INFO] IPUIPlugin:80 - create IPUIPlugin
2026-04-03 15:28:31,284 [INFO] PluginManager:220 - loadIPPluginJar : add adc
2026-04-03 15:28:31,286 [INFO] IPUIPlugin:80 - create IPUIPlugin
2026-04-03 15:28:31,286 [INFO] PluginManager:220 - loadIPPluginJar : add aes
2026-04-03 15:28:31,289 [INFO] IPUIPlugin:80 - create IPUIPlugin
2026-04-03 15:28:31,289 [INFO] PluginManager:220 - loadIPPluginJar : add can
2026-04-03 15:28:31,291 [INFO] IPUIPlugin:80 - create IPUIPlugin
2026-04-03 15:28:31,291 [INFO] PluginManager:220 - loadIPPluginJar : add comp
2026-04-03 15:28:31,293 [INFO] IPUIPlugin:80 - create IPUIPlugin
2026-04-03 15:28:31,294 [INFO] PluginManager:220 - loadIPPluginJar : add cryp
2026-04-03 15:28:31,296 [INFO] IPUIPlugin:80 - create IPUIPlugin
2026-04-03 15:28:31,296 [INFO] PluginManager:220 - loadIPPluginJar : add ddr_ctrl_phy
2026-04-03 15:28:31,298 [INFO] IPUIPlugin:80 - create IPUIPlugin
2026-04-03 15:28:31,299 [INFO] PluginManager:220 - loadIPPluginJar : add dfsdm
2026-04-03 15:28:31,304 [INFO] IPUIPlugin:80 - create IPUIPlugin
2026-04-03 15:28:31,304 [INFO] PluginManager:220 - loadIPPluginJar : add dma
2026-04-03 15:28:31,307 [INFO] IPUIPlugin:80 - create IPUIPlugin
2026-04-03 15:28:31,307 [INFO] PluginManager:220 - loadIPPluginJar : add dma3
2026-04-03 15:28:31,310 [INFO] IPUIPlugin:80 - create IPUIPlugin
2026-04-03 15:28:31,311 [INFO] PluginManager:220 - loadIPPluginJar : add extmemmanager
2026-04-03 15:28:31,313 [INFO] IPUIPlugin:80 - create IPUIPlugin
2026-04-03 15:28:31,313 [INFO] PluginManager:220 - loadIPPluginJar : add fatfs
2026-04-03 15:28:31,317 [INFO] IPUIPlugin:80 - create IPUIPlugin
2026-04-03 15:28:31,317 [INFO] PluginManager:220 - loadIPPluginJar : add fmc
2026-04-03 15:28:31,327 [INFO] IPUIPlugin:80 - create IPUIPlugin
2026-04-03 15:28:31,327 [INFO] PluginManager:220 - loadIPPluginJar : add freertos
2026-04-03 15:28:31,328 [INFO] IPUIPlugin:80 - create IPUIPlugin
2026-04-03 15:28:31,328 [INFO] PluginManager:220 - loadIPPluginJar : add genericplugin
2026-04-03 15:28:31,330 [INFO] IPUIPlugin:80 - create IPUIPlugin
2026-04-03 15:28:31,330 [INFO] PluginManager:220 - loadIPPluginJar : add gfxmmu
2026-04-03 15:28:31,334 [INFO] IPUIPlugin:80 - create IPUIPlugin
2026-04-03 15:28:31,334 [INFO] PluginManager:220 - loadIPPluginJar : add gic
2026-04-03 15:28:31,338 [INFO] IPUIPlugin:80 - create IPUIPlugin
2026-04-03 15:28:31,338 [INFO] PluginManager:220 - loadIPPluginJar : add gpio
2026-04-03 15:28:31,340 [INFO] IPUIPlugin:80 - create IPUIPlugin
2026-04-03 15:28:31,340 [INFO] PluginManager:220 - loadIPPluginJar : add gtzc
2026-04-03 15:28:31,342 [INFO] IPUIPlugin:80 - create IPUIPlugin
2026-04-03 15:28:31,342 [INFO] PluginManager:220 - loadIPPluginJar : add hash
2026-04-03 15:28:31,345 [INFO] IPUIPlugin:80 - create IPUIPlugin
2026-04-03 15:28:31,345 [INFO] PluginManager:220 - loadIPPluginJar : add i2c
2026-04-03 15:28:31,347 [INFO] IPUIPlugin:80 - create IPUIPlugin
2026-04-03 15:28:31,347 [INFO] PluginManager:220 - loadIPPluginJar : add i2s
2026-04-03 15:28:31,351 [INFO] IPUIPlugin:80 - create IPUIPlugin
2026-04-03 15:28:31,351 [INFO] PluginManager:220 - loadIPPluginJar : add i3c
2026-04-03 15:28:31,354 [INFO] IPUIPlugin:80 - create IPUIPlugin
2026-04-03 15:28:31,354 [INFO] PluginManager:220 - loadIPPluginJar : add ipddr
2026-04-03 15:28:31,359 [INFO] IPUIPlugin:80 - create IPUIPlugin
2026-04-03 15:28:31,359 [INFO] PluginManager:220 - loadIPPluginJar : add linkedlist
2026-04-03 15:28:31,362 [INFO] IPUIPlugin:80 - create IPUIPlugin
2026-04-03 15:28:31,362 [INFO] PluginManager:220 - loadIPPluginJar : add lorawan
2026-04-03 15:28:31,363 [INFO] IPUIPlugin:80 - create IPUIPlugin
2026-04-03 15:28:31,363 [INFO] PluginManager:220 - loadIPPluginJar : add ltdc
2026-04-03 15:28:31,368 [INFO] IPUIPlugin:80 - create IPUIPlugin
2026-04-03 15:28:31,368 [INFO] PluginManager:220 - loadIPPluginJar : add mdma
2026-04-03 15:28:31,371 [INFO] IPUIPlugin:80 - create IPUIPlugin
2026-04-03 15:28:31,371 [INFO] PluginManager:220 - loadIPPluginJar : add nvic
2026-04-03 15:28:31,373 [INFO] IPUIPlugin:80 - create IPUIPlugin
2026-04-03 15:28:31,373 [INFO] PluginManager:220 - loadIPPluginJar : add opamp
2026-04-03 15:28:31,376 [INFO] IPUIPlugin:80 - create IPUIPlugin
2026-04-03 15:28:31,376 [INFO] PluginManager:220 - loadIPPluginJar : add openamp
2026-04-03 15:28:31,379 [INFO] IPUIPlugin:80 - create IPUIPlugin
2026-04-03 15:28:31,379 [INFO] PluginManager:220 - loadIPPluginJar : add pdm2pcm
2026-04-03 15:28:31,384 [INFO] IPUIPlugin:80 - create IPUIPlugin
2026-04-03 15:28:31,386 [INFO] PluginManager:220 - loadIPPluginJar : add plateformsettings
2026-04-03 15:28:31,388 [INFO] IPUIPlugin:80 - create IPUIPlugin
2026-04-03 15:28:31,388 [INFO] PluginManager:220 - loadIPPluginJar : add quadspi
2026-04-03 15:28:31,390 [INFO] IPUIPlugin:80 - create IPUIPlugin
2026-04-03 15:28:31,391 [INFO] PluginManager:220 - loadIPPluginJar : add radio
2026-04-03 15:28:31,395 [INFO] IPUIPlugin:80 - create IPUIPlugin
2026-04-03 15:28:31,395 [INFO] PluginManager:220 - loadIPPluginJar : add resmgrutility
2026-04-03 15:28:31,399 [INFO] IPUIPlugin:80 - create IPUIPlugin
2026-04-03 15:28:31,399 [INFO] PluginManager:220 - loadIPPluginJar : add sai
2026-04-03 15:28:31,401 [INFO] IPUIPlugin:80 - create IPUIPlugin
2026-04-03 15:28:31,401 [INFO] PluginManager:220 - loadIPPluginJar : add spi
2026-04-03 15:28:31,408 [INFO] IPUIPlugin:80 - create IPUIPlugin
2026-04-03 15:28:31,409 [INFO] PluginManager:220 - loadIPPluginJar : add stm32_wpan
2026-04-03 15:28:31,411 [INFO] IPUIPlugin:80 - create IPUIPlugin
2026-04-03 15:28:31,411 [INFO] PluginManager:220 - loadIPPluginJar : add tim
2026-04-03 15:28:31,414 [INFO] IPUIPlugin:80 - create IPUIPlugin
2026-04-03 15:28:31,414 [INFO] PluginManager:220 - loadIPPluginJar : add touchsensing
2026-04-03 15:28:31,417 [INFO] IPUIPlugin:80 - create IPUIPlugin
2026-04-03 15:28:31,417 [INFO] PluginManager:220 - loadIPPluginJar : add tracer_emb
2026-04-03 15:28:31,419 [INFO] IPUIPlugin:80 - create IPUIPlugin
2026-04-03 15:28:31,419 [INFO] PluginManager:220 - loadIPPluginJar : add ts
2026-04-03 15:28:31,420 [INFO] IPUIPlugin:80 - create IPUIPlugin
2026-04-03 15:28:31,421 [INFO] PluginManager:220 - loadIPPluginJar : add tsc
2026-04-03 15:28:31,423 [INFO] IPUIPlugin:80 - create IPUIPlugin
2026-04-03 15:28:31,423 [INFO] PluginManager:220 - loadIPPluginJar : add ucpd
2026-04-03 15:28:31,425 [INFO] IPUIPlugin:80 - create IPUIPlugin
2026-04-03 15:28:31,425 [INFO] PluginManager:220 - loadIPPluginJar : add usart
2026-04-03 15:28:31,428 [INFO] IPUIPlugin:80 - create IPUIPlugin
2026-04-03 15:28:31,428 [INFO] PluginManager:220 - loadIPPluginJar : add usbx
2026-04-03 15:28:31,559 [FATAL] Updater:351 - Updater called before beeing initialized
2026-04-03 15:28:31,577 [INFO] RulesReader:64 - Compatibility file has been processed (302 Rules)
2026-04-03 15:28:31,586 [INFO] RulesReader:64 - Compatibility file has been processed (302 Rules)
2026-04-03 15:28:31,592 [INFO] CADModel:165 - CPN selected for project level
2026-04-03 15:28:31,592 [INFO] CADModel:114 - Register for checkConnection events
2026-04-03 15:28:31,592 [FATAL] Updater:351 - Updater called before beeing initialized
2026-04-03 15:28:31,592 [ERROR] CADModel:125 - Updater not yet initialized, retry later 
2026-04-03 15:28:31,744 [FATAL] Updater:351 - Updater called before beeing initialized
2026-04-03 15:28:31,746 [INFO] CADModel:165 - CPN selected for project level
2026-04-03 15:28:31,746 [INFO] CADModel:114 - Register for checkConnection events
2026-04-03 15:28:31,746 [FATAL] Updater:351 - Updater called before beeing initialized
2026-04-03 15:28:31,746 [ERROR] CADModel:125 - Updater not yet initialized, retry later 
2026-04-03 15:28:31,749 [FATAL] Updater:351 - Updater called before beeing initialized
2026-04-03 15:28:31,842 [FATAL] Updater:351 - Updater called before beeing initialized
2026-04-03 15:28:31,845 [INFO] DbMcusAds:53 - JSON generation date=Thu Mar 05 11:32:52 ART 2026 (1772721172890)
2026-04-03 15:28:31,845 [FATAL] Updater:351 - Updater called before beeing initialized
2026-04-03 15:28:31,868 [WARN] DetailPanel:346 - Failed to get advertising image, set to default
2026-04-03 15:28:32,021 [FATAL] Updater:351 - Updater called before beeing initialized
2026-04-03 15:28:32,022 [FATAL] Updater:351 - Updater called before beeing initialized
2026-04-03 15:28:32,022 [FATAL] Updater:351 - Updater called before beeing initialized
2026-04-03 15:28:32,023 [WARN] DetailPanel:346 - Failed to get advertising image, set to default
2026-04-03 15:28:32,023 [FATAL] Updater:351 - Updater called before beeing initialized
2026-04-03 15:28:32,061 [ERROR] Updater:1198 - MainUpdater not yet initialized. External WinMGr cannot be set.
2026-04-03 15:28:32,063 [INFO] Updater:1134 - Updater Version found : 6.14.1
2026-04-03 15:28:32,079 [INFO] ApplicationProperties:184 - Using Application install path: C:\ST\STM32CubeIDE_1.18.1\STM32CubeIDE\plugins\com.st.stm32cube.common.mx_6.14.1.202504091515
2026-04-03 15:28:33,646 [ERROR] LogOutputStream:75 - [STDERR_REDIRECT] Apr 03, 2026 3:28:33 PM java.util.prefs.WindowsPreferences <init>
2026-04-03 15:28:33,646 [ERROR] LogOutputStream:75 - [STDERR_REDIRECT] WARNING: Could not open/create prefs root node Software\JavaSoft\Prefs at root 0xffffffff80000002. Windows RegCreateKeyEx(...) returned error code 5.
2026-04-03 15:28:33,646 [ERROR] LogOutputStream:75 - [STDERR_REDIRECT] 
2026-04-03 15:28:33,839 [INFO] MainUpdater:2872 - connection check result : 10
2026-04-03 15:28:33,839 [INFO] MainUpdater:289 - Updater Check For Update Now.
2026-04-03 15:28:33,839 [INFO] MicroXplorer:498 - Change Database Version : DB.6.0.141
2026-04-03 15:28:33,843 [INFO] McuFinderGlobals:63 - Set McuFinder mode to 2 (CubeIDE integrated)
2026-04-03 15:28:33,844 [INFO] UserAuth:484 - Internet connection configuration mode: 1
2026-04-03 15:28:33,861 [INFO] JxBrowserEngine:152 - Initiate JxBrowser Engine with user profile folder
2026-04-03 15:28:33,913 [WARN] MainUpdater:1193 - Updater busy. Cannot search thirdparties
2026-04-03 15:28:33,913 [INFO] ThirdPartyUpdaterWithRetryManager:96 - Updater plugin is busy. [1/15]
2026-04-03 15:28:33,993 [INFO] CheckServerUpdateThread:120 - End of CheckServer Thread
2026-04-03 15:28:34,429 [INFO] WebApp:169 - Instantiating new browser for Auth
2026-04-03 15:28:34,854 [INFO] WebApp:463 - Apply proxy settings
2026-04-03 15:28:34,854 [INFO] WebApp:548 - Chromium requires no authentication
2026-04-03 15:28:34,860 [INFO] WebApp:491 - Direct internet connection detected
2026-04-03 15:28:34,874 [INFO] WebApp:894 - Register for checkConnection events
2026-04-03 15:28:34,874 [INFO] WebApp:463 - Apply proxy settings
2026-04-03 15:28:34,874 [INFO] WebApp:548 - Chromium requires no authentication
2026-04-03 15:28:34,875 [INFO] WebApp:491 - Direct internet connection detected
2026-04-03 15:28:34,981 [INFO] WebApp:225 - Starting web application
2026-04-03 15:28:34,981 [INFO] WebApp:593 - Web application path used C:\ST\STM32CubeIDE_1.18.1\STM32CubeIDE\plugins\com.st.stm32cube.common.mx_6.14.1.202504091515\db\plugins\mcufinder\reactClient1\index.html
2026-04-03 15:28:35,043 [INFO] WebApp:191 - Connection restablished
2026-04-03 15:28:35,145 [INFO] UserAuth:484 - Internet connection configuration mode: 1
2026-04-03 15:28:37,106 [WARN] PackLoader:240 - Cannot read IP mode file for STMicroelectronics.X-CUBE-AZRTOS-H7.3.5.0
2026-04-03 15:28:37,113 [WARN] PackLoader:240 - Cannot read IP mode file for STMicroelectronics.FP-SNS-MOTENVWB1.1.4.0
2026-04-03 15:28:37,117 [WARN] PackLoader:240 - Cannot read IP mode file for STMicroelectronics.FP-ATR-ASTRA1.2.0.2
2026-04-03 15:28:37,121 [WARN] PackLoader:240 - Cannot read IP mode file for STMicroelectronics.X-CUBE-SMBUS.2.1.0
2026-04-03 15:28:37,127 [WARN] PackLoader:240 - Cannot read IP mode file for STMicroelectronics.X-CUBE-WB05N.1.1.0
2026-04-03 15:28:37,131 [WARN] PackLoader:240 - Cannot read IP mode file for STMicroelectronics.X-CUBE-ST60.1.0.0
2026-04-03 15:28:37,143 [WARN] PackLoader:240 - Cannot read IP mode file for STMicroelectronics.X-CUBE-AZRTOS-F7.1.1.0
2026-04-03 15:28:37,147 [ERROR] Engine:466 - C:\Users\German\.stm32cubemx\thirdparties\pdsc\STMicroelectronics.FP-SNS-MOTENV1.5.1.0.pdsc: PDSC version is not supported
2026-04-03 15:28:37,158 [WARN] PackLoader:240 - Cannot read IP mode file for Infineon.AIROC-Wi-Fi-Bluetooth-STM32.1.7.0
2026-04-03 15:28:37,176 [WARN] PackLoader:240 - Cannot read IP mode file for STMicroelectronics.X-CUBE-AZRTOS-H7.3.4.0
2026-04-03 15:28:37,186 [WARN] PackLoader:240 - Cannot read IP mode file for STMicroelectronics.X-CUBE-DISPLAY.3.0.0
2026-04-03 15:28:37,191 [ERROR] Engine:466 - C:\Users\German\.stm32cubemx\thirdparties\pdsc\STMicroelectronics.FP-SNS-MOTENVWB1.1.5.0.pdsc: PDSC version is not supported
2026-04-03 15:28:37,196 [WARN] PackLoader:240 - Cannot read IP mode file for STMicroelectronics.X-CUBE-NFC10.1.0.0
2026-04-03 15:28:37,205 [WARN] PackLoader:240 - Cannot read IP mode file for STMicroelectronics.X-CUBE-BLEMGR.4.0.0
2026-04-03 15:28:37,211 [WARN] PackLoader:240 - Cannot read IP mode file for STMicroelectronics.X-CUBE-ST60.1.1.0
2026-04-03 15:28:37,232 [WARN] PackLoader:240 - Cannot read IP mode file for emotas.I-CUBE-CANOPEN.1.3.0
2026-04-03 15:28:37,238 [WARN] PackLoader:240 - Cannot read IP mode file for STMicroelectronics.X-CUBE-GNSS1.7.1.0
2026-04-03 15:28:37,242 [WARN] ConditionMgr:438 - getConditionDescription Invalid condition id : Cortex-A Device cause : null
2026-04-03 15:28:37,251 [WARN] ConditionMgr:1044 - genDependencies : Invalid condition id : Cortex-A Device cause : null
2026-04-03 15:28:37,251 [WARN] ConditionMgr:1044 - genDependencies : Invalid condition id : Cortex-A Device cause : null
2026-04-03 15:28:37,251 [WARN] ConditionMgr:1044 - genDependencies : Invalid condition id : Cortex-A Device cause : null
2026-04-03 15:28:37,254 [WARN] PackLoader:240 - Cannot read IP mode file for STMicroelectronics.X-CUBE-AI.10.0.0
2026-04-03 15:28:37,257 [ERROR] Engine:466 - C:\Users\German\.stm32cubemx\thirdparties\pdsc\STMicroelectronics.FP-SNS-STBOX1.2.1.0.pdsc: PDSC version is not supported
2026-04-03 15:28:37,261 [WARN] PackLoader:240 - Cannot read IP mode file for STMicroelectronics.FP-SNS-SMARTAG2.1.2.0
2026-04-03 15:28:37,264 [WARN] PackLoader:240 - Cannot read IP mode file for STMicroelectronics.FP-SNS-FLIGHT1.5.1.0
2026-04-03 15:28:37,291 [WARN] PackLoader:240 - Cannot read IP mode file for STMicroelectronics.X-CUBE-MEMS1.11.1.0
2026-04-03 15:28:37,349 [INFO] LogOutputStream:77 - [STDOUT_REDIRECT] 1 : Invalid condition id : UX_CORESTACK_Condition cause : null
2026-04-03 15:28:37,350 [INFO] LogOutputStream:77 - [STDOUT_REDIRECT] 1 : Invalid condition id : UX_CORESTACK_Condition cause : null
2026-04-03 15:28:37,350 [INFO] LogOutputStream:77 - [STDOUT_REDIRECT] 1 : Invalid condition id : UX_CORESTACK_Condition cause : null
2026-04-03 15:28:37,351 [INFO] LogOutputStream:77 - [STDOUT_REDIRECT] 1 : Invalid condition id : UX_CORESTACK_Condition cause : null
2026-04-03 15:28:37,351 [INFO] LogOutputStream:77 - [STDOUT_REDIRECT] 1 : Invalid condition id : UX_CORESTACK_Condition cause : null
2026-04-03 15:28:37,352 [WARN] PackLoader:240 - Cannot read IP mode file for STMicroelectronics.X-CUBE-AZRTOS-WL.2.0.0
2026-04-03 15:28:37,355 [WARN] PackLoader:240 - Cannot read IP mode file for STMicroelectronics.FP-SNS-MOTENV1.5.0.0
2026-04-03 15:28:37,365 [WARN] PackLoader:240 - Cannot read IP mode file for STMicroelectronics.X-CUBE-AZRTOS-H7RS.1.2.0
2026-04-03 15:28:37,370 [WARN] PackLoader:240 - Cannot read IP mode file for WES.I-CUBE-Cesium.1.3.0
2026-04-03 15:28:37,373 [WARN] PackLoader:240 - Cannot read IP mode file for STMicroelectronics.X-CUBE-BLE2.3.3.0
2026-04-03 15:28:37,382 [WARN] PackLoader:240 - Cannot read IP mode file for STMicroelectronics.X-CUBE-NFC9.1.0.0
2026-04-03 15:28:37,385 [WARN] PackLoader:240 - Cannot read IP mode file for STMicroelectronics.X-CUBE-BLE1.7.1.0
2026-04-03 15:28:37,387 [WARN] PackLoader:240 - Cannot read IP mode file for wolfSSL.I-CUBE-wolfMQTT.1.19.2
2026-04-03 15:28:37,389 [ERROR] Engine:466 - C:\Users\German\.stm32cubemx\thirdparties\pdsc\STMicroelectronics.X-CUBE-FREERTOS.1.4.0.pdsc: PDSC version is not supported
2026-04-03 15:28:37,392 [WARN] PackLoader:240 - Cannot read IP mode file for STMicroelectronics.X-CUBE-EEPRMA1.5.2.0
2026-04-03 15:28:37,395 [ERROR] Engine:466 - C:\Users\German\.stm32cubemx\thirdparties\pdsc\STMicroelectronics.X-CUBE-ST67W61.1.1.0.pdsc: PDSC version is not supported
2026-04-03 15:28:37,397 [WARN] PackLoader:240 - Cannot read IP mode file for STMicroelectronics.X-CUBE-AI.10.1.0
2026-04-03 15:28:37,412 [WARN] PackLoader:240 - Cannot read IP mode file for STMicroelectronics.X-CUBE-MEMS1.12.0.0
2026-04-03 15:28:37,459 [WARN] PackLoader:240 - Cannot read IP mode file for STMicroelectronics.X-CUBE-MEMS1.11.2.0
2026-04-03 15:28:37,523 [WARN] PackLoader:240 - Cannot read IP mode file for STMicroelectronics.X-CUBE-AZRTOS-G0.1.1.0
2026-04-03 15:28:37,528 [WARN] PackLoader:240 - Cannot read IP mode file for STMicroelectronics.X-CUBE-SAFEA1.1.2.2
2026-04-03 15:28:37,532 [WARN] PackLoader:240 - Cannot read IP mode file for STMicroelectronics.X-CUBE-NFC4.3.0.0
2026-04-03 15:28:37,538 [WARN] PackLoader:240 - Cannot read IP mode file for EmbeddedOffice.I-CUBE-FS-RTOS.1.0.1
2026-04-03 15:28:37,551 [WARN] PackLoader:240 - Cannot read IP mode file for STMicroelectronics.X-CUBE-WB05N.2.0.0
2026-04-03 15:28:37,554 [WARN] PackLoader:240 - Cannot read IP mode file for wolfSSL.I-CUBE-wolfTPM.3.8.0
2026-04-03 15:28:37,558 [WARN] PackLoader:240 - Cannot read IP mode file for STMicroelectronics.X-CUBE-TCPP.4.2.0
2026-04-03 15:28:37,562 [WARN] PackLoader:240 - Cannot read IP mode file for RealThread.X-CUBE-RT-Thread_Nano.4.1.1
2026-04-03 15:28:37,565 [WARN] PackLoader:240 - Cannot read IP mode file for STMicroelectronics.FP-ATR-SIGFOX1.3.2.0
2026-04-03 15:28:37,568 [WARN] PackLoader:240 - Cannot read IP mode file for STMicroelectronics.X-CUBE-EEPRMA1.5.1.0
2026-04-03 15:28:37,571 [ERROR] Engine:466 - C:\Users\German\.stm32cubemx\thirdparties\pdsc\STMicroelectronics.X-CUBE-FREERTOS.1.5.0.pdsc: PDSC version is not supported
2026-04-03 15:28:37,573 [WARN] PackLoader:240 - Cannot read IP mode file for wolfSSL.I-CUBE-wolfSSL.5.7.6
2026-04-03 15:28:37,577 [WARN] PackLoader:240 - Cannot read IP mode file for ITTIA_DB.I-CUBE-ITTIADB.8.9.0
2026-04-03 15:28:37,581 [WARN] PackLoader:240 - Cannot read IP mode file for STMicroelectronics.X-CUBE-NFC6.3.2.0
2026-04-03 15:28:37,586 [WARN] PackLoader:240 - Cannot read IP mode file for STMicroelectronics.X-CUBE-ST67W61.1.0.0
2026-04-03 15:28:37,589 [WARN] PackLoader:240 - Cannot read IP mode file for STMicroelectronics.X-CUBE-AI.10.2.0
2026-04-03 15:28:37,604 [WARN] PackLoader:240 - Cannot read IP mode file for SEGGER.I-CUBE-embOS.1.3.1
2026-04-03 15:28:37,620 [WARN] PackLoader:240 - Cannot read IP mode file for STMicroelectronics.X-CUBE-ALGOBUILD.1.4.0
2026-04-03 15:28:37,639 [WARN] PackLoader:240 - Cannot read IP mode file for STMicroelectronics.X-CUBE-MEMS1.11.3.0
2026-04-03 15:28:37,680 [WARN] PackLoader:240 - Cannot read IP mode file for STMicroelectronics.X-CUBE-PM33A1.1.0.0
2026-04-03 15:28:37,687 [WARN] PackLoader:240 - Cannot read IP mode file for STMicroelectronics.X-CUBE-AZRTOS-F4.1.1.0
2026-04-03 15:28:37,691 [WARN] PackLoader:240 - Cannot read IP mode file for Avnet-IotConnect.X-CUBE-IoTC-DA16k-PMOD.1.0.0
2026-04-03 15:28:37,694 [WARN] PackLoader:240 - Cannot read IP mode file for STMicroelectronics.X-CUBE-ISPU.2.1.0
2026-04-03 15:28:37,696 [ERROR] Engine:466 - C:\Users\German\.stm32cubemx\thirdparties\pdsc\STMicroelectronics.X-CUBE-IPS.3.2.0.pdsc: PDSC version is not supported
2026-04-03 15:28:37,700 [WARN] PackLoader:240 - Cannot read IP mode file for STMicroelectronics.X-CUBE-NFC12.1.0.0
2026-04-03 15:28:37,707 [WARN] PackLoader:240 - Cannot read IP mode file for STMicroelectronics.X-CUBE-AZRTOS-L5.2.0.0
2026-04-03 15:28:37,711 [WARN] PackLoader:240 - Cannot read IP mode file for STMicroelectronics.X-CUBE-NFC6.3.1.0
2026-04-03 15:28:37,715 [WARN] PackLoader:240 - Cannot read IP mode file for STMicroelectronics.X-CUBE-DPower.1.2.0
2026-04-03 15:28:37,718 [WARN] PackLoader:240 - Cannot read IP mode file for STMicroelectronics.X-CUBE-FREERTOS.1.3.1
2026-04-03 15:28:37,721 [WARN] PackLoader:240 - Cannot read IP mode file for STMicroelectronics.X-CUBE-FREERTOS.1.3.0
2026-04-03 15:28:37,725 [WARN] PackLoader:240 - Cannot read IP mode file for STMicroelectronics.X-CUBE-NFC7.1.0.1
2026-04-03 15:28:37,728 [WARN] PackLoader:240 - Cannot read IP mode file for STMicroelectronics.X-CUBE-TOUCHGFX.4.26.0
2026-04-03 15:28:37,729 [WARN] PackLoader:240 - Cannot read IP mode file for STMicroelectronics.X-CUBE-TOUCHGFX.4.26.1
2026-04-03 15:28:37,733 [WARN] PackLoader:240 - Cannot read IP mode file for STMicroelectronics.FP-SNS-STAIOTCFT.1.0.0
2026-04-03 15:28:37,735 [WARN] PackLoader:240 - Cannot read IP mode file for STMicroelectronics.X-CUBE-DPower.1.3.0
2026-04-03 15:28:37,744 [WARN] ConditionMgr:438 - getConditionDescription Invalid condition id : LAN8742 Phy interface Condition cause : null
2026-04-03 15:28:37,744 [WARN] PackLoader:240 - Cannot read IP mode file for STMicroelectronics.X-CUBE-AZRTOS-L4.2.0.0
2026-04-03 15:28:37,745 [WARN] ConditionMgr:1044 - genDependencies : Invalid condition id : LAN8742 Phy interface Condition cause : null
2026-04-03 15:28:37,745 [WARN] ConditionMgr:1044 - genDependencies : Invalid condition id : LAN8742 Phy interface Condition cause : null
2026-04-03 15:28:37,745 [WARN] ConditionMgr:1044 - genDependencies : Invalid condition id : LAN8742 Phy interface Condition cause : null
2026-04-03 15:28:37,750 [WARN] PackLoader:240 - Cannot read IP mode file for STMicroelectronics.X-CUBE-SFXS2LP1.4.0.0
2026-04-03 15:28:37,751 [ERROR] Engine:466 - C:\Users\German\.stm32cubemx\thirdparties\pdsc\STMicroelectronics.X-CUBE-ST67W61.1.2.0.pdsc: PDSC version is not supported
2026-04-03 15:28:37,759 [WARN] PackLoader:240 - Cannot read IP mode file for STMicroelectronics.X-CUBE-AZRTOS-H7.3.3.0
2026-04-03 15:28:37,763 [WARN] PackLoader:240 - Cannot read IP mode file for STMicroelectronics.X-CUBE-BLEMGR.4.1.0
2026-04-03 15:28:37,770 [WARN] ConditionMgr:438 - getConditionDescription Invalid condition id : UX DEVICE CLASS RTOS Condition cause : null
2026-04-03 15:28:37,770 [WARN] ConditionMgr:438 - getConditionDescription Invalid condition id : UX DEVICE CLASS RTOS Condition cause : null
2026-04-03 15:28:37,770 [WARN] PackLoader:240 - Cannot read IP mode file for STMicroelectronics.X-CUBE-AZRTOS-WB.2.0.0
2026-04-03 15:28:37,771 [WARN] ConditionMgr:1044 - genDependencies : Invalid condition id : UX DEVICE CLASS RTOS Condition cause : null
2026-04-03 15:28:37,771 [WARN] ConditionMgr:1044 - genDependencies : Invalid condition id : UX DEVICE CLASS RTOS Condition cause : null
2026-04-03 15:28:37,771 [WARN] ConditionMgr:1044 - genDependencies : Invalid condition id : UX DEVICE CLASS RTOS Condition cause : null
2026-04-03 15:28:37,771 [WARN] ConditionMgr:1044 - genDependencies : Invalid condition id : UX DEVICE CLASS RTOS Condition cause : null
2026-04-03 15:28:37,771 [WARN] ConditionMgr:1044 - genDependencies : Invalid condition id : UX DEVICE CLASS RTOS Condition cause : null
2026-04-03 15:28:37,774 [WARN] PackLoader:240 - Cannot read IP mode file for STMicroelectronics.X-CUBE-GNSS1.7.0.1
2026-04-03 15:28:37,777 [WARN] PackLoader:240 - Cannot read IP mode file for STMicroelectronics.X-CUBE-TOUCHGFX.4.25.0
2026-04-03 15:28:37,780 [WARN] PackLoader:240 - Cannot read IP mode file for STMicroelectronics.FP-SNS-STBOX1.2.0.0
2026-04-03 15:28:37,784 [WARN] PackLoader:240 - Cannot read IP mode file for STMicroelectronics.X-CUBE-STSE01.2.0.0
2026-04-03 15:28:37,789 [WARN] PackLoader:240 - Cannot read IP mode file for STMicroelectronics.X-CUBE-SUBG2.5.0.0
2026-04-03 15:28:37,797 [WARN] PackLoader:240 - Cannot read IP mode file for STMicroelectronics.X-CUBE-AZRTOS-H7RS.1.1.0
2026-04-03 15:28:37,800 [WARN] PackLoader:240 - Cannot read IP mode file for Cesanta.I-CUBE-Mongoose.7.13.0
2026-04-03 15:28:37,806 [WARN] PackLoader:240 - Cannot read IP mode file for STMicroelectronics.X-CUBE-AZRTOS-G4.2.0.0
2026-04-03 15:28:37,810 [WARN] PackLoader:240 - Cannot read IP mode file for wolfSSL.I-CUBE-wolfSSH.1.4.20
2026-04-03 15:28:37,812 [WARN] PackLoader:240 - Cannot read IP mode file for STMicroelectronics.X-CUBE-NFC7.2.0.0
2026-04-03 15:28:37,817 [WARN] PackLoader:240 - Cannot read IP mode file for STMicroelectronics.X-CUBE-IPS.3.1.0
2026-04-03 15:28:37,821 [WARN] PackLoader:240 - Cannot read IP mode file for STMicroelectronics.X-CUBE-ALS.1.0.2
2026-04-03 15:28:37,823 [WARN] PackLoader:240 - Cannot read IP mode file for STMicroelectronics.X-CUBE-STSE01.1.0.0
2026-04-03 15:28:37,826 [WARN] PackLoader:240 - Cannot read IP mode file for portGmbH.I-Cube-SoM-uGOAL.1.1.0
2026-04-03 15:28:37,831 [WARN] PackLoader:240 - Cannot read IP mode file for STMicroelectronics.X-CUBE-TOF1.3.4.2
2026-04-03 15:28:37,838 [WARN] PackLoader:240 - Cannot read IP mode file for STMicroelectronics.X-CUBE-TOF1.3.4.3
2026-04-03 15:28:37,842 [INFO] ThirdParty:978 - Integrity check success = true
2026-04-03 15:28:37,843 [INFO] IntegrityCheckThread:100 - exiting critical section [integrity check]
2026-04-03 15:28:37,843 [INFO] IntegrityCheckThread:103 - End integrity checks thread
2026-04-03 15:29:19,677 [ERROR] LogOutputStream:75 - [STDERR_REDIRECT] 
2026-04-03 15:30:29,483 [INFO] Activator:176 - 


2026-04-03 15:30:29,484 [INFO] Activator:177 - !SESSION log4j initialized
2026-04-03 15:30:33,693 [INFO] LogOutputStream:77 - [STDOUT_REDIRECT] 
2026-04-03 15:30:34,620 [INFO] ApplicationProperties:184 - Using Application install path: C:\ST\STM32CubeIDE_1.18.1\STM32CubeIDE\plugins\com.st.stm32cube.common.mx_6.14.1.202504091515
2026-04-03 15:30:34,632 [INFO] DbMcusXml:78 - Set database path to: C:\ST\STM32CubeIDE_1.18.1\STM32CubeIDE\plugins\com.st.stm32cube.common.mx_6.14.1.202504091515\\db\/mcu/
2026-04-03 15:30:34,632 [INFO] ApiDb:274 - Set plugin database path to: C:\ST\STM32CubeIDE_1.18.1\STM32CubeIDE\plugins\com.st.stm32cube.common.mx_6.14.1.202504091515\\db\/plugins/boardmanager/
2026-04-03 15:30:34,632 [WARN] ApiDb:259 - Overriding images path with different value:  => C:\ST\STM32CubeIDE_1.18.1\STM32CubeIDE\plugins\com.st.stm32cube.common.mx_6.14.1.202504091515\\db\/plugins/mcufinder/images/
2026-04-03 15:30:34,638 [INFO] ApiDb:250 - Set database path to: C:\Users\German\.stmcufinder\plugins\mcufinder//mcu/
2026-04-03 15:30:34,638 [INFO] DbMcusAds:125 - Set database path to: C:\Users\German\.stmcufinder\plugins\mcufinder//mcu/
2026-04-03 15:30:34,639 [INFO] CrossReferenceDbSqlite:203 - Set database path to: C:\Users\German\.stmcufinder\plugins\mcufinder//mcu/cs/
2026-04-03 15:30:34,713 [INFO] RulesReader:64 - Compatibility file has been processed (302 Rules)
2026-04-03 15:30:34,764 [INFO] DbMcusXml:78 - Set database path to: C:\ST\STM32CubeIDE_1.18.1\STM32CubeIDE\plugins\com.st.stm32cube.common.mx_6.14.1.202504091515\\db\/mcu/
2026-04-03 15:30:34,764 [INFO] ApiDb:274 - Set plugin database path to: C:\ST\STM32CubeIDE_1.18.1\STM32CubeIDE\plugins\com.st.stm32cube.common.mx_6.14.1.202504091515\\db\/plugins/boardmanager/
2026-04-03 15:30:34,764 [INFO] ApiDb:261 - Set plugin images path to: C:\ST\STM32CubeIDE_1.18.1\STM32CubeIDE\plugins\com.st.stm32cube.common.mx_6.14.1.202504091515\\db\/plugins/mcufinder/images/
2026-04-03 15:30:34,765 [WARN] DbFile:41 - Overriding database path with different value: C:\Users\German\.stmcufinder\plugins\mcufinder/ => C:\Users\German\.stmcufinder\plugins\mcufinder
2026-04-03 15:30:34,765 [INFO] ApiDb:250 - Set database path to: C:\Users\German\.stmcufinder\plugins\mcufinder//mcu/
2026-04-03 15:30:34,765 [WARN] DbFile:41 - Overriding database path with different value: C:\Users\German\.stmcufinder\plugins\mcufinder/ => C:\Users\German\.stmcufinder\plugins\mcufinder
2026-04-03 15:30:34,765 [INFO] DbMcusAds:125 - Set database path to: C:\Users\German\.stmcufinder\plugins\mcufinder//mcu/
2026-04-03 15:30:34,765 [WARN] DbFile:41 - Overriding database path with different value: C:\Users\German\.stmcufinder\plugins\mcufinder/ => C:\Users\German\.stmcufinder\plugins\mcufinder
2026-04-03 15:30:34,765 [WARN] DbFile:41 - Overriding database path with different value: C:\Users\German\.stmcufinder\plugins\mcufinder/ => C:\Users\German\.stmcufinder\plugins\mcufinder
2026-04-03 15:30:34,765 [INFO] CrossReferenceDbSqlite:203 - Set database path to: C:\Users\German\.stmcufinder\plugins\mcufinder//mcu/cs/
2026-04-03 15:30:34,813 [INFO] MainPanel:272 - HeapMemory: 268435456
2026-04-03 15:30:34,883 [INFO] DbMcusXml:78 - Set database path to: C:\ST\STM32CubeIDE_1.18.1\STM32CubeIDE\plugins\com.st.stm32cube.common.mx_6.14.1.202504091515\\db\/mcu/
2026-04-03 15:30:34,883 [INFO] ApiDb:274 - Set plugin database path to: C:\ST\STM32CubeIDE_1.18.1\STM32CubeIDE\plugins\com.st.stm32cube.common.mx_6.14.1.202504091515\\db\/plugins/boardmanager/
2026-04-03 15:30:34,883 [INFO] ApiDb:261 - Set plugin images path to: C:\ST\STM32CubeIDE_1.18.1\STM32CubeIDE\plugins\com.st.stm32cube.common.mx_6.14.1.202504091515\\db\/plugins/mcufinder/images/
2026-04-03 15:30:34,883 [WARN] DbFile:41 - Overriding database path with different value: C:\Users\German\.stmcufinder\plugins\mcufinder/ => C:\Users\German\.stmcufinder\plugins\mcufinder
2026-04-03 15:30:34,883 [INFO] ApiDb:250 - Set database path to: C:\Users\German\.stmcufinder\plugins\mcufinder//mcu/
2026-04-03 15:30:34,883 [WARN] DbFile:41 - Overriding database path with different value: C:\Users\German\.stmcufinder\plugins\mcufinder/ => C:\Users\German\.stmcufinder\plugins\mcufinder
2026-04-03 15:30:34,883 [INFO] DbMcusAds:125 - Set database path to: C:\Users\German\.stmcufinder\plugins\mcufinder//mcu/
2026-04-03 15:30:34,883 [WARN] DbFile:41 - Overriding database path with different value: C:\Users\German\.stmcufinder\plugins\mcufinder/ => C:\Users\German\.stmcufinder\plugins\mcufinder
2026-04-03 15:30:34,884 [WARN] DbFile:41 - Overriding database path with different value: C:\Users\German\.stmcufinder\plugins\mcufinder/ => C:\Users\German\.stmcufinder\plugins\mcufinder
2026-04-03 15:30:34,884 [INFO] CrossReferenceDbSqlite:203 - Set database path to: C:\Users\German\.stmcufinder\plugins\mcufinder//mcu/cs/
2026-04-03 15:30:34,896 [INFO] ApplicationProperties:184 - Using Application install path: C:\ST\STM32CubeIDE_1.18.1\STM32CubeIDE\plugins\com.st.stm32cube.common.mx_6.14.1.202504091515
2026-04-03 15:30:34,897 [INFO] PluginManage:196 - Search for loadable plugins [exclusion list=, ]
2026-04-03 15:30:34,898 [INFO] PluginManage:310 - Check plugin analytics
2026-04-03 15:30:35,024 [INFO] AnalyticsPlugin:253 - Accepted Software Licenses: STM32CubeMX.6.14.1,STM32CubeMX.6.17.0
2026-04-03 15:30:35,024 [INFO] AnalyticsPlugin:255 - Accepted CMSIS Pack Licenses: 
2026-04-03 15:30:35,024 [INFO] AnalyticsPlugin:257 - Accepted Firmware Licenses: FW.WB.1.17.0,FW.WB.1.22.0,FW.L4.1.18.0,FW.WB.1.13.0,FW.WB.1.23.0,FW.WB.1.24.0
2026-04-03 15:30:35,027 [INFO] PluginManage:359 - Loaded plugin analytics (category:tool,tabindex:-1)
2026-04-03 15:30:35,027 [INFO] PluginManage:310 - Check plugin cadmodel
2026-04-03 15:30:35,031 [INFO] CADModel:105 - Init CAD model plugin
2026-04-03 15:30:35,031 [INFO] PluginManage:359 - Loaded plugin cadmodel (category:power,tabindex:5)
2026-04-03 15:30:35,032 [INFO] PluginManage:310 - Check plugin clock
2026-04-03 15:30:35,041 [INFO] PluginManage:359 - Loaded plugin clock (category:base,tabindex:2)
2026-04-03 15:30:35,041 [INFO] PluginManage:310 - Check plugin ddr
2026-04-03 15:30:35,044 [INFO] PluginManage:359 - Loaded plugin ddr (category:tool,tabindex:6)
2026-04-03 15:30:35,044 [INFO] PluginManage:310 - Check plugin filemanager
2026-04-03 15:30:35,151 [INFO] PluginManage:359 - Loaded plugin filemanager (category:base,tabindex:10)
2026-04-03 15:30:35,151 [INFO] PluginManage:310 - Check plugin ipmanager
2026-04-03 15:30:35,156 [INFO] PluginManage:359 - Loaded plugin ipmanager (category:base,tabindex:5)
2026-04-03 15:30:35,156 [INFO] PluginManage:310 - Check plugin lpbam
2026-04-03 15:30:35,161 [INFO] PluginManage:359 - Loaded plugin lpbam (category:base,tabindex:0)
2026-04-03 15:30:35,161 [INFO] PluginManage:310 - Check plugin memorymap
2026-04-03 15:30:35,171 [INFO] PluginManage:359 - Loaded plugin memorymap (category:base,tabindex:4)
2026-04-03 15:30:35,171 [INFO] PluginManage:310 - Check plugin pinoutandconfiguration
2026-04-03 15:30:35,176 [INFO] PluginManage:359 - Loaded plugin pinoutandconfiguration (category:base,tabindex:1)
2026-04-03 15:30:35,177 [INFO] PluginManage:310 - Check plugin pinoutconfig
2026-04-03 15:30:35,239 [WARN] SupportedApi:132 - Cannot load RTOS API schema: s4s-elt-must-match.1: The content of 'definitions' must match (annotation?, (simpleType | complexType)?, (unique | key | keyref)*)). A problem was found starting at: attribute.
2026-04-03 15:30:35,339 [INFO] PluginManage:359 - Loaded plugin pinoutconfig (category:base,tabindex:0)
2026-04-03 15:30:35,339 [INFO] PluginManage:310 - Check plugin power
2026-04-03 15:30:35,349 [INFO] PluginManage:359 - Loaded plugin power (category:power,tabindex:4)
2026-04-03 15:30:35,349 [INFO] PluginManage:310 - Check plugin projectmanager
2026-04-03 15:30:35,361 [INFO] PluginManage:359 - Loaded plugin projectmanager (category:projectmanager,tabindex:4)
2026-04-03 15:30:35,362 [INFO] PluginManage:310 - Check plugin rif
2026-04-03 15:30:35,372 [INFO] PluginManage:359 - Loaded plugin rif (category:base,tabindex:3)
2026-04-03 15:30:35,372 [INFO] PluginManage:310 - Check plugin thirdparty
2026-04-03 15:30:35,504 [INFO] PluginManage:359 - Loaded plugin thirdparty (category:base,tabindex:-1)
2026-04-03 15:30:35,504 [INFO] PluginManage:310 - Check plugin tools
2026-04-03 15:30:35,504 [WARN] IntegrityCheckThread:84 - waiting for thirdparty lock release [integrity check]
2026-04-03 15:30:35,504 [INFO] IntegrityCheckThread:86 - entering critical section [integrity check]
2026-04-03 15:30:35,504 [INFO] ThirdPartyUpdaterWithRetryManager:70 - Updater plugin not ready yet. [1/15]
2026-04-03 15:30:35,507 [INFO] PluginManage:359 - Loaded plugin tools (category:base,tabindex:7)
2026-04-03 15:30:35,507 [INFO] PluginManage:310 - Check plugin tutovideos
2026-04-03 15:30:35,640 [INFO] PluginManage:359 - Loaded plugin tutovideos (category:base,tabindex:-1)
2026-04-03 15:30:35,640 [INFO] PluginManage:310 - Check plugin updater
2026-04-03 15:30:35,659 [INFO] PluginManage:359 - Loaded plugin updater (category:base,tabindex:12)
2026-04-03 15:30:35,659 [INFO] PluginManage:310 - Check plugin userauth
2026-04-03 15:30:35,662 [INFO] UserAuth:118 - Init User Auth plugin
2026-04-03 15:30:35,663 [INFO] PluginManage:359 - Loaded plugin userauth (category:base,tabindex:14)
2026-04-03 15:30:35,663 [INFO] PluginManage:283 - PluginManage : Loaded plugins [18]
2026-04-03 15:30:35,858 [INFO] PinOutPanel:1589 - setPackage(No Configuration,No Configuration)
2026-04-03 15:30:35,939 [INFO] CADModel:165 - CPN selected for project level
2026-04-03 15:30:35,939 [INFO] CADModel:114 - Register for checkConnection events
2026-04-03 15:30:35,956 [INFO] IPUIPlugin:80 - create IPUIPlugin
2026-04-03 15:30:35,957 [INFO] PluginManager:220 - loadIPPluginJar : add adc
2026-04-03 15:30:35,959 [INFO] IPUIPlugin:80 - create IPUIPlugin
2026-04-03 15:30:35,959 [INFO] PluginManager:220 - loadIPPluginJar : add aes
2026-04-03 15:30:35,962 [INFO] IPUIPlugin:80 - create IPUIPlugin
2026-04-03 15:30:35,962 [INFO] PluginManager:220 - loadIPPluginJar : add can
2026-04-03 15:30:35,963 [INFO] IPUIPlugin:80 - create IPUIPlugin
2026-04-03 15:30:35,964 [INFO] PluginManager:220 - loadIPPluginJar : add comp
2026-04-03 15:30:35,966 [INFO] IPUIPlugin:80 - create IPUIPlugin
2026-04-03 15:30:35,966 [INFO] PluginManager:220 - loadIPPluginJar : add cryp
2026-04-03 15:30:35,970 [INFO] IPUIPlugin:80 - create IPUIPlugin
2026-04-03 15:30:35,970 [INFO] PluginManager:220 - loadIPPluginJar : add ddr_ctrl_phy
2026-04-03 15:30:35,972 [INFO] IPUIPlugin:80 - create IPUIPlugin
2026-04-03 15:30:35,972 [INFO] PluginManager:220 - loadIPPluginJar : add dfsdm
2026-04-03 15:30:35,978 [INFO] IPUIPlugin:80 - create IPUIPlugin
2026-04-03 15:30:35,978 [INFO] PluginManager:220 - loadIPPluginJar : add dma
2026-04-03 15:30:35,981 [INFO] IPUIPlugin:80 - create IPUIPlugin
2026-04-03 15:30:35,982 [INFO] PluginManager:220 - loadIPPluginJar : add dma3
2026-04-03 15:30:35,984 [INFO] IPUIPlugin:80 - create IPUIPlugin
2026-04-03 15:30:35,984 [INFO] PluginManager:220 - loadIPPluginJar : add extmemmanager
2026-04-03 15:30:35,986 [INFO] IPUIPlugin:80 - create IPUIPlugin
2026-04-03 15:30:35,986 [INFO] PluginManager:220 - loadIPPluginJar : add fatfs
2026-04-03 15:30:35,990 [INFO] IPUIPlugin:80 - create IPUIPlugin
2026-04-03 15:30:35,990 [INFO] PluginManager:220 - loadIPPluginJar : add fmc
2026-04-03 15:30:35,996 [INFO] IPUIPlugin:80 - create IPUIPlugin
2026-04-03 15:30:35,996 [INFO] PluginManager:220 - loadIPPluginJar : add freertos
2026-04-03 15:30:35,997 [INFO] IPUIPlugin:80 - create IPUIPlugin
2026-04-03 15:30:35,998 [INFO] PluginManager:220 - loadIPPluginJar : add genericplugin
2026-04-03 15:30:36,000 [INFO] IPUIPlugin:80 - create IPUIPlugin
2026-04-03 15:30:36,000 [INFO] PluginManager:220 - loadIPPluginJar : add gfxmmu
2026-04-03 15:30:36,004 [INFO] IPUIPlugin:80 - create IPUIPlugin
2026-04-03 15:30:36,004 [INFO] PluginManager:220 - loadIPPluginJar : add gic
2026-04-03 15:30:36,008 [INFO] IPUIPlugin:80 - create IPUIPlugin
2026-04-03 15:30:36,008 [INFO] PluginManager:220 - loadIPPluginJar : add gpio
2026-04-03 15:30:36,010 [INFO] IPUIPlugin:80 - create IPUIPlugin
2026-04-03 15:30:36,010 [INFO] PluginManager:220 - loadIPPluginJar : add gtzc
2026-04-03 15:30:36,013 [INFO] IPUIPlugin:80 - create IPUIPlugin
2026-04-03 15:30:36,013 [INFO] PluginManager:220 - loadIPPluginJar : add hash
2026-04-03 15:30:36,016 [INFO] IPUIPlugin:80 - create IPUIPlugin
2026-04-03 15:30:36,016 [INFO] PluginManager:220 - loadIPPluginJar : add i2c
2026-04-03 15:30:36,018 [INFO] IPUIPlugin:80 - create IPUIPlugin
2026-04-03 15:30:36,018 [INFO] PluginManager:220 - loadIPPluginJar : add i2s
2026-04-03 15:30:36,021 [INFO] IPUIPlugin:80 - create IPUIPlugin
2026-04-03 15:30:36,021 [INFO] PluginManager:220 - loadIPPluginJar : add i3c
2026-04-03 15:30:36,024 [INFO] IPUIPlugin:80 - create IPUIPlugin
2026-04-03 15:30:36,024 [INFO] PluginManager:220 - loadIPPluginJar : add ipddr
2026-04-03 15:30:36,031 [INFO] IPUIPlugin:80 - create IPUIPlugin
2026-04-03 15:30:36,031 [INFO] PluginManager:220 - loadIPPluginJar : add linkedlist
2026-04-03 15:30:36,034 [INFO] IPUIPlugin:80 - create IPUIPlugin
2026-04-03 15:30:36,034 [INFO] PluginManager:220 - loadIPPluginJar : add lorawan
2026-04-03 15:30:36,035 [INFO] IPUIPlugin:80 - create IPUIPlugin
2026-04-03 15:30:36,035 [INFO] PluginManager:220 - loadIPPluginJar : add ltdc
2026-04-03 15:30:36,040 [INFO] IPUIPlugin:80 - create IPUIPlugin
2026-04-03 15:30:36,040 [INFO] PluginManager:220 - loadIPPluginJar : add mdma
2026-04-03 15:30:36,043 [INFO] IPUIPlugin:80 - create IPUIPlugin
2026-04-03 15:30:36,043 [INFO] PluginManager:220 - loadIPPluginJar : add nvic
2026-04-03 15:30:36,046 [INFO] IPUIPlugin:80 - create IPUIPlugin
2026-04-03 15:30:36,046 [INFO] PluginManager:220 - loadIPPluginJar : add opamp
2026-04-03 15:30:36,048 [INFO] IPUIPlugin:80 - create IPUIPlugin
2026-04-03 15:30:36,048 [INFO] PluginManager:220 - loadIPPluginJar : add openamp
2026-04-03 15:30:36,051 [INFO] IPUIPlugin:80 - create IPUIPlugin
2026-04-03 15:30:36,051 [INFO] PluginManager:220 - loadIPPluginJar : add pdm2pcm
2026-04-03 15:30:36,055 [INFO] IPUIPlugin:80 - create IPUIPlugin
2026-04-03 15:30:36,056 [INFO] PluginManager:220 - loadIPPluginJar : add plateformsettings
2026-04-03 15:30:36,058 [INFO] IPUIPlugin:80 - create IPUIPlugin
2026-04-03 15:30:36,058 [INFO] PluginManager:220 - loadIPPluginJar : add quadspi
2026-04-03 15:30:36,060 [INFO] IPUIPlugin:80 - create IPUIPlugin
2026-04-03 15:30:36,060 [INFO] PluginManager:220 - loadIPPluginJar : add radio
2026-04-03 15:30:36,064 [INFO] IPUIPlugin:80 - create IPUIPlugin
2026-04-03 15:30:36,064 [INFO] PluginManager:220 - loadIPPluginJar : add resmgrutility
2026-04-03 15:30:36,067 [INFO] IPUIPlugin:80 - create IPUIPlugin
2026-04-03 15:30:36,067 [INFO] PluginManager:220 - loadIPPluginJar : add sai
2026-04-03 15:30:36,069 [INFO] IPUIPlugin:80 - create IPUIPlugin
2026-04-03 15:30:36,069 [INFO] PluginManager:220 - loadIPPluginJar : add spi
2026-04-03 15:30:36,075 [INFO] IPUIPlugin:80 - create IPUIPlugin
2026-04-03 15:30:36,075 [INFO] PluginManager:220 - loadIPPluginJar : add stm32_wpan
2026-04-03 15:30:36,076 [INFO] IPUIPlugin:80 - create IPUIPlugin
2026-04-03 15:30:36,076 [INFO] PluginManager:220 - loadIPPluginJar : add tim
2026-04-03 15:30:36,079 [INFO] IPUIPlugin:80 - create IPUIPlugin
2026-04-03 15:30:36,079 [INFO] PluginManager:220 - loadIPPluginJar : add touchsensing
2026-04-03 15:30:36,081 [INFO] IPUIPlugin:80 - create IPUIPlugin
2026-04-03 15:30:36,082 [INFO] PluginManager:220 - loadIPPluginJar : add tracer_emb
2026-04-03 15:30:36,083 [INFO] IPUIPlugin:80 - create IPUIPlugin
2026-04-03 15:30:36,083 [INFO] PluginManager:220 - loadIPPluginJar : add ts
2026-04-03 15:30:36,085 [INFO] IPUIPlugin:80 - create IPUIPlugin
2026-04-03 15:30:36,085 [INFO] PluginManager:220 - loadIPPluginJar : add tsc
2026-04-03 15:30:36,087 [INFO] IPUIPlugin:80 - create IPUIPlugin
2026-04-03 15:30:36,087 [INFO] PluginManager:220 - loadIPPluginJar : add ucpd
2026-04-03 15:30:36,089 [INFO] IPUIPlugin:80 - create IPUIPlugin
2026-04-03 15:30:36,090 [INFO] PluginManager:220 - loadIPPluginJar : add usart
2026-04-03 15:30:36,093 [INFO] IPUIPlugin:80 - create IPUIPlugin
2026-04-03 15:30:36,093 [INFO] PluginManager:220 - loadIPPluginJar : add usbx
2026-04-03 15:30:36,214 [FATAL] Updater:351 - Updater called before beeing initialized
2026-04-03 15:30:36,235 [INFO] RulesReader:64 - Compatibility file has been processed (302 Rules)
2026-04-03 15:30:36,243 [INFO] RulesReader:64 - Compatibility file has been processed (302 Rules)
2026-04-03 15:30:36,249 [INFO] CADModel:165 - CPN selected for project level
2026-04-03 15:30:36,250 [INFO] CADModel:114 - Register for checkConnection events
2026-04-03 15:30:36,250 [FATAL] Updater:351 - Updater called before beeing initialized
2026-04-03 15:30:36,250 [ERROR] CADModel:125 - Updater not yet initialized, retry later 
2026-04-03 15:30:36,393 [FATAL] Updater:351 - Updater called before beeing initialized
2026-04-03 15:30:36,395 [INFO] CADModel:165 - CPN selected for project level
2026-04-03 15:30:36,395 [INFO] CADModel:114 - Register for checkConnection events
2026-04-03 15:30:36,395 [FATAL] Updater:351 - Updater called before beeing initialized
2026-04-03 15:30:36,395 [ERROR] CADModel:125 - Updater not yet initialized, retry later 
2026-04-03 15:30:36,398 [FATAL] Updater:351 - Updater called before beeing initialized
2026-04-03 15:30:36,473 [FATAL] Updater:351 - Updater called before beeing initialized
2026-04-03 15:30:36,475 [INFO] DbMcusAds:53 - JSON generation date=Thu Mar 05 11:32:52 ART 2026 (1772721172890)
2026-04-03 15:30:36,475 [FATAL] Updater:351 - Updater called before beeing initialized
2026-04-03 15:30:36,502 [WARN] DetailPanel:346 - Failed to get advertising image, set to default
2026-04-03 15:30:36,746 [FATAL] Updater:351 - Updater called before beeing initialized
2026-04-03 15:30:36,749 [FATAL] Updater:351 - Updater called before beeing initialized
2026-04-03 15:30:36,749 [FATAL] Updater:351 - Updater called before beeing initialized
2026-04-03 15:30:36,749 [WARN] DetailPanel:346 - Failed to get advertising image, set to default
2026-04-03 15:30:36,750 [FATAL] Updater:351 - Updater called before beeing initialized
2026-04-03 15:30:36,799 [ERROR] Updater:1198 - MainUpdater not yet initialized. External WinMGr cannot be set.
2026-04-03 15:30:36,801 [INFO] Updater:1134 - Updater Version found : 6.14.1
2026-04-03 15:30:36,813 [INFO] ApplicationProperties:184 - Using Application install path: C:\ST\STM32CubeIDE_1.18.1\STM32CubeIDE\plugins\com.st.stm32cube.common.mx_6.14.1.202504091515
2026-04-03 15:30:38,381 [ERROR] LogOutputStream:75 - [STDERR_REDIRECT] Apr 03, 2026 3:30:38 PM java.util.prefs.WindowsPreferences <init>
2026-04-03 15:30:38,382 [ERROR] LogOutputStream:75 - [STDERR_REDIRECT] WARNING: Could not open/create prefs root node Software\JavaSoft\Prefs at root 0xffffffff80000002. Windows RegCreateKeyEx(...) returned error code 5.
2026-04-03 15:30:38,382 [ERROR] LogOutputStream:75 - [STDERR_REDIRECT] 
2026-04-03 15:30:38,505 [INFO] ThirdPartyUpdaterWithRetryManager:70 - Updater plugin not ready yet. [2/15]
2026-04-03 15:30:38,563 [INFO] MainUpdater:2872 - connection check result : 10
2026-04-03 15:30:38,564 [INFO] MainUpdater:289 - Updater Check For Update Now.
2026-04-03 15:30:38,564 [INFO] MicroXplorer:498 - Change Database Version : DB.6.0.141
2026-04-03 15:30:38,569 [INFO] McuFinderGlobals:63 - Set McuFinder mode to 2 (CubeIDE integrated)
2026-04-03 15:30:38,569 [INFO] UserAuth:484 - Internet connection configuration mode: 1
2026-04-03 15:30:38,584 [INFO] JxBrowserEngine:152 - Initiate JxBrowser Engine with user profile folder
2026-04-03 15:30:38,725 [INFO] CheckServerUpdateThread:120 - End of CheckServer Thread
2026-04-03 15:30:39,240 [INFO] WebApp:169 - Instantiating new browser for Auth
2026-04-03 15:30:39,688 [INFO] WebApp:463 - Apply proxy settings
2026-04-03 15:30:39,688 [INFO] WebApp:548 - Chromium requires no authentication
2026-04-03 15:30:39,694 [INFO] WebApp:491 - Direct internet connection detected
2026-04-03 15:30:39,708 [INFO] WebApp:894 - Register for checkConnection events
2026-04-03 15:30:39,708 [INFO] WebApp:463 - Apply proxy settings
2026-04-03 15:30:39,708 [INFO] WebApp:548 - Chromium requires no authentication
2026-04-03 15:30:39,708 [INFO] WebApp:491 - Direct internet connection detected
2026-04-03 15:30:39,806 [INFO] WebApp:225 - Starting web application
2026-04-03 15:30:39,806 [INFO] WebApp:593 - Web application path used C:\ST\STM32CubeIDE_1.18.1\STM32CubeIDE\plugins\com.st.stm32cube.common.mx_6.14.1.202504091515\db\plugins\mcufinder\reactClient1\index.html
2026-04-03 15:30:39,883 [INFO] WebApp:191 - Connection restablished
2026-04-03 15:30:39,978 [INFO] UserAuth:484 - Internet connection configuration mode: 1
2026-04-03 15:30:41,704 [WARN] PackLoader:240 - Cannot read IP mode file for STMicroelectronics.X-CUBE-AZRTOS-H7.3.5.0
2026-04-03 15:30:41,711 [WARN] PackLoader:240 - Cannot read IP mode file for STMicroelectronics.FP-SNS-MOTENVWB1.1.4.0
2026-04-03 15:30:41,715 [WARN] PackLoader:240 - Cannot read IP mode file for STMicroelectronics.FP-ATR-ASTRA1.2.0.2
2026-04-03 15:30:41,721 [WARN] PackLoader:240 - Cannot read IP mode file for STMicroelectronics.X-CUBE-SMBUS.2.1.0
2026-04-03 15:30:41,726 [WARN] PackLoader:240 - Cannot read IP mode file for STMicroelectronics.X-CUBE-WB05N.1.1.0
2026-04-03 15:30:41,729 [WARN] PackLoader:240 - Cannot read IP mode file for STMicroelectronics.X-CUBE-ST60.1.0.0
2026-04-03 15:30:41,741 [WARN] PackLoader:240 - Cannot read IP mode file for STMicroelectronics.X-CUBE-AZRTOS-F7.1.1.0
2026-04-03 15:30:41,746 [ERROR] Engine:466 - C:\Users\German\.stm32cubemx\thirdparties\pdsc\STMicroelectronics.FP-SNS-MOTENV1.5.1.0.pdsc: PDSC version is not supported
2026-04-03 15:30:41,760 [WARN] PackLoader:240 - Cannot read IP mode file for Infineon.AIROC-Wi-Fi-Bluetooth-STM32.1.7.0
2026-04-03 15:30:41,784 [WARN] PackLoader:240 - Cannot read IP mode file for STMicroelectronics.X-CUBE-AZRTOS-H7.3.4.0
2026-04-03 15:30:41,792 [WARN] PackLoader:240 - Cannot read IP mode file for STMicroelectronics.X-CUBE-DISPLAY.3.0.0
2026-04-03 15:30:41,797 [ERROR] Engine:466 - C:\Users\German\.stm32cubemx\thirdparties\pdsc\STMicroelectronics.FP-SNS-MOTENVWB1.1.5.0.pdsc: PDSC version is not supported
2026-04-03 15:30:41,802 [WARN] PackLoader:240 - Cannot read IP mode file for STMicroelectronics.X-CUBE-NFC10.1.0.0
2026-04-03 15:30:41,825 [WARN] PackLoader:240 - Cannot read IP mode file for STMicroelectronics.X-CUBE-BLEMGR.4.0.0
2026-04-03 15:30:41,832 [WARN] PackLoader:240 - Cannot read IP mode file for STMicroelectronics.X-CUBE-ST60.1.1.0
2026-04-03 15:30:41,838 [WARN] PackLoader:240 - Cannot read IP mode file for emotas.I-CUBE-CANOPEN.1.3.0
2026-04-03 15:30:41,843 [WARN] PackLoader:240 - Cannot read IP mode file for STMicroelectronics.X-CUBE-GNSS1.7.1.0
2026-04-03 15:30:41,849 [WARN] ConditionMgr:438 - getConditionDescription Invalid condition id : Cortex-A Device cause : null
2026-04-03 15:30:41,858 [WARN] ConditionMgr:1044 - genDependencies : Invalid condition id : Cortex-A Device cause : null
2026-04-03 15:30:41,858 [WARN] ConditionMgr:1044 - genDependencies : Invalid condition id : Cortex-A Device cause : null
2026-04-03 15:30:41,858 [WARN] ConditionMgr:1044 - genDependencies : Invalid condition id : Cortex-A Device cause : null
2026-04-03 15:30:41,861 [WARN] PackLoader:240 - Cannot read IP mode file for STMicroelectronics.X-CUBE-AI.10.0.0
2026-04-03 15:30:41,863 [ERROR] Engine:466 - C:\Users\German\.stm32cubemx\thirdparties\pdsc\STMicroelectronics.FP-SNS-STBOX1.2.1.0.pdsc: PDSC version is not supported
2026-04-03 15:30:41,866 [WARN] PackLoader:240 - Cannot read IP mode file for STMicroelectronics.FP-SNS-SMARTAG2.1.2.0
2026-04-03 15:30:41,869 [WARN] PackLoader:240 - Cannot read IP mode file for STMicroelectronics.FP-SNS-FLIGHT1.5.1.0
2026-04-03 15:30:41,896 [WARN] PackLoader:240 - Cannot read IP mode file for STMicroelectronics.X-CUBE-MEMS1.11.1.0
2026-04-03 15:30:41,973 [INFO] LogOutputStream:77 - [STDOUT_REDIRECT] 1 : Invalid condition id : UX_CORESTACK_Condition cause : null
2026-04-03 15:30:41,973 [INFO] LogOutputStream:77 - [STDOUT_REDIRECT] 1 : Invalid condition id : UX_CORESTACK_Condition cause : null
2026-04-03 15:30:41,974 [INFO] LogOutputStream:77 - [STDOUT_REDIRECT] 1 : Invalid condition id : UX_CORESTACK_Condition cause : null
2026-04-03 15:30:41,974 [INFO] LogOutputStream:77 - [STDOUT_REDIRECT] 1 : Invalid condition id : UX_CORESTACK_Condition cause : null
2026-04-03 15:30:41,975 [INFO] LogOutputStream:77 - [STDOUT_REDIRECT] 1 : Invalid condition id : UX_CORESTACK_Condition cause : null
2026-04-03 15:30:41,977 [WARN] PackLoader:240 - Cannot read IP mode file for STMicroelectronics.X-CUBE-AZRTOS-WL.2.0.0
2026-04-03 15:30:41,981 [WARN] PackLoader:240 - Cannot read IP mode file for STMicroelectronics.FP-SNS-MOTENV1.5.0.0
2026-04-03 15:30:41,989 [WARN] PackLoader:240 - Cannot read IP mode file for STMicroelectronics.X-CUBE-AZRTOS-H7RS.1.2.0
2026-04-03 15:30:41,996 [WARN] PackLoader:240 - Cannot read IP mode file for WES.I-CUBE-Cesium.1.3.0
2026-04-03 15:30:41,998 [WARN] PackLoader:240 - Cannot read IP mode file for STMicroelectronics.X-CUBE-BLE2.3.3.0
2026-04-03 15:30:42,006 [WARN] PackLoader:240 - Cannot read IP mode file for STMicroelectronics.X-CUBE-NFC9.1.0.0
2026-04-03 15:30:42,009 [WARN] PackLoader:240 - Cannot read IP mode file for STMicroelectronics.X-CUBE-BLE1.7.1.0
2026-04-03 15:30:42,012 [WARN] PackLoader:240 - Cannot read IP mode file for wolfSSL.I-CUBE-wolfMQTT.1.19.2
2026-04-03 15:30:42,013 [ERROR] Engine:466 - C:\Users\German\.stm32cubemx\thirdparties\pdsc\STMicroelectronics.X-CUBE-FREERTOS.1.4.0.pdsc: PDSC version is not supported
2026-04-03 15:30:42,017 [WARN] PackLoader:240 - Cannot read IP mode file for STMicroelectronics.X-CUBE-EEPRMA1.5.2.0
2026-04-03 15:30:42,019 [ERROR] Engine:466 - C:\Users\German\.stm32cubemx\thirdparties\pdsc\STMicroelectronics.X-CUBE-ST67W61.1.1.0.pdsc: PDSC version is not supported
2026-04-03 15:30:42,021 [WARN] PackLoader:240 - Cannot read IP mode file for STMicroelectronics.X-CUBE-AI.10.1.0
2026-04-03 15:30:42,036 [WARN] PackLoader:240 - Cannot read IP mode file for STMicroelectronics.X-CUBE-MEMS1.12.0.0
2026-04-03 15:30:42,081 [WARN] PackLoader:240 - Cannot read IP mode file for STMicroelectronics.X-CUBE-MEMS1.11.2.0
2026-04-03 15:30:42,133 [WARN] PackLoader:240 - Cannot read IP mode file for STMicroelectronics.X-CUBE-AZRTOS-G0.1.1.0
2026-04-03 15:30:42,137 [WARN] PackLoader:240 - Cannot read IP mode file for STMicroelectronics.X-CUBE-SAFEA1.1.2.2
2026-04-03 15:30:42,141 [WARN] PackLoader:240 - Cannot read IP mode file for STMicroelectronics.X-CUBE-NFC4.3.0.0
2026-04-03 15:30:42,147 [WARN] PackLoader:240 - Cannot read IP mode file for EmbeddedOffice.I-CUBE-FS-RTOS.1.0.1
2026-04-03 15:30:42,150 [WARN] PackLoader:240 - Cannot read IP mode file for STMicroelectronics.X-CUBE-WB05N.2.0.0
2026-04-03 15:30:42,154 [WARN] PackLoader:240 - Cannot read IP mode file for wolfSSL.I-CUBE-wolfTPM.3.8.0
2026-04-03 15:30:42,157 [WARN] PackLoader:240 - Cannot read IP mode file for STMicroelectronics.X-CUBE-TCPP.4.2.0
2026-04-03 15:30:42,162 [WARN] PackLoader:240 - Cannot read IP mode file for RealThread.X-CUBE-RT-Thread_Nano.4.1.1
2026-04-03 15:30:42,173 [WARN] PackLoader:240 - Cannot read IP mode file for STMicroelectronics.FP-ATR-SIGFOX1.3.2.0
2026-04-03 15:30:42,178 [WARN] PackLoader:240 - Cannot read IP mode file for STMicroelectronics.X-CUBE-EEPRMA1.5.1.0
2026-04-03 15:30:42,180 [ERROR] Engine:466 - C:\Users\German\.stm32cubemx\thirdparties\pdsc\STMicroelectronics.X-CUBE-FREERTOS.1.5.0.pdsc: PDSC version is not supported
2026-04-03 15:30:42,182 [WARN] PackLoader:240 - Cannot read IP mode file for wolfSSL.I-CUBE-wolfSSL.5.7.6
2026-04-03 15:30:42,186 [WARN] PackLoader:240 - Cannot read IP mode file for ITTIA_DB.I-CUBE-ITTIADB.8.9.0
2026-04-03 15:30:42,190 [WARN] PackLoader:240 - Cannot read IP mode file for STMicroelectronics.X-CUBE-NFC6.3.2.0
2026-04-03 15:30:42,197 [WARN] PackLoader:240 - Cannot read IP mode file for STMicroelectronics.X-CUBE-ST67W61.1.0.0
2026-04-03 15:30:42,200 [WARN] PackLoader:240 - Cannot read IP mode file for STMicroelectronics.X-CUBE-AI.10.2.0
2026-04-03 15:30:42,213 [WARN] PackLoader:240 - Cannot read IP mode file for SEGGER.I-CUBE-embOS.1.3.1
2026-04-03 15:30:42,231 [WARN] PackLoader:240 - Cannot read IP mode file for STMicroelectronics.X-CUBE-ALGOBUILD.1.4.0
2026-04-03 15:30:42,251 [WARN] PackLoader:240 - Cannot read IP mode file for STMicroelectronics.X-CUBE-MEMS1.11.3.0
2026-04-03 15:30:42,295 [WARN] PackLoader:240 - Cannot read IP mode file for STMicroelectronics.X-CUBE-PM33A1.1.0.0
2026-04-03 15:30:42,302 [WARN] PackLoader:240 - Cannot read IP mode file for STMicroelectronics.X-CUBE-AZRTOS-F4.1.1.0
2026-04-03 15:30:42,305 [WARN] PackLoader:240 - Cannot read IP mode file for Avnet-IotConnect.X-CUBE-IoTC-DA16k-PMOD.1.0.0
2026-04-03 15:30:42,308 [WARN] PackLoader:240 - Cannot read IP mode file for STMicroelectronics.X-CUBE-ISPU.2.1.0
2026-04-03 15:30:42,311 [ERROR] Engine:466 - C:\Users\German\.stm32cubemx\thirdparties\pdsc\STMicroelectronics.X-CUBE-IPS.3.2.0.pdsc: PDSC version is not supported
2026-04-03 15:30:42,315 [WARN] PackLoader:240 - Cannot read IP mode file for STMicroelectronics.X-CUBE-NFC12.1.0.0
2026-04-03 15:30:42,322 [WARN] PackLoader:240 - Cannot read IP mode file for STMicroelectronics.X-CUBE-AZRTOS-L5.2.0.0
2026-04-03 15:30:42,326 [WARN] PackLoader:240 - Cannot read IP mode file for STMicroelectronics.X-CUBE-NFC6.3.1.0
2026-04-03 15:30:42,331 [WARN] PackLoader:240 - Cannot read IP mode file for STMicroelectronics.X-CUBE-DPower.1.2.0
2026-04-03 15:30:42,334 [WARN] PackLoader:240 - Cannot read IP mode file for STMicroelectronics.X-CUBE-FREERTOS.1.3.1
2026-04-03 15:30:42,337 [WARN] PackLoader:240 - Cannot read IP mode file for STMicroelectronics.X-CUBE-FREERTOS.1.3.0
2026-04-03 15:30:42,340 [WARN] PackLoader:240 - Cannot read IP mode file for STMicroelectronics.X-CUBE-NFC7.1.0.1
2026-04-03 15:30:42,343 [WARN] PackLoader:240 - Cannot read IP mode file for STMicroelectronics.X-CUBE-TOUCHGFX.4.26.0
2026-04-03 15:30:42,345 [WARN] PackLoader:240 - Cannot read IP mode file for STMicroelectronics.X-CUBE-TOUCHGFX.4.26.1
2026-04-03 15:30:42,348 [WARN] PackLoader:240 - Cannot read IP mode file for STMicroelectronics.FP-SNS-STAIOTCFT.1.0.0
2026-04-03 15:30:42,351 [WARN] PackLoader:240 - Cannot read IP mode file for STMicroelectronics.X-CUBE-DPower.1.3.0
2026-04-03 15:30:42,359 [WARN] ConditionMgr:438 - getConditionDescription Invalid condition id : LAN8742 Phy interface Condition cause : null
2026-04-03 15:30:42,360 [WARN] PackLoader:240 - Cannot read IP mode file for STMicroelectronics.X-CUBE-AZRTOS-L4.2.0.0
2026-04-03 15:30:42,360 [WARN] ConditionMgr:1044 - genDependencies : Invalid condition id : LAN8742 Phy interface Condition cause : null
2026-04-03 15:30:42,361 [WARN] ConditionMgr:1044 - genDependencies : Invalid condition id : LAN8742 Phy interface Condition cause : null
2026-04-03 15:30:42,361 [WARN] ConditionMgr:1044 - genDependencies : Invalid condition id : LAN8742 Phy interface Condition cause : null
2026-04-03 15:30:42,364 [WARN] PackLoader:240 - Cannot read IP mode file for STMicroelectronics.X-CUBE-SFXS2LP1.4.0.0
2026-04-03 15:30:42,367 [ERROR] Engine:466 - C:\Users\German\.stm32cubemx\thirdparties\pdsc\STMicroelectronics.X-CUBE-ST67W61.1.2.0.pdsc: PDSC version is not supported
2026-04-03 15:30:42,373 [WARN] PackLoader:240 - Cannot read IP mode file for STMicroelectronics.X-CUBE-AZRTOS-H7.3.3.0
2026-04-03 15:30:42,381 [WARN] PackLoader:240 - Cannot read IP mode file for STMicroelectronics.X-CUBE-BLEMGR.4.1.0
2026-04-03 15:30:42,390 [WARN] ConditionMgr:438 - getConditionDescription Invalid condition id : UX DEVICE CLASS RTOS Condition cause : null
2026-04-03 15:30:42,390 [WARN] ConditionMgr:438 - getConditionDescription Invalid condition id : UX DEVICE CLASS RTOS Condition cause : null
2026-04-03 15:30:42,391 [WARN] PackLoader:240 - Cannot read IP mode file for STMicroelectronics.X-CUBE-AZRTOS-WB.2.0.0
2026-04-03 15:30:42,391 [WARN] ConditionMgr:1044 - genDependencies : Invalid condition id : UX DEVICE CLASS RTOS Condition cause : null
2026-04-03 15:30:42,391 [WARN] ConditionMgr:1044 - genDependencies : Invalid condition id : UX DEVICE CLASS RTOS Condition cause : null
2026-04-03 15:30:42,391 [WARN] ConditionMgr:1044 - genDependencies : Invalid condition id : UX DEVICE CLASS RTOS Condition cause : null
2026-04-03 15:30:42,391 [WARN] ConditionMgr:1044 - genDependencies : Invalid condition id : UX DEVICE CLASS RTOS Condition cause : null
2026-04-03 15:30:42,391 [WARN] ConditionMgr:1044 - genDependencies : Invalid condition id : UX DEVICE CLASS RTOS Condition cause : null
2026-04-03 15:30:42,394 [WARN] PackLoader:240 - Cannot read IP mode file for STMicroelectronics.X-CUBE-GNSS1.7.0.1
2026-04-03 15:30:42,397 [WARN] PackLoader:240 - Cannot read IP mode file for STMicroelectronics.X-CUBE-TOUCHGFX.4.25.0
2026-04-03 15:30:42,400 [WARN] PackLoader:240 - Cannot read IP mode file for STMicroelectronics.FP-SNS-STBOX1.2.0.0
2026-04-03 15:30:42,405 [WARN] PackLoader:240 - Cannot read IP mode file for STMicroelectronics.X-CUBE-STSE01.2.0.0
2026-04-03 15:30:42,411 [WARN] PackLoader:240 - Cannot read IP mode file for STMicroelectronics.X-CUBE-SUBG2.5.0.0
2026-04-03 15:30:42,420 [WARN] PackLoader:240 - Cannot read IP mode file for STMicroelectronics.X-CUBE-AZRTOS-H7RS.1.1.0
2026-04-03 15:30:42,424 [WARN] PackLoader:240 - Cannot read IP mode file for Cesanta.I-CUBE-Mongoose.7.13.0
2026-04-03 15:30:42,430 [WARN] PackLoader:240 - Cannot read IP mode file for STMicroelectronics.X-CUBE-AZRTOS-G4.2.0.0
2026-04-03 15:30:42,433 [WARN] PackLoader:240 - Cannot read IP mode file for wolfSSL.I-CUBE-wolfSSH.1.4.20
2026-04-03 15:30:42,436 [WARN] PackLoader:240 - Cannot read IP mode file for STMicroelectronics.X-CUBE-NFC7.2.0.0
2026-04-03 15:30:42,441 [WARN] PackLoader:240 - Cannot read IP mode file for STMicroelectronics.X-CUBE-IPS.3.1.0
2026-04-03 15:30:42,446 [WARN] PackLoader:240 - Cannot read IP mode file for STMicroelectronics.X-CUBE-ALS.1.0.2
2026-04-03 15:30:42,449 [WARN] PackLoader:240 - Cannot read IP mode file for STMicroelectronics.X-CUBE-STSE01.1.0.0
2026-04-03 15:30:42,453 [WARN] PackLoader:240 - Cannot read IP mode file for portGmbH.I-Cube-SoM-uGOAL.1.1.0
2026-04-03 15:30:42,458 [WARN] PackLoader:240 - Cannot read IP mode file for STMicroelectronics.X-CUBE-TOF1.3.4.2
2026-04-03 15:30:42,466 [WARN] PackLoader:240 - Cannot read IP mode file for STMicroelectronics.X-CUBE-TOF1.3.4.3
2026-04-03 15:30:42,472 [INFO] ThirdParty:978 - Integrity check success = true
2026-04-03 15:30:42,472 [INFO] IntegrityCheckThread:100 - exiting critical section [integrity check]
2026-04-03 15:30:42,472 [INFO] IntegrityCheckThread:103 - End integrity checks thread
2026-04-03 15:32:00,413 [INFO] WebApp:194 - Connection lost
2026-04-03 15:32:00,549 [INFO] WebApp:191 - Connection restablished
2026-04-03 18:32:52,487 [ERROR] LogOutputStream:75 - [STDERR_REDIRECT] 
