2026-06-13 15:19:07,999 [INFO] Activator:176 - 


2026-06-13 15:19:07,999 [INFO] Activator:177 - !SESSION log4j initialized
2026-06-13 15:19:11,913 [INFO] LogOutputStream:77 - [STDOUT_REDIRECT] 
2026-06-13 15:19:12,845 [INFO] ApplicationProperties:184 - Using Application install path: C:\ST\STM32CubeIDE_1.18.1\STM32CubeIDE\plugins\com.st.stm32cube.common.mx_6.14.1.202504091515
2026-06-13 15:19:12,858 [INFO] DbMcusXml:78 - Set database path to: C:\ST\STM32CubeIDE_1.18.1\STM32CubeIDE\plugins\com.st.stm32cube.common.mx_6.14.1.202504091515\\db\/mcu/
2026-06-13 15:19:12,858 [INFO] ApiDb:274 - Set plugin database path to: C:\ST\STM32CubeIDE_1.18.1\STM32CubeIDE\plugins\com.st.stm32cube.common.mx_6.14.1.202504091515\\db\/plugins/boardmanager/
2026-06-13 15:19:12,859 [WARN] ApiDb:259 - Overriding images path with different value:  => C:\ST\STM32CubeIDE_1.18.1\STM32CubeIDE\plugins\com.st.stm32cube.common.mx_6.14.1.202504091515\\db\/plugins/mcufinder/images/
2026-06-13 15:19:12,865 [INFO] ApiDb:250 - Set database path to: C:\Users\German\.stmcufinder\plugins\mcufinder//mcu/
2026-06-13 15:19:12,866 [INFO] DbMcusAds:125 - Set database path to: C:\Users\German\.stmcufinder\plugins\mcufinder//mcu/
2026-06-13 15:19:12,867 [INFO] CrossReferenceDbSqlite:203 - Set database path to: C:\Users\German\.stmcufinder\plugins\mcufinder//mcu/cs/
2026-06-13 15:19:12,936 [INFO] RulesReader:64 - Compatibility file has been processed (302 Rules)
2026-06-13 15:19:12,995 [INFO] DbMcusXml:78 - Set database path to: C:\ST\STM32CubeIDE_1.18.1\STM32CubeIDE\plugins\com.st.stm32cube.common.mx_6.14.1.202504091515\\db\/mcu/
2026-06-13 15:19:12,995 [INFO] ApiDb:274 - Set plugin database path to: C:\ST\STM32CubeIDE_1.18.1\STM32CubeIDE\plugins\com.st.stm32cube.common.mx_6.14.1.202504091515\\db\/plugins/boardmanager/
2026-06-13 15:19:12,995 [INFO] ApiDb:261 - Set plugin images path to: C:\ST\STM32CubeIDE_1.18.1\STM32CubeIDE\plugins\com.st.stm32cube.common.mx_6.14.1.202504091515\\db\/plugins/mcufinder/images/
2026-06-13 15:19:12,995 [WARN] DbFile:41 - Overriding database path with different value: C:\Users\German\.stmcufinder\plugins\mcufinder/ => C:\Users\German\.stmcufinder\plugins\mcufinder
2026-06-13 15:19:12,995 [INFO] ApiDb:250 - Set database path to: C:\Users\German\.stmcufinder\plugins\mcufinder//mcu/
2026-06-13 15:19:12,995 [WARN] DbFile:41 - Overriding database path with different value: C:\Users\German\.stmcufinder\plugins\mcufinder/ => C:\Users\German\.stmcufinder\plugins\mcufinder
2026-06-13 15:19:12,995 [INFO] DbMcusAds:125 - Set database path to: C:\Users\German\.stmcufinder\plugins\mcufinder//mcu/
2026-06-13 15:19:12,995 [WARN] DbFile:41 - Overriding database path with different value: C:\Users\German\.stmcufinder\plugins\mcufinder/ => C:\Users\German\.stmcufinder\plugins\mcufinder
2026-06-13 15:19:12,995 [WARN] DbFile:41 - Overriding database path with different value: C:\Users\German\.stmcufinder\plugins\mcufinder/ => C:\Users\German\.stmcufinder\plugins\mcufinder
2026-06-13 15:19:12,995 [INFO] CrossReferenceDbSqlite:203 - Set database path to: C:\Users\German\.stmcufinder\plugins\mcufinder//mcu/cs/
2026-06-13 15:19:13,051 [INFO] MainPanel:272 - HeapMemory: 268435456
2026-06-13 15:19:13,121 [INFO] DbMcusXml:78 - Set database path to: C:\ST\STM32CubeIDE_1.18.1\STM32CubeIDE\plugins\com.st.stm32cube.common.mx_6.14.1.202504091515\\db\/mcu/
2026-06-13 15:19:13,121 [INFO] ApiDb:274 - Set plugin database path to: C:\ST\STM32CubeIDE_1.18.1\STM32CubeIDE\plugins\com.st.stm32cube.common.mx_6.14.1.202504091515\\db\/plugins/boardmanager/
2026-06-13 15:19:13,121 [INFO] ApiDb:261 - Set plugin images path to: C:\ST\STM32CubeIDE_1.18.1\STM32CubeIDE\plugins\com.st.stm32cube.common.mx_6.14.1.202504091515\\db\/plugins/mcufinder/images/
2026-06-13 15:19:13,121 [WARN] DbFile:41 - Overriding database path with different value: C:\Users\German\.stmcufinder\plugins\mcufinder/ => C:\Users\German\.stmcufinder\plugins\mcufinder
2026-06-13 15:19:13,121 [INFO] ApiDb:250 - Set database path to: C:\Users\German\.stmcufinder\plugins\mcufinder//mcu/
2026-06-13 15:19:13,121 [WARN] DbFile:41 - Overriding database path with different value: C:\Users\German\.stmcufinder\plugins\mcufinder/ => C:\Users\German\.stmcufinder\plugins\mcufinder
2026-06-13 15:19:13,121 [INFO] DbMcusAds:125 - Set database path to: C:\Users\German\.stmcufinder\plugins\mcufinder//mcu/
2026-06-13 15:19:13,122 [WARN] DbFile:41 - Overriding database path with different value: C:\Users\German\.stmcufinder\plugins\mcufinder/ => C:\Users\German\.stmcufinder\plugins\mcufinder
2026-06-13 15:19:13,122 [WARN] DbFile:41 - Overriding database path with different value: C:\Users\German\.stmcufinder\plugins\mcufinder/ => C:\Users\German\.stmcufinder\plugins\mcufinder
2026-06-13 15:19:13,122 [INFO] CrossReferenceDbSqlite:203 - Set database path to: C:\Users\German\.stmcufinder\plugins\mcufinder//mcu/cs/
2026-06-13 15:19:13,132 [INFO] ApplicationProperties:184 - Using Application install path: C:\ST\STM32CubeIDE_1.18.1\STM32CubeIDE\plugins\com.st.stm32cube.common.mx_6.14.1.202504091515
2026-06-13 15:19:13,133 [INFO] PluginManage:196 - Search for loadable plugins [exclusion list=, ]
2026-06-13 15:19:13,134 [INFO] PluginManage:310 - Check plugin analytics
2026-06-13 15:19:13,246 [INFO] AnalyticsPlugin:253 - Accepted Software Licenses: STM32CubeMX.6.14.1,STM32CubeMX.6.17.0
2026-06-13 15:19:13,247 [INFO] AnalyticsPlugin:255 - Accepted CMSIS Pack Licenses: 
2026-06-13 15:19:13,247 [INFO] AnalyticsPlugin:257 - Accepted Firmware Licenses: FW.WB.1.17.0,FW.WB.1.22.0,FW.L4.1.18.0,FW.WB.1.13.0,FW.WB.1.23.0,FW.WB.1.24.0
2026-06-13 15:19:13,254 [INFO] PluginManage:359 - Loaded plugin analytics (category:tool,tabindex:-1)
2026-06-13 15:19:13,254 [INFO] PluginManage:310 - Check plugin cadmodel
2026-06-13 15:19:13,259 [INFO] CADModel:105 - Init CAD model plugin
2026-06-13 15:19:13,259 [INFO] PluginManage:359 - Loaded plugin cadmodel (category:power,tabindex:5)
2026-06-13 15:19:13,259 [INFO] PluginManage:310 - Check plugin clock
2026-06-13 15:19:13,267 [INFO] PluginManage:359 - Loaded plugin clock (category:base,tabindex:2)
2026-06-13 15:19:13,267 [INFO] PluginManage:310 - Check plugin ddr
2026-06-13 15:19:13,269 [INFO] PluginManage:359 - Loaded plugin ddr (category:tool,tabindex:6)
2026-06-13 15:19:13,269 [INFO] PluginManage:310 - Check plugin filemanager
2026-06-13 15:19:13,363 [INFO] PluginManage:359 - Loaded plugin filemanager (category:base,tabindex:10)
2026-06-13 15:19:13,363 [INFO] PluginManage:310 - Check plugin ipmanager
2026-06-13 15:19:13,367 [INFO] PluginManage:359 - Loaded plugin ipmanager (category:base,tabindex:5)
2026-06-13 15:19:13,367 [INFO] PluginManage:310 - Check plugin lpbam
2026-06-13 15:19:13,372 [INFO] PluginManage:359 - Loaded plugin lpbam (category:base,tabindex:0)
2026-06-13 15:19:13,372 [INFO] PluginManage:310 - Check plugin memorymap
2026-06-13 15:19:13,381 [INFO] PluginManage:359 - Loaded plugin memorymap (category:base,tabindex:4)
2026-06-13 15:19:13,381 [INFO] PluginManage:310 - Check plugin pinoutandconfiguration
2026-06-13 15:19:13,387 [INFO] PluginManage:359 - Loaded plugin pinoutandconfiguration (category:base,tabindex:1)
2026-06-13 15:19:13,387 [INFO] PluginManage:310 - Check plugin pinoutconfig
2026-06-13 15:19:13,446 [WARN] SupportedApi:132 - Cannot load RTOS API schema: s4s-elt-must-match.1: The content of 'definitions' must match (annotation?, (simpleType | complexType)?, (unique | key | keyref)*)). A problem was found starting at: attribute.
2026-06-13 15:19:13,536 [INFO] PluginManage:359 - Loaded plugin pinoutconfig (category:base,tabindex:0)
2026-06-13 15:19:13,536 [INFO] PluginManage:310 - Check plugin power
2026-06-13 15:19:13,544 [INFO] PluginManage:359 - Loaded plugin power (category:power,tabindex:4)
2026-06-13 15:19:13,544 [INFO] PluginManage:310 - Check plugin projectmanager
2026-06-13 15:19:13,556 [INFO] PluginManage:359 - Loaded plugin projectmanager (category:projectmanager,tabindex:4)
2026-06-13 15:19:13,556 [INFO] PluginManage:310 - Check plugin rif
2026-06-13 15:19:13,563 [INFO] PluginManage:359 - Loaded plugin rif (category:base,tabindex:3)
2026-06-13 15:19:13,563 [INFO] PluginManage:310 - Check plugin thirdparty
2026-06-13 15:19:13,666 [INFO] PluginManage:359 - Loaded plugin thirdparty (category:base,tabindex:-1)
2026-06-13 15:19:13,666 [INFO] PluginManage:310 - Check plugin tools
2026-06-13 15:19:13,666 [WARN] IntegrityCheckThread:84 - waiting for thirdparty lock release [integrity check]
2026-06-13 15:19:13,666 [INFO] IntegrityCheckThread:86 - entering critical section [integrity check]
2026-06-13 15:19:13,666 [INFO] ThirdPartyUpdaterWithRetryManager:70 - Updater plugin not ready yet. [1/15]
2026-06-13 15:19:13,668 [INFO] PluginManage:359 - Loaded plugin tools (category:base,tabindex:7)
2026-06-13 15:19:13,668 [INFO] PluginManage:310 - Check plugin tutovideos
2026-06-13 15:19:13,771 [INFO] PluginManage:359 - Loaded plugin tutovideos (category:base,tabindex:-1)
2026-06-13 15:19:13,771 [INFO] PluginManage:310 - Check plugin updater
2026-06-13 15:19:13,788 [INFO] PluginManage:359 - Loaded plugin updater (category:base,tabindex:12)
2026-06-13 15:19:13,788 [INFO] PluginManage:310 - Check plugin userauth
2026-06-13 15:19:13,791 [INFO] UserAuth:118 - Init User Auth plugin
2026-06-13 15:19:13,792 [INFO] PluginManage:359 - Loaded plugin userauth (category:base,tabindex:14)
2026-06-13 15:19:13,792 [INFO] PluginManage:283 - PluginManage : Loaded plugins [18]
2026-06-13 15:19:13,935 [INFO] PinOutPanel:1589 - setPackage(No Configuration,No Configuration)
2026-06-13 15:19:13,983 [INFO] CADModel:165 - CPN selected for project level
2026-06-13 15:19:13,983 [INFO] CADModel:114 - Register for checkConnection events
2026-06-13 15:19:13,996 [INFO] IPUIPlugin:80 - create IPUIPlugin
2026-06-13 15:19:13,996 [INFO] PluginManager:220 - loadIPPluginJar : add adc
2026-06-13 15:19:13,999 [INFO] IPUIPlugin:80 - create IPUIPlugin
2026-06-13 15:19:14,000 [INFO] PluginManager:220 - loadIPPluginJar : add aes
2026-06-13 15:19:14,002 [INFO] IPUIPlugin:80 - create IPUIPlugin
2026-06-13 15:19:14,002 [INFO] PluginManager:220 - loadIPPluginJar : add can
2026-06-13 15:19:14,005 [INFO] IPUIPlugin:80 - create IPUIPlugin
2026-06-13 15:19:14,005 [INFO] PluginManager:220 - loadIPPluginJar : add comp
2026-06-13 15:19:14,007 [INFO] IPUIPlugin:80 - create IPUIPlugin
2026-06-13 15:19:14,007 [INFO] PluginManager:220 - loadIPPluginJar : add cryp
2026-06-13 15:19:14,010 [INFO] IPUIPlugin:80 - create IPUIPlugin
2026-06-13 15:19:14,010 [INFO] PluginManager:220 - loadIPPluginJar : add ddr_ctrl_phy
2026-06-13 15:19:14,012 [INFO] IPUIPlugin:80 - create IPUIPlugin
2026-06-13 15:19:14,012 [INFO] PluginManager:220 - loadIPPluginJar : add dfsdm
2026-06-13 15:19:14,018 [INFO] IPUIPlugin:80 - create IPUIPlugin
2026-06-13 15:19:14,019 [INFO] PluginManager:220 - loadIPPluginJar : add dma
2026-06-13 15:19:14,021 [INFO] IPUIPlugin:80 - create IPUIPlugin
2026-06-13 15:19:14,021 [INFO] PluginManager:220 - loadIPPluginJar : add dma3
2026-06-13 15:19:14,023 [INFO] IPUIPlugin:80 - create IPUIPlugin
2026-06-13 15:19:14,023 [INFO] PluginManager:220 - loadIPPluginJar : add extmemmanager
2026-06-13 15:19:14,024 [INFO] IPUIPlugin:80 - create IPUIPlugin
2026-06-13 15:19:14,025 [INFO] PluginManager:220 - loadIPPluginJar : add fatfs
2026-06-13 15:19:14,028 [INFO] IPUIPlugin:80 - create IPUIPlugin
2026-06-13 15:19:14,028 [INFO] PluginManager:220 - loadIPPluginJar : add fmc
2026-06-13 15:19:14,034 [INFO] IPUIPlugin:80 - create IPUIPlugin
2026-06-13 15:19:14,034 [INFO] PluginManager:220 - loadIPPluginJar : add freertos
2026-06-13 15:19:14,036 [INFO] IPUIPlugin:80 - create IPUIPlugin
2026-06-13 15:19:14,036 [INFO] PluginManager:220 - loadIPPluginJar : add genericplugin
2026-06-13 15:19:14,037 [INFO] IPUIPlugin:80 - create IPUIPlugin
2026-06-13 15:19:14,038 [INFO] PluginManager:220 - loadIPPluginJar : add gfxmmu
2026-06-13 15:19:14,041 [INFO] IPUIPlugin:80 - create IPUIPlugin
2026-06-13 15:19:14,041 [INFO] PluginManager:220 - loadIPPluginJar : add gic
2026-06-13 15:19:14,045 [INFO] IPUIPlugin:80 - create IPUIPlugin
2026-06-13 15:19:14,045 [INFO] PluginManager:220 - loadIPPluginJar : add gpio
2026-06-13 15:19:14,047 [INFO] IPUIPlugin:80 - create IPUIPlugin
2026-06-13 15:19:14,047 [INFO] PluginManager:220 - loadIPPluginJar : add gtzc
2026-06-13 15:19:14,049 [INFO] IPUIPlugin:80 - create IPUIPlugin
2026-06-13 15:19:14,049 [INFO] PluginManager:220 - loadIPPluginJar : add hash
2026-06-13 15:19:14,051 [INFO] IPUIPlugin:80 - create IPUIPlugin
2026-06-13 15:19:14,051 [INFO] PluginManager:220 - loadIPPluginJar : add i2c
2026-06-13 15:19:14,053 [INFO] IPUIPlugin:80 - create IPUIPlugin
2026-06-13 15:19:14,053 [INFO] PluginManager:220 - loadIPPluginJar : add i2s
2026-06-13 15:19:14,056 [INFO] IPUIPlugin:80 - create IPUIPlugin
2026-06-13 15:19:14,056 [INFO] PluginManager:220 - loadIPPluginJar : add i3c
2026-06-13 15:19:14,058 [INFO] IPUIPlugin:80 - create IPUIPlugin
2026-06-13 15:19:14,059 [INFO] PluginManager:220 - loadIPPluginJar : add ipddr
2026-06-13 15:19:14,064 [INFO] IPUIPlugin:80 - create IPUIPlugin
2026-06-13 15:19:14,064 [INFO] PluginManager:220 - loadIPPluginJar : add linkedlist
2026-06-13 15:19:14,066 [INFO] IPUIPlugin:80 - create IPUIPlugin
2026-06-13 15:19:14,066 [INFO] PluginManager:220 - loadIPPluginJar : add lorawan
2026-06-13 15:19:14,067 [INFO] IPUIPlugin:80 - create IPUIPlugin
2026-06-13 15:19:14,068 [INFO] PluginManager:220 - loadIPPluginJar : add ltdc
2026-06-13 15:19:14,072 [INFO] IPUIPlugin:80 - create IPUIPlugin
2026-06-13 15:19:14,072 [INFO] PluginManager:220 - loadIPPluginJar : add mdma
2026-06-13 15:19:14,075 [INFO] IPUIPlugin:80 - create IPUIPlugin
2026-06-13 15:19:14,075 [INFO] PluginManager:220 - loadIPPluginJar : add nvic
2026-06-13 15:19:14,077 [INFO] IPUIPlugin:80 - create IPUIPlugin
2026-06-13 15:19:14,077 [INFO] PluginManager:220 - loadIPPluginJar : add opamp
2026-06-13 15:19:14,079 [INFO] IPUIPlugin:80 - create IPUIPlugin
2026-06-13 15:19:14,079 [INFO] PluginManager:220 - loadIPPluginJar : add openamp
2026-06-13 15:19:14,082 [INFO] IPUIPlugin:80 - create IPUIPlugin
2026-06-13 15:19:14,082 [INFO] PluginManager:220 - loadIPPluginJar : add pdm2pcm
2026-06-13 15:19:14,085 [INFO] IPUIPlugin:80 - create IPUIPlugin
2026-06-13 15:19:14,086 [INFO] PluginManager:220 - loadIPPluginJar : add plateformsettings
2026-06-13 15:19:14,087 [INFO] IPUIPlugin:80 - create IPUIPlugin
2026-06-13 15:19:14,087 [INFO] PluginManager:220 - loadIPPluginJar : add quadspi
2026-06-13 15:19:14,088 [INFO] IPUIPlugin:80 - create IPUIPlugin
2026-06-13 15:19:14,089 [INFO] PluginManager:220 - loadIPPluginJar : add radio
2026-06-13 15:19:14,091 [INFO] IPUIPlugin:80 - create IPUIPlugin
2026-06-13 15:19:14,091 [INFO] PluginManager:220 - loadIPPluginJar : add resmgrutility
2026-06-13 15:19:14,093 [INFO] IPUIPlugin:80 - create IPUIPlugin
2026-06-13 15:19:14,093 [INFO] PluginManager:220 - loadIPPluginJar : add sai
2026-06-13 15:19:14,095 [INFO] IPUIPlugin:80 - create IPUIPlugin
2026-06-13 15:19:14,095 [INFO] PluginManager:220 - loadIPPluginJar : add spi
2026-06-13 15:19:14,098 [INFO] IPUIPlugin:80 - create IPUIPlugin
2026-06-13 15:19:14,099 [INFO] PluginManager:220 - loadIPPluginJar : add stm32_wpan
2026-06-13 15:19:14,100 [INFO] IPUIPlugin:80 - create IPUIPlugin
2026-06-13 15:19:14,100 [INFO] PluginManager:220 - loadIPPluginJar : add tim
2026-06-13 15:19:14,102 [INFO] IPUIPlugin:80 - create IPUIPlugin
2026-06-13 15:19:14,102 [INFO] PluginManager:220 - loadIPPluginJar : add touchsensing
2026-06-13 15:19:14,104 [INFO] IPUIPlugin:80 - create IPUIPlugin
2026-06-13 15:19:14,104 [INFO] PluginManager:220 - loadIPPluginJar : add tracer_emb
2026-06-13 15:19:14,105 [INFO] IPUIPlugin:80 - create IPUIPlugin
2026-06-13 15:19:14,105 [INFO] PluginManager:220 - loadIPPluginJar : add ts
2026-06-13 15:19:14,106 [INFO] IPUIPlugin:80 - create IPUIPlugin
2026-06-13 15:19:14,107 [INFO] PluginManager:220 - loadIPPluginJar : add tsc
2026-06-13 15:19:14,108 [INFO] IPUIPlugin:80 - create IPUIPlugin
2026-06-13 15:19:14,108 [INFO] PluginManager:220 - loadIPPluginJar : add ucpd
2026-06-13 15:19:14,111 [INFO] IPUIPlugin:80 - create IPUIPlugin
2026-06-13 15:19:14,111 [INFO] PluginManager:220 - loadIPPluginJar : add usart
2026-06-13 15:19:14,115 [INFO] IPUIPlugin:80 - create IPUIPlugin
2026-06-13 15:19:14,115 [INFO] PluginManager:220 - loadIPPluginJar : add usbx
2026-06-13 15:19:14,231 [FATAL] Updater:351 - Updater called before beeing initialized
2026-06-13 15:19:14,247 [INFO] RulesReader:64 - Compatibility file has been processed (302 Rules)
2026-06-13 15:19:14,252 [INFO] RulesReader:64 - Compatibility file has been processed (302 Rules)
2026-06-13 15:19:14,259 [INFO] CADModel:165 - CPN selected for project level
2026-06-13 15:19:14,259 [INFO] CADModel:114 - Register for checkConnection events
2026-06-13 15:19:14,259 [FATAL] Updater:351 - Updater called before beeing initialized
2026-06-13 15:19:14,259 [ERROR] CADModel:125 - Updater not yet initialized, retry later 
2026-06-13 15:19:14,388 [FATAL] Updater:351 - Updater called before beeing initialized
2026-06-13 15:19:14,389 [INFO] CADModel:165 - CPN selected for project level
2026-06-13 15:19:14,389 [INFO] CADModel:114 - Register for checkConnection events
2026-06-13 15:19:14,389 [FATAL] Updater:351 - Updater called before beeing initialized
2026-06-13 15:19:14,389 [ERROR] CADModel:125 - Updater not yet initialized, retry later 
2026-06-13 15:19:14,392 [FATAL] Updater:351 - Updater called before beeing initialized
2026-06-13 15:19:14,464 [FATAL] Updater:351 - Updater called before beeing initialized
2026-06-13 15:19:14,467 [INFO] DbMcusAds:53 - JSON generation date=Mon Apr 27 05:14:29 ART 2026 (1777277669577)
2026-06-13 15:19:14,467 [FATAL] Updater:351 - Updater called before beeing initialized
2026-06-13 15:19:14,500 [WARN] DetailPanel:346 - Failed to get advertising image, set to default
2026-06-13 15:19:14,690 [FATAL] Updater:351 - Updater called before beeing initialized
2026-06-13 15:19:14,692 [FATAL] Updater:351 - Updater called before beeing initialized
2026-06-13 15:19:14,692 [FATAL] Updater:351 - Updater called before beeing initialized
2026-06-13 15:19:14,692 [WARN] DetailPanel:346 - Failed to get advertising image, set to default
2026-06-13 15:19:14,693 [FATAL] Updater:351 - Updater called before beeing initialized
2026-06-13 15:19:14,730 [ERROR] Updater:1198 - MainUpdater not yet initialized. External WinMGr cannot be set.
2026-06-13 15:19:14,731 [INFO] Updater:1134 - Updater Version found : 6.14.1
2026-06-13 15:19:14,746 [INFO] ApplicationProperties:184 - Using Application install path: C:\ST\STM32CubeIDE_1.18.1\STM32CubeIDE\plugins\com.st.stm32cube.common.mx_6.14.1.202504091515
2026-06-13 15:19:16,317 [ERROR] LogOutputStream:75 - [STDERR_REDIRECT] Jun 13, 2026 3:19:16 PM java.util.prefs.WindowsPreferences <init>
2026-06-13 15:19:16,317 [ERROR] LogOutputStream:75 - [STDERR_REDIRECT] WARNING: Could not open/create prefs root node Software\JavaSoft\Prefs at root 0xffffffff80000002. Windows RegCreateKeyEx(...) returned error code 5.
2026-06-13 15:19:16,317 [ERROR] LogOutputStream:75 - [STDERR_REDIRECT] 
2026-06-13 15:19:16,491 [INFO] MainUpdater:2872 - connection check result : 10
2026-06-13 15:19:16,491 [INFO] MainUpdater:289 - Updater Check For Update Now.
2026-06-13 15:19:16,491 [INFO] MicroXplorer:498 - Change Database Version : DB.6.0.141
2026-06-13 15:19:16,494 [INFO] McuFinderGlobals:63 - Set McuFinder mode to 2 (CubeIDE integrated)
2026-06-13 15:19:16,495 [INFO] UserAuth:484 - Internet connection configuration mode: 1
2026-06-13 15:19:16,510 [INFO] JxBrowserEngine:152 - Initiate JxBrowser Engine with user profile folder
2026-06-13 15:19:16,643 [INFO] CheckServerUpdateThread:120 - End of CheckServer Thread
2026-06-13 15:19:16,957 [WARN] PackLoader:240 - Cannot read IP mode file for STMicroelectronics.X-CUBE-AZRTOS-H7.3.5.0
2026-06-13 15:19:16,965 [WARN] PackLoader:240 - Cannot read IP mode file for STMicroelectronics.FP-SNS-MOTENVWB1.1.4.0
2026-06-13 15:19:16,971 [WARN] PackLoader:240 - Cannot read IP mode file for STMicroelectronics.FP-ATR-ASTRA1.2.0.2
2026-06-13 15:19:16,978 [ERROR] Engine:466 - C:\Users\German\.stm32cubemx\thirdparties\pdsc\STMicroelectronics.X-CUBE-SMBUS.2.1.1.pdsc: PDSC version is not supported
2026-06-13 15:19:16,982 [WARN] PackLoader:240 - Cannot read IP mode file for STMicroelectronics.X-CUBE-SMBUS.2.1.0
2026-06-13 15:19:16,989 [WARN] PackLoader:240 - Cannot read IP mode file for STMicroelectronics.X-CUBE-WB05N.1.1.0
2026-06-13 15:19:16,994 [WARN] PackLoader:240 - Cannot read IP mode file for STMicroelectronics.X-CUBE-ST60.1.0.0
2026-06-13 15:19:17,018 [WARN] PackLoader:240 - Cannot read IP mode file for STMicroelectronics.X-CUBE-AZRTOS-F7.1.1.0
2026-06-13 15:19:17,023 [ERROR] Engine:466 - C:\Users\German\.stm32cubemx\thirdparties\pdsc\STMicroelectronics.FP-SNS-MOTENV1.5.1.0.pdsc: PDSC version is not supported
2026-06-13 15:19:17,041 [WARN] PackLoader:240 - Cannot read IP mode file for Infineon.AIROC-Wi-Fi-Bluetooth-STM32.1.7.0
2026-06-13 15:19:17,065 [WARN] PackLoader:240 - Cannot read IP mode file for STMicroelectronics.X-CUBE-AZRTOS-H7.3.4.0
2026-06-13 15:19:17,074 [WARN] PackLoader:240 - Cannot read IP mode file for STMicroelectronics.X-CUBE-DISPLAY.3.0.0
2026-06-13 15:19:17,082 [WARN] PackLoader:240 - Cannot read IP mode file for STMicroelectronics.X-CUBE-GNSS1.7.1.1
2026-06-13 15:19:17,084 [ERROR] Engine:466 - C:\Users\German\.stm32cubemx\thirdparties\pdsc\STMicroelectronics.FP-SNS-MOTENVWB1.1.5.0.pdsc: PDSC version is not supported
2026-06-13 15:19:17,089 [WARN] PackLoader:240 - Cannot read IP mode file for STMicroelectronics.X-CUBE-NFC10.1.0.0
2026-06-13 15:19:17,096 [WARN] PackLoader:240 - Cannot read IP mode file for STMicroelectronics.X-CUBE-BLEMGR.4.0.0
2026-06-13 15:19:17,101 [WARN] PackLoader:240 - Cannot read IP mode file for STMicroelectronics.X-CUBE-ST60.1.1.0
2026-06-13 15:19:17,105 [WARN] PackLoader:240 - Cannot read IP mode file for emotas.I-CUBE-CANOPEN.1.3.0
2026-06-13 15:19:17,108 [WARN] PackLoader:240 - Cannot read IP mode file for STMicroelectronics.X-CUBE-GNSS1.7.1.0
2026-06-13 15:19:17,111 [WARN] ConditionMgr:438 - getConditionDescription Invalid condition id : Cortex-A Device cause : null
2026-06-13 15:19:17,119 [WARN] ConditionMgr:1044 - genDependencies : Invalid condition id : Cortex-A Device cause : null
2026-06-13 15:19:17,119 [WARN] ConditionMgr:1044 - genDependencies : Invalid condition id : Cortex-A Device cause : null
2026-06-13 15:19:17,119 [WARN] ConditionMgr:1044 - genDependencies : Invalid condition id : Cortex-A Device cause : null
2026-06-13 15:19:17,122 [WARN] PackLoader:240 - Cannot read IP mode file for STMicroelectronics.X-CUBE-AI.10.0.0
2026-06-13 15:19:17,124 [ERROR] Engine:466 - C:\Users\German\.stm32cubemx\thirdparties\pdsc\STMicroelectronics.FP-SNS-STBOX1.2.1.0.pdsc: PDSC version is not supported
2026-06-13 15:19:17,127 [WARN] PackLoader:240 - Cannot read IP mode file for STMicroelectronics.FP-SNS-SMARTAG2.1.2.0
2026-06-13 15:19:17,130 [WARN] PackLoader:240 - Cannot read IP mode file for STMicroelectronics.FP-SNS-FLIGHT1.5.1.0
2026-06-13 15:19:17,166 [WARN] PackLoader:240 - Cannot read IP mode file for STMicroelectronics.X-CUBE-MEMS1.11.1.0
2026-06-13 15:19:17,224 [INFO] WebApp:169 - Instantiating new browser for Auth
2026-06-13 15:19:17,309 [INFO] LogOutputStream:77 - [STDOUT_REDIRECT] 1 : Invalid condition id : UX_CORESTACK_Condition cause : null
2026-06-13 15:19:17,309 [INFO] LogOutputStream:77 - [STDOUT_REDIRECT] 1 : Invalid condition id : UX_CORESTACK_Condition cause : null
2026-06-13 15:19:17,310 [INFO] LogOutputStream:77 - [STDOUT_REDIRECT] 1 : Invalid condition id : UX_CORESTACK_Condition cause : null
2026-06-13 15:19:17,310 [INFO] LogOutputStream:77 - [STDOUT_REDIRECT] 1 : Invalid condition id : UX_CORESTACK_Condition cause : null
2026-06-13 15:19:17,311 [INFO] LogOutputStream:77 - [STDOUT_REDIRECT] 1 : Invalid condition id : UX_CORESTACK_Condition cause : null
2026-06-13 15:19:17,312 [WARN] PackLoader:240 - Cannot read IP mode file for STMicroelectronics.X-CUBE-AZRTOS-WL.2.0.0
2026-06-13 15:19:17,317 [WARN] PackLoader:240 - Cannot read IP mode file for STMicroelectronics.FP-SNS-MOTENV1.5.0.0
2026-06-13 15:19:17,327 [WARN] PackLoader:240 - Cannot read IP mode file for STMicroelectronics.X-CUBE-AZRTOS-H7RS.1.2.0
2026-06-13 15:19:17,333 [WARN] PackLoader:240 - Cannot read IP mode file for WES.I-CUBE-Cesium.1.3.0
2026-06-13 15:19:17,337 [WARN] PackLoader:240 - Cannot read IP mode file for STMicroelectronics.X-CUBE-BLE2.3.3.0
2026-06-13 15:19:17,348 [WARN] PackLoader:240 - Cannot read IP mode file for STMicroelectronics.X-CUBE-NFC9.1.0.0
2026-06-13 15:19:17,352 [WARN] PackLoader:240 - Cannot read IP mode file for STMicroelectronics.X-CUBE-BLE1.7.1.0
2026-06-13 15:19:17,355 [WARN] PackLoader:240 - Cannot read IP mode file for wolfSSL.I-CUBE-wolfMQTT.1.19.2
2026-06-13 15:19:17,357 [ERROR] Engine:466 - C:\Users\German\.stm32cubemx\thirdparties\pdsc\STMicroelectronics.X-CUBE-FREERTOS.1.4.0.pdsc: PDSC version is not supported
2026-06-13 15:19:17,360 [WARN] PackLoader:240 - Cannot read IP mode file for STMicroelectronics.X-CUBE-EEPRMA1.5.2.0
2026-06-13 15:19:17,363 [ERROR] Engine:466 - C:\Users\German\.stm32cubemx\thirdparties\pdsc\STMicroelectronics.X-CUBE-ST67W61.1.1.0.pdsc: PDSC version is not supported
2026-06-13 15:19:17,365 [WARN] PackLoader:240 - Cannot read IP mode file for STMicroelectronics.X-CUBE-AI.10.1.0
2026-06-13 15:19:17,367 [ERROR] Engine:466 - C:\Users\German\.stm32cubemx\thirdparties\pdsc\STMicroelectronics.FP-SNS-STAIOTCFT.1.1.0.pdsc: PDSC version is not supported
2026-06-13 15:19:17,392 [WARN] PackLoader:240 - Cannot read IP mode file for STMicroelectronics.X-CUBE-MEMS1.12.0.0
2026-06-13 15:19:17,456 [WARN] PackLoader:240 - Cannot read IP mode file for STMicroelectronics.X-CUBE-MEMS1.11.2.0
2026-06-13 15:19:17,517 [WARN] PackLoader:240 - Cannot read IP mode file for STMicroelectronics.X-CUBE-AZRTOS-G0.1.1.0
2026-06-13 15:19:17,521 [WARN] PackLoader:240 - Cannot read IP mode file for STMicroelectronics.X-CUBE-SAFEA1.1.2.2
2026-06-13 15:19:17,525 [WARN] PackLoader:240 - Cannot read IP mode file for STMicroelectronics.X-CUBE-NFC4.3.0.0
2026-06-13 15:19:17,530 [WARN] PackLoader:240 - Cannot read IP mode file for EmbeddedOffice.I-CUBE-FS-RTOS.1.0.1
2026-06-13 15:19:17,533 [WARN] PackLoader:240 - Cannot read IP mode file for STMicroelectronics.X-CUBE-WB05N.2.0.0
2026-06-13 15:19:17,541 [WARN] PackLoader:240 - Cannot read IP mode file for wolfSSL.I-CUBE-wolfTPM.3.8.0
2026-06-13 15:19:17,546 [WARN] PackLoader:240 - Cannot read IP mode file for STMicroelectronics.X-CUBE-TCPP.4.2.0
2026-06-13 15:19:17,552 [WARN] PackLoader:240 - Cannot read IP mode file for RealThread.X-CUBE-RT-Thread_Nano.4.1.1
2026-06-13 15:19:17,555 [WARN] PackLoader:240 - Cannot read IP mode file for STMicroelectronics.FP-ATR-SIGFOX1.3.2.0
2026-06-13 15:19:17,559 [WARN] PackLoader:240 - Cannot read IP mode file for STMicroelectronics.X-CUBE-EEPRMA1.5.1.0
2026-06-13 15:19:17,561 [ERROR] Engine:466 - C:\Users\German\.stm32cubemx\thirdparties\pdsc\STMicroelectronics.X-CUBE-FREERTOS.1.5.0.pdsc: PDSC version is not supported
2026-06-13 15:19:17,564 [WARN] PackLoader:240 - Cannot read IP mode file for wolfSSL.I-CUBE-wolfSSL.5.7.6
2026-06-13 15:19:17,569 [WARN] PackLoader:240 - Cannot read IP mode file for ITTIA_DB.I-CUBE-ITTIADB.8.9.0
2026-06-13 15:19:17,574 [WARN] PackLoader:240 - Cannot read IP mode file for STMicroelectronics.X-CUBE-NFC6.3.2.0
2026-06-13 15:19:17,582 [WARN] PackLoader:240 - Cannot read IP mode file for STMicroelectronics.X-CUBE-ST67W61.1.0.0
2026-06-13 15:19:17,585 [WARN] PackLoader:240 - Cannot read IP mode file for STMicroelectronics.X-CUBE-AI.10.2.0
2026-06-13 15:19:17,618 [WARN] PackLoader:240 - Cannot read IP mode file for STMicroelectronics.X-CUBE-MEMS1.12.1.0
2026-06-13 15:19:17,665 [WARN] PackLoader:240 - Cannot read IP mode file for SEGGER.I-CUBE-embOS.1.3.1
2026-06-13 15:19:17,683 [WARN] PackLoader:240 - Cannot read IP mode file for STMicroelectronics.X-CUBE-ALGOBUILD.1.4.0
2026-06-13 15:19:17,696 [WARN] PackLoader:240 - Cannot read IP mode file for STMicroelectronics.X-CUBE-MEMS1.11.3.0
2026-06-13 15:19:17,748 [WARN] PackLoader:240 - Cannot read IP mode file for STMicroelectronics.X-CUBE-NFC13.1.0.0
2026-06-13 15:19:17,752 [WARN] PackLoader:240 - Cannot read IP mode file for STMicroelectronics.X-CUBE-PM33A1.1.0.0
2026-06-13 15:19:17,762 [WARN] PackLoader:240 - Cannot read IP mode file for STMicroelectronics.X-CUBE-AZRTOS-F4.1.1.0
2026-06-13 15:19:17,767 [WARN] PackLoader:240 - Cannot read IP mode file for Avnet-IotConnect.X-CUBE-IoTC-DA16k-PMOD.1.0.0
2026-06-13 15:19:17,771 [WARN] PackLoader:240 - Cannot read IP mode file for STMicroelectronics.X-CUBE-ISPU.2.1.0
2026-06-13 15:19:17,775 [ERROR] Engine:466 - C:\Users\German\.stm32cubemx\thirdparties\pdsc\STMicroelectronics.X-CUBE-IPS.3.2.0.pdsc: PDSC version is not supported
2026-06-13 15:19:17,779 [WARN] PackLoader:240 - Cannot read IP mode file for STMicroelectronics.eDS-WB_DPC_TT-BIDIR.2.1.1
2026-06-13 15:19:17,784 [WARN] PackLoader:240 - Cannot read IP mode file for STMicroelectronics.X-CUBE-NFC12.1.0.0
2026-06-13 15:19:17,799 [WARN] PackLoader:240 - Cannot read IP mode file for STMicroelectronics.X-CUBE-AZRTOS-L5.2.0.0
2026-06-13 15:19:17,805 [WARN] PackLoader:240 - Cannot read IP mode file for STMicroelectronics.X-CUBE-NFC6.3.1.0
2026-06-13 15:19:17,810 [WARN] PackLoader:240 - Cannot read IP mode file for STMicroelectronics.X-CUBE-ALGOBUILD.1.5.0
2026-06-13 15:19:17,814 [WARN] PackLoader:240 - Cannot read IP mode file for STMicroelectronics.X-CUBE-DPower.1.2.0
2026-06-13 15:19:17,817 [WARN] PackLoader:240 - Cannot read IP mode file for STMicroelectronics.eDS-WB_DPC_VIENNA.1.2.0
2026-06-13 15:19:17,819 [WARN] PackLoader:240 - Cannot read IP mode file for STMicroelectronics.eDS-WB_DPC_3PH2L-BIDIR.1.1.1
2026-06-13 15:19:17,821 [ERROR] Engine:466 - C:\Users\German\.stm32cubemx\thirdparties\pdsc\STMicroelectronics.X-CUBE-ST67W61.1.3.0.pdsc: PDSC version is not supported
2026-06-13 15:19:17,825 [WARN] PackLoader:240 - Cannot read IP mode file for STMicroelectronics.X-CUBE-FREERTOS.1.3.1
2026-06-13 15:19:17,828 [WARN] PackLoader:240 - Cannot read IP mode file for STMicroelectronics.X-CUBE-FREERTOS.1.3.0
2026-06-13 15:19:17,832 [WARN] PackLoader:240 - Cannot read IP mode file for STMicroelectronics.X-CUBE-NFC7.1.0.1
2026-06-13 15:19:17,835 [WARN] PackLoader:240 - Cannot read IP mode file for STMicroelectronics.X-CUBE-TOUCHGFX.4.26.0
2026-06-13 15:19:17,837 [WARN] PackLoader:240 - Cannot read IP mode file for STMicroelectronics.X-CUBE-TOUCHGFX.4.26.1
2026-06-13 15:19:17,841 [WARN] PackLoader:240 - Cannot read IP mode file for STMicroelectronics.FP-SNS-STAIOTCFT.1.0.0
2026-06-13 15:19:17,844 [WARN] PackLoader:240 - Cannot read IP mode file for STMicroelectronics.X-CUBE-DPower.1.3.0
2026-06-13 15:19:17,851 [WARN] ConditionMgr:438 - getConditionDescription Invalid condition id : LAN8742 Phy interface Condition cause : null
2026-06-13 15:19:17,852 [WARN] PackLoader:240 - Cannot read IP mode file for STMicroelectronics.X-CUBE-AZRTOS-L4.2.0.0
2026-06-13 15:19:17,852 [WARN] ConditionMgr:1044 - genDependencies : Invalid condition id : LAN8742 Phy interface Condition cause : null
2026-06-13 15:19:17,852 [WARN] ConditionMgr:1044 - genDependencies : Invalid condition id : LAN8742 Phy interface Condition cause : null
2026-06-13 15:19:17,853 [WARN] ConditionMgr:1044 - genDependencies : Invalid condition id : LAN8742 Phy interface Condition cause : null
2026-06-13 15:19:17,857 [WARN] PackLoader:240 - Cannot read IP mode file for STMicroelectronics.X-CUBE-SFXS2LP1.4.0.0
2026-06-13 15:19:17,860 [WARN] PackLoader:240 - Cannot read IP mode file for STMicroelectronics.X-CUBE-WB05N.2.1.0
2026-06-13 15:19:17,862 [INFO] WebApp:463 - Apply proxy settings
2026-06-13 15:19:17,862 [INFO] WebApp:548 - Chromium requires no authentication
2026-06-13 15:19:17,862 [ERROR] Engine:466 - C:\Users\German\.stm32cubemx\thirdparties\pdsc\STMicroelectronics.X-CUBE-ST67W61.1.2.0.pdsc: PDSC version is not supported
2026-06-13 15:19:17,869 [INFO] WebApp:491 - Direct internet connection detected
2026-06-13 15:19:17,870 [WARN] PackLoader:240 - Cannot read IP mode file for STMicroelectronics.X-CUBE-AZRTOS-H7.3.3.0
2026-06-13 15:19:17,876 [WARN] PackLoader:240 - Cannot read IP mode file for STMicroelectronics.X-CUBE-BLEMGR.4.1.0
2026-06-13 15:19:17,884 [WARN] ConditionMgr:438 - getConditionDescription Invalid condition id : UX DEVICE CLASS RTOS Condition cause : null
2026-06-13 15:19:17,884 [WARN] ConditionMgr:438 - getConditionDescription Invalid condition id : UX DEVICE CLASS RTOS Condition cause : null
2026-06-13 15:19:17,885 [WARN] PackLoader:240 - Cannot read IP mode file for STMicroelectronics.X-CUBE-AZRTOS-WB.2.0.0
2026-06-13 15:19:17,885 [WARN] ConditionMgr:1044 - genDependencies : Invalid condition id : UX DEVICE CLASS RTOS Condition cause : null
2026-06-13 15:19:17,885 [WARN] ConditionMgr:1044 - genDependencies : Invalid condition id : UX DEVICE CLASS RTOS Condition cause : null
2026-06-13 15:19:17,885 [WARN] ConditionMgr:1044 - genDependencies : Invalid condition id : UX DEVICE CLASS RTOS Condition cause : null
2026-06-13 15:19:17,885 [WARN] ConditionMgr:1044 - genDependencies : Invalid condition id : UX DEVICE CLASS RTOS Condition cause : null
2026-06-13 15:19:17,885 [WARN] ConditionMgr:1044 - genDependencies : Invalid condition id : UX DEVICE CLASS RTOS Condition cause : null
2026-06-13 15:19:17,887 [INFO] WebApp:894 - Register for checkConnection events
2026-06-13 15:19:17,887 [INFO] WebApp:463 - Apply proxy settings
2026-06-13 15:19:17,887 [INFO] WebApp:548 - Chromium requires no authentication
2026-06-13 15:19:17,888 [INFO] WebApp:491 - Direct internet connection detected
2026-06-13 15:19:17,888 [WARN] PackLoader:240 - Cannot read IP mode file for STMicroelectronics.X-CUBE-GNSS1.7.0.1
2026-06-13 15:19:17,891 [WARN] PackLoader:240 - Cannot read IP mode file for STMicroelectronics.X-CUBE-TOUCHGFX.4.25.0
2026-06-13 15:19:17,894 [WARN] PackLoader:240 - Cannot read IP mode file for STMicroelectronics.FP-SNS-STBOX1.2.0.0
2026-06-13 15:19:17,898 [WARN] PackLoader:240 - Cannot read IP mode file for STMicroelectronics.X-CUBE-STSE01.2.0.0
2026-06-13 15:19:17,902 [WARN] PackLoader:240 - Cannot read IP mode file for STMicroelectronics.X-CUBE-SUBG2.5.0.0
2026-06-13 15:19:17,911 [WARN] PackLoader:240 - Cannot read IP mode file for STMicroelectronics.X-CUBE-AZRTOS-H7RS.1.1.0
2026-06-13 15:19:17,915 [WARN] PackLoader:240 - Cannot read IP mode file for Cesanta.I-CUBE-Mongoose.7.13.0
2026-06-13 15:19:17,922 [WARN] PackLoader:240 - Cannot read IP mode file for STMicroelectronics.X-CUBE-AZRTOS-G4.2.0.0
2026-06-13 15:19:17,925 [WARN] PackLoader:240 - Cannot read IP mode file for wolfSSL.I-CUBE-wolfSSH.1.4.20
2026-06-13 15:19:17,928 [WARN] PackLoader:240 - Cannot read IP mode file for STMicroelectronics.X-CUBE-NFC7.2.0.0
2026-06-13 15:19:17,933 [WARN] PackLoader:240 - Cannot read IP mode file for STMicroelectronics.X-CUBE-IPS.3.1.0
2026-06-13 15:19:17,937 [WARN] PackLoader:240 - Cannot read IP mode file for STMicroelectronics.X-CUBE-ALS.1.0.2
2026-06-13 15:19:17,939 [WARN] PackLoader:240 - Cannot read IP mode file for STMicroelectronics.X-CUBE-STSE01.1.0.0
2026-06-13 15:19:17,942 [WARN] PackLoader:240 - Cannot read IP mode file for portGmbH.I-Cube-SoM-uGOAL.1.1.0
2026-06-13 15:19:17,947 [WARN] PackLoader:240 - Cannot read IP mode file for STMicroelectronics.X-CUBE-TOF1.3.4.2
2026-06-13 15:19:17,955 [WARN] PackLoader:240 - Cannot read IP mode file for STMicroelectronics.X-CUBE-TOF1.3.4.3
2026-06-13 15:19:17,965 [INFO] ThirdParty:978 - Integrity check success = true
2026-06-13 15:19:17,965 [INFO] IntegrityCheckThread:100 - exiting critical section [integrity check]
2026-06-13 15:19:17,965 [INFO] IntegrityCheckThread:103 - End integrity checks thread
2026-06-13 15:19:18,043 [INFO] WebApp:191 - Connection restablished
2026-06-13 15:19:18,104 [INFO] WebApp:225 - Starting web application
2026-06-13 15:19:18,104 [INFO] WebApp:593 - Web application path used C:\ST\STM32CubeIDE_1.18.1\STM32CubeIDE\plugins\com.st.stm32cube.common.mx_6.14.1.202504091515\db\plugins\mcufinder\reactClient1\index.html
2026-06-13 15:19:18,452 [INFO] UserAuth:484 - Internet connection configuration mode: 1
2026-06-13 16:48:43,010 [ERROR] LogOutputStream:75 - [STDERR_REDIRECT] 
