../Core/Src/main.c:83:6:MCP4822_FillSineDMA	64	static
../Core/Src/main.c:126:6:MCP4822_SetVoltage	24	static
../Core/Src/main.c:160:5:main	288	static
../Core/Src/main.c:235:6:SystemClock_Config	96	static
../Core/Src/main.c:285:13:MX_ADC1_Init	48	static
../Core/Src/main.c:372:13:MX_SPI1_Init	8	static
../Core/Src/main.c:412:13:MX_TIM2_Init	40	static
../Core/Src/main.c:457:13:MX_TIM6_Init	24	static
../Core/Src/main.c:495:13:MX_USART2_UART_Init	8	static
../Core/Src/main.c:528:13:MX_DMA_Init	16	static
../Core/Src/main.c:549:13:MX_GPIO_Init	48	static
../Core/Src/main.c:584:6:StartAcquisition	8	static
../Core/Src/main.c:596:6:HAL_ADC_ConvCpltCallback	24	static
../Core/Src/main.c:613:6:HAL_UART_RxCpltCallback	16	static
../Core/Src/main.c:655:6:Error_Handler	4	static,ignoring_inline_asm
