../Core/Src/main.c:83:6:MCP4822_FillSineDMA	11
../Core/Src/main.c:126:6:MCP4822_SetVoltage	3
../Core/Src/main.c:160:5:main	2
../Core/Src/main.c:235:6:SystemClock_Config	4
../Core/Src/main.c:285:13:MX_ADC1_Init	6
../Core/Src/main.c:372:13:MX_SPI1_Init	2
../Core/Src/main.c:412:13:MX_TIM2_Init	4
../Core/Src/main.c:457:13:MX_TIM6_Init	3
../Core/Src/main.c:495:13:MX_USART2_UART_Init	2
../Core/Src/main.c:528:13:MX_DMA_Init	1
../Core/Src/main.c:549:13:MX_GPIO_Init	1
../Core/Src/main.c:584:6:StartAcquisition	1
../Core/Src/main.c:596:6:HAL_ADC_ConvCpltCallback	2
../Core/Src/main.c:613:6:HAL_UART_RxCpltCallback	8
../Core/Src/main.c:655:6:Error_Handler	1
