../Core/Src/main.c:64:6:MCP4822_FillSineDMA	64	static
../Core/Src/main.c:107:6:MCP4822_SetVoltage	24	static
../Core/Src/main.c:134:5:main	288	static
../Core/Src/main.c:208:6:SystemClock_Config	96	static
../Core/Src/main.c:258:13:MX_SPI1_Init	8	static
../Core/Src/main.c:298:13:MX_TIM2_Init	40	static
../Core/Src/main.c:343:13:MX_USART2_UART_Init	8	static
../Core/Src/main.c:376:13:MX_DMA_Init	16	static
../Core/Src/main.c:394:13:MX_GPIO_Init	48	static
../Core/Src/main.c:436:6:Error_Handler	4	static,ignoring_inline_asm
