c:\users\german\documents\equipo_medicion_ensayo_celdas\firmware\drivers\stm32wbxx_hal_driver\inc\stm32wbxx_ll_bus.h:539:22:LL_AHB2_GRP1_EnableClock	24	static
c:\users\german\documents\equipo_medicion_ensayo_celdas\firmware\drivers\stm32wbxx_hal_driver\inc\stm32wbxx_ll_bus.h:939:22:LL_APB1_GRP1_EnableClock	24	static
c:\users\german\documents\equipo_medicion_ensayo_celdas\firmware\drivers\stm32wbxx_hal_driver\inc\stm32wbxx_ll_bus.h:1038:22:LL_APB1_GRP1_DisableClock	16	static
C:/Users/German/Documents/equipo_medicion_ensayo_celdas/firmware/Core/Src/i2c.c:30:6:MX_I2C3_Init	8	static
C:/Users/German/Documents/equipo_medicion_ensayo_celdas/firmware/Core/Src/i2c.c:73:6:HAL_I2C_MspInit	120	static
C:/Users/German/Documents/equipo_medicion_ensayo_celdas/firmware/Core/Src/i2c.c:113:6:HAL_I2C_MspDeInit	16	static
