c:\users\german\documents\equipo_medicion_ensayo_celdas\firmware\drivers\stm32wbxx_hal_driver\inc\stm32wbxx_ll_bus.h:539:22:LL_AHB2_GRP1_EnableClock	24	static
c:\users\german\documents\equipo_medicion_ensayo_celdas\firmware\drivers\stm32wbxx_hal_driver\inc\stm32wbxx_ll_bus.h:939:22:LL_APB1_GRP1_EnableClock	24	static
c:\users\german\documents\equipo_medicion_ensayo_celdas\firmware\drivers\stm32wbxx_hal_driver\inc\stm32wbxx_ll_bus.h:1038:22:LL_APB1_GRP1_DisableClock	16	static
c:\users\german\documents\equipo_medicion_ensayo_celdas\firmware\drivers\stm32wbxx_hal_driver\inc\stm32wbxx_ll_bus.h:1274:22:LL_APB2_GRP1_EnableClock	24	static
c:\users\german\documents\equipo_medicion_ensayo_celdas\firmware\drivers\stm32wbxx_hal_driver\inc\stm32wbxx_ll_bus.h:1328:22:LL_APB2_GRP1_DisableClock	16	static
C:/Users/German/Documents/equipo_medicion_ensayo_celdas/firmware/Core/Src/spi.c:31:6:MX_SPI1_Init	8	static
C:/Users/German/Documents/equipo_medicion_ensayo_celdas/firmware/Core/Src/spi.c:65:6:MX_SPI2_Init	8	static
C:/Users/German/Documents/equipo_medicion_ensayo_celdas/firmware/Core/Src/spi.c:99:6:HAL_SPI_MspInit	40	static
C:/Users/German/Documents/equipo_medicion_ensayo_celdas/firmware/Core/Src/spi.c:155:6:HAL_SPI_MspDeInit	16	static
