C:/Users/German/Documents/equipo_medicion_ensayo_celdas/firmware/Core/Src/stm32wbxx_it.c:72:6:NMI_Handler	4	static
C:/Users/German/Documents/equipo_medicion_ensayo_celdas/firmware/Core/Src/stm32wbxx_it.c:87:6:HardFault_Handler	4	static
C:/Users/German/Documents/equipo_medicion_ensayo_celdas/firmware/Core/Src/stm32wbxx_it.c:102:6:MemManage_Handler	4	static
C:/Users/German/Documents/equipo_medicion_ensayo_celdas/firmware/Core/Src/stm32wbxx_it.c:117:6:BusFault_Handler	4	static
C:/Users/German/Documents/equipo_medicion_ensayo_celdas/firmware/Core/Src/stm32wbxx_it.c:132:6:UsageFault_Handler	4	static
C:/Users/German/Documents/equipo_medicion_ensayo_celdas/firmware/Core/Src/stm32wbxx_it.c:147:6:DebugMon_Handler	4	static
C:/Users/German/Documents/equipo_medicion_ensayo_celdas/firmware/Core/Src/stm32wbxx_it.c:167:6:USB_LP_IRQHandler	8	static
C:/Users/German/Documents/equipo_medicion_ensayo_celdas/firmware/Core/Src/stm32wbxx_it.c:181:6:TIM1_TRG_COM_TIM17_IRQHandler	8	static
C:/Users/German/Documents/equipo_medicion_ensayo_celdas/firmware/Core/Src/stm32wbxx_it.c:195:6:IPCC_C1_RX_IRQHandler	8	static
C:/Users/German/Documents/equipo_medicion_ensayo_celdas/firmware/Core/Src/stm32wbxx_it.c:209:6:IPCC_C1_TX_IRQHandler	8	static
C:/Users/German/Documents/equipo_medicion_ensayo_celdas/firmware/Core/Src/stm32wbxx_it.c:223:6:HSEM_IRQHandler	8	static
