23:50:54 **** Incremental Build of configuration Debug for project pruebas_eq_med_celdas ****
make -j12 all 
arm-none-eabi-gcc "../Core/Src/main.c" -mcpu=cortex-m4 -std=gnu11 -g3 -DDEBUG -DUSE_HAL_DRIVER -DSTM32L476xx -c -I../Core/Inc -I../Drivers/STM32L4xx_HAL_Driver/Inc -I../Drivers/STM32L4xx_HAL_Driver/Inc/Legacy -I../Drivers/CMSIS/Device/ST/STM32L4xx/Include -I../Drivers/CMSIS/Include -O0 -ffunction-sections -fdata-sections -Wall -fstack-usage -fcyclomatic-complexity -MMD -MP -MF"Core/Src/main.d" -MT"Core/Src/main.o" --specs=nano.specs -mfpu=fpv4-sp-d16 -mfloat-abi=hard -mthumb -o "Core/Src/main.o"
arm-none-eabi-gcc -o "pruebas_eq_med_celdas.elf" @"objects.list"   -mcpu=cortex-m4 -T"C:\Users\German\Documents\equipo_medicion_ensayo_celdas\pruebas_eq_med_celdas\STM32L476RGTX_FLASH.ld" --specs=nosys.specs -Wl,-Map="pruebas_eq_med_celdas.map" -Wl,--gc-sections -static --specs=nano.specs -mfpu=fpv4-sp-d16 -mfloat-abi=hard -mthumb -Wl,--start-group -lc -lm -Wl,--end-group
Finished building target: pruebas_eq_med_celdas.elf
 
arm-none-eabi-size  pruebas_eq_med_celdas.elf 
arm-none-eabi-objdump -h -S pruebas_eq_med_celdas.elf  > "pruebas_eq_med_celdas.list"
   text	   data	    bss	    dec	    hex	filename
  37720	     12	  62204	  99936	  18660	pruebas_eq_med_celdas.elf
Finished building: default.size.stdout
 
Finished building: pruebas_eq_med_celdas.list
 
23:51:00 **** Incremental Build of configuration Debug for project pruebas_eq_med_celdas ****
make -j12 all 
arm-none-eabi-size  pruebas_eq_med_celdas.elf 
   text	   data	    bss	    dec	    hex	filename
  37720	     12	  62204	  99936	  18660	pruebas_eq_med_celdas.elf
Finished building: default.size.stdout
 
23:52:43 **** Build of configuration Debug for project pruebas_eq_med_celdas ****
make -j12 all 
arm-none-eabi-size  pruebas_eq_med_celdas.elf 
   text	   data	    bss	    dec	    hex	filename
  37720	     12	  62204	  99936	  18660	pruebas_eq_med_celdas.elf
Finished building: default.size.stdout
 
23:54:48 **** Build of configuration Debug for project pruebas_eq_med_celdas ****
make -j12 all 
arm-none-eabi-gcc "../Core/Src/main.c" -mcpu=cortex-m4 -std=gnu11 -g3 -DDEBUG -DUSE_HAL_DRIVER -DSTM32L476xx -c -I../Core/Inc -I../Drivers/STM32L4xx_HAL_Driver/Inc -I../Drivers/STM32L4xx_HAL_Driver/Inc/Legacy -I../Drivers/CMSIS/Device/ST/STM32L4xx/Include -I../Drivers/CMSIS/Include -O0 -ffunction-sections -fdata-sections -Wall -fstack-usage -fcyclomatic-complexity -MMD -MP -MF"Core/Src/main.d" -MT"Core/Src/main.o" --specs=nano.specs -mfpu=fpv4-sp-d16 -mfloat-abi=hard -mthumb -o "Core/Src/main.o"
../Core/Src/main.c: In function 'main':
../Core/Src/main.c:211:22: warning: unused variable 'dummy' [-Wunused-variable]
  211 |   volatile uint16_t *dummy = &adcBuffer[55];
      |                      ^~~~~
arm-none-eabi-gcc -o "pruebas_eq_med_celdas.elf" @"objects.list"   -mcpu=cortex-m4 -T"C:\Users\German\Documents\equipo_medicion_ensayo_celdas\pruebas_eq_med_celdas\STM32L476RGTX_FLASH.ld" --specs=nosys.specs -Wl,-Map="pruebas_eq_med_celdas.map" -Wl,--gc-sections -static --specs=nano.specs -mfpu=fpv4-sp-d16 -mfloat-abi=hard -mthumb -Wl,--start-group -lc -lm -Wl,--end-group
Finished building target: pruebas_eq_med_celdas.elf
 
arm-none-eabi-size  pruebas_eq_med_celdas.elf 
arm-none-eabi-objdump -h -S pruebas_eq_med_celdas.elf  > "pruebas_eq_med_celdas.list"
   text	   data	    bss	    dec	    hex	filename
  37732	     12	  62204	  99948	  1866c	pruebas_eq_med_celdas.elf
Finished building: default.size.stdout
 
Finished building: pruebas_eq_med_celdas.list
 
00:03:10 **** Incremental Build of configuration Debug for project pruebas_eq_med_celdas ****
make -j12 all 
arm-none-eabi-gcc "../Core/Src/main.c" -mcpu=cortex-m4 -std=gnu11 -g3 -DDEBUG -DUSE_HAL_DRIVER -DSTM32L476xx -c -I../Core/Inc -I../Drivers/STM32L4xx_HAL_Driver/Inc -I../Drivers/STM32L4xx_HAL_Driver/Inc/Legacy -I../Drivers/CMSIS/Device/ST/STM32L4xx/Include -I../Drivers/CMSIS/Include -O0 -ffunction-sections -fdata-sections -Wall -fstack-usage -fcyclomatic-complexity -MMD -MP -MF"Core/Src/main.d" -MT"Core/Src/main.o" --specs=nano.specs -mfpu=fpv4-sp-d16 -mfloat-abi=hard -mthumb -o "Core/Src/main.o"
arm-none-eabi-gcc -o "pruebas_eq_med_celdas.elf" @"objects.list"   -mcpu=cortex-m4 -T"C:\Users\German\Documents\equipo_medicion_ensayo_celdas\pruebas_eq_med_celdas\STM32L476RGTX_FLASH.ld" --specs=nosys.specs -Wl,-Map="pruebas_eq_med_celdas.map" -Wl,--gc-sections -static --specs=nano.specs -mfpu=fpv4-sp-d16 -mfloat-abi=hard -mthumb -Wl,--start-group -lc -lm -Wl,--end-group
Finished building target: pruebas_eq_med_celdas.elf
 
arm-none-eabi-size  pruebas_eq_med_celdas.elf 
arm-none-eabi-objdump -h -S pruebas_eq_med_celdas.elf  > "pruebas_eq_med_celdas.list"
   text	   data	    bss	    dec	    hex	filename
  37720	     12	  62204	  99936	  18660	pruebas_eq_med_celdas.elf
Finished building: default.size.stdout
 
Finished building: pruebas_eq_med_celdas.list
 
00:07:33 **** Incremental Build of configuration Debug for project pruebas_eq_med_celdas ****
make -j12 all 
arm-none-eabi-gcc "../Core/Src/main.c" -mcpu=cortex-m4 -std=gnu11 -g3 -DDEBUG -DUSE_HAL_DRIVER -DSTM32L476xx -c -I../Core/Inc -I../Drivers/STM32L4xx_HAL_Driver/Inc -I../Drivers/STM32L4xx_HAL_Driver/Inc/Legacy -I../Drivers/CMSIS/Device/ST/STM32L4xx/Include -I../Drivers/CMSIS/Include -O0 -ffunction-sections -fdata-sections -Wall -fstack-usage -fcyclomatic-complexity -MMD -MP -MF"Core/Src/main.d" -MT"Core/Src/main.o" --specs=nano.specs -mfpu=fpv4-sp-d16 -mfloat-abi=hard -mthumb -o "Core/Src/main.o"
arm-none-eabi-gcc -o "pruebas_eq_med_celdas.elf" @"objects.list"   -mcpu=cortex-m4 -T"C:\Users\German\Documents\equipo_medicion_ensayo_celdas\pruebas_eq_med_celdas\STM32L476RGTX_FLASH.ld" --specs=nosys.specs -Wl,-Map="pruebas_eq_med_celdas.map" -Wl,--gc-sections -static --specs=nano.specs -mfpu=fpv4-sp-d16 -mfloat-abi=hard -mthumb -Wl,--start-group -lc -lm -Wl,--end-group
Finished building target: pruebas_eq_med_celdas.elf
 
arm-none-eabi-size  pruebas_eq_med_celdas.elf 
arm-none-eabi-objdump -h -S pruebas_eq_med_celdas.elf  > "pruebas_eq_med_celdas.list"
   text	   data	    bss	    dec	    hex	filename
  37720	     12	  62204	  99936	  18660	pruebas_eq_med_celdas.elf
Finished building: default.size.stdout
 
Finished building: pruebas_eq_med_celdas.list
 
00:14:22 **** Incremental Build of configuration Debug for project pruebas_eq_med_celdas ****
make -j12 all 
arm-none-eabi-gcc "../Core/Src/main.c" -mcpu=cortex-m4 -std=gnu11 -g3 -DDEBUG -DUSE_HAL_DRIVER -DSTM32L476xx -c -I../Core/Inc -I../Drivers/STM32L4xx_HAL_Driver/Inc -I../Drivers/STM32L4xx_HAL_Driver/Inc/Legacy -I../Drivers/CMSIS/Device/ST/STM32L4xx/Include -I../Drivers/CMSIS/Include -O0 -ffunction-sections -fdata-sections -Wall -fstack-usage -fcyclomatic-complexity -MMD -MP -MF"Core/Src/main.d" -MT"Core/Src/main.o" --specs=nano.specs -mfpu=fpv4-sp-d16 -mfloat-abi=hard -mthumb -o "Core/Src/main.o"
arm-none-eabi-gcc -o "pruebas_eq_med_celdas.elf" @"objects.list"   -mcpu=cortex-m4 -T"C:\Users\German\Documents\equipo_medicion_ensayo_celdas\pruebas_eq_med_celdas\STM32L476RGTX_FLASH.ld" --specs=nosys.specs -Wl,-Map="pruebas_eq_med_celdas.map" -Wl,--gc-sections -static --specs=nano.specs -mfpu=fpv4-sp-d16 -mfloat-abi=hard -mthumb -Wl,--start-group -lc -lm -Wl,--end-group
Finished building target: pruebas_eq_med_celdas.elf
 
arm-none-eabi-size  pruebas_eq_med_celdas.elf 
arm-none-eabi-objdump -h -S pruebas_eq_med_celdas.elf  > "pruebas_eq_med_celdas.list"
   text	   data	    bss	    dec	    hex	filename
  37892	     12	  62228	 100132	  18724	pruebas_eq_med_celdas.elf
Finished building: default.size.stdout
 
Finished building: pruebas_eq_med_celdas.list
 
00:17:29 **** Incremental Build of configuration Debug for project pruebas_eq_med_celdas ****
make -j12 all 
arm-none-eabi-gcc "../Core/Src/main.c" -mcpu=cortex-m4 -std=gnu11 -g3 -DDEBUG -DUSE_HAL_DRIVER -DSTM32L476xx -c -I../Core/Inc -I../Drivers/STM32L4xx_HAL_Driver/Inc -I../Drivers/STM32L4xx_HAL_Driver/Inc/Legacy -I../Drivers/CMSIS/Device/ST/STM32L4xx/Include -I../Drivers/CMSIS/Include -O0 -ffunction-sections -fdata-sections -Wall -fstack-usage -fcyclomatic-complexity -MMD -MP -MF"Core/Src/main.d" -MT"Core/Src/main.o" --specs=nano.specs -mfpu=fpv4-sp-d16 -mfloat-abi=hard -mthumb -o "Core/Src/main.o"
arm-none-eabi-gcc -o "pruebas_eq_med_celdas.elf" @"objects.list"   -mcpu=cortex-m4 -T"C:\Users\German\Documents\equipo_medicion_ensayo_celdas\pruebas_eq_med_celdas\STM32L476RGTX_FLASH.ld" --specs=nosys.specs -Wl,-Map="pruebas_eq_med_celdas.map" -Wl,--gc-sections -static --specs=nano.specs -mfpu=fpv4-sp-d16 -mfloat-abi=hard -mthumb -Wl,--start-group -lc -lm -Wl,--end-group
Finished building target: pruebas_eq_med_celdas.elf
 
arm-none-eabi-size  pruebas_eq_med_celdas.elf 
arm-none-eabi-objdump -h -S pruebas_eq_med_celdas.elf  > "pruebas_eq_med_celdas.list"
   text	   data	    bss	    dec	    hex	filename
  37892	     12	  62228	 100132	  18724	pruebas_eq_med_celdas.elf
Finished building: default.size.stdout
 
Finished building: pruebas_eq_med_celdas.list
 
00:30:00 **** Incremental Build of configuration Debug for project pruebas_eq_med_celdas ****
make -j12 all 
arm-none-eabi-size  pruebas_eq_med_celdas.elf 
   text	   data	    bss	    dec	    hex	filename
  37892	     12	  62228	 100132	  18724	pruebas_eq_med_celdas.elf
Finished building: default.size.stdout
 
00:30:13 **** Incremental Build of configuration Debug for project pruebas_eq_med_celdas ****
make -j12 all 
arm-none-eabi-size  pruebas_eq_med_celdas.elf 
   text	   data	    bss	    dec	    hex	filename
  37892	     12	  62228	 100132	  18724	pruebas_eq_med_celdas.elf
Finished building: default.size.stdout
 
00:31:36 **** Incremental Build of configuration Debug for project pruebas_eq_med_celdas ****
make -j12 all 
arm-none-eabi-size  pruebas_eq_med_celdas.elf 
   text	   data	    bss	    dec	    hex	filename
  37892	     12	  62228	 100132	  18724	pruebas_eq_med_celdas.elf
Finished building: default.size.stdout
 
14:50:16 **** Incremental Build of configuration Debug for project pruebas_eq_med_celdas ****
make -j12 all 
arm-none-eabi-size  pruebas_eq_med_celdas.elf 
   text	   data	    bss	    dec	    hex	filename
  37892	     12	  62228	 100132	  18724	pruebas_eq_med_celdas.elf
Finished building: default.size.stdout
 
14:52:02 **** Incremental Build of configuration Debug for project pruebas_eq_med_celdas ****
make -j12 all 
arm-none-eabi-gcc "../Core/Src/main.c" -mcpu=cortex-m4 -std=gnu11 -g3 -DDEBUG -DUSE_HAL_DRIVER -DSTM32L476xx -c -I../Core/Inc -I../Drivers/STM32L4xx_HAL_Driver/Inc -I../Drivers/STM32L4xx_HAL_Driver/Inc/Legacy -I../Drivers/CMSIS/Device/ST/STM32L4xx/Include -I../Drivers/CMSIS/Include -O0 -ffunction-sections -fdata-sections -Wall -fstack-usage -fcyclomatic-complexity -MMD -MP -MF"Core/Src/main.d" -MT"Core/Src/main.o" --specs=nano.specs -mfpu=fpv4-sp-d16 -mfloat-abi=hard -mthumb -o "Core/Src/main.o"
arm-none-eabi-gcc -o "pruebas_eq_med_celdas.elf" @"objects.list"   -mcpu=cortex-m4 -T"C:\Users\German\Documents\equipo_medicion_ensayo_celdas\pruebas_eq_med_celdas\STM32L476RGTX_FLASH.ld" --specs=nosys.specs -Wl,-Map="pruebas_eq_med_celdas.map" -Wl,--gc-sections -static --specs=nano.specs -mfpu=fpv4-sp-d16 -mfloat-abi=hard -mthumb -Wl,--start-group -lc -lm -Wl,--end-group
Finished building target: pruebas_eq_med_celdas.elf
 
arm-none-eabi-size  pruebas_eq_med_celdas.elf 
arm-none-eabi-objdump -h -S pruebas_eq_med_celdas.elf  > "pruebas_eq_med_celdas.list"
   text	   data	    bss	    dec	    hex	filename
  37892	     12	  62228	 100132	  18724	pruebas_eq_med_celdas.elf
Finished building: default.size.stdout
 
Finished building: pruebas_eq_med_celdas.list
 
14:53:07 **** Incremental Build of configuration Debug for project pruebas_eq_med_celdas ****
make -j12 all 
arm-none-eabi-size  pruebas_eq_med_celdas.elf 
   text	   data	    bss	    dec	    hex	filename
  37892	     12	  62228	 100132	  18724	pruebas_eq_med_celdas.elf
Finished building: default.size.stdout
 
14:54:21 **** Incremental Build of configuration Debug for project pruebas_eq_med_celdas ****
make -j12 all 
arm-none-eabi-size  pruebas_eq_med_celdas.elf 
   text	   data	    bss	    dec	    hex	filename
  37892	     12	  62228	 100132	  18724	pruebas_eq_med_celdas.elf
Finished building: default.size.stdout
 
14:55:18 **** Incremental Build of configuration Debug for project pruebas_eq_med_celdas ****
make -j12 all 
arm-none-eabi-gcc "../Core/Src/main.c" -mcpu=cortex-m4 -std=gnu11 -g3 -DDEBUG -DUSE_HAL_DRIVER -DSTM32L476xx -c -I../Core/Inc -I../Drivers/STM32L4xx_HAL_Driver/Inc -I../Drivers/STM32L4xx_HAL_Driver/Inc/Legacy -I../Drivers/CMSIS/Device/ST/STM32L4xx/Include -I../Drivers/CMSIS/Include -O0 -ffunction-sections -fdata-sections -Wall -fstack-usage -fcyclomatic-complexity -MMD -MP -MF"Core/Src/main.d" -MT"Core/Src/main.o" --specs=nano.specs -mfpu=fpv4-sp-d16 -mfloat-abi=hard -mthumb -o "Core/Src/main.o"
arm-none-eabi-gcc -o "pruebas_eq_med_celdas.elf" @"objects.list"   -mcpu=cortex-m4 -T"C:\Users\German\Documents\equipo_medicion_ensayo_celdas\pruebas_eq_med_celdas\STM32L476RGTX_FLASH.ld" --specs=nosys.specs -Wl,-Map="pruebas_eq_med_celdas.map" -Wl,--gc-sections -static --specs=nano.specs -mfpu=fpv4-sp-d16 -mfloat-abi=hard -mthumb -Wl,--start-group -lc -lm -Wl,--end-group
Finished building target: pruebas_eq_med_celdas.elf
 
arm-none-eabi-size  pruebas_eq_med_celdas.elf 
arm-none-eabi-objdump -h -S pruebas_eq_med_celdas.elf  > "pruebas_eq_med_celdas.list"
   text	   data	    bss	    dec	    hex	filename
  37892	     12	  62228	 100132	  18724	pruebas_eq_med_celdas.elf
Finished building: default.size.stdout
 
Finished building: pruebas_eq_med_celdas.list
 
14:57:27 **** Incremental Build of configuration Debug for project pruebas_eq_med_celdas ****
make -j12 all 
arm-none-eabi-gcc "../Core/Src/main.c" -mcpu=cortex-m4 -std=gnu11 -g3 -DDEBUG -DUSE_HAL_DRIVER -DSTM32L476xx -c -I../Core/Inc -I../Drivers/STM32L4xx_HAL_Driver/Inc -I../Drivers/STM32L4xx_HAL_Driver/Inc/Legacy -I../Drivers/CMSIS/Device/ST/STM32L4xx/Include -I../Drivers/CMSIS/Include -O0 -ffunction-sections -fdata-sections -Wall -fstack-usage -fcyclomatic-complexity -MMD -MP -MF"Core/Src/main.d" -MT"Core/Src/main.o" --specs=nano.specs -mfpu=fpv4-sp-d16 -mfloat-abi=hard -mthumb -o "Core/Src/main.o"
arm-none-eabi-gcc -o "pruebas_eq_med_celdas.elf" @"objects.list"   -mcpu=cortex-m4 -T"C:\Users\German\Documents\equipo_medicion_ensayo_celdas\pruebas_eq_med_celdas\STM32L476RGTX_FLASH.ld" --specs=nosys.specs -Wl,-Map="pruebas_eq_med_celdas.map" -Wl,--gc-sections -static --specs=nano.specs -mfpu=fpv4-sp-d16 -mfloat-abi=hard -mthumb -Wl,--start-group -lc -lm -Wl,--end-group
Finished building target: pruebas_eq_med_celdas.elf
 
arm-none-eabi-size  pruebas_eq_med_celdas.elf 
arm-none-eabi-objdump -h -S pruebas_eq_med_celdas.elf  > "pruebas_eq_med_celdas.list"
   text	   data	    bss	    dec	    hex	filename
  37900	     12	  62228	 100140	  1872c	pruebas_eq_med_celdas.elf
Finished building: default.size.stdout
 
Finished building: pruebas_eq_med_celdas.list
 
15:00:40 **** Incremental Build of configuration Debug for project pruebas_eq_med_celdas ****
make -j12 all 
arm-none-eabi-gcc "../Core/Src/main.c" -mcpu=cortex-m4 -std=gnu11 -g3 -DDEBUG -DUSE_HAL_DRIVER -DSTM32L476xx -c -I../Core/Inc -I../Drivers/STM32L4xx_HAL_Driver/Inc -I../Drivers/STM32L4xx_HAL_Driver/Inc/Legacy -I../Drivers/CMSIS/Device/ST/STM32L4xx/Include -I../Drivers/CMSIS/Include -O0 -ffunction-sections -fdata-sections -Wall -fstack-usage -fcyclomatic-complexity -MMD -MP -MF"Core/Src/main.d" -MT"Core/Src/main.o" --specs=nano.specs -mfpu=fpv4-sp-d16 -mfloat-abi=hard -mthumb -o "Core/Src/main.o"
arm-none-eabi-gcc -o "pruebas_eq_med_celdas.elf" @"objects.list"   -mcpu=cortex-m4 -T"C:\Users\German\Documents\equipo_medicion_ensayo_celdas\pruebas_eq_med_celdas\STM32L476RGTX_FLASH.ld" --specs=nosys.specs -Wl,-Map="pruebas_eq_med_celdas.map" -Wl,--gc-sections -static --specs=nano.specs -mfpu=fpv4-sp-d16 -mfloat-abi=hard -mthumb -Wl,--start-group -lc -lm -Wl,--end-group
Finished building target: pruebas_eq_med_celdas.elf
 
arm-none-eabi-size  pruebas_eq_med_celdas.elf 
arm-none-eabi-objdump -h -S pruebas_eq_med_celdas.elf  > "pruebas_eq_med_celdas.list"
   text	   data	    bss	    dec	    hex	filename
  37900	     12	  62228	 100140	  1872c	pruebas_eq_med_celdas.elf
Finished building: default.size.stdout
 
Finished building: pruebas_eq_med_celdas.list
 
15:02:18 **** Incremental Build of configuration Debug for project pruebas_eq_med_celdas ****
make -j12 all 
arm-none-eabi-gcc "../Core/Src/main.c" -mcpu=cortex-m4 -std=gnu11 -g3 -DDEBUG -DUSE_HAL_DRIVER -DSTM32L476xx -c -I../Core/Inc -I../Drivers/STM32L4xx_HAL_Driver/Inc -I../Drivers/STM32L4xx_HAL_Driver/Inc/Legacy -I../Drivers/CMSIS/Device/ST/STM32L4xx/Include -I../Drivers/CMSIS/Include -O0 -ffunction-sections -fdata-sections -Wall -fstack-usage -fcyclomatic-complexity -MMD -MP -MF"Core/Src/main.d" -MT"Core/Src/main.o" --specs=nano.specs -mfpu=fpv4-sp-d16 -mfloat-abi=hard -mthumb -o "Core/Src/main.o"
arm-none-eabi-gcc -o "pruebas_eq_med_celdas.elf" @"objects.list"   -mcpu=cortex-m4 -T"C:\Users\German\Documents\equipo_medicion_ensayo_celdas\pruebas_eq_med_celdas\STM32L476RGTX_FLASH.ld" --specs=nosys.specs -Wl,-Map="pruebas_eq_med_celdas.map" -Wl,--gc-sections -static --specs=nano.specs -mfpu=fpv4-sp-d16 -mfloat-abi=hard -mthumb -Wl,--start-group -lc -lm -Wl,--end-group
Finished building target: pruebas_eq_med_celdas.elf
 
arm-none-eabi-size  pruebas_eq_med_celdas.elf 
arm-none-eabi-objdump -h -S pruebas_eq_med_celdas.elf  > "pruebas_eq_med_celdas.list"
   text	   data	    bss	    dec	    hex	filename
  37900	     12	  62228	 100140	  1872c	pruebas_eq_med_celdas.elf
Finished building: default.size.stdout
 
Finished building: pruebas_eq_med_celdas.list
 
15:19:35 **** Incremental Build of configuration Debug for project pruebas_eq_med_celdas ****
make -j12 all 
arm-none-eabi-gcc "../Core/Src/main.c" -mcpu=cortex-m4 -std=gnu11 -g3 -DDEBUG -DUSE_HAL_DRIVER -DSTM32L476xx -c -I../Core/Inc -I../Drivers/STM32L4xx_HAL_Driver/Inc -I../Drivers/STM32L4xx_HAL_Driver/Inc/Legacy -I../Drivers/CMSIS/Device/ST/STM32L4xx/Include -I../Drivers/CMSIS/Include -O0 -ffunction-sections -fdata-sections -Wall -fstack-usage -fcyclomatic-complexity -MMD -MP -MF"Core/Src/main.d" -MT"Core/Src/main.o" --specs=nano.specs -mfpu=fpv4-sp-d16 -mfloat-abi=hard -mthumb -o "Core/Src/main.o"
arm-none-eabi-gcc -o "pruebas_eq_med_celdas.elf" @"objects.list"   -mcpu=cortex-m4 -T"C:\Users\German\Documents\equipo_medicion_ensayo_celdas\pruebas_eq_med_celdas\STM32L476RGTX_FLASH.ld" --specs=nosys.specs -Wl,-Map="pruebas_eq_med_celdas.map" -Wl,--gc-sections -static --specs=nano.specs -mfpu=fpv4-sp-d16 -mfloat-abi=hard -mthumb -Wl,--start-group -lc -lm -Wl,--end-group
Finished building target: pruebas_eq_med_celdas.elf
 
arm-none-eabi-size  pruebas_eq_med_celdas.elf 
arm-none-eabi-objdump -h -S pruebas_eq_med_celdas.elf  > "pruebas_eq_med_celdas.list"
   text	   data	    bss	    dec	    hex	filename
  37892	     12	  62228	 100132	  18724	pruebas_eq_med_celdas.elf
Finished building: default.size.stdout
 
Finished building: pruebas_eq_med_celdas.list
 
15:28:55 **** Incremental Build of configuration Debug for project pruebas_eq_med_celdas ****
make -j12 all 
arm-none-eabi-gcc "../Core/Src/main.c" -mcpu=cortex-m4 -std=gnu11 -g3 -DDEBUG -DUSE_HAL_DRIVER -DSTM32L476xx -c -I../Core/Inc -I../Drivers/STM32L4xx_HAL_Driver/Inc -I../Drivers/STM32L4xx_HAL_Driver/Inc/Legacy -I../Drivers/CMSIS/Device/ST/STM32L4xx/Include -I../Drivers/CMSIS/Include -O0 -ffunction-sections -fdata-sections -Wall -fstack-usage -fcyclomatic-complexity -MMD -MP -MF"Core/Src/main.d" -MT"Core/Src/main.o" --specs=nano.specs -mfpu=fpv4-sp-d16 -mfloat-abi=hard -mthumb -o "Core/Src/main.o"
arm-none-eabi-gcc -o "pruebas_eq_med_celdas.elf" @"objects.list"   -mcpu=cortex-m4 -T"C:\Users\German\Documents\equipo_medicion_ensayo_celdas\pruebas_eq_med_celdas\STM32L476RGTX_FLASH.ld" --specs=nosys.specs -Wl,-Map="pruebas_eq_med_celdas.map" -Wl,--gc-sections -static --specs=nano.specs -mfpu=fpv4-sp-d16 -mfloat-abi=hard -mthumb -Wl,--start-group -lc -lm -Wl,--end-group
Finished building target: pruebas_eq_med_celdas.elf
 
arm-none-eabi-size  pruebas_eq_med_celdas.elf 
arm-none-eabi-objdump -h -S pruebas_eq_med_celdas.elf  > "pruebas_eq_med_celdas.list"
   text	   data	    bss	    dec	    hex	filename
  34932	     12	  62204	  97148	  17b7c	pruebas_eq_med_celdas.elf
Finished building: default.size.stdout
 
Finished building: pruebas_eq_med_celdas.list
 
15:42:07 **** Incremental Build of configuration Debug for project pruebas_eq_med_celdas ****
make -j12 all 
arm-none-eabi-size  pruebas_eq_med_celdas.elf 
   text	   data	    bss	    dec	    hex	filename
  34932	     12	  62204	  97148	  17b7c	pruebas_eq_med_celdas.elf
Finished building: default.size.stdout
 
15:45:14 **** Incremental Build of configuration Debug for project pruebas_eq_med_celdas ****
make -j12 all 
arm-none-eabi-gcc "../Core/Src/main.c" -mcpu=cortex-m4 -std=gnu11 -g3 -DDEBUG -DUSE_HAL_DRIVER -DSTM32L476xx -c -I../Core/Inc -I../Drivers/STM32L4xx_HAL_Driver/Inc -I../Drivers/STM32L4xx_HAL_Driver/Inc/Legacy -I../Drivers/CMSIS/Device/ST/STM32L4xx/Include -I../Drivers/CMSIS/Include -O0 -ffunction-sections -fdata-sections -Wall -fstack-usage -fcyclomatic-complexity -MMD -MP -MF"Core/Src/main.d" -MT"Core/Src/main.o" --specs=nano.specs -mfpu=fpv4-sp-d16 -mfloat-abi=hard -mthumb -o "Core/Src/main.o"
../Core/Src/main.c: In function 'main':
../Core/Src/main.c:197:12: warning: unused variable 'dac_buffer' [-Wunused-variable]
  197 |   uint16_t dac_buffer[139];
      |            ^~~~~~~~~~
arm-none-eabi-gcc -o "pruebas_eq_med_celdas.elf" @"objects.list"   -mcpu=cortex-m4 -T"C:\Users\German\Documents\equipo_medicion_ensayo_celdas\pruebas_eq_med_celdas\STM32L476RGTX_FLASH.ld" --specs=nosys.specs -Wl,-Map="pruebas_eq_med_celdas.map" -Wl,--gc-sections -static --specs=nano.specs -mfpu=fpv4-sp-d16 -mfloat-abi=hard -mthumb -Wl,--start-group -lc -lm -Wl,--end-group
Finished building target: pruebas_eq_med_celdas.elf
 
arm-none-eabi-size  pruebas_eq_med_celdas.elf 
arm-none-eabi-objdump -h -S pruebas_eq_med_celdas.elf  > "pruebas_eq_med_celdas.list"
   text	   data	    bss	    dec	    hex	filename
  28072	     12	  62204	  90288	  160b0	pruebas_eq_med_celdas.elf
Finished building: default.size.stdout
 
Finished building: pruebas_eq_med_celdas.list
 
15:49:18 **** Incremental Build of configuration Debug for project pruebas_eq_med_celdas ****
make -j12 all 
arm-none-eabi-gcc "../Core/Src/main.c" -mcpu=cortex-m4 -std=gnu11 -g3 -DDEBUG -DUSE_HAL_DRIVER -DSTM32L476xx -c -I../Core/Inc -I../Drivers/STM32L4xx_HAL_Driver/Inc -I../Drivers/STM32L4xx_HAL_Driver/Inc/Legacy -I../Drivers/CMSIS/Device/ST/STM32L4xx/Include -I../Drivers/CMSIS/Include -O0 -ffunction-sections -fdata-sections -Wall -fstack-usage -fcyclomatic-complexity -MMD -MP -MF"Core/Src/main.d" -MT"Core/Src/main.o" --specs=nano.specs -mfpu=fpv4-sp-d16 -mfloat-abi=hard -mthumb -o "Core/Src/main.o"
../Core/Src/main.c: In function 'main':
../Core/Src/main.c:197:12: warning: unused variable 'dac_buffer' [-Wunused-variable]
  197 |   uint16_t dac_buffer[139];
      |            ^~~~~~~~~~
arm-none-eabi-gcc -o "pruebas_eq_med_celdas.elf" @"objects.list"   -mcpu=cortex-m4 -T"C:\Users\German\Documents\equipo_medicion_ensayo_celdas\pruebas_eq_med_celdas\STM32L476RGTX_FLASH.ld" --specs=nosys.specs -Wl,-Map="pruebas_eq_med_celdas.map" -Wl,--gc-sections -static --specs=nano.specs -mfpu=fpv4-sp-d16 -mfloat-abi=hard -mthumb -Wl,--start-group -lc -lm -Wl,--end-group
Finished building target: pruebas_eq_med_celdas.elf
 
arm-none-eabi-size  pruebas_eq_med_celdas.elf 
arm-none-eabi-objdump -h -S pruebas_eq_med_celdas.elf  > "pruebas_eq_med_celdas.list"
   text	   data	    bss	    dec	    hex	filename
  28076	     12	  62204	  90292	  160b4	pruebas_eq_med_celdas.elf
Finished building: default.size.stdout
 
Finished building: pruebas_eq_med_celdas.list
 
15:50:31 **** Incremental Build of configuration Debug for project pruebas_eq_med_celdas ****
make -j12 all 
arm-none-eabi-gcc "../Core/Src/main.c" -mcpu=cortex-m4 -std=gnu11 -g3 -DDEBUG -DUSE_HAL_DRIVER -DSTM32L476xx -c -I../Core/Inc -I../Drivers/STM32L4xx_HAL_Driver/Inc -I../Drivers/STM32L4xx_HAL_Driver/Inc/Legacy -I../Drivers/CMSIS/Device/ST/STM32L4xx/Include -I../Drivers/CMSIS/Include -O0 -ffunction-sections -fdata-sections -Wall -fstack-usage -fcyclomatic-complexity -MMD -MP -MF"Core/Src/main.d" -MT"Core/Src/main.o" --specs=nano.specs -mfpu=fpv4-sp-d16 -mfloat-abi=hard -mthumb -o "Core/Src/main.o"
../Core/Src/main.c: In function 'main':
../Core/Src/main.c:204:12: warning: unused variable 'dac_buffer' [-Wunused-variable]
  204 |   uint16_t dac_buffer[139];
      |            ^~~~~~~~~~
arm-none-eabi-gcc -o "pruebas_eq_med_celdas.elf" @"objects.list"   -mcpu=cortex-m4 -T"C:\Users\German\Documents\equipo_medicion_ensayo_celdas\pruebas_eq_med_celdas\STM32L476RGTX_FLASH.ld" --specs=nosys.specs -Wl,-Map="pruebas_eq_med_celdas.map" -Wl,--gc-sections -static --specs=nano.specs -mfpu=fpv4-sp-d16 -mfloat-abi=hard -mthumb -Wl,--start-group -lc -lm -Wl,--end-group
Finished building target: pruebas_eq_med_celdas.elf
 
arm-none-eabi-size  pruebas_eq_med_celdas.elf 
arm-none-eabi-objdump -h -S pruebas_eq_med_celdas.elf  > "pruebas_eq_med_celdas.list"
   text	   data	    bss	    dec	    hex	filename
  28068	     12	  62204	  90284	  160ac	pruebas_eq_med_celdas.elf
Finished building: default.size.stdout
 
Finished building: pruebas_eq_med_celdas.list
 
15:51:29 **** Incremental Build of configuration Debug for project pruebas_eq_med_celdas ****
make -j12 all 
arm-none-eabi-gcc "../Core/Src/main.c" -mcpu=cortex-m4 -std=gnu11 -g3 -DDEBUG -DUSE_HAL_DRIVER -DSTM32L476xx -c -I../Core/Inc -I../Drivers/STM32L4xx_HAL_Driver/Inc -I../Drivers/STM32L4xx_HAL_Driver/Inc/Legacy -I../Drivers/CMSIS/Device/ST/STM32L4xx/Include -I../Drivers/CMSIS/Include -O0 -ffunction-sections -fdata-sections -Wall -fstack-usage -fcyclomatic-complexity -MMD -MP -MF"Core/Src/main.d" -MT"Core/Src/main.o" --specs=nano.specs -mfpu=fpv4-sp-d16 -mfloat-abi=hard -mthumb -o "Core/Src/main.o"
../Core/Src/main.c: In function 'main':
../Core/Src/main.c:204:12: warning: unused variable 'dac_buffer' [-Wunused-variable]
  204 |   uint16_t dac_buffer[139];
      |            ^~~~~~~~~~
arm-none-eabi-gcc -o "pruebas_eq_med_celdas.elf" @"objects.list"   -mcpu=cortex-m4 -T"C:\Users\German\Documents\equipo_medicion_ensayo_celdas\pruebas_eq_med_celdas\STM32L476RGTX_FLASH.ld" --specs=nosys.specs -Wl,-Map="pruebas_eq_med_celdas.map" -Wl,--gc-sections -static --specs=nano.specs -mfpu=fpv4-sp-d16 -mfloat-abi=hard -mthumb -Wl,--start-group -lc -lm -Wl,--end-group
Finished building target: pruebas_eq_med_celdas.elf
 
arm-none-eabi-size  pruebas_eq_med_celdas.elf 
arm-none-eabi-objdump -h -S pruebas_eq_med_celdas.elf  > "pruebas_eq_med_celdas.list"
   text	   data	    bss	    dec	    hex	filename
  31320	     12	  62228	  93560	  16d78	pruebas_eq_med_celdas.elf
Finished building: default.size.stdout
 
Finished building: pruebas_eq_med_celdas.list
 
15:56:06 **** Incremental Build of configuration Debug for project pruebas_eq_med_celdas ****
make -j12 all 
arm-none-eabi-gcc "../Core/Src/main.c" -mcpu=cortex-m4 -std=gnu11 -g3 -DDEBUG -DUSE_HAL_DRIVER -DSTM32L476xx -c -I../Core/Inc -I../Drivers/STM32L4xx_HAL_Driver/Inc -I../Drivers/STM32L4xx_HAL_Driver/Inc/Legacy -I../Drivers/CMSIS/Device/ST/STM32L4xx/Include -I../Drivers/CMSIS/Include -O0 -ffunction-sections -fdata-sections -Wall -fstack-usage -fcyclomatic-complexity -MMD -MP -MF"Core/Src/main.d" -MT"Core/Src/main.o" --specs=nano.specs -mfpu=fpv4-sp-d16 -mfloat-abi=hard -mthumb -o "Core/Src/main.o"
arm-none-eabi-gcc -o "pruebas_eq_med_celdas.elf" @"objects.list"   -mcpu=cortex-m4 -T"C:\Users\German\Documents\equipo_medicion_ensayo_celdas\pruebas_eq_med_celdas\STM32L476RGTX_FLASH.ld" --specs=nosys.specs -Wl,-Map="pruebas_eq_med_celdas.map" -Wl,--gc-sections -static --specs=nano.specs -mfpu=fpv4-sp-d16 -mfloat-abi=hard -mthumb -Wl,--start-group -lc -lm -Wl,--end-group
Finished building target: pruebas_eq_med_celdas.elf
 
arm-none-eabi-size  pruebas_eq_med_celdas.elf 
arm-none-eabi-objdump -h -S pruebas_eq_med_celdas.elf  > "pruebas_eq_med_celdas.list"
   text	   data	    bss	    dec	    hex	filename
  37888	     12	  62228	 100128	  18720	pruebas_eq_med_celdas.elf
Finished building: default.size.stdout
 
Finished building: pruebas_eq_med_celdas.list
 
16:00:28 **** Incremental Build of configuration Debug for project pruebas_eq_med_celdas ****
make -j12 all 
arm-none-eabi-gcc "../Core/Src/main.c" -mcpu=cortex-m4 -std=gnu11 -g3 -DDEBUG -DUSE_HAL_DRIVER -DSTM32L476xx -c -I../Core/Inc -I../Drivers/STM32L4xx_HAL_Driver/Inc -I../Drivers/STM32L4xx_HAL_Driver/Inc/Legacy -I../Drivers/CMSIS/Device/ST/STM32L4xx/Include -I../Drivers/CMSIS/Include -O0 -ffunction-sections -fdata-sections -Wall -fstack-usage -fcyclomatic-complexity -MMD -MP -MF"Core/Src/main.d" -MT"Core/Src/main.o" --specs=nano.specs -mfpu=fpv4-sp-d16 -mfloat-abi=hard -mthumb -o "Core/Src/main.o"
arm-none-eabi-gcc -o "pruebas_eq_med_celdas.elf" @"objects.list"   -mcpu=cortex-m4 -T"C:\Users\German\Documents\equipo_medicion_ensayo_celdas\pruebas_eq_med_celdas\STM32L476RGTX_FLASH.ld" --specs=nosys.specs -Wl,-Map="pruebas_eq_med_celdas.map" -Wl,--gc-sections -static --specs=nano.specs -mfpu=fpv4-sp-d16 -mfloat-abi=hard -mthumb -Wl,--start-group -lc -lm -Wl,--end-group
Finished building target: pruebas_eq_med_celdas.elf
 
arm-none-eabi-size  pruebas_eq_med_celdas.elf 
arm-none-eabi-objdump -h -S pruebas_eq_med_celdas.elf  > "pruebas_eq_med_celdas.list"
   text	   data	    bss	    dec	    hex	filename
  37888	     12	  62228	 100128	  18720	pruebas_eq_med_celdas.elf
Finished building: default.size.stdout
 
Finished building: pruebas_eq_med_celdas.list
 
16:02:10 **** Incremental Build of configuration Debug for project pruebas_eq_med_celdas ****
make -j12 all 
arm-none-eabi-gcc "../Core/Src/main.c" -mcpu=cortex-m4 -std=gnu11 -g3 -DDEBUG -DUSE_HAL_DRIVER -DSTM32L476xx -c -I../Core/Inc -I../Drivers/STM32L4xx_HAL_Driver/Inc -I../Drivers/STM32L4xx_HAL_Driver/Inc/Legacy -I../Drivers/CMSIS/Device/ST/STM32L4xx/Include -I../Drivers/CMSIS/Include -O0 -ffunction-sections -fdata-sections -Wall -fstack-usage -fcyclomatic-complexity -MMD -MP -MF"Core/Src/main.d" -MT"Core/Src/main.o" --specs=nano.specs -mfpu=fpv4-sp-d16 -mfloat-abi=hard -mthumb -o "Core/Src/main.o"
arm-none-eabi-gcc -o "pruebas_eq_med_celdas.elf" @"objects.list"   -mcpu=cortex-m4 -T"C:\Users\German\Documents\equipo_medicion_ensayo_celdas\pruebas_eq_med_celdas\STM32L476RGTX_FLASH.ld" --specs=nosys.specs -Wl,-Map="pruebas_eq_med_celdas.map" -Wl,--gc-sections -static --specs=nano.specs -mfpu=fpv4-sp-d16 -mfloat-abi=hard -mthumb -Wl,--start-group -lc -lm -Wl,--end-group
Finished building target: pruebas_eq_med_celdas.elf
 
arm-none-eabi-size  pruebas_eq_med_celdas.elf 
arm-none-eabi-objdump -h -S pruebas_eq_med_celdas.elf  > "pruebas_eq_med_celdas.list"
   text	   data	    bss	    dec	    hex	filename
  37888	     12	  62228	 100128	  18720	pruebas_eq_med_celdas.elf
Finished building: default.size.stdout
 
Finished building: pruebas_eq_med_celdas.list
 
16:15:44 **** Incremental Build of configuration Debug for project pruebas_eq_med_celdas ****
make -j12 all 
arm-none-eabi-gcc "../Core/Src/main.c" -mcpu=cortex-m4 -std=gnu11 -g3 -DDEBUG -DUSE_HAL_DRIVER -DSTM32L476xx -c -I../Core/Inc -I../Drivers/STM32L4xx_HAL_Driver/Inc -I../Drivers/STM32L4xx_HAL_Driver/Inc/Legacy -I../Drivers/CMSIS/Device/ST/STM32L4xx/Include -I../Drivers/CMSIS/Include -O0 -ffunction-sections -fdata-sections -Wall -fstack-usage -fcyclomatic-complexity -MMD -MP -MF"Core/Src/main.d" -MT"Core/Src/main.o" --specs=nano.specs -mfpu=fpv4-sp-d16 -mfloat-abi=hard -mthumb -o "Core/Src/main.o"
arm-none-eabi-gcc -o "pruebas_eq_med_celdas.elf" @"objects.list"   -mcpu=cortex-m4 -T"C:\Users\German\Documents\equipo_medicion_ensayo_celdas\pruebas_eq_med_celdas\STM32L476RGTX_FLASH.ld" --specs=nosys.specs -Wl,-Map="pruebas_eq_med_celdas.map" -Wl,--gc-sections -static --specs=nano.specs -mfpu=fpv4-sp-d16 -mfloat-abi=hard -mthumb -Wl,--start-group -lc -lm -Wl,--end-group
Finished building target: pruebas_eq_med_celdas.elf
 
arm-none-eabi-size  pruebas_eq_med_celdas.elf 
arm-none-eabi-objdump -h -S pruebas_eq_med_celdas.elf  > "pruebas_eq_med_celdas.list"
   text	   data	    bss	    dec	    hex	filename
  37896	     12	  62228	 100136	  18728	pruebas_eq_med_celdas.elf
Finished building: default.size.stdout
 
Finished building: pruebas_eq_med_celdas.list
 
16:19:47 **** Incremental Build of configuration Debug for project pruebas_eq_med_celdas ****
make -j12 all 
arm-none-eabi-gcc "../Core/Src/main.c" -mcpu=cortex-m4 -std=gnu11 -g3 -DDEBUG -DUSE_HAL_DRIVER -DSTM32L476xx -c -I../Core/Inc -I../Drivers/STM32L4xx_HAL_Driver/Inc -I../Drivers/STM32L4xx_HAL_Driver/Inc/Legacy -I../Drivers/CMSIS/Device/ST/STM32L4xx/Include -I../Drivers/CMSIS/Include -O0 -ffunction-sections -fdata-sections -Wall -fstack-usage -fcyclomatic-complexity -MMD -MP -MF"Core/Src/main.d" -MT"Core/Src/main.o" --specs=nano.specs -mfpu=fpv4-sp-d16 -mfloat-abi=hard -mthumb -o "Core/Src/main.o"
arm-none-eabi-gcc -o "pruebas_eq_med_celdas.elf" @"objects.list"   -mcpu=cortex-m4 -T"C:\Users\German\Documents\equipo_medicion_ensayo_celdas\pruebas_eq_med_celdas\STM32L476RGTX_FLASH.ld" --specs=nosys.specs -Wl,-Map="pruebas_eq_med_celdas.map" -Wl,--gc-sections -static --specs=nano.specs -mfpu=fpv4-sp-d16 -mfloat-abi=hard -mthumb -Wl,--start-group -lc -lm -Wl,--end-group
Finished building target: pruebas_eq_med_celdas.elf
 
arm-none-eabi-size  pruebas_eq_med_celdas.elf 
arm-none-eabi-objdump -h -S pruebas_eq_med_celdas.elf  > "pruebas_eq_med_celdas.list"
   text	   data	    bss	    dec	    hex	filename
  37896	     12	  62228	 100136	  18728	pruebas_eq_med_celdas.elf
Finished building: default.size.stdout
 
Finished building: pruebas_eq_med_celdas.list
 
16:22:03 **** Incremental Build of configuration Debug for project pruebas_eq_med_celdas ****
make -j12 all 
arm-none-eabi-gcc "../Core/Src/main.c" -mcpu=cortex-m4 -std=gnu11 -g3 -DDEBUG -DUSE_HAL_DRIVER -DSTM32L476xx -c -I../Core/Inc -I../Drivers/STM32L4xx_HAL_Driver/Inc -I../Drivers/STM32L4xx_HAL_Driver/Inc/Legacy -I../Drivers/CMSIS/Device/ST/STM32L4xx/Include -I../Drivers/CMSIS/Include -O0 -ffunction-sections -fdata-sections -Wall -fstack-usage -fcyclomatic-complexity -MMD -MP -MF"Core/Src/main.d" -MT"Core/Src/main.o" --specs=nano.specs -mfpu=fpv4-sp-d16 -mfloat-abi=hard -mthumb -o "Core/Src/main.o"
arm-none-eabi-gcc -o "pruebas_eq_med_celdas.elf" @"objects.list"   -mcpu=cortex-m4 -T"C:\Users\German\Documents\equipo_medicion_ensayo_celdas\pruebas_eq_med_celdas\STM32L476RGTX_FLASH.ld" --specs=nosys.specs -Wl,-Map="pruebas_eq_med_celdas.map" -Wl,--gc-sections -static --specs=nano.specs -mfpu=fpv4-sp-d16 -mfloat-abi=hard -mthumb -Wl,--start-group -lc -lm -Wl,--end-group
Finished building target: pruebas_eq_med_celdas.elf
 
arm-none-eabi-size  pruebas_eq_med_celdas.elf 
arm-none-eabi-objdump -h -S pruebas_eq_med_celdas.elf  > "pruebas_eq_med_celdas.list"
   text	   data	    bss	    dec	    hex	filename
  37896	     12	  62228	 100136	  18728	pruebas_eq_med_celdas.elf
Finished building: default.size.stdout
 
Finished building: pruebas_eq_med_celdas.list
 
16:22:07 **** Incremental Build of configuration Debug for project pruebas_eq_med_celdas ****
make -j12 all 
arm-none-eabi-size  pruebas_eq_med_celdas.elf 
   text	   data	    bss	    dec	    hex	filename
  37896	     12	  62228	 100136	  18728	pruebas_eq_med_celdas.elf
Finished building: default.size.stdout
 
16:22:37 **** Incremental Build of configuration Debug for project pruebas_eq_med_celdas ****
make -j12 all 
arm-none-eabi-gcc "../Core/Src/main.c" -mcpu=cortex-m4 -std=gnu11 -g3 -DDEBUG -DUSE_HAL_DRIVER -DSTM32L476xx -c -I../Core/Inc -I../Drivers/STM32L4xx_HAL_Driver/Inc -I../Drivers/STM32L4xx_HAL_Driver/Inc/Legacy -I../Drivers/CMSIS/Device/ST/STM32L4xx/Include -I../Drivers/CMSIS/Include -O0 -ffunction-sections -fdata-sections -Wall -fstack-usage -fcyclomatic-complexity -MMD -MP -MF"Core/Src/main.d" -MT"Core/Src/main.o" --specs=nano.specs -mfpu=fpv4-sp-d16 -mfloat-abi=hard -mthumb -o "Core/Src/main.o"
arm-none-eabi-gcc -o "pruebas_eq_med_celdas.elf" @"objects.list"   -mcpu=cortex-m4 -T"C:\Users\German\Documents\equipo_medicion_ensayo_celdas\pruebas_eq_med_celdas\STM32L476RGTX_FLASH.ld" --specs=nosys.specs -Wl,-Map="pruebas_eq_med_celdas.map" -Wl,--gc-sections -static --specs=nano.specs -mfpu=fpv4-sp-d16 -mfloat-abi=hard -mthumb -Wl,--start-group -lc -lm -Wl,--end-group
Finished building target: pruebas_eq_med_celdas.elf
 
arm-none-eabi-size  pruebas_eq_med_celdas.elf 
arm-none-eabi-objdump -h -S pruebas_eq_med_celdas.elf  > "pruebas_eq_med_celdas.list"
   text	   data	    bss	    dec	    hex	filename
  37896	     12	  62228	 100136	  18728	pruebas_eq_med_celdas.elf
Finished building: default.size.stdout
 
Finished building: pruebas_eq_med_celdas.list
 
16:36:12 **** Incremental Build of configuration Debug for project pruebas_eq_med_celdas ****
make -j12 all 
arm-none-eabi-gcc "../Core/Src/main.c" -mcpu=cortex-m4 -std=gnu11 -g3 -DDEBUG -DUSE_HAL_DRIVER -DSTM32L476xx -c -I../Core/Inc -I../Drivers/STM32L4xx_HAL_Driver/Inc -I../Drivers/STM32L4xx_HAL_Driver/Inc/Legacy -I../Drivers/CMSIS/Device/ST/STM32L4xx/Include -I../Drivers/CMSIS/Include -O0 -ffunction-sections -fdata-sections -Wall -fstack-usage -fcyclomatic-complexity -MMD -MP -MF"Core/Src/main.d" -MT"Core/Src/main.o" --specs=nano.specs -mfpu=fpv4-sp-d16 -mfloat-abi=hard -mthumb -o "Core/Src/main.o"
arm-none-eabi-gcc -o "pruebas_eq_med_celdas.elf" @"objects.list"   -mcpu=cortex-m4 -T"C:\Users\German\Documents\equipo_medicion_ensayo_celdas\pruebas_eq_med_celdas\STM32L476RGTX_FLASH.ld" --specs=nosys.specs -Wl,-Map="pruebas_eq_med_celdas.map" -Wl,--gc-sections -static --specs=nano.specs -mfpu=fpv4-sp-d16 -mfloat-abi=hard -mthumb -Wl,--start-group -lc -lm -Wl,--end-group
Finished building target: pruebas_eq_med_celdas.elf
 
arm-none-eabi-size  pruebas_eq_med_celdas.elf 
arm-none-eabi-objdump -h -S pruebas_eq_med_celdas.elf  > "pruebas_eq_med_celdas.list"
   text	   data	    bss	    dec	    hex	filename
  37824	     12	  62228	 100064	  186e0	pruebas_eq_med_celdas.elf
Finished building: default.size.stdout
 
Finished building: pruebas_eq_med_celdas.list
 
16:37:45 **** Incremental Build of configuration Debug for project pruebas_eq_med_celdas ****
make -j12 all 
arm-none-eabi-gcc "../Core/Src/main.c" -mcpu=cortex-m4 -std=gnu11 -g3 -DDEBUG -DUSE_HAL_DRIVER -DSTM32L476xx -c -I../Core/Inc -I../Drivers/STM32L4xx_HAL_Driver/Inc -I../Drivers/STM32L4xx_HAL_Driver/Inc/Legacy -I../Drivers/CMSIS/Device/ST/STM32L4xx/Include -I../Drivers/CMSIS/Include -O0 -ffunction-sections -fdata-sections -Wall -fstack-usage -fcyclomatic-complexity -MMD -MP -MF"Core/Src/main.d" -MT"Core/Src/main.o" --specs=nano.specs -mfpu=fpv4-sp-d16 -mfloat-abi=hard -mthumb -o "Core/Src/main.o"
arm-none-eabi-gcc -o "pruebas_eq_med_celdas.elf" @"objects.list"   -mcpu=cortex-m4 -T"C:\Users\German\Documents\equipo_medicion_ensayo_celdas\pruebas_eq_med_celdas\STM32L476RGTX_FLASH.ld" --specs=nosys.specs -Wl,-Map="pruebas_eq_med_celdas.map" -Wl,--gc-sections -static --specs=nano.specs -mfpu=fpv4-sp-d16 -mfloat-abi=hard -mthumb -Wl,--start-group -lc -lm -Wl,--end-group
Finished building target: pruebas_eq_med_celdas.elf
 
arm-none-eabi-size  pruebas_eq_med_celdas.elf 
arm-none-eabi-objdump -h -S pruebas_eq_med_celdas.elf  > "pruebas_eq_med_celdas.list"
   text	   data	    bss	    dec	    hex	filename
  37824	     12	  62228	 100064	  186e0	pruebas_eq_med_celdas.elf
Finished building: default.size.stdout
 
Finished building: pruebas_eq_med_celdas.list
 
16:44:41 **** Incremental Build of configuration Debug for project pruebas_eq_med_celdas ****
make -j12 all 
arm-none-eabi-gcc "../Core/Src/main.c" -mcpu=cortex-m4 -std=gnu11 -g3 -DDEBUG -DUSE_HAL_DRIVER -DSTM32L476xx -c -I../Core/Inc -I../Drivers/STM32L4xx_HAL_Driver/Inc -I../Drivers/STM32L4xx_HAL_Driver/Inc/Legacy -I../Drivers/CMSIS/Device/ST/STM32L4xx/Include -I../Drivers/CMSIS/Include -O0 -ffunction-sections -fdata-sections -Wall -fstack-usage -fcyclomatic-complexity -MMD -MP -MF"Core/Src/main.d" -MT"Core/Src/main.o" --specs=nano.specs -mfpu=fpv4-sp-d16 -mfloat-abi=hard -mthumb -o "Core/Src/main.o"
arm-none-eabi-gcc -o "pruebas_eq_med_celdas.elf" @"objects.list"   -mcpu=cortex-m4 -T"C:\Users\German\Documents\equipo_medicion_ensayo_celdas\pruebas_eq_med_celdas\STM32L476RGTX_FLASH.ld" --specs=nosys.specs -Wl,-Map="pruebas_eq_med_celdas.map" -Wl,--gc-sections -static --specs=nano.specs -mfpu=fpv4-sp-d16 -mfloat-abi=hard -mthumb -Wl,--start-group -lc -lm -Wl,--end-group
Finished building target: pruebas_eq_med_celdas.elf
 
arm-none-eabi-size  pruebas_eq_med_celdas.elf 
arm-none-eabi-objdump -h -S pruebas_eq_med_celdas.elf  > "pruebas_eq_med_celdas.list"
   text	   data	    bss	    dec	    hex	filename
  37824	     12	  62228	 100064	  186e0	pruebas_eq_med_celdas.elf
Finished building: default.size.stdout
 
Finished building: pruebas_eq_med_celdas.list
 
16:45:51 **** Incremental Build of configuration Debug for project pruebas_eq_med_celdas ****
make -j12 all 
arm-none-eabi-gcc "../Core/Src/main.c" -mcpu=cortex-m4 -std=gnu11 -g3 -DDEBUG -DUSE_HAL_DRIVER -DSTM32L476xx -c -I../Core/Inc -I../Drivers/STM32L4xx_HAL_Driver/Inc -I../Drivers/STM32L4xx_HAL_Driver/Inc/Legacy -I../Drivers/CMSIS/Device/ST/STM32L4xx/Include -I../Drivers/CMSIS/Include -O0 -ffunction-sections -fdata-sections -Wall -fstack-usage -fcyclomatic-complexity -MMD -MP -MF"Core/Src/main.d" -MT"Core/Src/main.o" --specs=nano.specs -mfpu=fpv4-sp-d16 -mfloat-abi=hard -mthumb -o "Core/Src/main.o"
arm-none-eabi-gcc -o "pruebas_eq_med_celdas.elf" @"objects.list"   -mcpu=cortex-m4 -T"C:\Users\German\Documents\equipo_medicion_ensayo_celdas\pruebas_eq_med_celdas\STM32L476RGTX_FLASH.ld" --specs=nosys.specs -Wl,-Map="pruebas_eq_med_celdas.map" -Wl,--gc-sections -static --specs=nano.specs -mfpu=fpv4-sp-d16 -mfloat-abi=hard -mthumb -Wl,--start-group -lc -lm -Wl,--end-group
Finished building target: pruebas_eq_med_celdas.elf
 
arm-none-eabi-size  pruebas_eq_med_celdas.elf 
arm-none-eabi-objdump -h -S pruebas_eq_med_celdas.elf  > "pruebas_eq_med_celdas.list"
   text	   data	    bss	    dec	    hex	filename
  37824	     12	  62228	 100064	  186e0	pruebas_eq_med_celdas.elf
Finished building: default.size.stdout
 
Finished building: pruebas_eq_med_celdas.list
 
16:47:24 **** Incremental Build of configuration Debug for project pruebas_eq_med_celdas ****
make -j12 all 
arm-none-eabi-gcc "../Core/Src/main.c" -mcpu=cortex-m4 -std=gnu11 -g3 -DDEBUG -DUSE_HAL_DRIVER -DSTM32L476xx -c -I../Core/Inc -I../Drivers/STM32L4xx_HAL_Driver/Inc -I../Drivers/STM32L4xx_HAL_Driver/Inc/Legacy -I../Drivers/CMSIS/Device/ST/STM32L4xx/Include -I../Drivers/CMSIS/Include -O0 -ffunction-sections -fdata-sections -Wall -fstack-usage -fcyclomatic-complexity -MMD -MP -MF"Core/Src/main.d" -MT"Core/Src/main.o" --specs=nano.specs -mfpu=fpv4-sp-d16 -mfloat-abi=hard -mthumb -o "Core/Src/main.o"
arm-none-eabi-gcc -o "pruebas_eq_med_celdas.elf" @"objects.list"   -mcpu=cortex-m4 -T"C:\Users\German\Documents\equipo_medicion_ensayo_celdas\pruebas_eq_med_celdas\STM32L476RGTX_FLASH.ld" --specs=nosys.specs -Wl,-Map="pruebas_eq_med_celdas.map" -Wl,--gc-sections -static --specs=nano.specs -mfpu=fpv4-sp-d16 -mfloat-abi=hard -mthumb -Wl,--start-group -lc -lm -Wl,--end-group
Finished building target: pruebas_eq_med_celdas.elf
 
arm-none-eabi-size  pruebas_eq_med_celdas.elf 
arm-none-eabi-objdump -h -S pruebas_eq_med_celdas.elf  > "pruebas_eq_med_celdas.list"
   text	   data	    bss	    dec	    hex	filename
  37824	     12	  62228	 100064	  186e0	pruebas_eq_med_celdas.elf
Finished building: default.size.stdout
 
Finished building: pruebas_eq_med_celdas.list
 
16:48:54 **** Incremental Build of configuration Debug for project pruebas_eq_med_celdas ****
make -j12 all 
arm-none-eabi-gcc "../Core/Src/main.c" -mcpu=cortex-m4 -std=gnu11 -g3 -DDEBUG -DUSE_HAL_DRIVER -DSTM32L476xx -c -I../Core/Inc -I../Drivers/STM32L4xx_HAL_Driver/Inc -I../Drivers/STM32L4xx_HAL_Driver/Inc/Legacy -I../Drivers/CMSIS/Device/ST/STM32L4xx/Include -I../Drivers/CMSIS/Include -O0 -ffunction-sections -fdata-sections -Wall -fstack-usage -fcyclomatic-complexity -MMD -MP -MF"Core/Src/main.d" -MT"Core/Src/main.o" --specs=nano.specs -mfpu=fpv4-sp-d16 -mfloat-abi=hard -mthumb -o "Core/Src/main.o"
arm-none-eabi-gcc -o "pruebas_eq_med_celdas.elf" @"objects.list"   -mcpu=cortex-m4 -T"C:\Users\German\Documents\equipo_medicion_ensayo_celdas\pruebas_eq_med_celdas\STM32L476RGTX_FLASH.ld" --specs=nosys.specs -Wl,-Map="pruebas_eq_med_celdas.map" -Wl,--gc-sections -static --specs=nano.specs -mfpu=fpv4-sp-d16 -mfloat-abi=hard -mthumb -Wl,--start-group -lc -lm -Wl,--end-group
Finished building target: pruebas_eq_med_celdas.elf
 
arm-none-eabi-size  pruebas_eq_med_celdas.elf 
arm-none-eabi-objdump -h -S pruebas_eq_med_celdas.elf  > "pruebas_eq_med_celdas.list"
   text	   data	    bss	    dec	    hex	filename
  37824	     12	  62228	 100064	  186e0	pruebas_eq_med_celdas.elf
Finished building: default.size.stdout
 
Finished building: pruebas_eq_med_celdas.list
 
17:03:36 **** Incremental Build of configuration Debug for project pruebas_eq_med_celdas ****
make -j12 all 
arm-none-eabi-gcc "../Core/Src/main.c" -mcpu=cortex-m4 -std=gnu11 -g3 -DDEBUG -DUSE_HAL_DRIVER -DSTM32L476xx -c -I../Core/Inc -I../Drivers/STM32L4xx_HAL_Driver/Inc -I../Drivers/STM32L4xx_HAL_Driver/Inc/Legacy -I../Drivers/CMSIS/Device/ST/STM32L4xx/Include -I../Drivers/CMSIS/Include -O0 -ffunction-sections -fdata-sections -Wall -fstack-usage -fcyclomatic-complexity -MMD -MP -MF"Core/Src/main.d" -MT"Core/Src/main.o" --specs=nano.specs -mfpu=fpv4-sp-d16 -mfloat-abi=hard -mthumb -o "Core/Src/main.o"
arm-none-eabi-gcc -o "pruebas_eq_med_celdas.elf" @"objects.list"   -mcpu=cortex-m4 -T"C:\Users\German\Documents\equipo_medicion_ensayo_celdas\pruebas_eq_med_celdas\STM32L476RGTX_FLASH.ld" --specs=nosys.specs -Wl,-Map="pruebas_eq_med_celdas.map" -Wl,--gc-sections -static --specs=nano.specs -mfpu=fpv4-sp-d16 -mfloat-abi=hard -mthumb -Wl,--start-group -lc -lm -Wl,--end-group
Finished building target: pruebas_eq_med_celdas.elf
 
arm-none-eabi-size  pruebas_eq_med_celdas.elf 
arm-none-eabi-objdump -h -S pruebas_eq_med_celdas.elf  > "pruebas_eq_med_celdas.list"
   text	   data	    bss	    dec	    hex	filename
  37828	     12	  62228	 100068	  186e4	pruebas_eq_med_celdas.elf
Finished building: default.size.stdout
 
Finished building: pruebas_eq_med_celdas.list
 
17:10:39 **** Incremental Build of configuration Debug for project pruebas_eq_med_celdas ****
make -j12 all 
arm-none-eabi-gcc "../Core/Src/main.c" -mcpu=cortex-m4 -std=gnu11 -g3 -DDEBUG -DUSE_HAL_DRIVER -DSTM32L476xx -c -I../Core/Inc -I../Drivers/STM32L4xx_HAL_Driver/Inc -I../Drivers/STM32L4xx_HAL_Driver/Inc/Legacy -I../Drivers/CMSIS/Device/ST/STM32L4xx/Include -I../Drivers/CMSIS/Include -O0 -ffunction-sections -fdata-sections -Wall -fstack-usage -fcyclomatic-complexity -MMD -MP -MF"Core/Src/main.d" -MT"Core/Src/main.o" --specs=nano.specs -mfpu=fpv4-sp-d16 -mfloat-abi=hard -mthumb -o "Core/Src/main.o"
arm-none-eabi-gcc -o "pruebas_eq_med_celdas.elf" @"objects.list"   -mcpu=cortex-m4 -T"C:\Users\German\Documents\equipo_medicion_ensayo_celdas\pruebas_eq_med_celdas\STM32L476RGTX_FLASH.ld" --specs=nosys.specs -Wl,-Map="pruebas_eq_med_celdas.map" -Wl,--gc-sections -static --specs=nano.specs -mfpu=fpv4-sp-d16 -mfloat-abi=hard -mthumb -Wl,--start-group -lc -lm -Wl,--end-group
Finished building target: pruebas_eq_med_celdas.elf
 
arm-none-eabi-size  pruebas_eq_med_celdas.elf 
arm-none-eabi-objdump -h -S pruebas_eq_med_celdas.elf  > "pruebas_eq_med_celdas.list"
   text	   data	    bss	    dec	    hex	filename
  37824	     12	  62228	 100064	  186e0	pruebas_eq_med_celdas.elf
Finished building: default.size.stdout
 
Finished building: pruebas_eq_med_celdas.list
 
16:04:43 **** Incremental Build of configuration Debug for project pruebas_eq_med_celdas ****
make -j12 all 
arm-none-eabi-gcc "../Core/Src/main.c" -mcpu=cortex-m4 -std=gnu11 -g3 -DDEBUG -DUSE_HAL_DRIVER -DSTM32L476xx -c -I../Core/Inc -I../Drivers/STM32L4xx_HAL_Driver/Inc -I../Drivers/STM32L4xx_HAL_Driver/Inc/Legacy -I../Drivers/CMSIS/Device/ST/STM32L4xx/Include -I../Drivers/CMSIS/Include -O0 -ffunction-sections -fdata-sections -Wall -fstack-usage -fcyclomatic-complexity -MMD -MP -MF"Core/Src/main.d" -MT"Core/Src/main.o" --specs=nano.specs -mfpu=fpv4-sp-d16 -mfloat-abi=hard -mthumb -o "Core/Src/main.o"
arm-none-eabi-gcc -o "pruebas_eq_med_celdas.elf" @"objects.list"   -mcpu=cortex-m4 -T"C:\Users\German\Documents\equipo_medicion_ensayo_celdas\pruebas_eq_med_celdas\STM32L476RGTX_FLASH.ld" --specs=nosys.specs -Wl,-Map="pruebas_eq_med_celdas.map" -Wl,--gc-sections -static --specs=nano.specs -mfpu=fpv4-sp-d16 -mfloat-abi=hard -mthumb -Wl,--start-group -lc -lm -Wl,--end-group
Finished building target: pruebas_eq_med_celdas.elf
 
arm-none-eabi-size  pruebas_eq_med_celdas.elf 
arm-none-eabi-objdump -h -S pruebas_eq_med_celdas.elf  > "pruebas_eq_med_celdas.list"
   text	   data	    bss	    dec	    hex	filename
  37896	     12	  62228	 100136	  18728	pruebas_eq_med_celdas.elf
Finished building: default.size.stdout
 
Finished building: pruebas_eq_med_celdas.list
 
16:05:08 **** Incremental Build of configuration Debug for project pruebas_eq_med_celdas ****
make -j12 all 
arm-none-eabi-size  pruebas_eq_med_celdas.elf 
   text	   data	    bss	    dec	    hex	filename
  37896	     12	  62228	 100136	  18728	pruebas_eq_med_celdas.elf
Finished building: default.size.stdout
 
16:08:11 **** Incremental Build of configuration Debug for project pruebas_eq_med_celdas ****
make -j12 all 
arm-none-eabi-gcc "../Core/Src/main.c" -mcpu=cortex-m4 -std=gnu11 -g3 -DDEBUG -DUSE_HAL_DRIVER -DSTM32L476xx -c -I../Core/Inc -I../Drivers/STM32L4xx_HAL_Driver/Inc -I../Drivers/STM32L4xx_HAL_Driver/Inc/Legacy -I../Drivers/CMSIS/Device/ST/STM32L4xx/Include -I../Drivers/CMSIS/Include -O0 -ffunction-sections -fdata-sections -Wall -fstack-usage -fcyclomatic-complexity -MMD -MP -MF"Core/Src/main.d" -MT"Core/Src/main.o" --specs=nano.specs -mfpu=fpv4-sp-d16 -mfloat-abi=hard -mthumb -o "Core/Src/main.o"
arm-none-eabi-gcc -o "pruebas_eq_med_celdas.elf" @"objects.list"   -mcpu=cortex-m4 -T"C:\Users\German\Documents\equipo_medicion_ensayo_celdas\pruebas_eq_med_celdas\STM32L476RGTX_FLASH.ld" --specs=nosys.specs -Wl,-Map="pruebas_eq_med_celdas.map" -Wl,--gc-sections -static --specs=nano.specs -mfpu=fpv4-sp-d16 -mfloat-abi=hard -mthumb -Wl,--start-group -lc -lm -Wl,--end-group
Finished building target: pruebas_eq_med_celdas.elf
 
arm-none-eabi-size  pruebas_eq_med_celdas.elf 
arm-none-eabi-objdump -h -S pruebas_eq_med_celdas.elf  > "pruebas_eq_med_celdas.list"
   text	   data	    bss	    dec	    hex	filename
  37896	     12	  62228	 100136	  18728	pruebas_eq_med_celdas.elf
Finished building: default.size.stdout
 
Finished building: pruebas_eq_med_celdas.list
 
16:08:43 **** Incremental Build of configuration Debug for project pruebas_eq_med_celdas ****
make -j12 all 
arm-none-eabi-size  pruebas_eq_med_celdas.elf 
   text	   data	    bss	    dec	    hex	filename
  37896	     12	  62228	 100136	  18728	pruebas_eq_med_celdas.elf
Finished building: default.size.stdout
 
16:11:32 **** Incremental Build of configuration Debug for project pruebas_eq_med_celdas ****
make -j12 all 
arm-none-eabi-gcc "../Core/Src/main.c" -mcpu=cortex-m4 -std=gnu11 -g3 -DDEBUG -DUSE_HAL_DRIVER -DSTM32L476xx -c -I../Core/Inc -I../Drivers/STM32L4xx_HAL_Driver/Inc -I../Drivers/STM32L4xx_HAL_Driver/Inc/Legacy -I../Drivers/CMSIS/Device/ST/STM32L4xx/Include -I../Drivers/CMSIS/Include -O0 -ffunction-sections -fdata-sections -Wall -fstack-usage -fcyclomatic-complexity -MMD -MP -MF"Core/Src/main.d" -MT"Core/Src/main.o" --specs=nano.specs -mfpu=fpv4-sp-d16 -mfloat-abi=hard -mthumb -o "Core/Src/main.o"
arm-none-eabi-gcc -o "pruebas_eq_med_celdas.elf" @"objects.list"   -mcpu=cortex-m4 -T"C:\Users\German\Documents\equipo_medicion_ensayo_celdas\pruebas_eq_med_celdas\STM32L476RGTX_FLASH.ld" --specs=nosys.specs -Wl,-Map="pruebas_eq_med_celdas.map" -Wl,--gc-sections -static --specs=nano.specs -mfpu=fpv4-sp-d16 -mfloat-abi=hard -mthumb -Wl,--start-group -lc -lm -Wl,--end-group
Finished building target: pruebas_eq_med_celdas.elf
 
arm-none-eabi-size  pruebas_eq_med_celdas.elf 
arm-none-eabi-objdump -h -S pruebas_eq_med_celdas.elf  > "pruebas_eq_med_celdas.list"
   text	   data	    bss	    dec	    hex	filename
  37896	     12	  62228	 100136	  18728	pruebas_eq_med_celdas.elf
Finished building: default.size.stdout
 
Finished building: pruebas_eq_med_celdas.list
 
16:12:10 **** Incremental Build of configuration Debug for project pruebas_eq_med_celdas ****
make -j12 all 
arm-none-eabi-size  pruebas_eq_med_celdas.elf 
   text	   data	    bss	    dec	    hex	filename
  37896	     12	  62228	 100136	  18728	pruebas_eq_med_celdas.elf
Finished building: default.size.stdout
 
16:13:17 **** Incremental Build of configuration Debug for project pruebas_eq_med_celdas ****
make -j12 all 
arm-none-eabi-gcc "../Core/Src/main.c" -mcpu=cortex-m4 -std=gnu11 -g3 -DDEBUG -DUSE_HAL_DRIVER -DSTM32L476xx -c -I../Core/Inc -I../Drivers/STM32L4xx_HAL_Driver/Inc -I../Drivers/STM32L4xx_HAL_Driver/Inc/Legacy -I../Drivers/CMSIS/Device/ST/STM32L4xx/Include -I../Drivers/CMSIS/Include -O0 -ffunction-sections -fdata-sections -Wall -fstack-usage -fcyclomatic-complexity -MMD -MP -MF"Core/Src/main.d" -MT"Core/Src/main.o" --specs=nano.specs -mfpu=fpv4-sp-d16 -mfloat-abi=hard -mthumb -o "Core/Src/main.o"
arm-none-eabi-gcc -o "pruebas_eq_med_celdas.elf" @"objects.list"   -mcpu=cortex-m4 -T"C:\Users\German\Documents\equipo_medicion_ensayo_celdas\pruebas_eq_med_celdas\STM32L476RGTX_FLASH.ld" --specs=nosys.specs -Wl,-Map="pruebas_eq_med_celdas.map" -Wl,--gc-sections -static --specs=nano.specs -mfpu=fpv4-sp-d16 -mfloat-abi=hard -mthumb -Wl,--start-group -lc -lm -Wl,--end-group
Finished building target: pruebas_eq_med_celdas.elf
 
arm-none-eabi-size  pruebas_eq_med_celdas.elf 
arm-none-eabi-objdump -h -S pruebas_eq_med_celdas.elf  > "pruebas_eq_med_celdas.list"
   text	   data	    bss	    dec	    hex	filename
  37896	     12	  62228	 100136	  18728	pruebas_eq_med_celdas.elf
Finished building: default.size.stdout
 
Finished building: pruebas_eq_med_celdas.list
 
16:13:20 **** Incremental Build of configuration Debug for project pruebas_eq_med_celdas ****
make -j12 all 
arm-none-eabi-size  pruebas_eq_med_celdas.elf 
   text	   data	    bss	    dec	    hex	filename
  37896	     12	  62228	 100136	  18728	pruebas_eq_med_celdas.elf
Finished building: default.size.stdout
 
16:19:19 **** Incremental Build of configuration Debug for project pruebas_eq_med_celdas ****
make -j12 all 
arm-none-eabi-gcc "../Core/Src/main.c" -mcpu=cortex-m4 -std=gnu11 -g3 -DDEBUG -DUSE_HAL_DRIVER -DSTM32L476xx -c -I../Core/Inc -I../Drivers/STM32L4xx_HAL_Driver/Inc -I../Drivers/STM32L4xx_HAL_Driver/Inc/Legacy -I../Drivers/CMSIS/Device/ST/STM32L4xx/Include -I../Drivers/CMSIS/Include -O0 -ffunction-sections -fdata-sections -Wall -fstack-usage -fcyclomatic-complexity -MMD -MP -MF"Core/Src/main.d" -MT"Core/Src/main.o" --specs=nano.specs -mfpu=fpv4-sp-d16 -mfloat-abi=hard -mthumb -o "Core/Src/main.o"
arm-none-eabi-gcc -o "pruebas_eq_med_celdas.elf" @"objects.list"   -mcpu=cortex-m4 -T"C:\Users\German\Documents\equipo_medicion_ensayo_celdas\pruebas_eq_med_celdas\STM32L476RGTX_FLASH.ld" --specs=nosys.specs -Wl,-Map="pruebas_eq_med_celdas.map" -Wl,--gc-sections -static --specs=nano.specs -mfpu=fpv4-sp-d16 -mfloat-abi=hard -mthumb -Wl,--start-group -lc -lm -Wl,--end-group
Finished building target: pruebas_eq_med_celdas.elf
 
arm-none-eabi-size  pruebas_eq_med_celdas.elf 
arm-none-eabi-objdump -h -S pruebas_eq_med_celdas.elf  > "pruebas_eq_med_celdas.list"
   text	   data	    bss	    dec	    hex	filename
  37908	     12	  62228	 100148	  18734	pruebas_eq_med_celdas.elf
Finished building: default.size.stdout
 
Finished building: pruebas_eq_med_celdas.list
 
16:30:13 **** Incremental Build of configuration Debug for project pruebas_eq_med_celdas ****
make -j12 all 
arm-none-eabi-gcc "../Core/Src/main.c" -mcpu=cortex-m4 -std=gnu11 -g3 -DDEBUG -DUSE_HAL_DRIVER -DSTM32L476xx -c -I../Core/Inc -I../Drivers/STM32L4xx_HAL_Driver/Inc -I../Drivers/STM32L4xx_HAL_Driver/Inc/Legacy -I../Drivers/CMSIS/Device/ST/STM32L4xx/Include -I../Drivers/CMSIS/Include -O0 -ffunction-sections -fdata-sections -Wall -fstack-usage -fcyclomatic-complexity -MMD -MP -MF"Core/Src/main.d" -MT"Core/Src/main.o" --specs=nano.specs -mfpu=fpv4-sp-d16 -mfloat-abi=hard -mthumb -o "Core/Src/main.o"
arm-none-eabi-gcc -o "pruebas_eq_med_celdas.elf" @"objects.list"   -mcpu=cortex-m4 -T"C:\Users\German\Documents\equipo_medicion_ensayo_celdas\pruebas_eq_med_celdas\STM32L476RGTX_FLASH.ld" --specs=nosys.specs -Wl,-Map="pruebas_eq_med_celdas.map" -Wl,--gc-sections -static --specs=nano.specs -mfpu=fpv4-sp-d16 -mfloat-abi=hard -mthumb -Wl,--start-group -lc -lm -Wl,--end-group
Finished building target: pruebas_eq_med_celdas.elf
 
arm-none-eabi-size  pruebas_eq_med_celdas.elf 
arm-none-eabi-objdump -h -S pruebas_eq_med_celdas.elf  > "pruebas_eq_med_celdas.list"
   text	   data	    bss	    dec	    hex	filename
  37908	     12	  62228	 100148	  18734	pruebas_eq_med_celdas.elf
Finished building: default.size.stdout
 
Finished building: pruebas_eq_med_celdas.list
 
20:12:28 **** Incremental Build of configuration Debug for project pruebas_eq_med_celdas ****
make -j12 all 
arm-none-eabi-gcc "../Core/Src/main.c" -mcpu=cortex-m4 -std=gnu11 -g3 -DDEBUG -DUSE_HAL_DRIVER -DSTM32L476xx -c -I../Core/Inc -I../Drivers/STM32L4xx_HAL_Driver/Inc -I../Drivers/STM32L4xx_HAL_Driver/Inc/Legacy -I../Drivers/CMSIS/Device/ST/STM32L4xx/Include -I../Drivers/CMSIS/Include -O0 -ffunction-sections -fdata-sections -Wall -fstack-usage -fcyclomatic-complexity -MMD -MP -MF"Core/Src/main.d" -MT"Core/Src/main.o" --specs=nano.specs -mfpu=fpv4-sp-d16 -mfloat-abi=hard -mthumb -o "Core/Src/main.o"
arm-none-eabi-gcc -o "pruebas_eq_med_celdas.elf" @"objects.list"   -mcpu=cortex-m4 -T"C:\Users\German\Documents\equipo_medicion_ensayo_celdas\pruebas_eq_med_celdas\STM32L476RGTX_FLASH.ld" --specs=nosys.specs -Wl,-Map="pruebas_eq_med_celdas.map" -Wl,--gc-sections -static --specs=nano.specs -mfpu=fpv4-sp-d16 -mfloat-abi=hard -mthumb -Wl,--start-group -lc -lm -Wl,--end-group
Finished building target: pruebas_eq_med_celdas.elf
 
arm-none-eabi-size  pruebas_eq_med_celdas.elf 
arm-none-eabi-objdump -h -S pruebas_eq_med_celdas.elf  > "pruebas_eq_med_celdas.list"
   text	   data	    bss	    dec	    hex	filename
  37908	     12	  62228	 100148	  18734	pruebas_eq_med_celdas.elf
Finished building: default.size.stdout
 
Finished building: pruebas_eq_med_celdas.list
 
20:14:16 **** Incremental Build of configuration Debug for project pruebas_eq_med_celdas ****
make -j12 all 
arm-none-eabi-gcc "../Core/Src/main.c" -mcpu=cortex-m4 -std=gnu11 -g3 -DDEBUG -DUSE_HAL_DRIVER -DSTM32L476xx -c -I../Core/Inc -I../Drivers/STM32L4xx_HAL_Driver/Inc -I../Drivers/STM32L4xx_HAL_Driver/Inc/Legacy -I../Drivers/CMSIS/Device/ST/STM32L4xx/Include -I../Drivers/CMSIS/Include -O0 -ffunction-sections -fdata-sections -Wall -fstack-usage -fcyclomatic-complexity -MMD -MP -MF"Core/Src/main.d" -MT"Core/Src/main.o" --specs=nano.specs -mfpu=fpv4-sp-d16 -mfloat-abi=hard -mthumb -o "Core/Src/main.o"
arm-none-eabi-gcc -o "pruebas_eq_med_celdas.elf" @"objects.list"   -mcpu=cortex-m4 -T"C:\Users\German\Documents\equipo_medicion_ensayo_celdas\pruebas_eq_med_celdas\STM32L476RGTX_FLASH.ld" --specs=nosys.specs -Wl,-Map="pruebas_eq_med_celdas.map" -Wl,--gc-sections -static --specs=nano.specs -mfpu=fpv4-sp-d16 -mfloat-abi=hard -mthumb -Wl,--start-group -lc -lm -Wl,--end-group
Finished building target: pruebas_eq_med_celdas.elf
 
arm-none-eabi-size  pruebas_eq_med_celdas.elf 
arm-none-eabi-objdump -h -S pruebas_eq_med_celdas.elf  > "pruebas_eq_med_celdas.list"
   text	   data	    bss	    dec	    hex	filename
  37908	     12	  62228	 100148	  18734	pruebas_eq_med_celdas.elf
Finished building: default.size.stdout
 
Finished building: pruebas_eq_med_celdas.list
 
20:19:14 **** Incremental Build of configuration Debug for project pruebas_eq_med_celdas ****
make -j12 all 
arm-none-eabi-gcc "../Core/Src/main.c" -mcpu=cortex-m4 -std=gnu11 -g3 -DDEBUG -DUSE_HAL_DRIVER -DSTM32L476xx -c -I../Core/Inc -I../Drivers/STM32L4xx_HAL_Driver/Inc -I../Drivers/STM32L4xx_HAL_Driver/Inc/Legacy -I../Drivers/CMSIS/Device/ST/STM32L4xx/Include -I../Drivers/CMSIS/Include -O0 -ffunction-sections -fdata-sections -Wall -fstack-usage -fcyclomatic-complexity -MMD -MP -MF"Core/Src/main.d" -MT"Core/Src/main.o" --specs=nano.specs -mfpu=fpv4-sp-d16 -mfloat-abi=hard -mthumb -o "Core/Src/main.o"
arm-none-eabi-gcc -o "pruebas_eq_med_celdas.elf" @"objects.list"   -mcpu=cortex-m4 -T"C:\Users\German\Documents\equipo_medicion_ensayo_celdas\pruebas_eq_med_celdas\STM32L476RGTX_FLASH.ld" --specs=nosys.specs -Wl,-Map="pruebas_eq_med_celdas.map" -Wl,--gc-sections -static --specs=nano.specs -mfpu=fpv4-sp-d16 -mfloat-abi=hard -mthumb -Wl,--start-group -lc -lm -Wl,--end-group
Finished building target: pruebas_eq_med_celdas.elf
 
arm-none-eabi-size  pruebas_eq_med_celdas.elf 
arm-none-eabi-objdump -h -S pruebas_eq_med_celdas.elf  > "pruebas_eq_med_celdas.list"
   text	   data	    bss	    dec	    hex	filename
  37908	     12	  62228	 100148	  18734	pruebas_eq_med_celdas.elf
Finished building: default.size.stdout
 
Finished building: pruebas_eq_med_celdas.list
 
19:51:52 **** Incremental Build of configuration Debug for project pruebas_eq_med_celdas ****
make -j12 all 
arm-none-eabi-size  pruebas_eq_med_celdas.elf 
   text	   data	    bss	    dec	    hex	filename
  37908	     12	  62228	 100148	  18734	pruebas_eq_med_celdas.elf
Finished building: default.size.stdout
 
20:04:35 **** Incremental Build of configuration Debug for project pruebas_eq_med_celdas ****
make -j12 all 
arm-none-eabi-gcc "../Core/Src/main.c" -mcpu=cortex-m4 -std=gnu11 -g3 -DDEBUG -DUSE_HAL_DRIVER -DSTM32L476xx -c -I../Core/Inc -I../Drivers/STM32L4xx_HAL_Driver/Inc -I../Drivers/STM32L4xx_HAL_Driver/Inc/Legacy -I../Drivers/CMSIS/Device/ST/STM32L4xx/Include -I../Drivers/CMSIS/Include -O0 -ffunction-sections -fdata-sections -Wall -fstack-usage -fcyclomatic-complexity -MMD -MP -MF"Core/Src/main.d" -MT"Core/Src/main.o" --specs=nano.specs -mfpu=fpv4-sp-d16 -mfloat-abi=hard -mthumb -o "Core/Src/main.o"
arm-none-eabi-gcc -o "pruebas_eq_med_celdas.elf" @"objects.list"   -mcpu=cortex-m4 -T"C:\Users\German\Documents\equipo_medicion_ensayo_celdas\pruebas_eq_med_celdas\STM32L476RGTX_FLASH.ld" --specs=nosys.specs -Wl,-Map="pruebas_eq_med_celdas.map" -Wl,--gc-sections -static --specs=nano.specs -mfpu=fpv4-sp-d16 -mfloat-abi=hard -mthumb -Wl,--start-group -lc -lm -Wl,--end-group
Finished building target: pruebas_eq_med_celdas.elf
 
arm-none-eabi-size  pruebas_eq_med_celdas.elf 
arm-none-eabi-objdump -h -S pruebas_eq_med_celdas.elf  > "pruebas_eq_med_celdas.list"
   text	   data	    bss	    dec	    hex	filename
  37908	     12	  62228	 100148	  18734	pruebas_eq_med_celdas.elf
Finished building: default.size.stdout
 
Finished building: pruebas_eq_med_celdas.list
 
20:05:43 **** Incremental Build of configuration Debug for project pruebas_eq_med_celdas ****
make -j12 all 
arm-none-eabi-gcc "../Core/Src/main.c" -mcpu=cortex-m4 -std=gnu11 -g3 -DDEBUG -DUSE_HAL_DRIVER -DSTM32L476xx -c -I../Core/Inc -I../Drivers/STM32L4xx_HAL_Driver/Inc -I../Drivers/STM32L4xx_HAL_Driver/Inc/Legacy -I../Drivers/CMSIS/Device/ST/STM32L4xx/Include -I../Drivers/CMSIS/Include -O0 -ffunction-sections -fdata-sections -Wall -fstack-usage -fcyclomatic-complexity -MMD -MP -MF"Core/Src/main.d" -MT"Core/Src/main.o" --specs=nano.specs -mfpu=fpv4-sp-d16 -mfloat-abi=hard -mthumb -o "Core/Src/main.o"
arm-none-eabi-gcc -o "pruebas_eq_med_celdas.elf" @"objects.list"   -mcpu=cortex-m4 -T"C:\Users\German\Documents\equipo_medicion_ensayo_celdas\pruebas_eq_med_celdas\STM32L476RGTX_FLASH.ld" --specs=nosys.specs -Wl,-Map="pruebas_eq_med_celdas.map" -Wl,--gc-sections -static --specs=nano.specs -mfpu=fpv4-sp-d16 -mfloat-abi=hard -mthumb -Wl,--start-group -lc -lm -Wl,--end-group
Finished building target: pruebas_eq_med_celdas.elf
 
arm-none-eabi-size  pruebas_eq_med_celdas.elf 
arm-none-eabi-objdump -h -S pruebas_eq_med_celdas.elf  > "pruebas_eq_med_celdas.list"
   text	   data	    bss	    dec	    hex	filename
  37908	     12	  62228	 100148	  18734	pruebas_eq_med_celdas.elf
Finished building: default.size.stdout
 
Finished building: pruebas_eq_med_celdas.list
 
20:06:28 **** Incremental Build of configuration Debug for project pruebas_eq_med_celdas ****
make -j12 all 
arm-none-eabi-gcc "../Core/Src/main.c" -mcpu=cortex-m4 -std=gnu11 -g3 -DDEBUG -DUSE_HAL_DRIVER -DSTM32L476xx -c -I../Core/Inc -I../Drivers/STM32L4xx_HAL_Driver/Inc -I../Drivers/STM32L4xx_HAL_Driver/Inc/Legacy -I../Drivers/CMSIS/Device/ST/STM32L4xx/Include -I../Drivers/CMSIS/Include -O0 -ffunction-sections -fdata-sections -Wall -fstack-usage -fcyclomatic-complexity -MMD -MP -MF"Core/Src/main.d" -MT"Core/Src/main.o" --specs=nano.specs -mfpu=fpv4-sp-d16 -mfloat-abi=hard -mthumb -o "Core/Src/main.o"
arm-none-eabi-gcc -o "pruebas_eq_med_celdas.elf" @"objects.list"   -mcpu=cortex-m4 -T"C:\Users\German\Documents\equipo_medicion_ensayo_celdas\pruebas_eq_med_celdas\STM32L476RGTX_FLASH.ld" --specs=nosys.specs -Wl,-Map="pruebas_eq_med_celdas.map" -Wl,--gc-sections -static --specs=nano.specs -mfpu=fpv4-sp-d16 -mfloat-abi=hard -mthumb -Wl,--start-group -lc -lm -Wl,--end-group
Finished building target: pruebas_eq_med_celdas.elf
 
arm-none-eabi-size  pruebas_eq_med_celdas.elf 
arm-none-eabi-objdump -h -S pruebas_eq_med_celdas.elf  > "pruebas_eq_med_celdas.list"
   text	   data	    bss	    dec	    hex	filename
  37908	     12	  62228	 100148	  18734	pruebas_eq_med_celdas.elf
Finished building: default.size.stdout
 
Finished building: pruebas_eq_med_celdas.list
 
20:08:26 **** Incremental Build of configuration Debug for project pruebas_eq_med_celdas ****
make -j12 all 
arm-none-eabi-gcc "../Core/Src/main.c" -mcpu=cortex-m4 -std=gnu11 -g3 -DDEBUG -DUSE_HAL_DRIVER -DSTM32L476xx -c -I../Core/Inc -I../Drivers/STM32L4xx_HAL_Driver/Inc -I../Drivers/STM32L4xx_HAL_Driver/Inc/Legacy -I../Drivers/CMSIS/Device/ST/STM32L4xx/Include -I../Drivers/CMSIS/Include -O0 -ffunction-sections -fdata-sections -Wall -fstack-usage -fcyclomatic-complexity -MMD -MP -MF"Core/Src/main.d" -MT"Core/Src/main.o" --specs=nano.specs -mfpu=fpv4-sp-d16 -mfloat-abi=hard -mthumb -o "Core/Src/main.o"
arm-none-eabi-gcc -o "pruebas_eq_med_celdas.elf" @"objects.list"   -mcpu=cortex-m4 -T"C:\Users\German\Documents\equipo_medicion_ensayo_celdas\pruebas_eq_med_celdas\STM32L476RGTX_FLASH.ld" --specs=nosys.specs -Wl,-Map="pruebas_eq_med_celdas.map" -Wl,--gc-sections -static --specs=nano.specs -mfpu=fpv4-sp-d16 -mfloat-abi=hard -mthumb -Wl,--start-group -lc -lm -Wl,--end-group
Finished building target: pruebas_eq_med_celdas.elf
 
arm-none-eabi-size  pruebas_eq_med_celdas.elf 
arm-none-eabi-objdump -h -S pruebas_eq_med_celdas.elf  > "pruebas_eq_med_celdas.list"
   text	   data	    bss	    dec	    hex	filename
  37908	     12	  62228	 100148	  18734	pruebas_eq_med_celdas.elf
Finished building: default.size.stdout
 
Finished building: pruebas_eq_med_celdas.list
 
23:18:47 **** Incremental Build of configuration Debug for project pruebas_eq_med_celdas ****
make -j12 all 
arm-none-eabi-gcc "../Core/Src/main.c" -mcpu=cortex-m4 -std=gnu11 -g3 -DDEBUG -DUSE_HAL_DRIVER -DSTM32L476xx -c -I../Core/Inc -I../Drivers/STM32L4xx_HAL_Driver/Inc -I../Drivers/STM32L4xx_HAL_Driver/Inc/Legacy -I../Drivers/CMSIS/Device/ST/STM32L4xx/Include -I../Drivers/CMSIS/Include -O0 -ffunction-sections -fdata-sections -Wall -fstack-usage -fcyclomatic-complexity -MMD -MP -MF"Core/Src/main.d" -MT"Core/Src/main.o" --specs=nano.specs -mfpu=fpv4-sp-d16 -mfloat-abi=hard -mthumb -o "Core/Src/main.o"
arm-none-eabi-gcc -o "pruebas_eq_med_celdas.elf" @"objects.list"   -mcpu=cortex-m4 -T"C:\Users\German\Documents\equipo_medicion_ensayo_celdas\pruebas_eq_med_celdas\STM32L476RGTX_FLASH.ld" --specs=nosys.specs -Wl,-Map="pruebas_eq_med_celdas.map" -Wl,--gc-sections -static --specs=nano.specs -mfpu=fpv4-sp-d16 -mfloat-abi=hard -mthumb -Wl,--start-group -lc -lm -Wl,--end-group
Finished building target: pruebas_eq_med_celdas.elf
 
arm-none-eabi-size  pruebas_eq_med_celdas.elf 
arm-none-eabi-objdump -h -S pruebas_eq_med_celdas.elf  > "pruebas_eq_med_celdas.list"
   text	   data	    bss	    dec	    hex	filename
  37908	     12	  62228	 100148	  18734	pruebas_eq_med_celdas.elf
Finished building: default.size.stdout
 
Finished building: pruebas_eq_med_celdas.list
 
