14:41:05 **** Incremental Build of configuration Debug for project pruebas_eq_med_celdas ****
make -j12 all 
arm-none-eabi-gcc "../Core/Src/main.c" -mcpu=cortex-m4 -std=gnu11 -g3 -DDEBUG -DUSE_HAL_DRIVER -DSTM32L476xx -c -I../Core/Inc -I../Drivers/STM32L4xx_HAL_Driver/Inc -I../Drivers/STM32L4xx_HAL_Driver/Inc/Legacy -I../Drivers/CMSIS/Device/ST/STM32L4xx/Include -I../Drivers/CMSIS/Include -O0 -ffunction-sections -fdata-sections -Wall -fstack-usage -fcyclomatic-complexity -MMD -MP -MF"Core/Src/main.d" -MT"Core/Src/main.o" --specs=nano.specs -mfpu=fpv4-sp-d16 -mfloat-abi=hard -mthumb -o "Core/Src/main.o"
arm-none-eabi-gcc -o "pruebas_eq_med_celdas.elf" @"objects.list"   -mcpu=cortex-m4 -T"C:\Users\German\Documents\equipo_medicion_ensayo_celdas\pruebas_eq_med_celdas\STM32L476RGTX_FLASH.ld" --specs=nosys.specs -Wl,-Map="pruebas_eq_med_celdas.map" -Wl,--gc-sections -static --specs=nano.specs -mfpu=fpv4-sp-d16 -mfloat-abi=hard -mthumb -Wl,--start-group -lc -lm -Wl,--end-group
Finished building target: pruebas_eq_med_celdas.elf
 
arm-none-eabi-size  pruebas_eq_med_celdas.elf 
arm-none-eabi-objdump -h -S pruebas_eq_med_celdas.elf  > "pruebas_eq_med_celdas.list"
   text	   data	    bss	    dec	    hex	filename
  22320	     12	   1956	  24288	   5ee0	pruebas_eq_med_celdas.elf
Finished building: default.size.stdout
 
Finished building: pruebas_eq_med_celdas.list
 
14:41:25 **** Incremental Build of configuration Debug for project pruebas_eq_med_celdas ****
make -j12 all 
arm-none-eabi-size  pruebas_eq_med_celdas.elf 
   text	   data	    bss	    dec	    hex	filename
  22320	     12	   1956	  24288	   5ee0	pruebas_eq_med_celdas.elf
Finished building: default.size.stdout
 
14:46:43 **** Incremental Build of configuration Debug for project pruebas_eq_med_celdas ****
make -j12 all 
arm-none-eabi-gcc "../Core/Src/main.c" -mcpu=cortex-m4 -std=gnu11 -g3 -DDEBUG -DUSE_HAL_DRIVER -DSTM32L476xx -c -I../Core/Inc -I../Drivers/STM32L4xx_HAL_Driver/Inc -I../Drivers/STM32L4xx_HAL_Driver/Inc/Legacy -I../Drivers/CMSIS/Device/ST/STM32L4xx/Include -I../Drivers/CMSIS/Include -O0 -ffunction-sections -fdata-sections -Wall -fstack-usage -fcyclomatic-complexity -MMD -MP -MF"Core/Src/main.d" -MT"Core/Src/main.o" --specs=nano.specs -mfpu=fpv4-sp-d16 -mfloat-abi=hard -mthumb -o "Core/Src/main.o"
arm-none-eabi-gcc -o "pruebas_eq_med_celdas.elf" @"objects.list"   -mcpu=cortex-m4 -T"C:\Users\German\Documents\equipo_medicion_ensayo_celdas\pruebas_eq_med_celdas\STM32L476RGTX_FLASH.ld" --specs=nosys.specs -Wl,-Map="pruebas_eq_med_celdas.map" -Wl,--gc-sections -static --specs=nano.specs -mfpu=fpv4-sp-d16 -mfloat-abi=hard -mthumb -Wl,--start-group -lc -lm -Wl,--end-group
Finished building target: pruebas_eq_med_celdas.elf
 
arm-none-eabi-size  pruebas_eq_med_celdas.elf 
arm-none-eabi-objdump -h -S pruebas_eq_med_celdas.elf  > "pruebas_eq_med_celdas.list"
   text	   data	    bss	    dec	    hex	filename
  24152	     12	   2356	  26520	   6798	pruebas_eq_med_celdas.elf
Finished building: default.size.stdout
 
Finished building: pruebas_eq_med_celdas.list
 
14:49:55 **** Incremental Build of configuration Debug for project pruebas_eq_med_celdas ****
make -j12 all 
arm-none-eabi-gcc "../Core/Src/main.c" -mcpu=cortex-m4 -std=gnu11 -g3 -DDEBUG -DUSE_HAL_DRIVER -DSTM32L476xx -c -I../Core/Inc -I../Drivers/STM32L4xx_HAL_Driver/Inc -I../Drivers/STM32L4xx_HAL_Driver/Inc/Legacy -I../Drivers/CMSIS/Device/ST/STM32L4xx/Include -I../Drivers/CMSIS/Include -O0 -ffunction-sections -fdata-sections -Wall -fstack-usage -fcyclomatic-complexity -MMD -MP -MF"Core/Src/main.d" -MT"Core/Src/main.o" --specs=nano.specs -mfpu=fpv4-sp-d16 -mfloat-abi=hard -mthumb -o "Core/Src/main.o"
arm-none-eabi-gcc -o "pruebas_eq_med_celdas.elf" @"objects.list"   -mcpu=cortex-m4 -T"C:\Users\German\Documents\equipo_medicion_ensayo_celdas\pruebas_eq_med_celdas\STM32L476RGTX_FLASH.ld" --specs=nosys.specs -Wl,-Map="pruebas_eq_med_celdas.map" -Wl,--gc-sections -static --specs=nano.specs -mfpu=fpv4-sp-d16 -mfloat-abi=hard -mthumb -Wl,--start-group -lc -lm -Wl,--end-group
Finished building target: pruebas_eq_med_celdas.elf
 
arm-none-eabi-size  pruebas_eq_med_celdas.elf 
arm-none-eabi-objdump -h -S pruebas_eq_med_celdas.elf  > "pruebas_eq_med_celdas.list"
   text	   data	    bss	    dec	    hex	filename
  24148	     12	   1956	  26116	   6604	pruebas_eq_med_celdas.elf
Finished building: default.size.stdout
 
Finished building: pruebas_eq_med_celdas.list
 
14:57:17 **** Incremental Build of configuration Debug for project pruebas_eq_med_celdas ****
make -j12 all 
arm-none-eabi-gcc "../Core/Src/main.c" -mcpu=cortex-m4 -std=gnu11 -g3 -DDEBUG -DUSE_HAL_DRIVER -DSTM32L476xx -c -I../Core/Inc -I../Drivers/STM32L4xx_HAL_Driver/Inc -I../Drivers/STM32L4xx_HAL_Driver/Inc/Legacy -I../Drivers/CMSIS/Device/ST/STM32L4xx/Include -I../Drivers/CMSIS/Include -O0 -ffunction-sections -fdata-sections -Wall -fstack-usage -fcyclomatic-complexity -MMD -MP -MF"Core/Src/main.d" -MT"Core/Src/main.o" --specs=nano.specs -mfpu=fpv4-sp-d16 -mfloat-abi=hard -mthumb -o "Core/Src/main.o"
arm-none-eabi-gcc -o "pruebas_eq_med_celdas.elf" @"objects.list"   -mcpu=cortex-m4 -T"C:\Users\German\Documents\equipo_medicion_ensayo_celdas\pruebas_eq_med_celdas\STM32L476RGTX_FLASH.ld" --specs=nosys.specs -Wl,-Map="pruebas_eq_med_celdas.map" -Wl,--gc-sections -static --specs=nano.specs -mfpu=fpv4-sp-d16 -mfloat-abi=hard -mthumb -Wl,--start-group -lc -lm -Wl,--end-group
Finished building target: pruebas_eq_med_celdas.elf
 
arm-none-eabi-size  pruebas_eq_med_celdas.elf 
arm-none-eabi-objdump -h -S pruebas_eq_med_celdas.elf  > "pruebas_eq_med_celdas.list"
   text	   data	    bss	    dec	    hex	filename
  25100	     12	   1956	  27068	   69bc	pruebas_eq_med_celdas.elf
Finished building: default.size.stdout
 
Finished building: pruebas_eq_med_celdas.list
 
14:58:17 **** Incremental Build of configuration Debug for project pruebas_eq_med_celdas ****
make -j12 all 
arm-none-eabi-gcc "../Core/Src/main.c" -mcpu=cortex-m4 -std=gnu11 -g3 -DDEBUG -DUSE_HAL_DRIVER -DSTM32L476xx -c -I../Core/Inc -I../Drivers/STM32L4xx_HAL_Driver/Inc -I../Drivers/STM32L4xx_HAL_Driver/Inc/Legacy -I../Drivers/CMSIS/Device/ST/STM32L4xx/Include -I../Drivers/CMSIS/Include -O0 -ffunction-sections -fdata-sections -Wall -fstack-usage -fcyclomatic-complexity -MMD -MP -MF"Core/Src/main.d" -MT"Core/Src/main.o" --specs=nano.specs -mfpu=fpv4-sp-d16 -mfloat-abi=hard -mthumb -o "Core/Src/main.o"
arm-none-eabi-gcc -o "pruebas_eq_med_celdas.elf" @"objects.list"   -mcpu=cortex-m4 -T"C:\Users\German\Documents\equipo_medicion_ensayo_celdas\pruebas_eq_med_celdas\STM32L476RGTX_FLASH.ld" --specs=nosys.specs -Wl,-Map="pruebas_eq_med_celdas.map" -Wl,--gc-sections -static --specs=nano.specs -mfpu=fpv4-sp-d16 -mfloat-abi=hard -mthumb -Wl,--start-group -lc -lm -Wl,--end-group
Finished building target: pruebas_eq_med_celdas.elf
 
arm-none-eabi-size  pruebas_eq_med_celdas.elf 
arm-none-eabi-objdump -h -S pruebas_eq_med_celdas.elf  > "pruebas_eq_med_celdas.list"
   text	   data	    bss	    dec	    hex	filename
  25108	     12	   1956	  27076	   69c4	pruebas_eq_med_celdas.elf
Finished building: default.size.stdout
 
Finished building: pruebas_eq_med_celdas.list
 
18:41:33 **** Incremental Build of configuration Debug for project pruebas_eq_med_celdas ****
make -j12 all 
arm-none-eabi-gcc "../Core/Src/main.c" -mcpu=cortex-m4 -std=gnu11 -g3 -DDEBUG -DUSE_HAL_DRIVER -DSTM32L476xx -c -I../Core/Inc -I../Drivers/STM32L4xx_HAL_Driver/Inc -I../Drivers/STM32L4xx_HAL_Driver/Inc/Legacy -I../Drivers/CMSIS/Device/ST/STM32L4xx/Include -I../Drivers/CMSIS/Include -O0 -ffunction-sections -fdata-sections -Wall -fstack-usage -fcyclomatic-complexity -MMD -MP -MF"Core/Src/main.d" -MT"Core/Src/main.o" --specs=nano.specs -mfpu=fpv4-sp-d16 -mfloat-abi=hard -mthumb -o "Core/Src/main.o"
arm-none-eabi-gcc -o "pruebas_eq_med_celdas.elf" @"objects.list"   -mcpu=cortex-m4 -T"C:\Users\German\Documents\equipo_medicion_ensayo_celdas\pruebas_eq_med_celdas\STM32L476RGTX_FLASH.ld" --specs=nosys.specs -Wl,-Map="pruebas_eq_med_celdas.map" -Wl,--gc-sections -static --specs=nano.specs -mfpu=fpv4-sp-d16 -mfloat-abi=hard -mthumb -Wl,--start-group -lc -lm -Wl,--end-group
Finished building target: pruebas_eq_med_celdas.elf
 
arm-none-eabi-size  pruebas_eq_med_celdas.elf 
arm-none-eabi-objdump -h -S pruebas_eq_med_celdas.elf  > "pruebas_eq_med_celdas.list"
   text	   data	    bss	    dec	    hex	filename
  25108	     12	   1956	  27076	   69c4	pruebas_eq_med_celdas.elf
Finished building: default.size.stdout
 
Finished building: pruebas_eq_med_celdas.list
 
18:45:31 **** Incremental Build of configuration Debug for project pruebas_eq_med_celdas ****
make -j12 all 
arm-none-eabi-gcc "../Core/Src/main.c" -mcpu=cortex-m4 -std=gnu11 -g3 -DDEBUG -DUSE_HAL_DRIVER -DSTM32L476xx -c -I../Core/Inc -I../Drivers/STM32L4xx_HAL_Driver/Inc -I../Drivers/STM32L4xx_HAL_Driver/Inc/Legacy -I../Drivers/CMSIS/Device/ST/STM32L4xx/Include -I../Drivers/CMSIS/Include -O0 -ffunction-sections -fdata-sections -Wall -fstack-usage -fcyclomatic-complexity -MMD -MP -MF"Core/Src/main.d" -MT"Core/Src/main.o" --specs=nano.specs -mfpu=fpv4-sp-d16 -mfloat-abi=hard -mthumb -o "Core/Src/main.o"
arm-none-eabi-gcc -o "pruebas_eq_med_celdas.elf" @"objects.list"   -mcpu=cortex-m4 -T"C:\Users\German\Documents\equipo_medicion_ensayo_celdas\pruebas_eq_med_celdas\STM32L476RGTX_FLASH.ld" --specs=nosys.specs -Wl,-Map="pruebas_eq_med_celdas.map" -Wl,--gc-sections -static --specs=nano.specs -mfpu=fpv4-sp-d16 -mfloat-abi=hard -mthumb -Wl,--start-group -lc -lm -Wl,--end-group
Finished building target: pruebas_eq_med_celdas.elf
 
arm-none-eabi-size  pruebas_eq_med_celdas.elf 
arm-none-eabi-objdump -h -S pruebas_eq_med_celdas.elf  > "pruebas_eq_med_celdas.list"
   text	   data	    bss	    dec	    hex	filename
  25108	     12	   1956	  27076	   69c4	pruebas_eq_med_celdas.elf
Finished building: default.size.stdout
 
Finished building: pruebas_eq_med_celdas.list
 
19:06:26 **** Incremental Build of configuration Debug for project pruebas_eq_med_celdas ****
make -j12 all 
arm-none-eabi-gcc "../Core/Src/main.c" -mcpu=cortex-m4 -std=gnu11 -g3 -DDEBUG -DUSE_HAL_DRIVER -DSTM32L476xx -c -I../Core/Inc -I../Drivers/STM32L4xx_HAL_Driver/Inc -I../Drivers/STM32L4xx_HAL_Driver/Inc/Legacy -I../Drivers/CMSIS/Device/ST/STM32L4xx/Include -I../Drivers/CMSIS/Include -O0 -ffunction-sections -fdata-sections -Wall -fstack-usage -fcyclomatic-complexity -MMD -MP -MF"Core/Src/main.d" -MT"Core/Src/main.o" --specs=nano.specs -mfpu=fpv4-sp-d16 -mfloat-abi=hard -mthumb -o "Core/Src/main.o"
../Core/Src/main.c: In function 'main':
../Core/Src/main.c:176:12: warning: unused variable 'dac_buffer' [-Wunused-variable]
  176 |   uint16_t dac_buffer[139];
      |            ^~~~~~~~~~
arm-none-eabi-gcc -o "pruebas_eq_med_celdas.elf" @"objects.list"   -mcpu=cortex-m4 -T"C:\Users\German\Documents\equipo_medicion_ensayo_celdas\pruebas_eq_med_celdas\STM32L476RGTX_FLASH.ld" --specs=nosys.specs -Wl,-Map="pruebas_eq_med_celdas.map" -Wl,--gc-sections -static --specs=nano.specs -mfpu=fpv4-sp-d16 -mfloat-abi=hard -mthumb -Wl,--start-group -lc -lm -Wl,--end-group
Finished building target: pruebas_eq_med_celdas.elf
 
arm-none-eabi-size  pruebas_eq_med_celdas.elf 
arm-none-eabi-objdump -h -S pruebas_eq_med_celdas.elf  > "pruebas_eq_med_celdas.list"
   text	   data	    bss	    dec	    hex	filename
  18172	     12	   1956	  20140	   4eac	pruebas_eq_med_celdas.elf
Finished building: default.size.stdout
 
Finished building: pruebas_eq_med_celdas.list
 
19:09:58 **** Incremental Build of configuration Debug for project pruebas_eq_med_celdas ****
make -j12 all 
arm-none-eabi-gcc "../Core/Src/main.c" -mcpu=cortex-m4 -std=gnu11 -g3 -DDEBUG -DUSE_HAL_DRIVER -DSTM32L476xx -c -I../Core/Inc -I../Drivers/STM32L4xx_HAL_Driver/Inc -I../Drivers/STM32L4xx_HAL_Driver/Inc/Legacy -I../Drivers/CMSIS/Device/ST/STM32L4xx/Include -I../Drivers/CMSIS/Include -O0 -ffunction-sections -fdata-sections -Wall -fstack-usage -fcyclomatic-complexity -MMD -MP -MF"Core/Src/main.d" -MT"Core/Src/main.o" --specs=nano.specs -mfpu=fpv4-sp-d16 -mfloat-abi=hard -mthumb -o "Core/Src/main.o"
arm-none-eabi-gcc -o "pruebas_eq_med_celdas.elf" @"objects.list"   -mcpu=cortex-m4 -T"C:\Users\German\Documents\equipo_medicion_ensayo_celdas\pruebas_eq_med_celdas\STM32L476RGTX_FLASH.ld" --specs=nosys.specs -Wl,-Map="pruebas_eq_med_celdas.map" -Wl,--gc-sections -static --specs=nano.specs -mfpu=fpv4-sp-d16 -mfloat-abi=hard -mthumb -Wl,--start-group -lc -lm -Wl,--end-group
Finished building target: pruebas_eq_med_celdas.elf
 
arm-none-eabi-size  pruebas_eq_med_celdas.elf 
arm-none-eabi-objdump -h -S pruebas_eq_med_celdas.elf  > "pruebas_eq_med_celdas.list"
   text	   data	    bss	    dec	    hex	filename
  25108	     12	   1956	  27076	   69c4	pruebas_eq_med_celdas.elf
Finished building: default.size.stdout
 
Finished building: pruebas_eq_med_celdas.list
 
19:11:57 **** Incremental Build of configuration Debug for project pruebas_eq_med_celdas ****
make -j12 all 
arm-none-eabi-gcc "../Core/Src/main.c" -mcpu=cortex-m4 -std=gnu11 -g3 -DDEBUG -DUSE_HAL_DRIVER -DSTM32L476xx -c -I../Core/Inc -I../Drivers/STM32L4xx_HAL_Driver/Inc -I../Drivers/STM32L4xx_HAL_Driver/Inc/Legacy -I../Drivers/CMSIS/Device/ST/STM32L4xx/Include -I../Drivers/CMSIS/Include -O0 -ffunction-sections -fdata-sections -Wall -fstack-usage -fcyclomatic-complexity -MMD -MP -MF"Core/Src/main.d" -MT"Core/Src/main.o" --specs=nano.specs -mfpu=fpv4-sp-d16 -mfloat-abi=hard -mthumb -o "Core/Src/main.o"
arm-none-eabi-gcc -o "pruebas_eq_med_celdas.elf" @"objects.list"   -mcpu=cortex-m4 -T"C:\Users\German\Documents\equipo_medicion_ensayo_celdas\pruebas_eq_med_celdas\STM32L476RGTX_FLASH.ld" --specs=nosys.specs -Wl,-Map="pruebas_eq_med_celdas.map" -Wl,--gc-sections -static --specs=nano.specs -mfpu=fpv4-sp-d16 -mfloat-abi=hard -mthumb -Wl,--start-group -lc -lm -Wl,--end-group
Finished building target: pruebas_eq_med_celdas.elf
 
arm-none-eabi-size  pruebas_eq_med_celdas.elf 
arm-none-eabi-objdump -h -S pruebas_eq_med_celdas.elf  > "pruebas_eq_med_celdas.list"
   text	   data	    bss	    dec	    hex	filename
  25108	     12	   1956	  27076	   69c4	pruebas_eq_med_celdas.elf
Finished building: default.size.stdout
 
Finished building: pruebas_eq_med_celdas.list
 
22:13:28 **** Incremental Build of configuration Debug for project pruebas_eq_med_celdas ****
make -j12 all 
arm-none-eabi-gcc "../Core/Src/main.c" -mcpu=cortex-m4 -std=gnu11 -g3 -DDEBUG -DUSE_HAL_DRIVER -DSTM32L476xx -c -I../Core/Inc -I../Drivers/STM32L4xx_HAL_Driver/Inc -I../Drivers/STM32L4xx_HAL_Driver/Inc/Legacy -I../Drivers/CMSIS/Device/ST/STM32L4xx/Include -I../Drivers/CMSIS/Include -O0 -ffunction-sections -fdata-sections -Wall -fstack-usage -fcyclomatic-complexity -MMD -MP -MF"Core/Src/main.d" -MT"Core/Src/main.o" --specs=nano.specs -mfpu=fpv4-sp-d16 -mfloat-abi=hard -mthumb -o "Core/Src/main.o"
arm-none-eabi-gcc -o "pruebas_eq_med_celdas.elf" @"objects.list"   -mcpu=cortex-m4 -T"C:\Users\German\Documents\equipo_medicion_ensayo_celdas\pruebas_eq_med_celdas\STM32L476RGTX_FLASH.ld" --specs=nosys.specs -Wl,-Map="pruebas_eq_med_celdas.map" -Wl,--gc-sections -static --specs=nano.specs -mfpu=fpv4-sp-d16 -mfloat-abi=hard -mthumb -Wl,--start-group -lc -lm -Wl,--end-group
Finished building target: pruebas_eq_med_celdas.elf
 
arm-none-eabi-size  pruebas_eq_med_celdas.elf 
arm-none-eabi-objdump -h -S pruebas_eq_med_celdas.elf  > "pruebas_eq_med_celdas.list"
   text	   data	    bss	    dec	    hex	filename
  25108	     12	   1956	  27076	   69c4	pruebas_eq_med_celdas.elf
Finished building: default.size.stdout
 
Finished building: pruebas_eq_med_celdas.list
 
22:50:09 **** Incremental Build of configuration Debug for project pruebas_eq_med_celdas ****
make -j12 all 
arm-none-eabi-gcc "../Core/Src/main.c" -mcpu=cortex-m4 -std=gnu11 -g3 -DDEBUG -DUSE_HAL_DRIVER -DSTM32L476xx -c -I../Core/Inc -I../Drivers/STM32L4xx_HAL_Driver/Inc -I../Drivers/STM32L4xx_HAL_Driver/Inc/Legacy -I../Drivers/CMSIS/Device/ST/STM32L4xx/Include -I../Drivers/CMSIS/Include -O0 -ffunction-sections -fdata-sections -Wall -fstack-usage -fcyclomatic-complexity -MMD -MP -MF"Core/Src/main.d" -MT"Core/Src/main.o" --specs=nano.specs -mfpu=fpv4-sp-d16 -mfloat-abi=hard -mthumb -o "Core/Src/main.o"
arm-none-eabi-gcc -o "pruebas_eq_med_celdas.elf" @"objects.list"   -mcpu=cortex-m4 -T"C:\Users\German\Documents\equipo_medicion_ensayo_celdas\pruebas_eq_med_celdas\STM32L476RGTX_FLASH.ld" --specs=nosys.specs -Wl,-Map="pruebas_eq_med_celdas.map" -Wl,--gc-sections -static --specs=nano.specs -mfpu=fpv4-sp-d16 -mfloat-abi=hard -mthumb -Wl,--start-group -lc -lm -Wl,--end-group
Finished building target: pruebas_eq_med_celdas.elf
 
arm-none-eabi-size  pruebas_eq_med_celdas.elf 
arm-none-eabi-objdump -h -S pruebas_eq_med_celdas.elf  > "pruebas_eq_med_celdas.list"
   text	   data	    bss	    dec	    hex	filename
  25108	     12	   1956	  27076	   69c4	pruebas_eq_med_celdas.elf
Finished building: default.size.stdout
 
Finished building: pruebas_eq_med_celdas.list
 
22:51:45 **** Incremental Build of configuration Debug for project pruebas_eq_med_celdas ****
make -j12 all 
arm-none-eabi-gcc "../Core/Src/main.c" -mcpu=cortex-m4 -std=gnu11 -g3 -DDEBUG -DUSE_HAL_DRIVER -DSTM32L476xx -c -I../Core/Inc -I../Drivers/STM32L4xx_HAL_Driver/Inc -I../Drivers/STM32L4xx_HAL_Driver/Inc/Legacy -I../Drivers/CMSIS/Device/ST/STM32L4xx/Include -I../Drivers/CMSIS/Include -O0 -ffunction-sections -fdata-sections -Wall -fstack-usage -fcyclomatic-complexity -MMD -MP -MF"Core/Src/main.d" -MT"Core/Src/main.o" --specs=nano.specs -mfpu=fpv4-sp-d16 -mfloat-abi=hard -mthumb -o "Core/Src/main.o"
arm-none-eabi-gcc -o "pruebas_eq_med_celdas.elf" @"objects.list"   -mcpu=cortex-m4 -T"C:\Users\German\Documents\equipo_medicion_ensayo_celdas\pruebas_eq_med_celdas\STM32L476RGTX_FLASH.ld" --specs=nosys.specs -Wl,-Map="pruebas_eq_med_celdas.map" -Wl,--gc-sections -static --specs=nano.specs -mfpu=fpv4-sp-d16 -mfloat-abi=hard -mthumb -Wl,--start-group -lc -lm -Wl,--end-group
Finished building target: pruebas_eq_med_celdas.elf
 
arm-none-eabi-size  pruebas_eq_med_celdas.elf 
arm-none-eabi-objdump -h -S pruebas_eq_med_celdas.elf  > "pruebas_eq_med_celdas.list"
   text	   data	    bss	    dec	    hex	filename
  25108	     12	   1956	  27076	   69c4	pruebas_eq_med_celdas.elf
Finished building: default.size.stdout
 
Finished building: pruebas_eq_med_celdas.list
 
22:52:27 **** Incremental Build of configuration Debug for project pruebas_eq_med_celdas ****
make -j12 all 
arm-none-eabi-gcc "../Core/Src/main.c" -mcpu=cortex-m4 -std=gnu11 -g3 -DDEBUG -DUSE_HAL_DRIVER -DSTM32L476xx -c -I../Core/Inc -I../Drivers/STM32L4xx_HAL_Driver/Inc -I../Drivers/STM32L4xx_HAL_Driver/Inc/Legacy -I../Drivers/CMSIS/Device/ST/STM32L4xx/Include -I../Drivers/CMSIS/Include -O0 -ffunction-sections -fdata-sections -Wall -fstack-usage -fcyclomatic-complexity -MMD -MP -MF"Core/Src/main.d" -MT"Core/Src/main.o" --specs=nano.specs -mfpu=fpv4-sp-d16 -mfloat-abi=hard -mthumb -o "Core/Src/main.o"
arm-none-eabi-gcc -o "pruebas_eq_med_celdas.elf" @"objects.list"   -mcpu=cortex-m4 -T"C:\Users\German\Documents\equipo_medicion_ensayo_celdas\pruebas_eq_med_celdas\STM32L476RGTX_FLASH.ld" --specs=nosys.specs -Wl,-Map="pruebas_eq_med_celdas.map" -Wl,--gc-sections -static --specs=nano.specs -mfpu=fpv4-sp-d16 -mfloat-abi=hard -mthumb -Wl,--start-group -lc -lm -Wl,--end-group
Finished building target: pruebas_eq_med_celdas.elf
 
arm-none-eabi-size  pruebas_eq_med_celdas.elf 
arm-none-eabi-objdump -h -S pruebas_eq_med_celdas.elf  > "pruebas_eq_med_celdas.list"
   text	   data	    bss	    dec	    hex	filename
  25108	     12	   1956	  27076	   69c4	pruebas_eq_med_celdas.elf
Finished building: default.size.stdout
 
Finished building: pruebas_eq_med_celdas.list
 
22:54:31 **** Incremental Build of configuration Debug for project pruebas_eq_med_celdas ****
make -j12 all 
arm-none-eabi-gcc "../Core/Src/main.c" -mcpu=cortex-m4 -std=gnu11 -g3 -DDEBUG -DUSE_HAL_DRIVER -DSTM32L476xx -c -I../Core/Inc -I../Drivers/STM32L4xx_HAL_Driver/Inc -I../Drivers/STM32L4xx_HAL_Driver/Inc/Legacy -I../Drivers/CMSIS/Device/ST/STM32L4xx/Include -I../Drivers/CMSIS/Include -O0 -ffunction-sections -fdata-sections -Wall -fstack-usage -fcyclomatic-complexity -MMD -MP -MF"Core/Src/main.d" -MT"Core/Src/main.o" --specs=nano.specs -mfpu=fpv4-sp-d16 -mfloat-abi=hard -mthumb -o "Core/Src/main.o"
arm-none-eabi-gcc -o "pruebas_eq_med_celdas.elf" @"objects.list"   -mcpu=cortex-m4 -T"C:\Users\German\Documents\equipo_medicion_ensayo_celdas\pruebas_eq_med_celdas\STM32L476RGTX_FLASH.ld" --specs=nosys.specs -Wl,-Map="pruebas_eq_med_celdas.map" -Wl,--gc-sections -static --specs=nano.specs -mfpu=fpv4-sp-d16 -mfloat-abi=hard -mthumb -Wl,--start-group -lc -lm -Wl,--end-group
Finished building target: pruebas_eq_med_celdas.elf
 
arm-none-eabi-size  pruebas_eq_med_celdas.elf 
arm-none-eabi-objdump -h -S pruebas_eq_med_celdas.elf  > "pruebas_eq_med_celdas.list"
   text	   data	    bss	    dec	    hex	filename
  25108	     12	   1956	  27076	   69c4	pruebas_eq_med_celdas.elf
Finished building: default.size.stdout
 
Finished building: pruebas_eq_med_celdas.list
 
22:55:00 **** Incremental Build of configuration Debug for project pruebas_eq_med_celdas ****
make -j12 all 
arm-none-eabi-gcc "../Core/Src/main.c" -mcpu=cortex-m4 -std=gnu11 -g3 -DDEBUG -DUSE_HAL_DRIVER -DSTM32L476xx -c -I../Core/Inc -I../Drivers/STM32L4xx_HAL_Driver/Inc -I../Drivers/STM32L4xx_HAL_Driver/Inc/Legacy -I../Drivers/CMSIS/Device/ST/STM32L4xx/Include -I../Drivers/CMSIS/Include -O0 -ffunction-sections -fdata-sections -Wall -fstack-usage -fcyclomatic-complexity -MMD -MP -MF"Core/Src/main.d" -MT"Core/Src/main.o" --specs=nano.specs -mfpu=fpv4-sp-d16 -mfloat-abi=hard -mthumb -o "Core/Src/main.o"
arm-none-eabi-gcc -o "pruebas_eq_med_celdas.elf" @"objects.list"   -mcpu=cortex-m4 -T"C:\Users\German\Documents\equipo_medicion_ensayo_celdas\pruebas_eq_med_celdas\STM32L476RGTX_FLASH.ld" --specs=nosys.specs -Wl,-Map="pruebas_eq_med_celdas.map" -Wl,--gc-sections -static --specs=nano.specs -mfpu=fpv4-sp-d16 -mfloat-abi=hard -mthumb -Wl,--start-group -lc -lm -Wl,--end-group
Finished building target: pruebas_eq_med_celdas.elf
 
arm-none-eabi-size  pruebas_eq_med_celdas.elf 
arm-none-eabi-objdump -h -S pruebas_eq_med_celdas.elf  > "pruebas_eq_med_celdas.list"
   text	   data	    bss	    dec	    hex	filename
  25108	     12	   1956	  27076	   69c4	pruebas_eq_med_celdas.elf
Finished building: default.size.stdout
 
Finished building: pruebas_eq_med_celdas.list
 
23:00:40 **** Incremental Build of configuration Debug for project pruebas_eq_med_celdas ****
make -j12 all 
arm-none-eabi-gcc "../Core/Src/main.c" -mcpu=cortex-m4 -std=gnu11 -g3 -DDEBUG -DUSE_HAL_DRIVER -DSTM32L476xx -c -I../Core/Inc -I../Drivers/STM32L4xx_HAL_Driver/Inc -I../Drivers/STM32L4xx_HAL_Driver/Inc/Legacy -I../Drivers/CMSIS/Device/ST/STM32L4xx/Include -I../Drivers/CMSIS/Include -O0 -ffunction-sections -fdata-sections -Wall -fstack-usage -fcyclomatic-complexity -MMD -MP -MF"Core/Src/main.d" -MT"Core/Src/main.o" --specs=nano.specs -mfpu=fpv4-sp-d16 -mfloat-abi=hard -mthumb -o "Core/Src/main.o"
arm-none-eabi-gcc -o "pruebas_eq_med_celdas.elf" @"objects.list"   -mcpu=cortex-m4 -T"C:\Users\German\Documents\equipo_medicion_ensayo_celdas\pruebas_eq_med_celdas\STM32L476RGTX_FLASH.ld" --specs=nosys.specs -Wl,-Map="pruebas_eq_med_celdas.map" -Wl,--gc-sections -static --specs=nano.specs -mfpu=fpv4-sp-d16 -mfloat-abi=hard -mthumb -Wl,--start-group -lc -lm -Wl,--end-group
Finished building target: pruebas_eq_med_celdas.elf
 
arm-none-eabi-size  pruebas_eq_med_celdas.elf 
arm-none-eabi-objdump -h -S pruebas_eq_med_celdas.elf  > "pruebas_eq_med_celdas.list"
   text	   data	    bss	    dec	    hex	filename
  25108	     12	   1956	  27076	   69c4	pruebas_eq_med_celdas.elf
Finished building: default.size.stdout
 
Finished building: pruebas_eq_med_celdas.list
 
23:05:07 **** Incremental Build of configuration Debug for project pruebas_eq_med_celdas ****
make -j12 all 
arm-none-eabi-gcc "../Core/Src/main.c" -mcpu=cortex-m4 -std=gnu11 -g3 -DDEBUG -DUSE_HAL_DRIVER -DSTM32L476xx -c -I../Core/Inc -I../Drivers/STM32L4xx_HAL_Driver/Inc -I../Drivers/STM32L4xx_HAL_Driver/Inc/Legacy -I../Drivers/CMSIS/Device/ST/STM32L4xx/Include -I../Drivers/CMSIS/Include -O0 -ffunction-sections -fdata-sections -Wall -fstack-usage -fcyclomatic-complexity -MMD -MP -MF"Core/Src/main.d" -MT"Core/Src/main.o" --specs=nano.specs -mfpu=fpv4-sp-d16 -mfloat-abi=hard -mthumb -o "Core/Src/main.o"
arm-none-eabi-gcc -o "pruebas_eq_med_celdas.elf" @"objects.list"   -mcpu=cortex-m4 -T"C:\Users\German\Documents\equipo_medicion_ensayo_celdas\pruebas_eq_med_celdas\STM32L476RGTX_FLASH.ld" --specs=nosys.specs -Wl,-Map="pruebas_eq_med_celdas.map" -Wl,--gc-sections -static --specs=nano.specs -mfpu=fpv4-sp-d16 -mfloat-abi=hard -mthumb -Wl,--start-group -lc -lm -Wl,--end-group
Finished building target: pruebas_eq_med_celdas.elf
 
arm-none-eabi-size  pruebas_eq_med_celdas.elf 
arm-none-eabi-objdump -h -S pruebas_eq_med_celdas.elf  > "pruebas_eq_med_celdas.list"
   text	   data	    bss	    dec	    hex	filename
  25108	     12	   1956	  27076	   69c4	pruebas_eq_med_celdas.elf
Finished building: default.size.stdout
 
Finished building: pruebas_eq_med_celdas.list
 
23:08:55 **** Incremental Build of configuration Debug for project pruebas_eq_med_celdas ****
make -j12 all 
arm-none-eabi-gcc "../Core/Src/main.c" -mcpu=cortex-m4 -std=gnu11 -g3 -DDEBUG -DUSE_HAL_DRIVER -DSTM32L476xx -c -I../Core/Inc -I../Drivers/STM32L4xx_HAL_Driver/Inc -I../Drivers/STM32L4xx_HAL_Driver/Inc/Legacy -I../Drivers/CMSIS/Device/ST/STM32L4xx/Include -I../Drivers/CMSIS/Include -O0 -ffunction-sections -fdata-sections -Wall -fstack-usage -fcyclomatic-complexity -MMD -MP -MF"Core/Src/main.d" -MT"Core/Src/main.o" --specs=nano.specs -mfpu=fpv4-sp-d16 -mfloat-abi=hard -mthumb -o "Core/Src/main.o"
arm-none-eabi-gcc -o "pruebas_eq_med_celdas.elf" @"objects.list"   -mcpu=cortex-m4 -T"C:\Users\German\Documents\equipo_medicion_ensayo_celdas\pruebas_eq_med_celdas\STM32L476RGTX_FLASH.ld" --specs=nosys.specs -Wl,-Map="pruebas_eq_med_celdas.map" -Wl,--gc-sections -static --specs=nano.specs -mfpu=fpv4-sp-d16 -mfloat-abi=hard -mthumb -Wl,--start-group -lc -lm -Wl,--end-group
Finished building target: pruebas_eq_med_celdas.elf
 
arm-none-eabi-size  pruebas_eq_med_celdas.elf 
arm-none-eabi-objdump -h -S pruebas_eq_med_celdas.elf  > "pruebas_eq_med_celdas.list"
   text	   data	    bss	    dec	    hex	filename
  25108	     12	   1956	  27076	   69c4	pruebas_eq_med_celdas.elf
Finished building: default.size.stdout
 
Finished building: pruebas_eq_med_celdas.list
 
20:32:50 **** Incremental Build of configuration Debug for project pruebas_eq_med_celdas ****
make -j12 all 
arm-none-eabi-gcc "../Core/Src/main.c" -mcpu=cortex-m4 -std=gnu11 -g3 -DDEBUG -DUSE_HAL_DRIVER -DSTM32L476xx -c -I../Core/Inc -I../Drivers/STM32L4xx_HAL_Driver/Inc -I../Drivers/STM32L4xx_HAL_Driver/Inc/Legacy -I../Drivers/CMSIS/Device/ST/STM32L4xx/Include -I../Drivers/CMSIS/Include -O0 -ffunction-sections -fdata-sections -Wall -fstack-usage -fcyclomatic-complexity -MMD -MP -MF"Core/Src/main.d" -MT"Core/Src/main.o" --specs=nano.specs -mfpu=fpv4-sp-d16 -mfloat-abi=hard -mthumb -o "Core/Src/main.o"
../Core/Src/main.c: In function 'main':
../Core/Src/main.c:176:12: warning: unused variable 'dac_buffer' [-Wunused-variable]
  176 |   uint16_t dac_buffer[139];
      |            ^~~~~~~~~~
arm-none-eabi-gcc -o "pruebas_eq_med_celdas.elf" @"objects.list"   -mcpu=cortex-m4 -T"C:\Users\German\Documents\equipo_medicion_ensayo_celdas\pruebas_eq_med_celdas\STM32L476RGTX_FLASH.ld" --specs=nosys.specs -Wl,-Map="pruebas_eq_med_celdas.map" -Wl,--gc-sections -static --specs=nano.specs -mfpu=fpv4-sp-d16 -mfloat-abi=hard -mthumb -Wl,--start-group -lc -lm -Wl,--end-group
Finished building target: pruebas_eq_med_celdas.elf
 
arm-none-eabi-size  pruebas_eq_med_celdas.elf 
arm-none-eabi-objdump -h -S pruebas_eq_med_celdas.elf  > "pruebas_eq_med_celdas.list"
   text	   data	    bss	    dec	    hex	filename
  18256	     12	   1956	  20224	   4f00	pruebas_eq_med_celdas.elf
Finished building: default.size.stdout
 
Finished building: pruebas_eq_med_celdas.list
 
20:38:50 **** Incremental Build of configuration Debug for project pruebas_eq_med_celdas ****
make -j12 all 
arm-none-eabi-gcc "../Core/Src/main.c" -mcpu=cortex-m4 -std=gnu11 -g3 -DDEBUG -DUSE_HAL_DRIVER -DSTM32L476xx -c -I../Core/Inc -I../Drivers/STM32L4xx_HAL_Driver/Inc -I../Drivers/STM32L4xx_HAL_Driver/Inc/Legacy -I../Drivers/CMSIS/Device/ST/STM32L4xx/Include -I../Drivers/CMSIS/Include -O0 -ffunction-sections -fdata-sections -Wall -fstack-usage -fcyclomatic-complexity -MMD -MP -MF"Core/Src/main.d" -MT"Core/Src/main.o" --specs=nano.specs -mfpu=fpv4-sp-d16 -mfloat-abi=hard -mthumb -o "Core/Src/main.o"
../Core/Src/main.c: In function 'main':
../Core/Src/main.c:176:12: warning: unused variable 'dac_buffer' [-Wunused-variable]
  176 |   uint16_t dac_buffer[139];
      |            ^~~~~~~~~~
arm-none-eabi-gcc -o "pruebas_eq_med_celdas.elf" @"objects.list"   -mcpu=cortex-m4 -T"C:\Users\German\Documents\equipo_medicion_ensayo_celdas\pruebas_eq_med_celdas\STM32L476RGTX_FLASH.ld" --specs=nosys.specs -Wl,-Map="pruebas_eq_med_celdas.map" -Wl,--gc-sections -static --specs=nano.specs -mfpu=fpv4-sp-d16 -mfloat-abi=hard -mthumb -Wl,--start-group -lc -lm -Wl,--end-group
Finished building target: pruebas_eq_med_celdas.elf
 
arm-none-eabi-size  pruebas_eq_med_celdas.elf 
arm-none-eabi-objdump -h -S pruebas_eq_med_celdas.elf  > "pruebas_eq_med_celdas.list"
   text	   data	    bss	    dec	    hex	filename
  18256	     12	   1956	  20224	   4f00	pruebas_eq_med_celdas.elf
Finished building: default.size.stdout
 
Finished building: pruebas_eq_med_celdas.list
 
20:39:21 **** Incremental Build of configuration Debug for project pruebas_eq_med_celdas ****
make -j12 all 
arm-none-eabi-gcc "../Core/Src/main.c" -mcpu=cortex-m4 -std=gnu11 -g3 -DDEBUG -DUSE_HAL_DRIVER -DSTM32L476xx -c -I../Core/Inc -I../Drivers/STM32L4xx_HAL_Driver/Inc -I../Drivers/STM32L4xx_HAL_Driver/Inc/Legacy -I../Drivers/CMSIS/Device/ST/STM32L4xx/Include -I../Drivers/CMSIS/Include -O0 -ffunction-sections -fdata-sections -Wall -fstack-usage -fcyclomatic-complexity -MMD -MP -MF"Core/Src/main.d" -MT"Core/Src/main.o" --specs=nano.specs -mfpu=fpv4-sp-d16 -mfloat-abi=hard -mthumb -o "Core/Src/main.o"
../Core/Src/main.c: In function 'main':
../Core/Src/main.c:176:12: warning: unused variable 'dac_buffer' [-Wunused-variable]
  176 |   uint16_t dac_buffer[139];
      |            ^~~~~~~~~~
arm-none-eabi-gcc -o "pruebas_eq_med_celdas.elf" @"objects.list"   -mcpu=cortex-m4 -T"C:\Users\German\Documents\equipo_medicion_ensayo_celdas\pruebas_eq_med_celdas\STM32L476RGTX_FLASH.ld" --specs=nosys.specs -Wl,-Map="pruebas_eq_med_celdas.map" -Wl,--gc-sections -static --specs=nano.specs -mfpu=fpv4-sp-d16 -mfloat-abi=hard -mthumb -Wl,--start-group -lc -lm -Wl,--end-group
Finished building target: pruebas_eq_med_celdas.elf
 
arm-none-eabi-size  pruebas_eq_med_celdas.elf 
arm-none-eabi-objdump -h -S pruebas_eq_med_celdas.elf  > "pruebas_eq_med_celdas.list"
   text	   data	    bss	    dec	    hex	filename
  18256	     12	   1956	  20224	   4f00	pruebas_eq_med_celdas.elf
Finished building: default.size.stdout
 
Finished building: pruebas_eq_med_celdas.list
 
20:40:09 **** Incremental Build of configuration Debug for project pruebas_eq_med_celdas ****
make -j12 all 
arm-none-eabi-gcc "../Core/Src/main.c" -mcpu=cortex-m4 -std=gnu11 -g3 -DDEBUG -DUSE_HAL_DRIVER -DSTM32L476xx -c -I../Core/Inc -I../Drivers/STM32L4xx_HAL_Driver/Inc -I../Drivers/STM32L4xx_HAL_Driver/Inc/Legacy -I../Drivers/CMSIS/Device/ST/STM32L4xx/Include -I../Drivers/CMSIS/Include -O0 -ffunction-sections -fdata-sections -Wall -fstack-usage -fcyclomatic-complexity -MMD -MP -MF"Core/Src/main.d" -MT"Core/Src/main.o" --specs=nano.specs -mfpu=fpv4-sp-d16 -mfloat-abi=hard -mthumb -o "Core/Src/main.o"
arm-none-eabi-gcc -o "pruebas_eq_med_celdas.elf" @"objects.list"   -mcpu=cortex-m4 -T"C:\Users\German\Documents\equipo_medicion_ensayo_celdas\pruebas_eq_med_celdas\STM32L476RGTX_FLASH.ld" --specs=nosys.specs -Wl,-Map="pruebas_eq_med_celdas.map" -Wl,--gc-sections -static --specs=nano.specs -mfpu=fpv4-sp-d16 -mfloat-abi=hard -mthumb -Wl,--start-group -lc -lm -Wl,--end-group
Finished building target: pruebas_eq_med_celdas.elf
 
arm-none-eabi-size  pruebas_eq_med_celdas.elf 
arm-none-eabi-objdump -h -S pruebas_eq_med_celdas.elf  > "pruebas_eq_med_celdas.list"
   text	   data	    bss	    dec	    hex	filename
  24152	     12	   1956	  26120	   6608	pruebas_eq_med_celdas.elf
Finished building: default.size.stdout
 
Finished building: pruebas_eq_med_celdas.list
 
20:41:06 **** Incremental Build of configuration Debug for project pruebas_eq_med_celdas ****
make -j12 all 
arm-none-eabi-gcc "../Core/Src/main.c" -mcpu=cortex-m4 -std=gnu11 -g3 -DDEBUG -DUSE_HAL_DRIVER -DSTM32L476xx -c -I../Core/Inc -I../Drivers/STM32L4xx_HAL_Driver/Inc -I../Drivers/STM32L4xx_HAL_Driver/Inc/Legacy -I../Drivers/CMSIS/Device/ST/STM32L4xx/Include -I../Drivers/CMSIS/Include -O0 -ffunction-sections -fdata-sections -Wall -fstack-usage -fcyclomatic-complexity -MMD -MP -MF"Core/Src/main.d" -MT"Core/Src/main.o" --specs=nano.specs -mfpu=fpv4-sp-d16 -mfloat-abi=hard -mthumb -o "Core/Src/main.o"
arm-none-eabi-gcc -o "pruebas_eq_med_celdas.elf" @"objects.list"   -mcpu=cortex-m4 -T"C:\Users\German\Documents\equipo_medicion_ensayo_celdas\pruebas_eq_med_celdas\STM32L476RGTX_FLASH.ld" --specs=nosys.specs -Wl,-Map="pruebas_eq_med_celdas.map" -Wl,--gc-sections -static --specs=nano.specs -mfpu=fpv4-sp-d16 -mfloat-abi=hard -mthumb -Wl,--start-group -lc -lm -Wl,--end-group
Finished building target: pruebas_eq_med_celdas.elf
 
arm-none-eabi-size  pruebas_eq_med_celdas.elf 
arm-none-eabi-objdump -h -S pruebas_eq_med_celdas.elf  > "pruebas_eq_med_celdas.list"
   text	   data	    bss	    dec	    hex	filename
  24148	     12	   1956	  26116	   6604	pruebas_eq_med_celdas.elf
Finished building: default.size.stdout
 
Finished building: pruebas_eq_med_celdas.list
 
21:03:37 **** Incremental Build of configuration Debug for project pruebas_eq_med_celdas ****
make -j12 all 
arm-none-eabi-gcc "../Core/Src/main.c" -mcpu=cortex-m4 -std=gnu11 -g3 -DDEBUG -DUSE_HAL_DRIVER -DSTM32L476xx -c -I../Core/Inc -I../Drivers/STM32L4xx_HAL_Driver/Inc -I../Drivers/STM32L4xx_HAL_Driver/Inc/Legacy -I../Drivers/CMSIS/Device/ST/STM32L4xx/Include -I../Drivers/CMSIS/Include -O0 -ffunction-sections -fdata-sections -Wall -fstack-usage -fcyclomatic-complexity -MMD -MP -MF"Core/Src/main.d" -MT"Core/Src/main.o" --specs=nano.specs -mfpu=fpv4-sp-d16 -mfloat-abi=hard -mthumb -o "Core/Src/main.o"
arm-none-eabi-gcc -o "pruebas_eq_med_celdas.elf" @"objects.list"   -mcpu=cortex-m4 -T"C:\Users\German\Documents\equipo_medicion_ensayo_celdas\pruebas_eq_med_celdas\STM32L476RGTX_FLASH.ld" --specs=nosys.specs -Wl,-Map="pruebas_eq_med_celdas.map" -Wl,--gc-sections -static --specs=nano.specs -mfpu=fpv4-sp-d16 -mfloat-abi=hard -mthumb -Wl,--start-group -lc -lm -Wl,--end-group
Finished building target: pruebas_eq_med_celdas.elf
 
arm-none-eabi-size  pruebas_eq_med_celdas.elf 
arm-none-eabi-objdump -h -S pruebas_eq_med_celdas.elf  > "pruebas_eq_med_celdas.list"
   text	   data	    bss	    dec	    hex	filename
  24152	     12	   1956	  26120	   6608	pruebas_eq_med_celdas.elf
Finished building: default.size.stdout
 
Finished building: pruebas_eq_med_celdas.list
 
15:19:14 **** Incremental Build of configuration Debug for project pruebas_eq_med_celdas ****
make -j12 all 
arm-none-eabi-size  pruebas_eq_med_celdas.elf 
   text	   data	    bss	    dec	    hex	filename
  24152	     12	   1956	  26120	   6608	pruebas_eq_med_celdas.elf
Finished building: default.size.stdout
 
15:30:05 **** Incremental Build of configuration Debug for project pruebas_eq_med_celdas ****
make -j12 all 
arm-none-eabi-gcc "../Core/Src/main.c" -mcpu=cortex-m4 -std=gnu11 -g3 -DDEBUG -DUSE_HAL_DRIVER -DSTM32L476xx -c -I../Core/Inc -I../Drivers/STM32L4xx_HAL_Driver/Inc -I../Drivers/STM32L4xx_HAL_Driver/Inc/Legacy -I../Drivers/CMSIS/Device/ST/STM32L4xx/Include -I../Drivers/CMSIS/Include -O0 -ffunction-sections -fdata-sections -Wall -fstack-usage -fcyclomatic-complexity -MMD -MP -MF"Core/Src/main.d" -MT"Core/Src/main.o" --specs=nano.specs -mfpu=fpv4-sp-d16 -mfloat-abi=hard -mthumb -o "Core/Src/main.o"
arm-none-eabi-gcc -o "pruebas_eq_med_celdas.elf" @"objects.list"   -mcpu=cortex-m4 -T"C:\Users\German\Documents\equipo_medicion_ensayo_celdas\pruebas_eq_med_celdas\STM32L476RGTX_FLASH.ld" --specs=nosys.specs -Wl,-Map="pruebas_eq_med_celdas.map" -Wl,--gc-sections -static --specs=nano.specs -mfpu=fpv4-sp-d16 -mfloat-abi=hard -mthumb -Wl,--start-group -lc -lm -Wl,--end-group
Finished building target: pruebas_eq_med_celdas.elf
 
arm-none-eabi-size  pruebas_eq_med_celdas.elf 
arm-none-eabi-objdump -h -S pruebas_eq_med_celdas.elf  > "pruebas_eq_med_celdas.list"
   text	   data	    bss	    dec	    hex	filename
  24148	     12	   1956	  26116	   6604	pruebas_eq_med_celdas.elf
Finished building: default.size.stdout
 
Finished building: pruebas_eq_med_celdas.list
 
15:36:12 **** Incremental Build of configuration Debug for project pruebas_eq_med_celdas ****
make -j12 all 
arm-none-eabi-gcc "../Core/Src/main.c" -mcpu=cortex-m4 -std=gnu11 -g3 -DDEBUG -DUSE_HAL_DRIVER -DSTM32L476xx -c -I../Core/Inc -I../Drivers/STM32L4xx_HAL_Driver/Inc -I../Drivers/STM32L4xx_HAL_Driver/Inc/Legacy -I../Drivers/CMSIS/Device/ST/STM32L4xx/Include -I../Drivers/CMSIS/Include -O0 -ffunction-sections -fdata-sections -Wall -fstack-usage -fcyclomatic-complexity -MMD -MP -MF"Core/Src/main.d" -MT"Core/Src/main.o" --specs=nano.specs -mfpu=fpv4-sp-d16 -mfloat-abi=hard -mthumb -o "Core/Src/main.o"
arm-none-eabi-gcc -o "pruebas_eq_med_celdas.elf" @"objects.list"   -mcpu=cortex-m4 -T"C:\Users\German\Documents\equipo_medicion_ensayo_celdas\pruebas_eq_med_celdas\STM32L476RGTX_FLASH.ld" --specs=nosys.specs -Wl,-Map="pruebas_eq_med_celdas.map" -Wl,--gc-sections -static --specs=nano.specs -mfpu=fpv4-sp-d16 -mfloat-abi=hard -mthumb -Wl,--start-group -lc -lm -Wl,--end-group
Finished building target: pruebas_eq_med_celdas.elf
 
arm-none-eabi-size  pruebas_eq_med_celdas.elf 
arm-none-eabi-objdump -h -S pruebas_eq_med_celdas.elf  > "pruebas_eq_med_celdas.list"
   text	   data	    bss	    dec	    hex	filename
  24148	     12	   1956	  26116	   6604	pruebas_eq_med_celdas.elf
Finished building: default.size.stdout
 
Finished building: pruebas_eq_med_celdas.list
 
15:36:39 **** Incremental Build of configuration Debug for project pruebas_eq_med_celdas ****
make -j12 all 
arm-none-eabi-gcc "../Core/Src/main.c" -mcpu=cortex-m4 -std=gnu11 -g3 -DDEBUG -DUSE_HAL_DRIVER -DSTM32L476xx -c -I../Core/Inc -I../Drivers/STM32L4xx_HAL_Driver/Inc -I../Drivers/STM32L4xx_HAL_Driver/Inc/Legacy -I../Drivers/CMSIS/Device/ST/STM32L4xx/Include -I../Drivers/CMSIS/Include -O0 -ffunction-sections -fdata-sections -Wall -fstack-usage -fcyclomatic-complexity -MMD -MP -MF"Core/Src/main.d" -MT"Core/Src/main.o" --specs=nano.specs -mfpu=fpv4-sp-d16 -mfloat-abi=hard -mthumb -o "Core/Src/main.o"
arm-none-eabi-gcc -o "pruebas_eq_med_celdas.elf" @"objects.list"   -mcpu=cortex-m4 -T"C:\Users\German\Documents\equipo_medicion_ensayo_celdas\pruebas_eq_med_celdas\STM32L476RGTX_FLASH.ld" --specs=nosys.specs -Wl,-Map="pruebas_eq_med_celdas.map" -Wl,--gc-sections -static --specs=nano.specs -mfpu=fpv4-sp-d16 -mfloat-abi=hard -mthumb -Wl,--start-group -lc -lm -Wl,--end-group
Finished building target: pruebas_eq_med_celdas.elf
 
arm-none-eabi-size  pruebas_eq_med_celdas.elf 
arm-none-eabi-objdump -h -S pruebas_eq_med_celdas.elf  > "pruebas_eq_med_celdas.list"
   text	   data	    bss	    dec	    hex	filename
  24148	     12	   1956	  26116	   6604	pruebas_eq_med_celdas.elf
Finished building: default.size.stdout
 
Finished building: pruebas_eq_med_celdas.list
 
15:37:05 **** Incremental Build of configuration Debug for project pruebas_eq_med_celdas ****
make -j12 all 
arm-none-eabi-gcc "../Core/Src/main.c" -mcpu=cortex-m4 -std=gnu11 -g3 -DDEBUG -DUSE_HAL_DRIVER -DSTM32L476xx -c -I../Core/Inc -I../Drivers/STM32L4xx_HAL_Driver/Inc -I../Drivers/STM32L4xx_HAL_Driver/Inc/Legacy -I../Drivers/CMSIS/Device/ST/STM32L4xx/Include -I../Drivers/CMSIS/Include -O0 -ffunction-sections -fdata-sections -Wall -fstack-usage -fcyclomatic-complexity -MMD -MP -MF"Core/Src/main.d" -MT"Core/Src/main.o" --specs=nano.specs -mfpu=fpv4-sp-d16 -mfloat-abi=hard -mthumb -o "Core/Src/main.o"
arm-none-eabi-gcc -o "pruebas_eq_med_celdas.elf" @"objects.list"   -mcpu=cortex-m4 -T"C:\Users\German\Documents\equipo_medicion_ensayo_celdas\pruebas_eq_med_celdas\STM32L476RGTX_FLASH.ld" --specs=nosys.specs -Wl,-Map="pruebas_eq_med_celdas.map" -Wl,--gc-sections -static --specs=nano.specs -mfpu=fpv4-sp-d16 -mfloat-abi=hard -mthumb -Wl,--start-group -lc -lm -Wl,--end-group
Finished building target: pruebas_eq_med_celdas.elf
 
arm-none-eabi-size  pruebas_eq_med_celdas.elf 
arm-none-eabi-objdump -h -S pruebas_eq_med_celdas.elf  > "pruebas_eq_med_celdas.list"
   text	   data	    bss	    dec	    hex	filename
  24148	     12	   1956	  26116	   6604	pruebas_eq_med_celdas.elf
Finished building: default.size.stdout
 
Finished building: pruebas_eq_med_celdas.list
 
15:56:32 **** Incremental Build of configuration Debug for project pruebas_eq_med_celdas ****
make -j12 all 
arm-none-eabi-gcc "../Core/Src/main.c" -mcpu=cortex-m4 -std=gnu11 -g3 -DDEBUG -DUSE_HAL_DRIVER -DSTM32L476xx -c -I../Core/Inc -I../Drivers/STM32L4xx_HAL_Driver/Inc -I../Drivers/STM32L4xx_HAL_Driver/Inc/Legacy -I../Drivers/CMSIS/Device/ST/STM32L4xx/Include -I../Drivers/CMSIS/Include -O0 -ffunction-sections -fdata-sections -Wall -fstack-usage -fcyclomatic-complexity -MMD -MP -MF"Core/Src/main.d" -MT"Core/Src/main.o" --specs=nano.specs -mfpu=fpv4-sp-d16 -mfloat-abi=hard -mthumb -o "Core/Src/main.o"
arm-none-eabi-gcc -o "pruebas_eq_med_celdas.elf" @"objects.list"   -mcpu=cortex-m4 -T"C:\Users\German\Documents\equipo_medicion_ensayo_celdas\pruebas_eq_med_celdas\STM32L476RGTX_FLASH.ld" --specs=nosys.specs -Wl,-Map="pruebas_eq_med_celdas.map" -Wl,--gc-sections -static --specs=nano.specs -mfpu=fpv4-sp-d16 -mfloat-abi=hard -mthumb -Wl,--start-group -lc -lm -Wl,--end-group
Finished building target: pruebas_eq_med_celdas.elf
 
arm-none-eabi-size  pruebas_eq_med_celdas.elf 
arm-none-eabi-objdump -h -S pruebas_eq_med_celdas.elf  > "pruebas_eq_med_celdas.list"
   text	   data	    bss	    dec	    hex	filename
  24148	     12	   1956	  26116	   6604	pruebas_eq_med_celdas.elf
Finished building: default.size.stdout
 
Finished building: pruebas_eq_med_celdas.list
 
15:57:12 **** Incremental Build of configuration Debug for project pruebas_eq_med_celdas ****
make -j12 all 
arm-none-eabi-gcc "../Core/Src/main.c" -mcpu=cortex-m4 -std=gnu11 -g3 -DDEBUG -DUSE_HAL_DRIVER -DSTM32L476xx -c -I../Core/Inc -I../Drivers/STM32L4xx_HAL_Driver/Inc -I../Drivers/STM32L4xx_HAL_Driver/Inc/Legacy -I../Drivers/CMSIS/Device/ST/STM32L4xx/Include -I../Drivers/CMSIS/Include -O0 -ffunction-sections -fdata-sections -Wall -fstack-usage -fcyclomatic-complexity -MMD -MP -MF"Core/Src/main.d" -MT"Core/Src/main.o" --specs=nano.specs -mfpu=fpv4-sp-d16 -mfloat-abi=hard -mthumb -o "Core/Src/main.o"
arm-none-eabi-gcc -o "pruebas_eq_med_celdas.elf" @"objects.list"   -mcpu=cortex-m4 -T"C:\Users\German\Documents\equipo_medicion_ensayo_celdas\pruebas_eq_med_celdas\STM32L476RGTX_FLASH.ld" --specs=nosys.specs -Wl,-Map="pruebas_eq_med_celdas.map" -Wl,--gc-sections -static --specs=nano.specs -mfpu=fpv4-sp-d16 -mfloat-abi=hard -mthumb -Wl,--start-group -lc -lm -Wl,--end-group
Finished building target: pruebas_eq_med_celdas.elf
 
arm-none-eabi-size  pruebas_eq_med_celdas.elf 
arm-none-eabi-objdump -h -S pruebas_eq_med_celdas.elf  > "pruebas_eq_med_celdas.list"
   text	   data	    bss	    dec	    hex	filename
  24148	     12	   1956	  26116	   6604	pruebas_eq_med_celdas.elf
Finished building: default.size.stdout
 
Finished building: pruebas_eq_med_celdas.list
 
16:07:35 **** Incremental Build of configuration Debug for project pruebas_eq_med_celdas ****
make -j12 all 
arm-none-eabi-gcc "../Core/Src/main.c" -mcpu=cortex-m4 -std=gnu11 -g3 -DDEBUG -DUSE_HAL_DRIVER -DSTM32L476xx -c -I../Core/Inc -I../Drivers/STM32L4xx_HAL_Driver/Inc -I../Drivers/STM32L4xx_HAL_Driver/Inc/Legacy -I../Drivers/CMSIS/Device/ST/STM32L4xx/Include -I../Drivers/CMSIS/Include -O0 -ffunction-sections -fdata-sections -Wall -fstack-usage -fcyclomatic-complexity -MMD -MP -MF"Core/Src/main.d" -MT"Core/Src/main.o" --specs=nano.specs -mfpu=fpv4-sp-d16 -mfloat-abi=hard -mthumb -o "Core/Src/main.o"
arm-none-eabi-gcc -o "pruebas_eq_med_celdas.elf" @"objects.list"   -mcpu=cortex-m4 -T"C:\Users\German\Documents\equipo_medicion_ensayo_celdas\pruebas_eq_med_celdas\STM32L476RGTX_FLASH.ld" --specs=nosys.specs -Wl,-Map="pruebas_eq_med_celdas.map" -Wl,--gc-sections -static --specs=nano.specs -mfpu=fpv4-sp-d16 -mfloat-abi=hard -mthumb -Wl,--start-group -lc -lm -Wl,--end-group
Finished building target: pruebas_eq_med_celdas.elf
 
arm-none-eabi-size  pruebas_eq_med_celdas.elf 
arm-none-eabi-objdump -h -S pruebas_eq_med_celdas.elf  > "pruebas_eq_med_celdas.list"
   text	   data	    bss	    dec	    hex	filename
  24152	     12	   1956	  26120	   6608	pruebas_eq_med_celdas.elf
Finished building: default.size.stdout
 
Finished building: pruebas_eq_med_celdas.list
 
16:09:06 **** Incremental Build of configuration Debug for project pruebas_eq_med_celdas ****
make -j12 all 
arm-none-eabi-gcc "../Core/Src/main.c" -mcpu=cortex-m4 -std=gnu11 -g3 -DDEBUG -DUSE_HAL_DRIVER -DSTM32L476xx -c -I../Core/Inc -I../Drivers/STM32L4xx_HAL_Driver/Inc -I../Drivers/STM32L4xx_HAL_Driver/Inc/Legacy -I../Drivers/CMSIS/Device/ST/STM32L4xx/Include -I../Drivers/CMSIS/Include -O0 -ffunction-sections -fdata-sections -Wall -fstack-usage -fcyclomatic-complexity -MMD -MP -MF"Core/Src/main.d" -MT"Core/Src/main.o" --specs=nano.specs -mfpu=fpv4-sp-d16 -mfloat-abi=hard -mthumb -o "Core/Src/main.o"
../Core/Src/main.c: In function 'main':
../Core/Src/main.c:176:12: warning: unused variable 'dac_buffer' [-Wunused-variable]
  176 |   uint16_t dac_buffer[139];
      |            ^~~~~~~~~~
arm-none-eabi-gcc -o "pruebas_eq_med_celdas.elf" @"objects.list"   -mcpu=cortex-m4 -T"C:\Users\German\Documents\equipo_medicion_ensayo_celdas\pruebas_eq_med_celdas\STM32L476RGTX_FLASH.ld" --specs=nosys.specs -Wl,-Map="pruebas_eq_med_celdas.map" -Wl,--gc-sections -static --specs=nano.specs -mfpu=fpv4-sp-d16 -mfloat-abi=hard -mthumb -Wl,--start-group -lc -lm -Wl,--end-group
Finished building target: pruebas_eq_med_celdas.elf
 
arm-none-eabi-size  pruebas_eq_med_celdas.elf 
arm-none-eabi-objdump -h -S pruebas_eq_med_celdas.elf  > "pruebas_eq_med_celdas.list"
   text	   data	    bss	    dec	    hex	filename
  18252	     12	   1956	  20220	   4efc	pruebas_eq_med_celdas.elf
Finished building: default.size.stdout
 
Finished building: pruebas_eq_med_celdas.list
 
16:10:15 **** Incremental Build of configuration Debug for project pruebas_eq_med_celdas ****
make -j12 all 
arm-none-eabi-gcc "../Core/Src/main.c" -mcpu=cortex-m4 -std=gnu11 -g3 -DDEBUG -DUSE_HAL_DRIVER -DSTM32L476xx -c -I../Core/Inc -I../Drivers/STM32L4xx_HAL_Driver/Inc -I../Drivers/STM32L4xx_HAL_Driver/Inc/Legacy -I../Drivers/CMSIS/Device/ST/STM32L4xx/Include -I../Drivers/CMSIS/Include -O0 -ffunction-sections -fdata-sections -Wall -fstack-usage -fcyclomatic-complexity -MMD -MP -MF"Core/Src/main.d" -MT"Core/Src/main.o" --specs=nano.specs -mfpu=fpv4-sp-d16 -mfloat-abi=hard -mthumb -o "Core/Src/main.o"
../Core/Src/main.c: In function 'main':
../Core/Src/main.c:176:12: warning: unused variable 'dac_buffer' [-Wunused-variable]
  176 |   uint16_t dac_buffer[139];
      |            ^~~~~~~~~~
arm-none-eabi-gcc -o "pruebas_eq_med_celdas.elf" @"objects.list"   -mcpu=cortex-m4 -T"C:\Users\German\Documents\equipo_medicion_ensayo_celdas\pruebas_eq_med_celdas\STM32L476RGTX_FLASH.ld" --specs=nosys.specs -Wl,-Map="pruebas_eq_med_celdas.map" -Wl,--gc-sections -static --specs=nano.specs -mfpu=fpv4-sp-d16 -mfloat-abi=hard -mthumb -Wl,--start-group -lc -lm -Wl,--end-group
Finished building target: pruebas_eq_med_celdas.elf
 
arm-none-eabi-size  pruebas_eq_med_celdas.elf 
arm-none-eabi-objdump -h -S pruebas_eq_med_celdas.elf  > "pruebas_eq_med_celdas.list"
   text	   data	    bss	    dec	    hex	filename
  18256	     12	   1956	  20224	   4f00	pruebas_eq_med_celdas.elf
Finished building: default.size.stdout
 
Finished building: pruebas_eq_med_celdas.list
 
16:10:58 **** Incremental Build of configuration Debug for project pruebas_eq_med_celdas ****
make -j12 all 
arm-none-eabi-gcc "../Core/Src/main.c" -mcpu=cortex-m4 -std=gnu11 -g3 -DDEBUG -DUSE_HAL_DRIVER -DSTM32L476xx -c -I../Core/Inc -I../Drivers/STM32L4xx_HAL_Driver/Inc -I../Drivers/STM32L4xx_HAL_Driver/Inc/Legacy -I../Drivers/CMSIS/Device/ST/STM32L4xx/Include -I../Drivers/CMSIS/Include -O0 -ffunction-sections -fdata-sections -Wall -fstack-usage -fcyclomatic-complexity -MMD -MP -MF"Core/Src/main.d" -MT"Core/Src/main.o" --specs=nano.specs -mfpu=fpv4-sp-d16 -mfloat-abi=hard -mthumb -o "Core/Src/main.o"
../Core/Src/main.c: In function 'main':
../Core/Src/main.c:176:12: warning: unused variable 'dac_buffer' [-Wunused-variable]
  176 |   uint16_t dac_buffer[139];
      |            ^~~~~~~~~~
arm-none-eabi-gcc -o "pruebas_eq_med_celdas.elf" @"objects.list"   -mcpu=cortex-m4 -T"C:\Users\German\Documents\equipo_medicion_ensayo_celdas\pruebas_eq_med_celdas\STM32L476RGTX_FLASH.ld" --specs=nosys.specs -Wl,-Map="pruebas_eq_med_celdas.map" -Wl,--gc-sections -static --specs=nano.specs -mfpu=fpv4-sp-d16 -mfloat-abi=hard -mthumb -Wl,--start-group -lc -lm -Wl,--end-group
Finished building target: pruebas_eq_med_celdas.elf
 
arm-none-eabi-size  pruebas_eq_med_celdas.elf 
arm-none-eabi-objdump -h -S pruebas_eq_med_celdas.elf  > "pruebas_eq_med_celdas.list"
   text	   data	    bss	    dec	    hex	filename
  18256	     12	   1956	  20224	   4f00	pruebas_eq_med_celdas.elf
Finished building: default.size.stdout
 
Finished building: pruebas_eq_med_celdas.list
 
16:12:09 **** Incremental Build of configuration Debug for project pruebas_eq_med_celdas ****
make -j12 all 
arm-none-eabi-gcc "../Core/Src/main.c" -mcpu=cortex-m4 -std=gnu11 -g3 -DDEBUG -DUSE_HAL_DRIVER -DSTM32L476xx -c -I../Core/Inc -I../Drivers/STM32L4xx_HAL_Driver/Inc -I../Drivers/STM32L4xx_HAL_Driver/Inc/Legacy -I../Drivers/CMSIS/Device/ST/STM32L4xx/Include -I../Drivers/CMSIS/Include -O0 -ffunction-sections -fdata-sections -Wall -fstack-usage -fcyclomatic-complexity -MMD -MP -MF"Core/Src/main.d" -MT"Core/Src/main.o" --specs=nano.specs -mfpu=fpv4-sp-d16 -mfloat-abi=hard -mthumb -o "Core/Src/main.o"
../Core/Src/main.c: In function 'main':
../Core/Src/main.c:176:12: warning: unused variable 'dac_buffer' [-Wunused-variable]
  176 |   uint16_t dac_buffer[139];
      |            ^~~~~~~~~~
arm-none-eabi-gcc -o "pruebas_eq_med_celdas.elf" @"objects.list"   -mcpu=cortex-m4 -T"C:\Users\German\Documents\equipo_medicion_ensayo_celdas\pruebas_eq_med_celdas\STM32L476RGTX_FLASH.ld" --specs=nosys.specs -Wl,-Map="pruebas_eq_med_celdas.map" -Wl,--gc-sections -static --specs=nano.specs -mfpu=fpv4-sp-d16 -mfloat-abi=hard -mthumb -Wl,--start-group -lc -lm -Wl,--end-group
Finished building target: pruebas_eq_med_celdas.elf
 
arm-none-eabi-size  pruebas_eq_med_celdas.elf 
arm-none-eabi-objdump -h -S pruebas_eq_med_celdas.elf  > "pruebas_eq_med_celdas.list"
   text	   data	    bss	    dec	    hex	filename
  18256	     12	   1956	  20224	   4f00	pruebas_eq_med_celdas.elf
Finished building: default.size.stdout
 
Finished building: pruebas_eq_med_celdas.list
 
14:47:50 **** Incremental Build of configuration Debug for project pruebas_eq_med_celdas ****
make -j12 all 
arm-none-eabi-gcc "../Core/Src/main.c" -mcpu=cortex-m4 -std=gnu11 -g3 -DDEBUG -DUSE_HAL_DRIVER -DSTM32L476xx -c -I../Core/Inc -I../Drivers/STM32L4xx_HAL_Driver/Inc -I../Drivers/STM32L4xx_HAL_Driver/Inc/Legacy -I../Drivers/CMSIS/Device/ST/STM32L4xx/Include -I../Drivers/CMSIS/Include -O0 -ffunction-sections -fdata-sections -Wall -fstack-usage -fcyclomatic-complexity -MMD -MP -MF"Core/Src/main.d" -MT"Core/Src/main.o" --specs=nano.specs -mfpu=fpv4-sp-d16 -mfloat-abi=hard -mthumb -o "Core/Src/main.o"
arm-none-eabi-gcc -o "pruebas_eq_med_celdas.elf" @"objects.list"   -mcpu=cortex-m4 -T"C:\Users\German\Documents\equipo_medicion_ensayo_celdas\pruebas_eq_med_celdas\STM32L476RGTX_FLASH.ld" --specs=nosys.specs -Wl,-Map="pruebas_eq_med_celdas.map" -Wl,--gc-sections -static --specs=nano.specs -mfpu=fpv4-sp-d16 -mfloat-abi=hard -mthumb -Wl,--start-group -lc -lm -Wl,--end-group
Finished building target: pruebas_eq_med_celdas.elf
 
arm-none-eabi-size  pruebas_eq_med_celdas.elf 
arm-none-eabi-objdump -h -S pruebas_eq_med_celdas.elf  > "pruebas_eq_med_celdas.list"
   text	   data	    bss	    dec	    hex	filename
  24148	     12	   1956	  26116	   6604	pruebas_eq_med_celdas.elf
Finished building: default.size.stdout
 
Finished building: pruebas_eq_med_celdas.list
 
19:23:59 **** Incremental Build of configuration Debug for project pruebas_eq_med_celdas ****
make -j12 all 
arm-none-eabi-gcc "../Core/Src/main.c" -mcpu=cortex-m4 -std=gnu11 -g3 -DDEBUG -DUSE_HAL_DRIVER -DSTM32L476xx -c -I../Core/Inc -I../Drivers/STM32L4xx_HAL_Driver/Inc -I../Drivers/STM32L4xx_HAL_Driver/Inc/Legacy -I../Drivers/CMSIS/Device/ST/STM32L4xx/Include -I../Drivers/CMSIS/Include -O0 -ffunction-sections -fdata-sections -Wall -fstack-usage -fcyclomatic-complexity -MMD -MP -MF"Core/Src/main.d" -MT"Core/Src/main.o" --specs=nano.specs -mfpu=fpv4-sp-d16 -mfloat-abi=hard -mthumb -o "Core/Src/main.o"
../Core/Src/main.c: In function 'main':
../Core/Src/main.c:176:12: warning: unused variable 'dac_buffer' [-Wunused-variable]
  176 |   uint16_t dac_buffer[139];
      |            ^~~~~~~~~~
arm-none-eabi-gcc -o "pruebas_eq_med_celdas.elf" @"objects.list"   -mcpu=cortex-m4 -T"C:\Users\German\Documents\equipo_medicion_ensayo_celdas\pruebas_eq_med_celdas\STM32L476RGTX_FLASH.ld" --specs=nosys.specs -Wl,-Map="pruebas_eq_med_celdas.map" -Wl,--gc-sections -static --specs=nano.specs -mfpu=fpv4-sp-d16 -mfloat-abi=hard -mthumb -Wl,--start-group -lc -lm -Wl,--end-group
Finished building target: pruebas_eq_med_celdas.elf
 
arm-none-eabi-size  pruebas_eq_med_celdas.elf 
arm-none-eabi-objdump -h -S pruebas_eq_med_celdas.elf  > "pruebas_eq_med_celdas.list"
   text	   data	    bss	    dec	    hex	filename
  18252	     12	   1956	  20220	   4efc	pruebas_eq_med_celdas.elf
Finished building: default.size.stdout
 
Finished building: pruebas_eq_med_celdas.list
 
23:23:08 **** Incremental Build of configuration Debug for project pruebas_eq_med_celdas ****
make -j12 all 
arm-none-eabi-gcc "../Core/Src/main.c" -mcpu=cortex-m4 -std=gnu11 -g3 -DDEBUG -DUSE_HAL_DRIVER -DSTM32L476xx -c -I../Core/Inc -I../Drivers/STM32L4xx_HAL_Driver/Inc -I../Drivers/STM32L4xx_HAL_Driver/Inc/Legacy -I../Drivers/CMSIS/Device/ST/STM32L4xx/Include -I../Drivers/CMSIS/Include -O0 -ffunction-sections -fdata-sections -Wall -fstack-usage -fcyclomatic-complexity -MMD -MP -MF"Core/Src/main.d" -MT"Core/Src/main.o" --specs=nano.specs -mfpu=fpv4-sp-d16 -mfloat-abi=hard -mthumb -o "Core/Src/main.o"
../Core/Src/main.c: In function 'main':
../Core/Src/main.c:176:12: warning: unused variable 'dac_buffer' [-Wunused-variable]
  176 |   uint16_t dac_buffer[139];
      |            ^~~~~~~~~~
arm-none-eabi-gcc -o "pruebas_eq_med_celdas.elf" @"objects.list"   -mcpu=cortex-m4 -T"C:\Users\German\Documents\equipo_medicion_ensayo_celdas\pruebas_eq_med_celdas\STM32L476RGTX_FLASH.ld" --specs=nosys.specs -Wl,-Map="pruebas_eq_med_celdas.map" -Wl,--gc-sections -static --specs=nano.specs -mfpu=fpv4-sp-d16 -mfloat-abi=hard -mthumb -Wl,--start-group -lc -lm -Wl,--end-group
Finished building target: pruebas_eq_med_celdas.elf
 
arm-none-eabi-size  pruebas_eq_med_celdas.elf 
arm-none-eabi-objdump -h -S pruebas_eq_med_celdas.elf  > "pruebas_eq_med_celdas.list"
   text	   data	    bss	    dec	    hex	filename
  18360	     12	   1956	  20328	   4f68	pruebas_eq_med_celdas.elf
Finished building: default.size.stdout
 
Finished building: pruebas_eq_med_celdas.list
 
23:23:59 **** Incremental Build of configuration Debug for project pruebas_eq_med_celdas ****
make -j12 all 
arm-none-eabi-gcc "../Core/Src/main.c" -mcpu=cortex-m4 -std=gnu11 -g3 -DDEBUG -DUSE_HAL_DRIVER -DSTM32L476xx -c -I../Core/Inc -I../Drivers/STM32L4xx_HAL_Driver/Inc -I../Drivers/STM32L4xx_HAL_Driver/Inc/Legacy -I../Drivers/CMSIS/Device/ST/STM32L4xx/Include -I../Drivers/CMSIS/Include -O0 -ffunction-sections -fdata-sections -Wall -fstack-usage -fcyclomatic-complexity -MMD -MP -MF"Core/Src/main.d" -MT"Core/Src/main.o" --specs=nano.specs -mfpu=fpv4-sp-d16 -mfloat-abi=hard -mthumb -o "Core/Src/main.o"
../Core/Src/main.c: In function 'main':
../Core/Src/main.c:176:12: warning: unused variable 'dac_buffer' [-Wunused-variable]
  176 |   uint16_t dac_buffer[139];
      |            ^~~~~~~~~~
arm-none-eabi-gcc -o "pruebas_eq_med_celdas.elf" @"objects.list"   -mcpu=cortex-m4 -T"C:\Users\German\Documents\equipo_medicion_ensayo_celdas\pruebas_eq_med_celdas\STM32L476RGTX_FLASH.ld" --specs=nosys.specs -Wl,-Map="pruebas_eq_med_celdas.map" -Wl,--gc-sections -static --specs=nano.specs -mfpu=fpv4-sp-d16 -mfloat-abi=hard -mthumb -Wl,--start-group -lc -lm -Wl,--end-group
Finished building target: pruebas_eq_med_celdas.elf
 
arm-none-eabi-size  pruebas_eq_med_celdas.elf 
arm-none-eabi-objdump -h -S pruebas_eq_med_celdas.elf  > "pruebas_eq_med_celdas.list"
   text	   data	    bss	    dec	    hex	filename
  18392	     12	   1956	  20360	   4f88	pruebas_eq_med_celdas.elf
Finished building: default.size.stdout
 
Finished building: pruebas_eq_med_celdas.list
 
23:30:23 **** Incremental Build of configuration Debug for project pruebas_eq_med_celdas ****
make -j12 all 
arm-none-eabi-gcc "../Core/Src/main.c" -mcpu=cortex-m4 -std=gnu11 -g3 -DDEBUG -DUSE_HAL_DRIVER -DSTM32L476xx -c -I../Core/Inc -I../Drivers/STM32L4xx_HAL_Driver/Inc -I../Drivers/STM32L4xx_HAL_Driver/Inc/Legacy -I../Drivers/CMSIS/Device/ST/STM32L4xx/Include -I../Drivers/CMSIS/Include -O0 -ffunction-sections -fdata-sections -Wall -fstack-usage -fcyclomatic-complexity -MMD -MP -MF"Core/Src/main.d" -MT"Core/Src/main.o" --specs=nano.specs -mfpu=fpv4-sp-d16 -mfloat-abi=hard -mthumb -o "Core/Src/main.o"
../Core/Src/main.c: In function 'main':
../Core/Src/main.c:176:12: warning: unused variable 'dac_buffer' [-Wunused-variable]
  176 |   uint16_t dac_buffer[139];
      |            ^~~~~~~~~~
arm-none-eabi-gcc -o "pruebas_eq_med_celdas.elf" @"objects.list"   -mcpu=cortex-m4 -T"C:\Users\German\Documents\equipo_medicion_ensayo_celdas\pruebas_eq_med_celdas\STM32L476RGTX_FLASH.ld" --specs=nosys.specs -Wl,-Map="pruebas_eq_med_celdas.map" -Wl,--gc-sections -static --specs=nano.specs -mfpu=fpv4-sp-d16 -mfloat-abi=hard -mthumb -Wl,--start-group -lc -lm -Wl,--end-group
Finished building target: pruebas_eq_med_celdas.elf
 
arm-none-eabi-size  pruebas_eq_med_celdas.elf 
arm-none-eabi-objdump -h -S pruebas_eq_med_celdas.elf  > "pruebas_eq_med_celdas.list"
   text	   data	    bss	    dec	    hex	filename
  18400	     12	   1956	  20368	   4f90	pruebas_eq_med_celdas.elf
Finished building: default.size.stdout
 
Finished building: pruebas_eq_med_celdas.list
 
23:38:51 **** Incremental Build of configuration Debug for project pruebas_eq_med_celdas ****
make -j12 all 
arm-none-eabi-gcc "../Core/Src/main.c" -mcpu=cortex-m4 -std=gnu11 -g3 -DDEBUG -DUSE_HAL_DRIVER -DSTM32L476xx -c -I../Core/Inc -I../Drivers/STM32L4xx_HAL_Driver/Inc -I../Drivers/STM32L4xx_HAL_Driver/Inc/Legacy -I../Drivers/CMSIS/Device/ST/STM32L4xx/Include -I../Drivers/CMSIS/Include -O0 -ffunction-sections -fdata-sections -Wall -fstack-usage -fcyclomatic-complexity -MMD -MP -MF"Core/Src/main.d" -MT"Core/Src/main.o" --specs=nano.specs -mfpu=fpv4-sp-d16 -mfloat-abi=hard -mthumb -o "Core/Src/main.o"
../Core/Src/main.c: In function 'main':
../Core/Src/main.c:176:12: warning: unused variable 'dac_buffer' [-Wunused-variable]
  176 |   uint16_t dac_buffer[139];
      |            ^~~~~~~~~~
arm-none-eabi-gcc -o "pruebas_eq_med_celdas.elf" @"objects.list"   -mcpu=cortex-m4 -T"C:\Users\German\Documents\equipo_medicion_ensayo_celdas\pruebas_eq_med_celdas\STM32L476RGTX_FLASH.ld" --specs=nosys.specs -Wl,-Map="pruebas_eq_med_celdas.map" -Wl,--gc-sections -static --specs=nano.specs -mfpu=fpv4-sp-d16 -mfloat-abi=hard -mthumb -Wl,--start-group -lc -lm -Wl,--end-group
Finished building target: pruebas_eq_med_celdas.elf
 
arm-none-eabi-size  pruebas_eq_med_celdas.elf 
arm-none-eabi-objdump -h -S pruebas_eq_med_celdas.elf  > "pruebas_eq_med_celdas.list"
   text	   data	    bss	    dec	    hex	filename
  18360	     12	   1956	  20328	   4f68	pruebas_eq_med_celdas.elf
Finished building: default.size.stdout
 
Finished building: pruebas_eq_med_celdas.list
 
23:40:34 **** Incremental Build of configuration Debug for project pruebas_eq_med_celdas ****
make -j12 all 
arm-none-eabi-size  pruebas_eq_med_celdas.elf 
   text	   data	    bss	    dec	    hex	filename
  18360	     12	   1956	  20328	   4f68	pruebas_eq_med_celdas.elf
Finished building: default.size.stdout
 
23:41:58 **** Incremental Build of configuration Debug for project pruebas_eq_med_celdas ****
make -j12 all 
arm-none-eabi-size  pruebas_eq_med_celdas.elf 
   text	   data	    bss	    dec	    hex	filename
  18360	     12	   1956	  20328	   4f68	pruebas_eq_med_celdas.elf
Finished building: default.size.stdout
 
23:44:19 **** Incremental Build of configuration Debug for project pruebas_eq_med_celdas ****
make -j12 all 
arm-none-eabi-gcc "../Core/Src/main.c" -mcpu=cortex-m4 -std=gnu11 -g3 -DDEBUG -DUSE_HAL_DRIVER -DSTM32L476xx -c -I../Core/Inc -I../Drivers/STM32L4xx_HAL_Driver/Inc -I../Drivers/STM32L4xx_HAL_Driver/Inc/Legacy -I../Drivers/CMSIS/Device/ST/STM32L4xx/Include -I../Drivers/CMSIS/Include -O0 -ffunction-sections -fdata-sections -Wall -fstack-usage -fcyclomatic-complexity -MMD -MP -MF"Core/Src/main.d" -MT"Core/Src/main.o" --specs=nano.specs -mfpu=fpv4-sp-d16 -mfloat-abi=hard -mthumb -o "Core/Src/main.o"
../Core/Src/main.c: In function 'main':
../Core/Src/main.c:176:12: warning: unused variable 'dac_buffer' [-Wunused-variable]
  176 |   uint16_t dac_buffer[139];
      |            ^~~~~~~~~~
arm-none-eabi-gcc -o "pruebas_eq_med_celdas.elf" @"objects.list"   -mcpu=cortex-m4 -T"C:\Users\German\Documents\equipo_medicion_ensayo_celdas\pruebas_eq_med_celdas\STM32L476RGTX_FLASH.ld" --specs=nosys.specs -Wl,-Map="pruebas_eq_med_celdas.map" -Wl,--gc-sections -static --specs=nano.specs -mfpu=fpv4-sp-d16 -mfloat-abi=hard -mthumb -Wl,--start-group -lc -lm -Wl,--end-group
Finished building target: pruebas_eq_med_celdas.elf
 
arm-none-eabi-size  pruebas_eq_med_celdas.elf 
arm-none-eabi-objdump -h -S pruebas_eq_med_celdas.elf  > "pruebas_eq_med_celdas.list"
   text	   data	    bss	    dec	    hex	filename
  18428	     12	   1956	  20396	   4fac	pruebas_eq_med_celdas.elf
Finished building: default.size.stdout
 
Finished building: pruebas_eq_med_celdas.list
 
14:49:43 **** Incremental Build of configuration Debug for project pruebas_eq_med_celdas ****
make -j12 all 
arm-none-eabi-size  pruebas_eq_med_celdas.elf 
   text	   data	    bss	    dec	    hex	filename
  18428	     12	   1956	  20396	   4fac	pruebas_eq_med_celdas.elf
Finished building: default.size.stdout
 
15:15:40 **** Incremental Build of configuration Debug for project pruebas_eq_med_celdas ****
make -j12 all 
arm-none-eabi-gcc "../Core/Src/main.c" -mcpu=cortex-m4 -std=gnu11 -g3 -DDEBUG -DUSE_HAL_DRIVER -DSTM32L476xx -c -I../Core/Inc -I../Drivers/STM32L4xx_HAL_Driver/Inc -I../Drivers/STM32L4xx_HAL_Driver/Inc/Legacy -I../Drivers/CMSIS/Device/ST/STM32L4xx/Include -I../Drivers/CMSIS/Include -O0 -ffunction-sections -fdata-sections -Wall -fstack-usage -fcyclomatic-complexity -MMD -MP -MF"Core/Src/main.d" -MT"Core/Src/main.o" --specs=nano.specs -mfpu=fpv4-sp-d16 -mfloat-abi=hard -mthumb -o "Core/Src/main.o"
../Core/Src/main.c: In function 'main':
../Core/Src/main.c:176:12: warning: unused variable 'dac_buffer' [-Wunused-variable]
  176 |   uint16_t dac_buffer[139];
      |            ^~~~~~~~~~
arm-none-eabi-gcc -o "pruebas_eq_med_celdas.elf" @"objects.list"   -mcpu=cortex-m4 -T"C:\Users\German\Documents\equipo_medicion_ensayo_celdas\pruebas_eq_med_celdas\STM32L476RGTX_FLASH.ld" --specs=nosys.specs -Wl,-Map="pruebas_eq_med_celdas.map" -Wl,--gc-sections -static --specs=nano.specs -mfpu=fpv4-sp-d16 -mfloat-abi=hard -mthumb -Wl,--start-group -lc -lm -Wl,--end-group
Finished building target: pruebas_eq_med_celdas.elf
 
arm-none-eabi-size  pruebas_eq_med_celdas.elf 
arm-none-eabi-objdump -h -S pruebas_eq_med_celdas.elf  > "pruebas_eq_med_celdas.list"
   text	   data	    bss	    dec	    hex	filename
  18428	     12	   1956	  20396	   4fac	pruebas_eq_med_celdas.elf
Finished building: default.size.stdout
 
Finished building: pruebas_eq_med_celdas.list
 
15:18:15 **** Incremental Build of configuration Debug for project pruebas_eq_med_celdas ****
make -j12 all 
arm-none-eabi-size  pruebas_eq_med_celdas.elf 
   text	   data	    bss	    dec	    hex	filename
  18428	     12	   1956	  20396	   4fac	pruebas_eq_med_celdas.elf
Finished building: default.size.stdout
 
15:33:29 **** Incremental Build of configuration Debug for project pruebas_eq_med_celdas ****
make -j12 all 
arm-none-eabi-gcc "../Core/Src/main.c" -mcpu=cortex-m4 -std=gnu11 -g3 -DDEBUG -DUSE_HAL_DRIVER -DSTM32L476xx -c -I../Core/Inc -I../Drivers/STM32L4xx_HAL_Driver/Inc -I../Drivers/STM32L4xx_HAL_Driver/Inc/Legacy -I../Drivers/CMSIS/Device/ST/STM32L4xx/Include -I../Drivers/CMSIS/Include -O0 -ffunction-sections -fdata-sections -Wall -fstack-usage -fcyclomatic-complexity -MMD -MP -MF"Core/Src/main.d" -MT"Core/Src/main.o" --specs=nano.specs -mfpu=fpv4-sp-d16 -mfloat-abi=hard -mthumb -o "Core/Src/main.o"
../Core/Src/main.c: In function 'main':
../Core/Src/main.c:176:12: warning: unused variable 'dac_buffer' [-Wunused-variable]
  176 |   uint16_t dac_buffer[139];
      |            ^~~~~~~~~~
arm-none-eabi-gcc -o "pruebas_eq_med_celdas.elf" @"objects.list"   -mcpu=cortex-m4 -T"C:\Users\German\Documents\equipo_medicion_ensayo_celdas\pruebas_eq_med_celdas\STM32L476RGTX_FLASH.ld" --specs=nosys.specs -Wl,-Map="pruebas_eq_med_celdas.map" -Wl,--gc-sections -static --specs=nano.specs -mfpu=fpv4-sp-d16 -mfloat-abi=hard -mthumb -Wl,--start-group -lc -lm -Wl,--end-group
Finished building target: pruebas_eq_med_celdas.elf
 
arm-none-eabi-size  pruebas_eq_med_celdas.elf 
arm-none-eabi-objdump -h -S pruebas_eq_med_celdas.elf  > "pruebas_eq_med_celdas.list"
   text	   data	    bss	    dec	    hex	filename
  18424	     12	   1956	  20392	   4fa8	pruebas_eq_med_celdas.elf
Finished building: default.size.stdout
 
Finished building: pruebas_eq_med_celdas.list
 
18:18:45 **** Incremental Build of configuration Debug for project pruebas_eq_med_celdas ****
make -j12 all 
arm-none-eabi-gcc "../Core/Src/main.c" -mcpu=cortex-m4 -std=gnu11 -g3 -DDEBUG -DUSE_HAL_DRIVER -DSTM32L476xx -c -I../Core/Inc -I../Drivers/STM32L4xx_HAL_Driver/Inc -I../Drivers/STM32L4xx_HAL_Driver/Inc/Legacy -I../Drivers/CMSIS/Device/ST/STM32L4xx/Include -I../Drivers/CMSIS/Include -O0 -ffunction-sections -fdata-sections -Wall -fstack-usage -fcyclomatic-complexity -MMD -MP -MF"Core/Src/main.d" -MT"Core/Src/main.o" --specs=nano.specs -mfpu=fpv4-sp-d16 -mfloat-abi=hard -mthumb -o "Core/Src/main.o"
arm-none-eabi-gcc -o "pruebas_eq_med_celdas.elf" @"objects.list"   -mcpu=cortex-m4 -T"C:\Users\German\Documents\equipo_medicion_ensayo_celdas\pruebas_eq_med_celdas\STM32L476RGTX_FLASH.ld" --specs=nosys.specs -Wl,-Map="pruebas_eq_med_celdas.map" -Wl,--gc-sections -static --specs=nano.specs -mfpu=fpv4-sp-d16 -mfloat-abi=hard -mthumb -Wl,--start-group -lc -lm -Wl,--end-group
Finished building target: pruebas_eq_med_celdas.elf
 
arm-none-eabi-size  pruebas_eq_med_celdas.elf 
arm-none-eabi-objdump -h -S pruebas_eq_med_celdas.elf  > "pruebas_eq_med_celdas.list"
   text	   data	    bss	    dec	    hex	filename
  25272	     12	   1956	  27240	   6a68	pruebas_eq_med_celdas.elf
Finished building: default.size.stdout
 
Finished building: pruebas_eq_med_celdas.list
 
18:44:21 **** Incremental Build of configuration Debug for project pruebas_eq_med_celdas ****
make -j12 all 
arm-none-eabi-gcc "../Core/Src/main.c" -mcpu=cortex-m4 -std=gnu11 -g3 -DDEBUG -DUSE_HAL_DRIVER -DSTM32L476xx -c -I../Core/Inc -I../Drivers/STM32L4xx_HAL_Driver/Inc -I../Drivers/STM32L4xx_HAL_Driver/Inc/Legacy -I../Drivers/CMSIS/Device/ST/STM32L4xx/Include -I../Drivers/CMSIS/Include -O0 -ffunction-sections -fdata-sections -Wall -fstack-usage -fcyclomatic-complexity -MMD -MP -MF"Core/Src/main.d" -MT"Core/Src/main.o" --specs=nano.specs -mfpu=fpv4-sp-d16 -mfloat-abi=hard -mthumb -o "Core/Src/main.o"
../Core/Src/main.c: In function 'main':
../Core/Src/main.c:185:3: error: expected expression before '/' token
  185 |   /MCP4822_FillSineDMA(dac_buffer, sizeof(dac_buffer)/sizeof(uint16_t), 0.07f, 1.0f, 1, MCP4822_CH_A);
      |   ^
../Core/Src/main.c:176:12: warning: unused variable 'dac_buffer' [-Wunused-variable]
  176 |   uint16_t dac_buffer[139];
      |            ^~~~~~~~~~
make: *** [Core/Src/subdir.mk:34: Core/Src/main.o] Error 1
"make -j12 all" terminated with exit code 2. Build might be incomplete.
18:44:33 **** Incremental Build of configuration Debug for project pruebas_eq_med_celdas ****
make -j12 all 
arm-none-eabi-gcc "../Core/Src/main.c" -mcpu=cortex-m4 -std=gnu11 -g3 -DDEBUG -DUSE_HAL_DRIVER -DSTM32L476xx -c -I../Core/Inc -I../Drivers/STM32L4xx_HAL_Driver/Inc -I../Drivers/STM32L4xx_HAL_Driver/Inc/Legacy -I../Drivers/CMSIS/Device/ST/STM32L4xx/Include -I../Drivers/CMSIS/Include -O0 -ffunction-sections -fdata-sections -Wall -fstack-usage -fcyclomatic-complexity -MMD -MP -MF"Core/Src/main.d" -MT"Core/Src/main.o" --specs=nano.specs -mfpu=fpv4-sp-d16 -mfloat-abi=hard -mthumb -o "Core/Src/main.o"
arm-none-eabi-gcc -o "pruebas_eq_med_celdas.elf" @"objects.list"   -mcpu=cortex-m4 -T"C:\Users\German\Documents\equipo_medicion_ensayo_celdas\pruebas_eq_med_celdas\STM32L476RGTX_FLASH.ld" --specs=nosys.specs -Wl,-Map="pruebas_eq_med_celdas.map" -Wl,--gc-sections -static --specs=nano.specs -mfpu=fpv4-sp-d16 -mfloat-abi=hard -mthumb -Wl,--start-group -lc -lm -Wl,--end-group
Finished building target: pruebas_eq_med_celdas.elf
 
arm-none-eabi-size  pruebas_eq_med_celdas.elf 
arm-none-eabi-objdump -h -S pruebas_eq_med_celdas.elf  > "pruebas_eq_med_celdas.list"
   text	   data	    bss	    dec	    hex	filename
  25284	     12	   1956	  27252	   6a74	pruebas_eq_med_celdas.elf
Finished building: default.size.stdout
 
Finished building: pruebas_eq_med_celdas.list
 
18:45:06 **** Incremental Build of configuration Debug for project pruebas_eq_med_celdas ****
make -j12 all 
arm-none-eabi-gcc "../Core/Src/main.c" -mcpu=cortex-m4 -std=gnu11 -g3 -DDEBUG -DUSE_HAL_DRIVER -DSTM32L476xx -c -I../Core/Inc -I../Drivers/STM32L4xx_HAL_Driver/Inc -I../Drivers/STM32L4xx_HAL_Driver/Inc/Legacy -I../Drivers/CMSIS/Device/ST/STM32L4xx/Include -I../Drivers/CMSIS/Include -O0 -ffunction-sections -fdata-sections -Wall -fstack-usage -fcyclomatic-complexity -MMD -MP -MF"Core/Src/main.d" -MT"Core/Src/main.o" --specs=nano.specs -mfpu=fpv4-sp-d16 -mfloat-abi=hard -mthumb -o "Core/Src/main.o"
../Core/Src/main.c: In function 'main':
../Core/Src/main.c:176:12: warning: unused variable 'dac_buffer' [-Wunused-variable]
  176 |   uint16_t dac_buffer[139];
      |            ^~~~~~~~~~
arm-none-eabi-gcc -o "pruebas_eq_med_celdas.elf" @"objects.list"   -mcpu=cortex-m4 -T"C:\Users\German\Documents\equipo_medicion_ensayo_celdas\pruebas_eq_med_celdas\STM32L476RGTX_FLASH.ld" --specs=nosys.specs -Wl,-Map="pruebas_eq_med_celdas.map" -Wl,--gc-sections -static --specs=nano.specs -mfpu=fpv4-sp-d16 -mfloat-abi=hard -mthumb -Wl,--start-group -lc -lm -Wl,--end-group
Finished building target: pruebas_eq_med_celdas.elf
 
arm-none-eabi-size  pruebas_eq_med_celdas.elf 
arm-none-eabi-objdump -h -S pruebas_eq_med_celdas.elf  > "pruebas_eq_med_celdas.list"
   text	   data	    bss	    dec	    hex	filename
  18424	     12	   1956	  20392	   4fa8	pruebas_eq_med_celdas.elf
Finished building: default.size.stdout
 
Finished building: pruebas_eq_med_celdas.list
 
19:18:25 **** Incremental Build of configuration Debug for project pruebas_eq_med_celdas ****
make -j12 all 
arm-none-eabi-gcc "../Core/Src/main.c" -mcpu=cortex-m4 -std=gnu11 -g3 -DDEBUG -DUSE_HAL_DRIVER -DSTM32L476xx -c -I../Core/Inc -I../Drivers/STM32L4xx_HAL_Driver/Inc -I../Drivers/STM32L4xx_HAL_Driver/Inc/Legacy -I../Drivers/CMSIS/Device/ST/STM32L4xx/Include -I../Drivers/CMSIS/Include -O0 -ffunction-sections -fdata-sections -Wall -fstack-usage -fcyclomatic-complexity -MMD -MP -MF"Core/Src/main.d" -MT"Core/Src/main.o" --specs=nano.specs -mfpu=fpv4-sp-d16 -mfloat-abi=hard -mthumb -o "Core/Src/main.o"
arm-none-eabi-gcc -o "pruebas_eq_med_celdas.elf" @"objects.list"   -mcpu=cortex-m4 -T"C:\Users\German\Documents\equipo_medicion_ensayo_celdas\pruebas_eq_med_celdas\STM32L476RGTX_FLASH.ld" --specs=nosys.specs -Wl,-Map="pruebas_eq_med_celdas.map" -Wl,--gc-sections -static --specs=nano.specs -mfpu=fpv4-sp-d16 -mfloat-abi=hard -mthumb -Wl,--start-group -lc -lm -Wl,--end-group
Finished building target: pruebas_eq_med_celdas.elf
 
arm-none-eabi-size  pruebas_eq_med_celdas.elf 
arm-none-eabi-objdump -h -S pruebas_eq_med_celdas.elf  > "pruebas_eq_med_celdas.list"
   text	   data	    bss	    dec	    hex	filename
  25272	     12	   1956	  27240	   6a68	pruebas_eq_med_celdas.elf
Finished building: default.size.stdout
 
Finished building: pruebas_eq_med_celdas.list
 
19:20:13 **** Incremental Build of configuration Debug for project pruebas_eq_med_celdas ****
make -j12 all 
arm-none-eabi-gcc "../Core/Src/main.c" -mcpu=cortex-m4 -std=gnu11 -g3 -DDEBUG -DUSE_HAL_DRIVER -DSTM32L476xx -c -I../Core/Inc -I../Drivers/STM32L4xx_HAL_Driver/Inc -I../Drivers/STM32L4xx_HAL_Driver/Inc/Legacy -I../Drivers/CMSIS/Device/ST/STM32L4xx/Include -I../Drivers/CMSIS/Include -O0 -ffunction-sections -fdata-sections -Wall -fstack-usage -fcyclomatic-complexity -MMD -MP -MF"Core/Src/main.d" -MT"Core/Src/main.o" --specs=nano.specs -mfpu=fpv4-sp-d16 -mfloat-abi=hard -mthumb -o "Core/Src/main.o"
arm-none-eabi-gcc -o "pruebas_eq_med_celdas.elf" @"objects.list"   -mcpu=cortex-m4 -T"C:\Users\German\Documents\equipo_medicion_ensayo_celdas\pruebas_eq_med_celdas\STM32L476RGTX_FLASH.ld" --specs=nosys.specs -Wl,-Map="pruebas_eq_med_celdas.map" -Wl,--gc-sections -static --specs=nano.specs -mfpu=fpv4-sp-d16 -mfloat-abi=hard -mthumb -Wl,--start-group -lc -lm -Wl,--end-group
Finished building target: pruebas_eq_med_celdas.elf
 
arm-none-eabi-size  pruebas_eq_med_celdas.elf 
arm-none-eabi-objdump -h -S pruebas_eq_med_celdas.elf  > "pruebas_eq_med_celdas.list"
   text	   data	    bss	    dec	    hex	filename
  25272	     12	   1956	  27240	   6a68	pruebas_eq_med_celdas.elf
Finished building: default.size.stdout
 
Finished building: pruebas_eq_med_celdas.list
 
19:23:23 **** Incremental Build of configuration Debug for project pruebas_eq_med_celdas ****
make -j12 all 
arm-none-eabi-gcc "../Core/Src/main.c" -mcpu=cortex-m4 -std=gnu11 -g3 -DDEBUG -DUSE_HAL_DRIVER -DSTM32L476xx -c -I../Core/Inc -I../Drivers/STM32L4xx_HAL_Driver/Inc -I../Drivers/STM32L4xx_HAL_Driver/Inc/Legacy -I../Drivers/CMSIS/Device/ST/STM32L4xx/Include -I../Drivers/CMSIS/Include -O0 -ffunction-sections -fdata-sections -Wall -fstack-usage -fcyclomatic-complexity -MMD -MP -MF"Core/Src/main.d" -MT"Core/Src/main.o" --specs=nano.specs -mfpu=fpv4-sp-d16 -mfloat-abi=hard -mthumb -o "Core/Src/main.o"
arm-none-eabi-gcc -o "pruebas_eq_med_celdas.elf" @"objects.list"   -mcpu=cortex-m4 -T"C:\Users\German\Documents\equipo_medicion_ensayo_celdas\pruebas_eq_med_celdas\STM32L476RGTX_FLASH.ld" --specs=nosys.specs -Wl,-Map="pruebas_eq_med_celdas.map" -Wl,--gc-sections -static --specs=nano.specs -mfpu=fpv4-sp-d16 -mfloat-abi=hard -mthumb -Wl,--start-group -lc -lm -Wl,--end-group
Finished building target: pruebas_eq_med_celdas.elf
 
arm-none-eabi-size  pruebas_eq_med_celdas.elf 
arm-none-eabi-objdump -h -S pruebas_eq_med_celdas.elf  > "pruebas_eq_med_celdas.list"
   text	   data	    bss	    dec	    hex	filename
  25272	     12	   1956	  27240	   6a68	pruebas_eq_med_celdas.elf
Finished building: default.size.stdout
 
Finished building: pruebas_eq_med_celdas.list
 
19:38:45 **** Incremental Build of configuration Debug for project pruebas_eq_med_celdas ****
make -j12 all 
arm-none-eabi-gcc "../Core/Src/main.c" -mcpu=cortex-m4 -std=gnu11 -g3 -DDEBUG -DUSE_HAL_DRIVER -DSTM32L476xx -c -I../Core/Inc -I../Drivers/STM32L4xx_HAL_Driver/Inc -I../Drivers/STM32L4xx_HAL_Driver/Inc/Legacy -I../Drivers/CMSIS/Device/ST/STM32L4xx/Include -I../Drivers/CMSIS/Include -O0 -ffunction-sections -fdata-sections -Wall -fstack-usage -fcyclomatic-complexity -MMD -MP -MF"Core/Src/main.d" -MT"Core/Src/main.o" --specs=nano.specs -mfpu=fpv4-sp-d16 -mfloat-abi=hard -mthumb -o "Core/Src/main.o"
../Core/Src/main.c: In function 'main':
../Core/Src/main.c:176:12: warning: unused variable 'dac_buffer' [-Wunused-variable]
  176 |   uint16_t dac_buffer[139];
      |            ^~~~~~~~~~
arm-none-eabi-gcc -o "pruebas_eq_med_celdas.elf" @"objects.list"   -mcpu=cortex-m4 -T"C:\Users\German\Documents\equipo_medicion_ensayo_celdas\pruebas_eq_med_celdas\STM32L476RGTX_FLASH.ld" --specs=nosys.specs -Wl,-Map="pruebas_eq_med_celdas.map" -Wl,--gc-sections -static --specs=nano.specs -mfpu=fpv4-sp-d16 -mfloat-abi=hard -mthumb -Wl,--start-group -lc -lm -Wl,--end-group
Finished building target: pruebas_eq_med_celdas.elf
 
arm-none-eabi-size  pruebas_eq_med_celdas.elf 
arm-none-eabi-objdump -h -S pruebas_eq_med_celdas.elf  > "pruebas_eq_med_celdas.list"
   text	   data	    bss	    dec	    hex	filename
  18428	     12	   1956	  20396	   4fac	pruebas_eq_med_celdas.elf
Finished building: default.size.stdout
 
Finished building: pruebas_eq_med_celdas.list
 
19:39:30 **** Incremental Build of configuration Debug for project pruebas_eq_med_celdas ****
make -j12 all 
arm-none-eabi-gcc "../Core/Src/main.c" -mcpu=cortex-m4 -std=gnu11 -g3 -DDEBUG -DUSE_HAL_DRIVER -DSTM32L476xx -c -I../Core/Inc -I../Drivers/STM32L4xx_HAL_Driver/Inc -I../Drivers/STM32L4xx_HAL_Driver/Inc/Legacy -I../Drivers/CMSIS/Device/ST/STM32L4xx/Include -I../Drivers/CMSIS/Include -O0 -ffunction-sections -fdata-sections -Wall -fstack-usage -fcyclomatic-complexity -MMD -MP -MF"Core/Src/main.d" -MT"Core/Src/main.o" --specs=nano.specs -mfpu=fpv4-sp-d16 -mfloat-abi=hard -mthumb -o "Core/Src/main.o"
../Core/Src/main.c: In function 'main':
../Core/Src/main.c:176:12: warning: unused variable 'dac_buffer' [-Wunused-variable]
  176 |   uint16_t dac_buffer[139];
      |            ^~~~~~~~~~
arm-none-eabi-gcc -o "pruebas_eq_med_celdas.elf" @"objects.list"   -mcpu=cortex-m4 -T"C:\Users\German\Documents\equipo_medicion_ensayo_celdas\pruebas_eq_med_celdas\STM32L476RGTX_FLASH.ld" --specs=nosys.specs -Wl,-Map="pruebas_eq_med_celdas.map" -Wl,--gc-sections -static --specs=nano.specs -mfpu=fpv4-sp-d16 -mfloat-abi=hard -mthumb -Wl,--start-group -lc -lm -Wl,--end-group
Finished building target: pruebas_eq_med_celdas.elf
 
arm-none-eabi-size  pruebas_eq_med_celdas.elf 
arm-none-eabi-objdump -h -S pruebas_eq_med_celdas.elf  > "pruebas_eq_med_celdas.list"
   text	   data	    bss	    dec	    hex	filename
  18428	     12	   1956	  20396	   4fac	pruebas_eq_med_celdas.elf
Finished building: default.size.stdout
 
Finished building: pruebas_eq_med_celdas.list
 
19:40:23 **** Incremental Build of configuration Debug for project pruebas_eq_med_celdas ****
make -j12 all 
[...]
Finished building target: pruebas_eq_med_celdas.elf
 
arm-none-eabi-size  pruebas_eq_med_celdas.elf 
arm-none-eabi-objdump -h -S pruebas_eq_med_celdas.elf  > "pruebas_eq_med_celdas.list"
   text	   data	    bss	    dec	    hex	filename
  18428	     12	   1956	  20396	   4fac	pruebas_eq_med_celdas.elf
Finished building: default.size.stdout
 
Finished building: pruebas_eq_med_celdas.list
 
22:23:12 **** Incremental Build of configuration Debug for project pruebas_eq_med_celdas ****
make -j12 all 
arm-none-eabi-gcc "../Core/Src/main.c" -mcpu=cortex-m4 -std=gnu11 -g3 -DDEBUG -DUSE_HAL_DRIVER -DSTM32L476xx -c -I../Core/Inc -I../Drivers/STM32L4xx_HAL_Driver/Inc -I../Drivers/STM32L4xx_HAL_Driver/Inc/Legacy -I../Drivers/CMSIS/Device/ST/STM32L4xx/Include -I../Drivers/CMSIS/Include -O0 -ffunction-sections -fdata-sections -Wall -fstack-usage -fcyclomatic-complexity -MMD -MP -MF"Core/Src/main.d" -MT"Core/Src/main.o" --specs=nano.specs -mfpu=fpv4-sp-d16 -mfloat-abi=hard -mthumb -o "Core/Src/main.o"
../Core/Src/main.c: In function 'main':
../Core/Src/main.c:176:12: warning: unused variable 'dac_buffer' [-Wunused-variable]
  176 |   uint16_t dac_buffer[139];
      |            ^~~~~~~~~~
arm-none-eabi-gcc -o "pruebas_eq_med_celdas.elf" @"objects.list"   -mcpu=cortex-m4 -T"C:\Users\German\Documents\equipo_medicion_ensayo_celdas\pruebas_eq_med_celdas\STM32L476RGTX_FLASH.ld" --specs=nosys.specs -Wl,-Map="pruebas_eq_med_celdas.map" -Wl,--gc-sections -static --specs=nano.specs -mfpu=fpv4-sp-d16 -mfloat-abi=hard -mthumb -Wl,--start-group -lc -lm -Wl,--end-group
Finished building target: pruebas_eq_med_celdas.elf
 
arm-none-eabi-size  pruebas_eq_med_celdas.elf 
arm-none-eabi-objdump -h -S pruebas_eq_med_celdas.elf  > "pruebas_eq_med_celdas.list"
   text	   data	    bss	    dec	    hex	filename
  18428	     12	   1956	  20396	   4fac	pruebas_eq_med_celdas.elf
Finished building: default.size.stdout
 
Finished building: pruebas_eq_med_celdas.list
 
12:53:40 **** Incremental Build of configuration Debug for project pruebas_eq_med_celdas ****
make -j12 all 
arm-none-eabi-gcc "../Core/Src/main.c" -mcpu=cortex-m4 -std=gnu11 -g3 -DDEBUG -DUSE_HAL_DRIVER -DSTM32L476xx -c -I../Core/Inc -I../Drivers/STM32L4xx_HAL_Driver/Inc -I../Drivers/STM32L4xx_HAL_Driver/Inc/Legacy -I../Drivers/CMSIS/Device/ST/STM32L4xx/Include -I../Drivers/CMSIS/Include -O0 -ffunction-sections -fdata-sections -Wall -fstack-usage -fcyclomatic-complexity -MMD -MP -MF"Core/Src/main.d" -MT"Core/Src/main.o" --specs=nano.specs -mfpu=fpv4-sp-d16 -mfloat-abi=hard -mthumb -o "Core/Src/main.o"
../Core/Src/main.c: In function 'main':
../Core/Src/main.c:176:12: warning: unused variable 'dac_buffer' [-Wunused-variable]
  176 |   uint16_t dac_buffer[139];
      |            ^~~~~~~~~~
arm-none-eabi-gcc -o "pruebas_eq_med_celdas.elf" @"objects.list"   -mcpu=cortex-m4 -T"C:\Users\German\Documents\equipo_medicion_ensayo_celdas\pruebas_eq_med_celdas\STM32L476RGTX_FLASH.ld" --specs=nosys.specs -Wl,-Map="pruebas_eq_med_celdas.map" -Wl,--gc-sections -static --specs=nano.specs -mfpu=fpv4-sp-d16 -mfloat-abi=hard -mthumb -Wl,--start-group -lc -lm -Wl,--end-group
Finished building target: pruebas_eq_med_celdas.elf
 
arm-none-eabi-size  pruebas_eq_med_celdas.elf 
arm-none-eabi-objdump -h -S pruebas_eq_med_celdas.elf  > "pruebas_eq_med_celdas.list"
   text	   data	    bss	    dec	    hex	filename
  18428	     12	   1956	  20396	   4fac	pruebas_eq_med_celdas.elf
Finished building: default.size.stdout
 
Finished building: pruebas_eq_med_celdas.list
 
12:54:59 **** Incremental Build of configuration Debug for project pruebas_eq_med_celdas ****
make -j12 all 
arm-none-eabi-gcc "../Core/Src/main.c" -mcpu=cortex-m4 -std=gnu11 -g3 -DDEBUG -DUSE_HAL_DRIVER -DSTM32L476xx -c -I../Core/Inc -I../Drivers/STM32L4xx_HAL_Driver/Inc -I../Drivers/STM32L4xx_HAL_Driver/Inc/Legacy -I../Drivers/CMSIS/Device/ST/STM32L4xx/Include -I../Drivers/CMSIS/Include -O0 -ffunction-sections -fdata-sections -Wall -fstack-usage -fcyclomatic-complexity -MMD -MP -MF"Core/Src/main.d" -MT"Core/Src/main.o" --specs=nano.specs -mfpu=fpv4-sp-d16 -mfloat-abi=hard -mthumb -o "Core/Src/main.o"
../Core/Src/main.c: In function 'main':
../Core/Src/main.c:176:12: warning: unused variable 'dac_buffer' [-Wunused-variable]
  176 |   uint16_t dac_buffer[139];
      |            ^~~~~~~~~~
arm-none-eabi-gcc -o "pruebas_eq_med_celdas.elf" @"objects.list"   -mcpu=cortex-m4 -T"C:\Users\German\Documents\equipo_medicion_ensayo_celdas\pruebas_eq_med_celdas\STM32L476RGTX_FLASH.ld" --specs=nosys.specs -Wl,-Map="pruebas_eq_med_celdas.map" -Wl,--gc-sections -static --specs=nano.specs -mfpu=fpv4-sp-d16 -mfloat-abi=hard -mthumb -Wl,--start-group -lc -lm -Wl,--end-group
Finished building target: pruebas_eq_med_celdas.elf
 
arm-none-eabi-size  pruebas_eq_med_celdas.elf 
arm-none-eabi-objdump -h -S pruebas_eq_med_celdas.elf  > "pruebas_eq_med_celdas.list"
   text	   data	    bss	    dec	    hex	filename
  18432	     12	   1956	  20400	   4fb0	pruebas_eq_med_celdas.elf
Finished building: default.size.stdout
 
Finished building: pruebas_eq_med_celdas.list
 
12:55:24 **** Incremental Build of configuration Debug for project pruebas_eq_med_celdas ****
make -j12 all 
arm-none-eabi-gcc "../Core/Src/main.c" -mcpu=cortex-m4 -std=gnu11 -g3 -DDEBUG -DUSE_HAL_DRIVER -DSTM32L476xx -c -I../Core/Inc -I../Drivers/STM32L4xx_HAL_Driver/Inc -I../Drivers/STM32L4xx_HAL_Driver/Inc/Legacy -I../Drivers/CMSIS/Device/ST/STM32L4xx/Include -I../Drivers/CMSIS/Include -O0 -ffunction-sections -fdata-sections -Wall -fstack-usage -fcyclomatic-complexity -MMD -MP -MF"Core/Src/main.d" -MT"Core/Src/main.o" --specs=nano.specs -mfpu=fpv4-sp-d16 -mfloat-abi=hard -mthumb -o "Core/Src/main.o"
../Core/Src/main.c: In function 'main':
../Core/Src/main.c:176:12: warning: unused variable 'dac_buffer' [-Wunused-variable]
  176 |   uint16_t dac_buffer[139];
      |            ^~~~~~~~~~
arm-none-eabi-gcc -o "pruebas_eq_med_celdas.elf" @"objects.list"   -mcpu=cortex-m4 -T"C:\Users\German\Documents\equipo_medicion_ensayo_celdas\pruebas_eq_med_celdas\STM32L476RGTX_FLASH.ld" --specs=nosys.specs -Wl,-Map="pruebas_eq_med_celdas.map" -Wl,--gc-sections -static --specs=nano.specs -mfpu=fpv4-sp-d16 -mfloat-abi=hard -mthumb -Wl,--start-group -lc -lm -Wl,--end-group
Finished building target: pruebas_eq_med_celdas.elf
 
arm-none-eabi-size  pruebas_eq_med_celdas.elf 
arm-none-eabi-objdump -h -S pruebas_eq_med_celdas.elf  > "pruebas_eq_med_celdas.list"
   text	   data	    bss	    dec	    hex	filename
  18432	     12	   1956	  20400	   4fb0	pruebas_eq_med_celdas.elf
Finished building: default.size.stdout
 
Finished building: pruebas_eq_med_celdas.list
 
14:06:08 **** Incremental Build of configuration Debug for project pruebas_eq_med_celdas ****
make -j12 all 
arm-none-eabi-size  pruebas_eq_med_celdas.elf 
   text	   data	    bss	    dec	    hex	filename
  18432	     12	   1956	  20400	   4fb0	pruebas_eq_med_celdas.elf
Finished building: default.size.stdout
 
14:08:56 **** Incremental Build of configuration Debug for project pruebas_eq_med_celdas ****
make -j12 all 
arm-none-eabi-gcc "../Core/Src/main.c" -mcpu=cortex-m4 -std=gnu11 -g3 -DDEBUG -DUSE_HAL_DRIVER -DSTM32L476xx -c -I../Core/Inc -I../Drivers/STM32L4xx_HAL_Driver/Inc -I../Drivers/STM32L4xx_HAL_Driver/Inc/Legacy -I../Drivers/CMSIS/Device/ST/STM32L4xx/Include -I../Drivers/CMSIS/Include -O0 -ffunction-sections -fdata-sections -Wall -fstack-usage -fcyclomatic-complexity -MMD -MP -MF"Core/Src/main.d" -MT"Core/Src/main.o" --specs=nano.specs -mfpu=fpv4-sp-d16 -mfloat-abi=hard -mthumb -o "Core/Src/main.o"
../Core/Src/main.c: In function 'main':
../Core/Src/main.c:176:12: warning: unused variable 'dac_buffer' [-Wunused-variable]
  176 |   uint16_t dac_buffer[139];
      |            ^~~~~~~~~~
arm-none-eabi-gcc -o "pruebas_eq_med_celdas.elf" @"objects.list"   -mcpu=cortex-m4 -T"C:\Users\German\Documents\equipo_medicion_ensayo_celdas\pruebas_eq_med_celdas\STM32L476RGTX_FLASH.ld" --specs=nosys.specs -Wl,-Map="pruebas_eq_med_celdas.map" -Wl,--gc-sections -static --specs=nano.specs -mfpu=fpv4-sp-d16 -mfloat-abi=hard -mthumb -Wl,--start-group -lc -lm -Wl,--end-group
Finished building target: pruebas_eq_med_celdas.elf
 
arm-none-eabi-size  pruebas_eq_med_celdas.elf 
arm-none-eabi-objdump -h -S pruebas_eq_med_celdas.elf  > "pruebas_eq_med_celdas.list"
   text	   data	    bss	    dec	    hex	filename
  18432	     12	   1956	  20400	   4fb0	pruebas_eq_med_celdas.elf
Finished building: default.size.stdout
 
Finished building: pruebas_eq_med_celdas.list
 
14:09:24 **** Incremental Build of configuration Debug for project pruebas_eq_med_celdas ****
make -j12 all 
arm-none-eabi-gcc "../Core/Src/main.c" -mcpu=cortex-m4 -std=gnu11 -g3 -DDEBUG -DUSE_HAL_DRIVER -DSTM32L476xx -c -I../Core/Inc -I../Drivers/STM32L4xx_HAL_Driver/Inc -I../Drivers/STM32L4xx_HAL_Driver/Inc/Legacy -I../Drivers/CMSIS/Device/ST/STM32L4xx/Include -I../Drivers/CMSIS/Include -O0 -ffunction-sections -fdata-sections -Wall -fstack-usage -fcyclomatic-complexity -MMD -MP -MF"Core/Src/main.d" -MT"Core/Src/main.o" --specs=nano.specs -mfpu=fpv4-sp-d16 -mfloat-abi=hard -mthumb -o "Core/Src/main.o"
../Core/Src/main.c: In function 'main':
../Core/Src/main.c:176:12: warning: unused variable 'dac_buffer' [-Wunused-variable]
  176 |   uint16_t dac_buffer[139];
      |            ^~~~~~~~~~
arm-none-eabi-gcc -o "pruebas_eq_med_celdas.elf" @"objects.list"   -mcpu=cortex-m4 -T"C:\Users\German\Documents\equipo_medicion_ensayo_celdas\pruebas_eq_med_celdas\STM32L476RGTX_FLASH.ld" --specs=nosys.specs -Wl,-Map="pruebas_eq_med_celdas.map" -Wl,--gc-sections -static --specs=nano.specs -mfpu=fpv4-sp-d16 -mfloat-abi=hard -mthumb -Wl,--start-group -lc -lm -Wl,--end-group
Finished building target: pruebas_eq_med_celdas.elf
 
arm-none-eabi-size  pruebas_eq_med_celdas.elf 
arm-none-eabi-objdump -h -S pruebas_eq_med_celdas.elf  > "pruebas_eq_med_celdas.list"
   text	   data	    bss	    dec	    hex	filename
  18428	     12	   1956	  20396	   4fac	pruebas_eq_med_celdas.elf
Finished building: default.size.stdout
 
Finished building: pruebas_eq_med_celdas.list
 
14:46:02 **** Incremental Build of configuration Debug for project pruebas_eq_med_celdas ****
make -j12 all 
arm-none-eabi-gcc "../Core/Src/main.c" -mcpu=cortex-m4 -std=gnu11 -g3 -DDEBUG -DUSE_HAL_DRIVER -DSTM32L476xx -c -I../Core/Inc -I../Drivers/STM32L4xx_HAL_Driver/Inc -I../Drivers/STM32L4xx_HAL_Driver/Inc/Legacy -I../Drivers/CMSIS/Device/ST/STM32L4xx/Include -I../Drivers/CMSIS/Include -O0 -ffunction-sections -fdata-sections -Wall -fstack-usage -fcyclomatic-complexity -MMD -MP -MF"Core/Src/main.d" -MT"Core/Src/main.o" --specs=nano.specs -mfpu=fpv4-sp-d16 -mfloat-abi=hard -mthumb -o "Core/Src/main.o"
../Core/Src/main.c: In function 'main':
../Core/Src/main.c:176:12: warning: unused variable 'dac_buffer' [-Wunused-variable]
  176 |   uint16_t dac_buffer[139];
      |            ^~~~~~~~~~
arm-none-eabi-gcc -o "pruebas_eq_med_celdas.elf" @"objects.list"   -mcpu=cortex-m4 -T"C:\Users\German\Documents\equipo_medicion_ensayo_celdas\pruebas_eq_med_celdas\STM32L476RGTX_FLASH.ld" --specs=nosys.specs -Wl,-Map="pruebas_eq_med_celdas.map" -Wl,--gc-sections -static --specs=nano.specs -mfpu=fpv4-sp-d16 -mfloat-abi=hard -mthumb -Wl,--start-group -lc -lm -Wl,--end-group
Finished building target: pruebas_eq_med_celdas.elf
 
arm-none-eabi-size  pruebas_eq_med_celdas.elf 
arm-none-eabi-objdump -h -S pruebas_eq_med_celdas.elf  > "pruebas_eq_med_celdas.list"
   text	   data	    bss	    dec	    hex	filename
  18432	     12	   1956	  20400	   4fb0	pruebas_eq_med_celdas.elf
Finished building: default.size.stdout
 
Finished building: pruebas_eq_med_celdas.list
 
20:39:02 **** Incremental Build of configuration Debug for project pruebas_eq_med_celdas ****
make -j12 all 
arm-none-eabi-gcc "../Core/Src/main.c" -mcpu=cortex-m4 -std=gnu11 -g3 -DDEBUG -DUSE_HAL_DRIVER -DSTM32L476xx -c -I../Core/Inc -I../Drivers/STM32L4xx_HAL_Driver/Inc -I../Drivers/STM32L4xx_HAL_Driver/Inc/Legacy -I../Drivers/CMSIS/Device/ST/STM32L4xx/Include -I../Drivers/CMSIS/Include -O0 -ffunction-sections -fdata-sections -Wall -fstack-usage -fcyclomatic-complexity -MMD -MP -MF"Core/Src/main.d" -MT"Core/Src/main.o" --specs=nano.specs -mfpu=fpv4-sp-d16 -mfloat-abi=hard -mthumb -o "Core/Src/main.o"
../Core/Src/main.c: In function 'main':
../Core/Src/main.c:176:12: warning: unused variable 'dac_buffer' [-Wunused-variable]
  176 |   uint16_t dac_buffer[139];
      |            ^~~~~~~~~~
arm-none-eabi-gcc -o "pruebas_eq_med_celdas.elf" @"objects.list"   -mcpu=cortex-m4 -T"C:\Users\German\Documents\equipo_medicion_ensayo_celdas\pruebas_eq_med_celdas\STM32L476RGTX_FLASH.ld" --specs=nosys.specs -Wl,-Map="pruebas_eq_med_celdas.map" -Wl,--gc-sections -static --specs=nano.specs -mfpu=fpv4-sp-d16 -mfloat-abi=hard -mthumb -Wl,--start-group -lc -lm -Wl,--end-group
Finished building target: pruebas_eq_med_celdas.elf
 
arm-none-eabi-size  pruebas_eq_med_celdas.elf 
arm-none-eabi-objdump -h -S pruebas_eq_med_celdas.elf  > "pruebas_eq_med_celdas.list"
   text	   data	    bss	    dec	    hex	filename
  18432	     12	   1956	  20400	   4fb0	pruebas_eq_med_celdas.elf
Finished building: default.size.stdout
 
Finished building: pruebas_eq_med_celdas.list
 
20:40:54 **** Incremental Build of configuration Debug for project pruebas_eq_med_celdas ****
make -j12 all 
arm-none-eabi-size  pruebas_eq_med_celdas.elf 
   text	   data	    bss	    dec	    hex	filename
  18432	     12	   1956	  20400	   4fb0	pruebas_eq_med_celdas.elf
Finished building: default.size.stdout
 
20:42:50 **** Incremental Build of configuration Debug for project pruebas_eq_med_celdas ****
make -j12 all 
arm-none-eabi-gcc "../Core/Src/main.c" -mcpu=cortex-m4 -std=gnu11 -g3 -DDEBUG -DUSE_HAL_DRIVER -DSTM32L476xx -c -I../Core/Inc -I../Drivers/STM32L4xx_HAL_Driver/Inc -I../Drivers/STM32L4xx_HAL_Driver/Inc/Legacy -I../Drivers/CMSIS/Device/ST/STM32L4xx/Include -I../Drivers/CMSIS/Include -O0 -ffunction-sections -fdata-sections -Wall -fstack-usage -fcyclomatic-complexity -MMD -MP -MF"Core/Src/main.d" -MT"Core/Src/main.o" --specs=nano.specs -mfpu=fpv4-sp-d16 -mfloat-abi=hard -mthumb -o "Core/Src/main.o"
../Core/Src/main.c: In function 'main':
../Core/Src/main.c:176:12: warning: unused variable 'dac_buffer' [-Wunused-variable]
  176 |   uint16_t dac_buffer[139];
      |            ^~~~~~~~~~
arm-none-eabi-gcc -o "pruebas_eq_med_celdas.elf" @"objects.list"   -mcpu=cortex-m4 -T"C:\Users\German\Documents\equipo_medicion_ensayo_celdas\pruebas_eq_med_celdas\STM32L476RGTX_FLASH.ld" --specs=nosys.specs -Wl,-Map="pruebas_eq_med_celdas.map" -Wl,--gc-sections -static --specs=nano.specs -mfpu=fpv4-sp-d16 -mfloat-abi=hard -mthumb -Wl,--start-group -lc -lm -Wl,--end-group
Finished building target: pruebas_eq_med_celdas.elf
 
arm-none-eabi-size  pruebas_eq_med_celdas.elf 
arm-none-eabi-objdump -h -S pruebas_eq_med_celdas.elf  > "pruebas_eq_med_celdas.list"
   text	   data	    bss	    dec	    hex	filename
  18432	     12	   1956	  20400	   4fb0	pruebas_eq_med_celdas.elf
Finished building: default.size.stdout
 
Finished building: pruebas_eq_med_celdas.list
 
20:43:45 **** Incremental Build of configuration Debug for project pruebas_eq_med_celdas ****
make -j12 all 
arm-none-eabi-gcc "../Core/Src/main.c" -mcpu=cortex-m4 -std=gnu11 -g3 -DDEBUG -DUSE_HAL_DRIVER -DSTM32L476xx -c -I../Core/Inc -I../Drivers/STM32L4xx_HAL_Driver/Inc -I../Drivers/STM32L4xx_HAL_Driver/Inc/Legacy -I../Drivers/CMSIS/Device/ST/STM32L4xx/Include -I../Drivers/CMSIS/Include -O0 -ffunction-sections -fdata-sections -Wall -fstack-usage -fcyclomatic-complexity -MMD -MP -MF"Core/Src/main.d" -MT"Core/Src/main.o" --specs=nano.specs -mfpu=fpv4-sp-d16 -mfloat-abi=hard -mthumb -o "Core/Src/main.o"
../Core/Src/main.c: In function 'main':
../Core/Src/main.c:176:12: warning: unused variable 'dac_buffer' [-Wunused-variable]
  176 |   uint16_t dac_buffer[139];
      |            ^~~~~~~~~~
arm-none-eabi-gcc -o "pruebas_eq_med_celdas.elf" @"objects.list"   -mcpu=cortex-m4 -T"C:\Users\German\Documents\equipo_medicion_ensayo_celdas\pruebas_eq_med_celdas\STM32L476RGTX_FLASH.ld" --specs=nosys.specs -Wl,-Map="pruebas_eq_med_celdas.map" -Wl,--gc-sections -static --specs=nano.specs -mfpu=fpv4-sp-d16 -mfloat-abi=hard -mthumb -Wl,--start-group -lc -lm -Wl,--end-group
Finished building target: pruebas_eq_med_celdas.elf
 
arm-none-eabi-size  pruebas_eq_med_celdas.elf 
arm-none-eabi-objdump -h -S pruebas_eq_med_celdas.elf  > "pruebas_eq_med_celdas.list"
   text	   data	    bss	    dec	    hex	filename
  18432	     12	   1956	  20400	   4fb0	pruebas_eq_med_celdas.elf
Finished building: default.size.stdout
 
Finished building: pruebas_eq_med_celdas.list
 
20:44:31 **** Incremental Build of configuration Debug for project pruebas_eq_med_celdas ****
make -j12 all 
arm-none-eabi-gcc "../Core/Src/main.c" -mcpu=cortex-m4 -std=gnu11 -g3 -DDEBUG -DUSE_HAL_DRIVER -DSTM32L476xx -c -I../Core/Inc -I../Drivers/STM32L4xx_HAL_Driver/Inc -I../Drivers/STM32L4xx_HAL_Driver/Inc/Legacy -I../Drivers/CMSIS/Device/ST/STM32L4xx/Include -I../Drivers/CMSIS/Include -O0 -ffunction-sections -fdata-sections -Wall -fstack-usage -fcyclomatic-complexity -MMD -MP -MF"Core/Src/main.d" -MT"Core/Src/main.o" --specs=nano.specs -mfpu=fpv4-sp-d16 -mfloat-abi=hard -mthumb -o "Core/Src/main.o"
../Core/Src/main.c: In function 'main':
../Core/Src/main.c:176:12: warning: unused variable 'dac_buffer' [-Wunused-variable]
  176 |   uint16_t dac_buffer[139];
      |            ^~~~~~~~~~
arm-none-eabi-gcc -o "pruebas_eq_med_celdas.elf" @"objects.list"   -mcpu=cortex-m4 -T"C:\Users\German\Documents\equipo_medicion_ensayo_celdas\pruebas_eq_med_celdas\STM32L476RGTX_FLASH.ld" --specs=nosys.specs -Wl,-Map="pruebas_eq_med_celdas.map" -Wl,--gc-sections -static --specs=nano.specs -mfpu=fpv4-sp-d16 -mfloat-abi=hard -mthumb -Wl,--start-group -lc -lm -Wl,--end-group
Finished building target: pruebas_eq_med_celdas.elf
 
arm-none-eabi-size  pruebas_eq_med_celdas.elf 
arm-none-eabi-objdump -h -S pruebas_eq_med_celdas.elf  > "pruebas_eq_med_celdas.list"
   text	   data	    bss	    dec	    hex	filename
  18428	     12	   1956	  20396	   4fac	pruebas_eq_med_celdas.elf
Finished building: default.size.stdout
 
Finished building: pruebas_eq_med_celdas.list
 
21:37:14 **** Incremental Build of configuration Debug for project pruebas_eq_med_celdas ****
make -j12 all 
arm-none-eabi-gcc "../Core/Src/main.c" -mcpu=cortex-m4 -std=gnu11 -g3 -DDEBUG -DUSE_HAL_DRIVER -DSTM32L476xx -c -I../Core/Inc -I../Drivers/STM32L4xx_HAL_Driver/Inc -I../Drivers/STM32L4xx_HAL_Driver/Inc/Legacy -I../Drivers/CMSIS/Device/ST/STM32L4xx/Include -I../Drivers/CMSIS/Include -O0 -ffunction-sections -fdata-sections -Wall -fstack-usage -fcyclomatic-complexity -MMD -MP -MF"Core/Src/main.d" -MT"Core/Src/main.o" --specs=nano.specs -mfpu=fpv4-sp-d16 -mfloat-abi=hard -mthumb -o "Core/Src/main.o"
../Core/Src/main.c: In function 'main':
../Core/Src/main.c:176:12: warning: unused variable 'dac_buffer' [-Wunused-variable]
  176 |   uint16_t dac_buffer[139];
      |            ^~~~~~~~~~
arm-none-eabi-gcc -o "pruebas_eq_med_celdas.elf" @"objects.list"   -mcpu=cortex-m4 -T"C:\Users\German\Documents\equipo_medicion_ensayo_celdas\pruebas_eq_med_celdas\STM32L476RGTX_FLASH.ld" --specs=nosys.specs -Wl,-Map="pruebas_eq_med_celdas.map" -Wl,--gc-sections -static --specs=nano.specs -mfpu=fpv4-sp-d16 -mfloat-abi=hard -mthumb -Wl,--start-group -lc -lm -Wl,--end-group
Finished building target: pruebas_eq_med_celdas.elf
 
arm-none-eabi-size  pruebas_eq_med_celdas.elf 
arm-none-eabi-objdump -h -S pruebas_eq_med_celdas.elf  > "pruebas_eq_med_celdas.list"
   text	   data	    bss	    dec	    hex	filename
  18428	     12	   1956	  20396	   4fac	pruebas_eq_med_celdas.elf
Finished building: default.size.stdout
 
Finished building: pruebas_eq_med_celdas.list
 
