../Drivers/STM32WBxx_HAL_Driver/Inc/stm32wbxx_ll_bus.h:364:22:LL_AHB1_GRP1_EnableClock	1
../Drivers/STM32WBxx_HAL_Driver/Inc/stm32wbxx_ll_bus.h:539:22:LL_AHB2_GRP1_EnableClock	1
../Core/Src/main.c:90:6:MCP4822_FillSineDMA	11
../Core/Src/main.c:132:6:MCP4821_FillSineDMA	10
../Core/Src/main.c:179:6:MCP4822_SetVoltage	3
../Core/Src/main.c:208:5:main	2
../Core/Src/main.c:273:6:SystemClock_Config	3
../Core/Src/main.c:324:6:PeriphCommonClock_Config	2
../Core/Src/main.c:348:13:MX_ADC1_Init	5
../Core/Src/main.c:424:13:MX_SPI1_Init	2
../Core/Src/main.c:464:13:MX_TIM2_Init	4
../Core/Src/main.c:509:13:MX_USART1_UART_Init	5
../Core/Src/main.c:557:13:MX_DMA_Init	1
../Core/Src/main.c:579:13:MX_GPIO_Init	1
../Core/Src/main.c:622:6:StartAcquisition	1
../Core/Src/main.c:634:6:HAL_ADC_ConvCpltCallback	2
../Core/Src/main.c:651:6:HAL_UART_RxCpltCallback	8
../Core/Src/main.c:693:6:Error_Handler	1
